#0(I)[2026-10-02 20:38:41,349]{00006858}<NvContainer>      Container main v1.40
#1(I)[2026-10-02 20:38:41,470]{00006858}<NvContainer>      Telemetry API initialized
#2(I)[2026-10-02 20:38:41,471]{00006858}<NvcHost>          Base host initialized successfully
#3(I)[2026-10-02 20:38:41,481]{00006858}<NvcHostWin32>     Dynamic loading of plugins is enabled
#4(I)[2026-10-02 20:38:41,481]{00006858}<NvcHostWin32>     Dynamic unloading of plugins is enabled
#5(I)[2026-10-02 20:38:41,489]{00006858}<NvcHostWin32>     Open parent process 0000000000000550 for PID 26176
#6(I)[2026-10-02 20:38:41,489]{00006858}<NvcHostWin32>     Win32 host initialized successfully
#7(I)[2026-10-02 20:38:41,490]{00006858}<NvcHostWin32>     Use external event 'Global\NvContainer26176-session1-c:_my project_nvidia-shadowplay_build_nvidia shadowplay_nvcontainer_genuine_plugins_spuser' for quitting
#8(I)[2026-10-02 20:38:41,490]{00006858}<NvcHost>          Load plugins from C:\My Project\NVIDIA-Shadowplay\build\NVIDIA ShadowPlay\NvContainer\genuine\plugins\SPUser
#9(I)[2026-10-02 20:38:41,490]{0000145C}<NvcHostWin32>     Parent process tracking thread started with timeout: 4294967295
#0(I)[2026-10-02 20:38:41,490]{00006858}<NvcPluginManager> Loading C:\My Project\NVIDIA-Shadowplay\build\NVIDIA ShadowPlay\NvContainer\genuine\plugins\SPUser/nvspcaps/_nvspcaps64.dll
#1(I)[2026-10-02 20:38:41,490]{00006858}<NvcRegistryStora> Creating RegistryStorage
#2(I)[2026-10-02 20:38:41,490]{00006858}<NvcRegistryStora> Successfully initialized RegistryStorage
#3(I)[2026-10-02 20:38:41,564]{00006858}<NvcPluginLoadHel> Secure loading C:\My Project\NVIDIA-Shadowplay\build\NVIDIA ShadowPlay\NvContainer\genuine\plugins\SPUser/nvspcaps/_nvspcaps64.dll - 3.28.0.412 at 00007FFC6B830000 took 29043 microseconds
#4(I)[2026-10-02 20:38:41,564]{00006858}<NvcPluginManager> Loaded C:\My Project\NVIDIA-Shadowplay\build\NVIDIA ShadowPlay\NvContainer\genuine\plugins\SPUser/nvspcaps/_nvspcaps64.dll
#5(I)[2026-10-02 20:38:41,564]{00006858}<NvcPluginManager> Loaded optional plugin ShadowPlayContainerPlugin, version 1
#6(I)[2026-10-02 20:38:41,564]{00006858}<NvcHost>          Creating directory listener to represent current folder state
#7(I)[2026-10-02 20:38:41,564]{00006858}<DirectoryListene> Adding directory C:\My Project\NVIDIA-Shadowplay\build\NVIDIA ShadowPlay\NvContainer\genuine\plugins\SPUser.
#8(I)[2026-10-02 20:38:41,565]{00006858}<NvcHost>          Successfully updated directory change listener
#9(I)[2026-10-02 20:38:41,565]{00006858}<NvcHost>          Container is initializing
#0(I)[2026-10-02 20:38:41,565]{00006858}<NvcPluginManager> Initiate transition to Initializing state for ShadowPlayContainerPlugin
#1(E)[2026-10-02 20:38:41,577]{00006858}<NvcPluginManager> Transition to Initializing state for optional plugin ShadowPlayContainerPlugin failed
#2(I)[2026-10-02 20:38:41,577]{00006858}<NvcPluginManager> Unload plugin 'ShadowPlayContainerPlugin' - C:\My Project\NVIDIA-Shadowplay\build\NVIDIA ShadowPlay\NvContainer\genuine\plugins\SPUser/nvspcaps/_nvspcaps64.dll
#3(I)[2026-10-02 20:38:41,580]{00006858}<NvcPluginManager> NvcPluginUnloadStats for 'ShadowPlayContainerPlugin' => StopProcTime = 0 us, StopTimeTotal = 0 us, UninitializeProcTime = 0 us, UninitializeTimeTotal = 0 us, LibraryUnloadTime = 3014 us, MaxSystemMessageProcessingTime = 0 us.
#4(I)[2026-10-02 20:38:41,580]{00006858}<NvcTelemetryHelp> NvcPluginUnloadStats for ShadowPlayContainerPlugin returned 0
#5(I)[2026-10-02 20:38:41,580]{00006858}<NvcPluginManager> Unloaded plugin 'ShadowPlayContainerPlugin'
#6(I)[2026-10-02 20:38:41,580]{00006858}<NvcHost>          No plugins in state transition
#7(I)[2026-10-02 20:38:41,580]{00006858}<NvcHost>          Container is initialized with 1. State: normal
#8(I)[2026-10-02 20:38:41,580]{00006858}<NvcHost>          Base host core
#9(I)[2026-10-02 20:38:41,580]{00006858}<NvcHost>          Container is starting
#0(I)[2026-10-02 20:38:41,580]{00006858}<NvcHost>          No plugins in state transition
#1(I)[2026-10-02 20:38:41,580]{00006858}<NvcHost>          Container is started with 1. State: normal
#2(I)[2026-10-02 20:38:41,580]{00006858}<NvcTelemetryHelp> NvcLoadStats => LibraryLoadTime = 73617 us, InitializeTime = 15041 us, StartTime = 0 us, TotalLoadTime = 264964 us
#3(I)[2026-10-02 20:38:41,580]{00006858}<NvcTelemetryHelp> NvcLoadStats returned 0
#4(I)[2026-10-02 20:38:41,580]{00006858}<NvcHost>          No plugins in state transition
#5(I)[2026-10-02 20:38:41,580]{00006858}<NvcHost>          Stopping plugins with status 'Any'
#6(I)[2026-10-02 20:38:41,580]{00006858}<NvcHost>          No plugins in state transition
#7(I)[2026-10-02 20:38:41,580]{00006858}<NvcHost>          Plugins are stopped. State: normal
#8(I)[2026-10-02 20:38:41,580]{00006858}<NvcHost>          Base host core exiting with 1
#9(I)[2026-10-02 20:38:41,580]{00006858}<NvcHost>          Uninitializing plugins with status 'Any'
#0(I)[2026-10-02 20:38:41,580]{00006858}<NvcHost>          No plugins in state transition
#1(I)[2026-10-02 20:38:41,580]{00006858}<NvcHost>          Plugins are uninitialized. State: normal
#2(I)[2026-10-02 20:38:41,580]{00006858}<NvcHostWin32>     Base host main completed, setting quit event
#2(I)[2026-10-02 20:38:41,580]{000046D4}<DirectoryListene> Quit event signaled. Ending thread function.
#5(I)[2026-10-02 20:38:41,580]{0000145C}<NvcHostWin32>     Quit event is sent, post quit message
#4(I)[2026-10-02 20:38:41,580]{00006858}<NvcHostWin32>     Waiting for the parent process tracking thread to finish...
#6(I)[2026-10-02 20:38:41,580]{0000145C}<NvcHostWin32>     Terminating parent process tracking thread function.
#7(I)[2026-10-02 20:38:41,581]{00006858}<NvcHostWin32>     Parent process tracking thread finished...
#8(I)[2026-10-02 20:38:41,581]{00006858}<NvcUserAppHost>   Received WM_DESTROY message. Quit is not legit. Ignored
#9(I)[2026-10-02 20:38:41,582]{00006858}<DirectoryListene> Waiting for the listener thread to finish...
#0(I)[2026-10-02 20:38:41,582]{00006858}<DirectoryListene> Listener thread finished...
#1(I)[2026-10-02 20:38:41,583]{00006858}<NvContainer>      Container main exited with success
#2(I)[2026-10-02 20:38:41,583]{00006858}<NvcTelemetryHelp> NvcUnloadStats => StopTime = 0 us, UninitializeTime = 0 us, DestroyPluginsTime = 3000 us, TotalUnloadTime = 3000 us
#3(I)[2026-10-02 20:38:41,583]{00006858}<NvcTelemetryHelp> NvcUnloadStats returned 0
#4(I)[2026-10-02 20:38:41,583]{00006858}<NvcTelemetryHelp> NvcMemoryStats => PeakWorkingSetSize = 22 MB, PeakPagefileUsage = 6 MB
#5(I)[2026-10-02 20:38:41,583]{00006858}<NvcTelemetryHelp> NvcMemoryStats returned 0
