#0(I)[2026-10-02 20:38:40,398]{00001B08}<NvContainer>      Container main v1.40
#1(I)[2026-10-02 20:38:40,398]{00001B08}<NvContainer>      Enabled EnforceRedirectionTrust policy
#2(I)[2026-10-02 20:38:40,398]{00001B08}<NvContainer>      Telemetry API initialized
#3(I)[2026-10-02 20:38:40,399]{00001B08}<NvcHost>          Base host initialized successfully
#4(I)[2026-10-02 20:38:40,399]{00001B08}<NvcHostWin32>     Dynamic loading of plugins is enabled
#5(I)[2026-10-02 20:38:40,399]{00001B08}<NvcHostWin32>     Dynamic unloading of plugins is enabled
#6(I)[2026-10-02 20:38:40,399]{00001B08}<NvcHostWin32>     Win32 host initialized successfully
#7(I)[2026-10-02 20:38:40,401]{000051A0}<NvcServiceHost>   Service host: 'Start-pending' status reported. Exit code 0
#8(I)[2026-10-02 20:38:40,401]{00001B08}<NvcServiceHost>   Service host: wait completed with 0
#9(I)[2026-10-02 20:38:40,402]{00001B08}<NvcServiceHost>   Created new DACL with added privileges 0x00100000
#0(I)[2026-10-02 20:38:40,402]{00001B08}<NvcServiceHost>   Successfully adjusted DACL for process 26176
#1(I)[2026-10-02 20:38:40,402]{00001B08}<NvcHost>          Load plugins from C:\My Project\NVIDIA-Shadowplay\build\NVIDIA ShadowPlay\NvContainer\genuine\plugins\LocalSystem
#2(I)[2026-10-02 20:38:40,402]{00001B08}<NvcPluginManager> Loading C:\My Project\NVIDIA-Shadowplay\build\NVIDIA ShadowPlay\NvContainer\genuine\plugins\LocalSystem/_NvMessageBusBroadcast.dll
#3(I)[2026-10-02 20:38:40,402]{00001B08}<NvcRegistryStora> Creating RegistryStorage
#4(I)[2026-10-02 20:38:40,402]{00001B08}<NvcRegistryStora> Successfully initialized RegistryStorage
#5(I)[2026-10-02 20:38:40,530]{00001B08}<NvcPluginLoadHel> Secure loading C:\My Project\NVIDIA-Shadowplay\build\NVIDIA ShadowPlay\NvContainer\genuine\plugins\LocalSystem/_NvMessageBusBroadcast.dll - 1.34.3030.7627 at 00007FFC7C460000 took 87928 microseconds
#6(I)[2026-10-02 20:38:40,530]{00001B08}<NvcPluginManager> Loaded C:\My Project\NVIDIA-Shadowplay\build\NVIDIA ShadowPlay\NvContainer\genuine\plugins\LocalSystem/_NvMessageBusBroadcast.dll
#7(I)[2026-10-02 20:38:40,530]{00001B08}<NvcPluginManager> Loaded optional plugin NvMessageBusBroadcast, version 1
#8(I)[2026-10-02 20:38:40,530]{00001B08}<NvcPluginManager> Loading C:\My Project\NVIDIA-Shadowplay\build\NVIDIA ShadowPlay\NvContainer\genuine\plugins\LocalSystem/_NvPluginNvapiMonitor.dll
#9(I)[2026-10-02 20:38:40,530]{00001B08}<NvcRegistryStora> Creating RegistryStorage
#0(I)[2026-10-02 20:38:40,530]{00001B08}<NvcRegistryStora> Successfully initialized RegistryStorage
#1(I)[2026-10-02 20:38:40,553]{00001B08}<NvcPluginLoadHel> Secure loading C:\My Project\NVIDIA-Shadowplay\build\NVIDIA ShadowPlay\NvContainer\genuine\plugins\LocalSystem/_NvPluginNvapiMonitor.dll - 1.40.3414.2586 at 00007FFC7CAC0000 took 12515 microseconds
#2(I)[2026-10-02 20:38:40,553]{00001B08}<NvcPluginManager> Loaded C:\My Project\NVIDIA-Shadowplay\build\NVIDIA ShadowPlay\NvContainer\genuine\plugins\LocalSystem/_NvPluginNvapiMonitor.dll
#3(I)[2026-10-02 20:38:40,553]{00001B08}<NvcPluginManager> Loaded optional plugin NvPluginNvapiMonitor, version 1
#4(I)[2026-10-02 20:38:40,554]{00001B08}<NvcPluginManager> Loading C:\My Project\NVIDIA-Shadowplay\build\NVIDIA ShadowPlay\NvContainer\genuine\plugins\LocalSystem/GameStream/Discovery/_NvMdnsPlugin.dll
#5(I)[2026-10-02 20:38:40,554]{00001B08}<NvcRegistryStora> Creating RegistryStorage
#6(I)[2026-10-02 20:38:40,554]{00001B08}<NvcRegistryStora> Successfully initialized RegistryStorage
#7(I)[2026-10-02 20:38:40,623]{00001B08}<NvcPluginLoadHel> Secure loading C:\Program Files\NVIDIA Corporation\NVIDIA App\MessageBus\MessageBus.dll - 1.22.2758.1620 at 00007FFC6A960000 took 39547 microseconds
#8(I)[2026-10-02 20:38:40,623]{00001B08}<NvcPluginLoadHel> Loaded dependency module MessageBus.dll
#9(W)[2026-10-02 20:38:40,625]{00001B08}<NvcPluginLoadHel> Skipping loading dependency module libprotobuf.dll, reason: Failed to get registry value size
#0(E)[2026-10-02 20:38:40,625]{00001B08}<NvcPluginLoadHel> Dependency module load failed
#1(E)[2026-10-02 20:38:40,625]{00001B08}<NvcPluginManager> Failed to load library C:\My Project\NVIDIA-Shadowplay\build\NVIDIA ShadowPlay\NvContainer\genuine\plugins\LocalSystem/GameStream/Discovery/_NvMdnsPlugin.dll. Error 126
#2(W)[2026-10-02 20:38:40,625]{00001B08}<NvcHost>          Failed to load library 'C:\My Project\NVIDIA-Shadowplay\build\NVIDIA ShadowPlay\NvContainer\genuine\plugins\LocalSystem/GameStream/Discovery/_NvMdnsPlugin.dll'
#3(I)[2026-10-02 20:38:40,626]{00001B08}<NvcPluginManager> Loading C:\My Project\NVIDIA-Shadowplay\build\NVIDIA ShadowPlay\NvContainer\genuine\plugins\LocalSystem/GameStream/Main/_NvStreamControl.dll
#4(I)[2026-10-02 20:38:40,626]{00001B08}<NvcRegistryStora> Creating RegistryStorage
#5(I)[2026-10-02 20:38:40,626]{00001B08}<NvcRegistryStora> Successfully initialized RegistryStorage
#6(I)[2026-10-02 20:38:40,683]{00001B08}<NvcPluginLoadHel> Secure loading C:\Program Files\NVIDIA Corporation\NVIDIA App\MessageBus\MessageBus.dll - 1.22.2758.1620 at 00007FFC6A960000 took 31547 microseconds
#7(I)[2026-10-02 20:38:40,683]{00001B08}<NvcPluginLoadHel> Loaded dependency module MessageBus.dll
#8(W)[2026-10-02 20:38:40,683]{00001B08}<NvcPluginLoadHel> Skipping loading dependency module libprotobuf.dll, reason: Failed to get registry value size
#9(E)[2026-10-02 20:38:40,683]{00001B08}<NvcPluginLoadHel> Dependency module load failed
#0(E)[2026-10-02 20:38:40,683]{00001B08}<NvcPluginManager> Failed to load library C:\My Project\NVIDIA-Shadowplay\build\NVIDIA ShadowPlay\NvContainer\genuine\plugins\LocalSystem/GameStream/Main/_NvStreamControl.dll. Error 126
#1(W)[2026-10-02 20:38:40,683]{00001B08}<NvcHost>          Failed to load library 'C:\My Project\NVIDIA-Shadowplay\build\NVIDIA ShadowPlay\NvContainer\genuine\plugins\LocalSystem/GameStream/Main/_NvStreamControl.dll'
#2(I)[2026-10-02 20:38:40,684]{00001B08}<NvcPluginManager> Loading C:\My Project\NVIDIA-Shadowplay\build\NVIDIA ShadowPlay\NvContainer\genuine\plugins\LocalSystem/GameStream/Pairing/_IdentityPlugin.dll
#3(I)[2026-10-02 20:38:40,684]{00001B08}<NvcRegistryStora> Creating RegistryStorage
#4(I)[2026-10-02 20:38:40,684]{00001B08}<NvcRegistryStora> Successfully initialized RegistryStorage
#5(I)[2026-10-02 20:38:40,722]{00001B08}<NvcPluginLoadHel> Secure loading C:\Program Files\NVIDIA Corporation\NVIDIA App\MessageBus\MessageBus.dll - 1.22.2758.1620 at 00007FFC6A960000 took 27541 microseconds
#6(I)[2026-10-02 20:38:40,722]{00001B08}<NvcPluginLoadHel> Loaded dependency module MessageBus.dll
#7(W)[2026-10-02 20:38:40,722]{00001B08}<NvcPluginLoadHel> Skipping loading dependency module libcrypto-1_1.dll, reason: Failed to get registry value size
#8(E)[2026-10-02 20:38:40,722]{00001B08}<NvcPluginLoadHel> Dependency module load failed
#9(E)[2026-10-02 20:38:40,723]{00001B08}<NvcPluginManager> Failed to load library C:\My Project\NVIDIA-Shadowplay\build\NVIDIA ShadowPlay\NvContainer\genuine\plugins\LocalSystem/GameStream/Pairing/_IdentityPlugin.dll. Error 126
#0(W)[2026-10-02 20:38:40,723]{00001B08}<NvcHost>          Failed to load library 'C:\My Project\NVIDIA-Shadowplay\build\NVIDIA ShadowPlay\NvContainer\genuine\plugins\LocalSystem/GameStream/Pairing/_IdentityPlugin.dll'
#1(I)[2026-10-02 20:38:40,723]{00001B08}<NvcPluginManager> Loading C:\My Project\NVIDIA-Shadowplay\build\NVIDIA ShadowPlay\NvContainer\genuine\plugins\LocalSystem/NvTelemetry/NvTelemetry64.dll
#2(I)[2026-10-02 20:38:40,723]{00001B08}<NvcRegistryStora> Creating RegistryStorage
#3(I)[2026-10-02 20:38:40,723]{00001B08}<NvcRegistryStora> Successfully initialized RegistryStorage
#4(I)[2026-10-02 20:38:40,817]{00001B08}<NvcPluginLoadHel> Secure loading C:\My Project\NVIDIA-Shadowplay\build\NVIDIA ShadowPlay\NvContainer\genuine\plugins\LocalSystem/NvTelemetry/NvTelemetry64.dll - 18.1.13.0 at 00007FFC7BF20000 took 29053 microseconds
#5(I)[2026-10-02 20:38:40,817]{00001B08}<NvcPluginManager> Loaded C:\My Project\NVIDIA-Shadowplay\build\NVIDIA ShadowPlay\NvContainer\genuine\plugins\LocalSystem/NvTelemetry/NvTelemetry64.dll
#6(I)[2026-10-02 20:38:40,817]{00001B08}<NvcPluginManager> Loaded mandatory plugin NvTelemetryPlugin, version 1
#7(I)[2026-10-02 20:38:40,817]{00001B08}<NvcPluginManager> Loading C:\My Project\NVIDIA-Shadowplay\build\NVIDIA ShadowPlay\NvContainer\genuine\plugins\LocalSystem/ShadowPlay/_nvspserviceplugin64.dll
#8(I)[2026-10-02 20:38:40,817]{00001B08}<NvcRegistryStora> Creating RegistryStorage
#9(I)[2026-10-02 20:38:40,817]{00001B08}<NvcRegistryStora> Successfully initialized RegistryStorage
#0(I)[2026-10-02 20:38:40,859]{00001B08}<NvcPluginLoadHel> Secure loading C:\My Project\NVIDIA-Shadowplay\build\NVIDIA ShadowPlay\NvContainer\genuine\plugins\LocalSystem/ShadowPlay/_nvspserviceplugin64.dll - 3.28.0.412 at 00007FFC7B2F0000 took 16520 microseconds
#1(I)[2026-10-02 20:38:40,859]{00001B08}<NvcPluginManager> Loaded C:\My Project\NVIDIA-Shadowplay\build\NVIDIA ShadowPlay\NvContainer\genuine\plugins\LocalSystem/ShadowPlay/_nvspserviceplugin64.dll
#2(I)[2026-10-02 20:38:40,859]{00001B08}<NvcPluginManager> Loaded optional plugin ShadowPlayContainerPlugin, version 1
#3(I)[2026-10-02 20:38:40,859]{00001B08}<NvcPluginManager> Loading C:\My Project\NVIDIA-Shadowplay\build\NVIDIA ShadowPlay\NvContainer\genuine\plugins\LocalSystem/Watchdog/NvPluginWatchdog.dll
#4(I)[2026-10-02 20:38:40,859]{00001B08}<NvcRegistryStora> Creating RegistryStorage
#5(I)[2026-10-02 20:38:40,859]{00001B08}<NvcRegistryStora> Successfully initialized RegistryStorage
#6(I)[2026-10-02 20:38:40,887]{00001B08}<NvcPluginLoadHel> Secure loading C:\My Project\NVIDIA-Shadowplay\build\NVIDIA ShadowPlay\NvContainer\genuine\plugins\LocalSystem/Watchdog/NvPluginWatchdog.dll - 1.40.3345.4032 at 00007FFC7BE50000 took 14514 microseconds
#7(I)[2026-10-02 20:38:40,887]{00001B08}<NvcPluginManager> Loaded C:\My Project\NVIDIA-Shadowplay\build\NVIDIA ShadowPlay\NvContainer\genuine\plugins\LocalSystem/Watchdog/NvPluginWatchdog.dll
#8(I)[2026-10-02 20:38:40,887]{00001B08}<NvcPluginManager> Loaded mandatory plugin NvPluginWatchdog, version 1
#9(I)[2026-10-02 20:38:40,888]{00001B08}<NvcHost>          Creating directory listener to represent current folder state
#0(I)[2026-10-02 20:38:40,888]{00001B08}<DirectoryListene> Adding directory C:\My Project\NVIDIA-Shadowplay\build\NVIDIA ShadowPlay\NvContainer\genuine\plugins\LocalSystem.
#1(I)[2026-10-02 20:38:40,891]{00001B08}<NvcHost>          Successfully updated directory change listener
#2(I)[2026-10-02 20:38:40,891]{00001B08}<NvcHost>          Container is initializing
#3(I)[2026-10-02 20:38:40,891]{00001B08}<NvcPluginManager> Initiate transition to Initializing state for NvMessageBusBroadcast
#4(I)[2026-10-02 20:38:40,896]{00001B08}<NvcPluginManager> Transition to Initialized state for NvMessageBusBroadcast completed
#5(I)[2026-10-02 20:38:40,896]{00001B08}<NvcPluginManager> Initiate transition to Initializing state for NvPluginNvapiMonitor
#6(I)[2026-10-02 20:38:40,896]{00001B08}<NvcPluginManager> Transition to Initialized state for NvPluginNvapiMonitor completed
#7(I)[2026-10-02 20:38:40,896]{00001B08}<NvcPluginManager> Initiate transition to Initializing state for NvTelemetryPlugin
#8(I)[2026-10-02 20:38:41,283]{00001B08}<NvcPluginManager> Transition to Initialized state for NvTelemetryPlugin completed
#9(I)[2026-10-02 20:38:41,283]{00001B08}<NvcPluginManager> Initiate transition to Initializing state for ShadowPlayContainerPlugin
#0(E)[2026-10-02 20:38:41,284]{00001B08}<NvcPluginManager> Transition to Initializing state for optional plugin ShadowPlayContainerPlugin failed
#1(I)[2026-10-02 20:38:41,284]{00001B08}<NvcPluginManager> Initiate transition to Initializing state for NvPluginWatchdog
#2(I)[2026-10-02 20:38:41,290]{00001B08}<NvcPluginManager> Transition to Initialized state for NvPluginWatchdog completed
#3(I)[2026-10-02 20:38:41,290]{00001B08}<NvcPluginManager> Unload plugin 'ShadowPlayContainerPlugin' - C:\My Project\NVIDIA-Shadowplay\build\NVIDIA ShadowPlay\NvContainer\genuine\plugins\LocalSystem/ShadowPlay/_nvspserviceplugin64.dll
#4(I)[2026-10-02 20:38:41,290]{00001B08}<NvcPluginManager> Unloaded plugin 'ShadowPlayContainerPlugin'
#5(I)[2026-10-02 20:38:41,290]{00001B08}<NvcHost>          Container is initialized with 1. State: normal
#6(I)[2026-10-02 20:38:41,290]{00001B08}<NvcServiceHost>   Service host: 'Running' status reported. Exit code 0
#7(I)[2026-10-02 20:38:41,290]{00001B08}<NvcServiceHost>   Service host: Created ServiceConfigThread
#8(I)[2026-10-02 20:38:41,290]{00001B08}<NvcHost>          Container is starting
#9(I)[2026-10-02 20:38:41,290]{00001B08}<NvcPluginManager> Initiate transition to Starting state for NvMessageBusBroadcast
#0(I)[2026-10-02 20:38:41,290]{00001B08}<NvcPluginManager> NvcPluginLoadStats for 'NvMessageBusBroadcast' => LibraryLoadTime = 127477 us, ImageLoadTime = 36560 us, AbsLibraryLoadTime = 87928, InitializeProcTime = 5529 us, InitializeTimeTotal = 5529 us, StartProcTime = 0 us, StartTimeTotal = 0 us. 
#1(I)[2026-10-02 20:38:41,290]{00001B08}<NvcTelemetryHelp> NvcPluginLoadStats for NvMessageBusBroadcast returned 1
#2(I)[2026-10-02 20:38:41,290]{00001B08}<NvcPluginManager> Transition to Started state for NvMessageBusBroadcast completed
#3(I)[2026-10-02 20:38:41,290]{00001B08}<NvcPluginManager> Initiate transition to Starting state for NvPluginNvapiMonitor
#4(I)[2026-10-02 20:38:41,290]{00001B08}<NvcPluginManager> NvcPluginLoadStats for 'NvPluginNvapiMonitor' => LibraryLoadTime = 23031 us, ImageLoadTime = 10516 us, AbsLibraryLoadTime = 12515, InitializeProcTime = 0 us, InitializeTimeTotal = 0 us, StartProcTime = 0 us, StartTimeTotal = 0 us. 
#5(I)[2026-10-02 20:38:41,290]{00001B08}<NvcTelemetryHelp> NvcPluginLoadStats for NvPluginNvapiMonitor returned 1
#6(I)[2026-10-02 20:38:41,290]{00001B08}<NvcPluginManager> Transition to Started state for NvPluginNvapiMonitor completed
#7(I)[2026-10-02 20:38:41,290]{00001B08}<NvcPluginManager> NvcPluginLoadStats for 'NvTelemetryPlugin' => LibraryLoadTime = 93321 us, ImageLoadTime = 60255 us, AbsLibraryLoadTime = 29053, InitializeProcTime = 386576 us, InitializeTimeTotal = 386576 us, StartProcTime = 0 us, StartTimeTotal = 0 us. 
#8(I)[2026-10-02 20:38:41,290]{00001B08}<NvcTelemetryHelp> NvcPluginLoadStats for NvTelemetryPlugin returned 1
#9(I)[2026-10-02 20:38:41,290]{00001B08}<NvcPluginManager> Transition to Started state for NvTelemetryPlugin completed
#0(I)[2026-10-02 20:38:41,290]{00001B08}<NvcPluginManager> Initiate transition to Starting state for NvPluginWatchdog
#1(I)[2026-10-02 20:38:41,291]{00001B08}<NvcPluginManager> NvcPluginLoadStats for 'NvPluginWatchdog' => LibraryLoadTime = 28552 us, ImageLoadTime = 12038 us, AbsLibraryLoadTime = 14514, InitializeProcTime = 6519 us, InitializeTimeTotal = 6519 us, StartProcTime = 1000 us, StartTimeTotal = 1000 us. 
#2(I)[2026-10-02 20:38:41,291]{00001B08}<NvcTelemetryHelp> NvcPluginLoadStats for NvPluginWatchdog returned 1
#3(I)[2026-10-02 20:38:41,291]{00001B08}<NvcPluginManager> Transition to Started state for NvPluginWatchdog completed
#4(I)[2026-10-02 20:38:41,291]{00001B08}<NvcHost>          Container is started with 1. State: normal
#5(I)[2026-10-02 20:38:41,291]{00001B08}<NvcTelemetryHelp> NvcLoadStats => LibraryLoadTime = 485308 us, InitializeTime = 399624 us, StartTime = 1000 us, TotalLoadTime = 921117 us
#6(I)[2026-10-02 20:38:41,291]{00001B08}<NvcTelemetryHelp> NvcLoadStats returned 1
#7(I)[2026-10-02 20:38:51,290]{00002DAC}<NvcServiceHost>   ServiceConfigThread: Timeout occurred
#8(I)[2026-10-02 20:38:51,290]{00002DAC}<NvcServiceHost>   Leaving service NvContainerLocalSystem start type 2 unchanged
