#0(I)[2026-09-26 19:22:56,263]{000065C0}<NvContainer>      Container main v1.40
#1(I)[2026-09-26 19:22:56,263]{000065C0}<NvContainer>      Telemetry API initialized
#2(I)[2026-09-26 19:22:56,265]{000065C0}<NvcHost>          Base host initialized successfully
#3(I)[2026-09-26 19:22:56,308]{000065C0}<NvcHostWin32>     Dynamic loading of plugins is enabled
#4(I)[2026-09-26 19:22:56,308]{000065C0}<NvcHostWin32>     Dynamic unloading of plugins is enabled
#5(I)[2026-09-26 19:22:56,308]{000065C0}<NvcHostWin32>     Win32 host initialized successfully
#6(I)[2026-09-26 19:22:56,308]{000065C0}<NvcHost>          Load plugins from C:\My Project\NVIDIA-Shadowplay\build\NVIDIA ShadowPlay\LabPlugins\Broker
#7(I)[2026-09-26 19:22:56,309]{000065C0}<NvcPluginManager> Loading C:\My Project\NVIDIA-Shadowplay\build\NVIDIA ShadowPlay\LabPlugins\Broker/_NvMessageBusBroadcast.dll
#8(I)[2026-09-26 19:22:56,309]{000065C0}<NvcRegistryStora> Creating RegistryStorage
#9(I)[2026-09-26 19:22:56,309]{000065C0}<NvcRegistryStora> Successfully initialized RegistryStorage
#0(I)[2026-09-26 19:22:56,399]{000065C0}<NvcPluginLoadHel> Secure loading C:\My Project\NVIDIA-Shadowplay\build\NVIDIA ShadowPlay\LabPlugins\Broker/_NvMessageBusBroadcast.dll - 1.34.3030.7627 at 00007FFE62480000 took 87809 microseconds
#1(I)[2026-09-26 19:22:56,399]{000065C0}<NvcPluginManager> Loaded C:\My Project\NVIDIA-Shadowplay\build\NVIDIA ShadowPlay\LabPlugins\Broker/_NvMessageBusBroadcast.dll
#2(I)[2026-09-26 19:22:56,399]{000065C0}<NvcPluginManager> Loaded optional plugin NvMessageBusBroadcast, version 1
#3(I)[2026-09-26 19:22:56,399]{000065C0}<NvcHost>          Creating directory listener to represent current folder state
#4(I)[2026-09-26 19:22:56,399]{000065C0}<DirectoryListene> Adding directory C:\My Project\NVIDIA-Shadowplay\build\NVIDIA ShadowPlay\LabPlugins\Broker.
#5(I)[2026-09-26 19:22:56,401]{000065C0}<NvcHost>          Successfully updated directory change listener
#6(I)[2026-09-26 19:22:56,401]{000065C0}<NvcHost>          Container is initializing
#7(I)[2026-09-26 19:22:56,401]{000065C0}<NvcPluginManager> Initiate transition to Initializing state for NvMessageBusBroadcast
#8(I)[2026-09-26 19:22:56,405]{000065C0}<NvcPluginManager> Transition to Initialized state for NvMessageBusBroadcast completed
#9(I)[2026-09-26 19:22:56,405]{000065C0}<NvcHost>          Container is initialized with 1. State: normal
#0(I)[2026-09-26 19:22:56,405]{000065C0}<NvcHost>          Base host core
#1(I)[2026-09-26 19:22:56,405]{000065C0}<NvcHost>          Container is starting
#2(I)[2026-09-26 19:22:56,405]{000065C0}<NvcPluginManager> Initiate transition to Starting state for NvMessageBusBroadcast
#3(I)[2026-09-26 19:22:56,405]{000065C0}<NvcPluginManager> NvcPluginLoadStats for 'NvMessageBusBroadcast' => LibraryLoadTime = 89861 us, ImageLoadTime = 0 us, AbsLibraryLoadTime = 87809, InitializeProcTime = 4559 us, InitializeTimeTotal = 4559 us, StartProcTime = 0 us, StartTimeTotal = 0 us. 
#4(I)[2026-09-26 19:22:56,405]{000065C0}<NvcTelemetryHelp> NvcPluginLoadStats for NvMessageBusBroadcast returned 1
#5(I)[2026-09-26 19:22:56,405]{000065C0}<NvcPluginManager> Transition to Started state for NvMessageBusBroadcast completed
#6(I)[2026-09-26 19:22:56,405]{000065C0}<NvcHost>          Container is started with 1. State: normal
#7(I)[2026-09-26 19:22:56,405]{000065C0}<NvcTelemetryHelp> NvcLoadStats => LibraryLoadTime = 90864 us, InitializeTime = 4559 us, StartTime = 0 us, TotalLoadTime = 199351 us
#8(I)[2026-09-26 19:22:56,405]{000065C0}<NvcTelemetryHelp> NvcLoadStats returned 1
