#0(I)[2026-10-02 06:23:01,889]{00001F58}<NvContainer>      Container main v1.51
#1(I)[2026-10-02 06:23:01,889]{00001F58}<NvContainer>      Enabled EnforceRedirectionTrust policy
#2(I)[2026-10-02 06:23:01,889]{00001F58}<NvContainer>      Telemetry API initialized
#3(I)[2026-10-02 06:23:01,891]{00001F58}<NvcHost>          Base host initialized successfully
#4(I)[2026-10-02 06:23:01,896]{00001F58}<NvcHostWin32>     Dynamic loading of plugins is enabled
#5(I)[2026-10-02 06:23:01,896]{00001F58}<NvcHostWin32>     Dynamic unloading of plugins is enabled
#6(I)[2026-10-02 06:23:01,900]{00001F58}<NvcHostWin32>     Open parent process 0000000000000284 for PID 4396
#7(I)[2026-10-02 06:23:01,900]{00001F58}<NvcHostWin32>     Win32 host initialized successfully
#8(I)[2026-10-02 06:23:01,900]{00001F58}<NvcHostWin32>     Use external event 'Global\NvContainer4396-session1-c:_program files_nvidia corporation_nvcontainer_plugins_session' for quitting
#9(I)[2026-10-02 06:23:01,900]{00001F58}<NvcHost>          Load plugins from C:\Program Files\NVIDIA Corporation\NvContainer\plugins\Session
#0(I)[2026-10-02 06:23:01,900]{00001F7C}<NvcHostWin32>     Parent process tracking thread started with timeout: 4294967295
#1(I)[2026-10-02 06:23:01,901]{00001F58}<NvcPluginManager> Loading C:\Program Files\NVIDIA Corporation\NvContainer\plugins\Session/NvCpl/nvxdsyncplugin.dll
#2(I)[2026-10-02 06:23:01,901]{00001F58}<NvcRegistryStora> Creating RegistryStorage
#3(I)[2026-10-02 06:23:01,901]{00001F58}<NvcRegistryStora> Successfully initialized RegistryStorage
#4(I)[2026-10-02 06:23:02,019]{00001F58}<NvcPluginLoadHel> Secure loading C:\Program Files\NVIDIA Corporation\NvContainer\plugins\Session/NvCpl/nvxdsyncplugin.dll - 8.17.15.5527 at 00007FFC76960000 took 115473 microseconds
#5(I)[2026-10-02 06:23:02,019]{00001F58}<NvcPluginManager> Loaded C:\Program Files\NVIDIA Corporation\NvContainer\plugins\Session/NvCpl/nvxdsyncplugin.dll
#6(I)[2026-10-02 06:23:02,021]{00001F58}<NvcPluginManager> Loaded mandatory plugin NvXDSyncPlugin, version 1
#7(I)[2026-10-02 06:23:02,022]{00001F58}<NvcPluginManager> Loading C:\Program Files\NVIDIA Corporation\NvContainer\plugins\Session/NVIDIA App/NvDriverDiagnostics.dll
#8(I)[2026-10-02 06:23:02,022]{00001F58}<NvcJsonFileStora> Creating JsonFileStorage
#9(I)[2026-10-02 06:23:02,022]{00001F58}<NvcJsonFileStora> Loaded configuration from JSON file
#0(I)[2026-10-02 06:23:02,053]{00001F58}<NvcPluginLoadHel> Secure loading C:\Program Files\NVIDIA Corporation\NVIDIA App\CEF\dependencies/CrimsonUtil.dll - 11.0.9.251 at 00007FFC7BDA0000 took 29077 microseconds
#1(I)[2026-10-02 06:23:02,053]{00001F58}<NvcPluginLoadHel> Loaded dependency module CrimsonUtil.dll
#2(I)[2026-10-02 06:23:02,105]{00001F58}<NvcPluginLoadHel> Secure loading C:\Program Files\NVIDIA Corporation\NvContainer\plugins\Session/NVIDIA App/NvDriverDiagnostics.dll - 11.0.9.251 at 00007FFC763B0000 took 50612 microseconds
#3(I)[2026-10-02 06:23:02,105]{00001F58}<NvcPluginManager> Loaded C:\Program Files\NVIDIA Corporation\NvContainer\plugins\Session/NVIDIA App/NvDriverDiagnostics.dll
#4(I)[2026-10-02 06:23:02,105]{00001F58}<NvcPluginManager> Loaded mandatory plugin NvDriverDiagnostics, version 1
#5(I)[2026-10-02 06:23:02,105]{00001F58}<NvcHost>          Creating directory listener to represent current folder state
#6(I)[2026-10-02 06:23:02,105]{00001F58}<DirectoryListene> Adding directory C:\Program Files\NVIDIA Corporation\NvContainer\plugins\Session.
#7(I)[2026-10-02 06:23:02,106]{00001F58}<NvcHost>          Successfully updated directory change listener
#8(I)[2026-10-02 06:23:02,106]{00001F58}<NvcHost>          Container is initializing
#9(I)[2026-10-02 06:23:02,106]{00001F58}<NvcPluginManager> Initiate transition to Initializing state for NvXDSyncPlugin
#0(I)[2026-10-02 06:23:02,120]{00001F58}<NvcPluginManager> Transition to Initialized state for NvXDSyncPlugin completed
#1(I)[2026-10-02 06:23:02,120]{00001F58}<NvcPluginManager> Initiate transition to Initializing state for NvDriverDiagnostics
#2(I)[2026-10-02 06:23:02,125]{00001F58}<NvcPluginManager> Transition to Initializing state for NvDriverDiagnostics is in progress
#3(I)[2026-10-02 06:23:02,245]{00001FE8}<NvcPluginManager> Notification 1 / 0000000000000000 from NvDriverDiagnostics
#4(I)[2026-10-02 06:23:02,245]{00001FE8}<NvcPluginManager> Transition to Initialized state for NvDriverDiagnostics completed
#5(I)[2026-10-02 06:23:02,246]{00001F58}<NvcHost>          Container is initialized with 1. State: normal
#6(I)[2026-10-02 06:23:02,246]{00001F58}<NvcHost>          Base host core
#7(I)[2026-10-02 06:23:02,246]{00001F58}<NvcHost>          Container is starting
#8(I)[2026-10-02 06:23:02,246]{00001F58}<NvcPluginManager> Initiate transition to Starting state for NvXDSyncPlugin
#9(I)[2026-10-02 06:23:02,248]{00001F58}<NvcPluginManager> Transition to Starting state for NvXDSyncPlugin is in progress
#0(I)[2026-10-02 06:23:02,248]{00001F58}<NvcPluginManager> Initiate transition to Starting state for NvDriverDiagnostics
#1(I)[2026-10-02 06:23:02,412]{00001F58}<NvcPluginManager> Transition to Starting state for NvDriverDiagnostics is in progress
#2(I)[2026-10-02 06:23:02,412]{00001FE8}<NvcPluginManager> Notification 1 / 0000000000000000 from NvDriverDiagnostics
#3(I)[2026-10-02 06:23:02,412]{00001FE8}<NvcPluginManager> NvcPluginLoadStats for 'NvDriverDiagnostics' => LibraryLoadTime = 82690 us, ImageLoadTime = 1002 us, AbsLibraryLoadTime = 50612, InitializeProcTime = 5002 us, InitializeTimeTotal = 75762 us, StartProcTime = 164104 us, StartTimeTotal = 164104 us. 
#4(I)[2026-10-02 06:23:02,412]{00001FE8}<NvcTelemetryHelp> NvcPluginLoadStats for NvDriverDiagnostics returned 1
#5(I)[2026-10-02 06:23:02,412]{00001FE8}<NvcPluginManager> Transition to Started state for NvDriverDiagnostics completed
#6(I)[2026-10-02 06:23:02,461]{0000201C}<NvcPluginManager> Notification 1 / 0000000000000000 from NvXDSyncPlugin
#7(I)[2026-10-02 06:23:02,461]{0000201C}<NvcPluginManager> NvcPluginLoadStats for 'NvXDSyncPlugin' => LibraryLoadTime = 118226 us, ImageLoadTime = 998 us, AbsLibraryLoadTime = 115473, InitializeProcTime = 10525 us, InitializeTimeTotal = 10525 us, StartProcTime = 1877 us, StartTimeTotal = 32428 us. 
#8(I)[2026-10-02 06:23:02,461]{0000201C}<NvcTelemetryHelp> NvcPluginLoadStats for NvXDSyncPlugin returned 1
#9(I)[2026-10-02 06:23:02,461]{0000201C}<NvcPluginManager> Transition to Started state for NvXDSyncPlugin completed
#0(I)[2026-10-02 06:23:02,462]{00001F58}<NvcHost>          Container is started with 1. State: normal
#1(I)[2026-10-02 06:23:02,462]{00001F58}<NvcTelemetryHelp> NvcLoadStats => LibraryLoadTime = 204915 us, InitializeTime = 139937 us, StartTime = 215458 us, TotalLoadTime = 650555 us
#2(I)[2026-10-02 06:23:02,462]{00001F58}<NvcTelemetryHelp> NvcLoadStats returned 1
#3(I)[2026-10-02 20:38:33,107]{00001F7C}<NvcHostWin32>     Quit event is sent, post quit message
#4(I)[2026-10-02 20:38:33,107]{00001F7C}<NvcHostWin32>     Terminating parent process tracking thread function.
#5(I)[2026-10-02 20:38:33,108]{00001F58}<NvcHost>          Base host: quit event set
#6(I)[2026-10-02 20:38:33,108]{00001F58}<NvcHost>          Stopping plugins with status 'Any'
#7(I)[2026-10-02 20:38:33,108]{00001F58}<NvcPluginManager> Initiate transition to Stopping state for NvDriverDiagnostics
#8(I)[2026-10-02 20:38:33,110]{00001F58}<NvcPluginManager> Transition to Stopping state for NvDriverDiagnostics is in progress
#9(I)[2026-10-02 20:38:33,110]{00001F58}<NvcPluginManager> Initiate transition to Stopping state for NvXDSyncPlugin
#0(I)[2026-10-02 20:38:33,111]{00001FE8}<NvcPluginManager> Notification 1 / 0000000000000000 from NvDriverDiagnostics
#1(I)[2026-10-02 20:38:33,112]{00001FE8}<NvcPluginManager> Transition to Stopped state for NvDriverDiagnostics completed
#2(I)[2026-10-02 20:38:33,115]{00001F58}<NvcPluginManager> Transition to Stopping state for NvXDSyncPlugin is in progress
#3(I)[2026-10-02 20:38:33,184]{0000201C}<NvcPluginManager> Notification 1 / 0000000000000000 from NvXDSyncPlugin
#4(I)[2026-10-02 20:38:33,185]{0000201C}<NvcPluginManager> Transition to Stopped state for NvXDSyncPlugin completed
#5(I)[2026-10-02 20:38:33,185]{00001F58}<NvcHost>          Plugins are stopped. State: exiting
#6(I)[2026-10-02 20:38:33,185]{00001F58}<NvcHost>          Base host core exiting with 1
#7(I)[2026-10-02 20:38:33,185]{00001F58}<NvcHost>          Uninitializing plugins with status 'Any'
#8(I)[2026-10-02 20:38:33,185]{00001F58}<NvcPluginManager> Initiate transition to Uninitializing state for NvDriverDiagnostics
#9(I)[2026-10-02 20:38:33,221]{00001F58}<NvcPluginManager> Transition to Uninitialized state for NvDriverDiagnostics completed
#0(I)[2026-10-02 20:38:33,222]{00001F58}<NvcPluginManager> Initiate transition to Uninitializing state for NvXDSyncPlugin
#1(I)[2026-10-02 20:38:33,244]{00001F58}<NvcPluginManager> Transition to Uninitialized state for NvXDSyncPlugin completed
#2(I)[2026-10-02 20:38:33,244]{00001F58}<NvcHost>          Plugins are uninitialized. State: exiting
#3(I)[2026-10-02 20:38:33,244]{00001F58}<NvcHostWin32>     Base host main completed, setting quit event
#4(I)[2026-10-02 20:38:33,244]{00001FDC}<DirectoryListene> Quit event signaled. Ending thread function.
#5(I)[2026-10-02 20:38:33,244]{00001F58}<NvcHostWin32>     Waiting for the parent process tracking thread to finish...
#6(I)[2026-10-02 20:38:33,244]{00001F58}<NvcHostWin32>     Parent process tracking thread finished...
#7(I)[2026-10-02 20:38:33,245]{00001F58}<NvcUserAppHost>   Received WM_DESTROY message. Quit is not legit. Ignored
#8(I)[2026-10-02 20:38:33,246]{00001F58}<DirectoryListene> Waiting for the listener thread to finish...
#9(I)[2026-10-02 20:38:33,246]{00001F58}<DirectoryListene> Listener thread finished...
#0(I)[2026-10-02 20:38:33,247]{00001F58}<NvcPluginManager> Unload plugin 'NvDriverDiagnostics' - C:\Program Files\NVIDIA Corporation\NvContainer\plugins\Session/NVIDIA App/NvDriverDiagnostics.dll
#1(I)[2026-10-02 20:38:33,253]{00001F58}<NvcPluginManager> NvcPluginUnloadStats for 'NvDriverDiagnostics' => StopProcTime = 1505 us, StopTimeTotal = 2512 us, UninitializeProcTime = 36100 us, UninitializeTimeTotal = 36100 us, LibraryUnloadTime = 6003 us, MaxSystemMessageProcessingTime = 1000 us.
#2(I)[2026-10-02 20:38:33,254]{00001F58}<NvcTelemetryHelp> NvcPluginUnloadStats for NvDriverDiagnostics returned 1
#3(I)[2026-10-02 20:38:33,254]{00001F58}<NvcPluginManager> Unloaded plugin 'NvDriverDiagnostics'
#4(I)[2026-10-02 20:38:33,254]{00001F58}<NvcPluginManager> Unload plugin 'NvXDSyncPlugin' - C:\Program Files\NVIDIA Corporation\NvContainer\plugins\Session/NvCpl/nvxdsyncplugin.dll
#5(I)[2026-10-02 20:38:33,262]{00001F58}<NvcPluginManager> NvcPluginUnloadStats for 'NvXDSyncPlugin' => StopProcTime = 5020 us, StopTimeTotal = 74202 us, UninitializeProcTime = 22081 us, UninitializeTimeTotal = 22081 us, LibraryUnloadTime = 7607 us, MaxSystemMessageProcessingTime = 1000 us.
#6(I)[2026-10-02 20:38:33,262]{00001F58}<NvcTelemetryHelp> NvcPluginUnloadStats for NvXDSyncPlugin returned 1
#7(I)[2026-10-02 20:38:33,262]{00001F58}<NvcPluginManager> Unloaded plugin 'NvXDSyncPlugin'
#8(I)[2026-10-02 20:38:33,264]{00001F58}<NvContainer>      Container main exited with success
#9(I)[2026-10-02 20:38:33,264]{00001F58}<NvcTelemetryHelp> NvcUnloadStats => StopTime = 76709 us, UninitializeTime = 59181 us, DestroyPluginsTime = 19627 us, TotalUnloadTime = 155517 us
#0(I)[2026-10-02 20:38:33,264]{00001F58}<NvcTelemetryHelp> NvcUnloadStats returned 1
#1(I)[2026-10-02 20:38:33,265]{00001F58}<NvcTelemetryHelp> NvcMemoryStats => PeakWorkingSetSize = 87 MB, PeakPagefileUsage = 58 MB
#2(I)[2026-10-02 20:38:33,265]{00001F58}<NvcTelemetryHelp> NvcMemoryStats returned 1
