#0(I)[2026-09-26 21:46:42,023]{00003304}<NvContainer>      Container main v1.40
#1(I)[2026-09-26 21:46:42,023]{00003304}<NvContainer>      Telemetry API initialized
#2(I)[2026-09-26 21:46:42,024]{00003304}<NvcHost>          Base host initialized successfully
#3(I)[2026-09-26 21:46:42,068]{00003304}<NvcHostWin32>     Dynamic loading of plugins is enabled
#4(I)[2026-09-26 21:46:42,068]{00003304}<NvcHostWin32>     Dynamic unloading of plugins is enabled
#5(I)[2026-09-26 21:46:42,068]{00003304}<NvcHostWin32>     Win32 host initialized successfully
#6(I)[2026-09-26 21:46:42,068]{00003304}<NvcHost>          Load plugins from C:\My Project\NVIDIA-Shadowplay\build\NVIDIA ShadowPlay\NvContainer\plugins\LocalSystem
#7(I)[2026-09-26 21:46:42,069]{00003304}<NvcPluginManager> Loading C:\My Project\NVIDIA-Shadowplay\build\NVIDIA ShadowPlay\NvContainer\plugins\LocalSystem/_NvMessageBusBroadcast.dll
#8(I)[2026-09-26 21:46:42,069]{00003304}<NvcRegistryStora> Creating RegistryStorage
#9(I)[2026-09-26 21:46:42,069]{00003304}<NvcRegistryStora> Successfully initialized RegistryStorage
#0(I)[2026-09-26 21:46:42,132]{00003304}<NvcPluginLoadHel> Secure loading C:\My Project\NVIDIA-Shadowplay\build\NVIDIA ShadowPlay\NvContainer\plugins\LocalSystem/_NvMessageBusBroadcast.dll - 1.34.3030.7627 at 00007FFE65D20000 took 60792 microseconds
#1(I)[2026-09-26 21:46:42,132]{00003304}<NvcPluginManager> Loaded C:\My Project\NVIDIA-Shadowplay\build\NVIDIA ShadowPlay\NvContainer\plugins\LocalSystem/_NvMessageBusBroadcast.dll
#2(I)[2026-09-26 21:46:42,132]{00003304}<NvcPluginManager> Loaded optional plugin NvMessageBusBroadcast, version 1
#3(I)[2026-09-26 21:46:42,133]{00003304}<NvcPluginManager> Loading C:\My Project\NVIDIA-Shadowplay\build\NVIDIA ShadowPlay\NvContainer\plugins\LocalSystem/_NvPluginNvapiMonitor.dll
#4(I)[2026-09-26 21:46:42,133]{00003304}<NvcRegistryStora> Creating RegistryStorage
#5(I)[2026-09-26 21:46:42,133]{00003304}<NvcRegistryStora> Successfully initialized RegistryStorage
#6(I)[2026-09-26 21:46:42,153]{00003304}<NvcPluginLoadHel> Secure loading C:\My Project\NVIDIA-Shadowplay\build\NVIDIA ShadowPlay\NvContainer\plugins\LocalSystem/_NvPluginNvapiMonitor.dll - 1.40.3414.2586 at 00007FFE7BAC0000 took 19043 microseconds
#7(I)[2026-09-26 21:46:42,153]{00003304}<NvcPluginManager> Loaded C:\My Project\NVIDIA-Shadowplay\build\NVIDIA ShadowPlay\NvContainer\plugins\LocalSystem/_NvPluginNvapiMonitor.dll
#8(I)[2026-09-26 21:46:42,153]{00003304}<NvcPluginManager> Loaded optional plugin NvPluginNvapiMonitor, version 1
#9(I)[2026-09-26 21:46:42,154]{00003304}<NvcPluginManager> Loading C:\My Project\NVIDIA-Shadowplay\build\NVIDIA ShadowPlay\NvContainer\plugins\LocalSystem/GameStream/Discovery/_NvMdnsPlugin.dll
#0(I)[2026-09-26 21:46:42,154]{00003304}<NvcRegistryStora> Creating RegistryStorage
#1(I)[2026-09-26 21:46:42,154]{00003304}<NvcRegistryStora> Successfully initialized RegistryStorage
#2(I)[2026-09-26 21:46:42,197]{00003304}<NvcPluginLoadHel> Secure loading C:\Program Files\NVIDIA Corporation\NvContainer\MessageBus.dll - 1.22.2758.1620 at 00007FFE62B20000 took 42632 microseconds
#3(I)[2026-09-26 21:46:42,197]{00003304}<NvcPluginLoadHel> Loaded dependency module MessageBus.dll
#4(I)[2026-09-26 21:46:42,219]{00003304}<NvcPluginLoadHel> Secure loading C:\Program Files\NVIDIA Corporation\NvContainer\libprotobuf.dll - Unknown at 00007FFE740C0000 took 22060 microseconds
#5(I)[2026-09-26 21:46:42,219]{00003304}<NvcPluginLoadHel> Loaded dependency module libprotobuf.dll
#6(I)[2026-09-26 21:46:42,245]{00003304}<NvcPluginLoadHel> Secure loading C:\Program Files\NVIDIA Corporation\NvContainer\libcrypto-1_1.dll - 7.1.3177.6947 at 00007FFE65A40000 took 25071 microseconds
#7(I)[2026-09-26 21:46:42,245]{00003304}<NvcPluginLoadHel> Loaded dependency module libcrypto-1_1.dll
#8(I)[2026-09-26 21:46:42,267]{00003304}<NvcPluginLoadHel> Secure loading C:\Program Files\NVIDIA Corporation\NvContainer\libssl-1_1.dll - 7.1.3177.6947 at 00007FFE76AE0000 took 21550 microseconds
#9(I)[2026-09-26 21:46:42,267]{00003304}<NvcPluginLoadHel> Loaded dependency module libssl-1_1.dll
#0(I)[2026-09-26 21:46:42,303]{00003304}<NvcPluginLoadHel> Secure loading C:\Program Files\NVIDIA Corporation\NvContainer\Poco.dll - 1.10.1.0 at 00007FFE35190000 took 33584 microseconds
#1(I)[2026-09-26 21:46:42,303]{00003304}<NvcPluginLoadHel> Loaded dependency module poco.dll
#2(I)[2026-09-26 21:46:42,319]{00003304}<NvcPluginLoadHel> Secure loading C:\Program Files\NVIDIA Corporation\NvContainer\PocoInitializer.dll - 1.28.3276.1422 at 00007FFE7C110000 took 16552 microseconds
#3(I)[2026-09-26 21:46:42,319]{00003304}<NvcPluginLoadHel> Loaded dependency module PocoInitializer.dll
#4(I)[2026-09-26 21:46:42,340]{00003304}<NvcPluginLoadHel> Secure loading C:\Program Files\NVIDIA Corporation\NvStreamSrv\NvStreamBase.dll - 7.1.3375.2090 at 00007FFE744D0000 took 19562 microseconds
#5(I)[2026-09-26 21:46:42,340]{00003304}<NvcPluginLoadHel> Loaded dependency module NvStreamBase.dll
#6(I)[2026-09-26 21:46:42,367]{00003304}<NvcPluginLoadHel> Secure loading C:\My Project\NVIDIA-Shadowplay\build\NVIDIA ShadowPlay\NvContainer\plugins\LocalSystem/GameStream/Discovery/_NvMdnsPlugin.dll - 7.1.3375.2090 at 00007FFE64D20000 took 26632 microseconds
#7(I)[2026-09-26 21:46:42,367]{00003304}<NvcPluginManager> Loaded C:\My Project\NVIDIA-Shadowplay\build\NVIDIA ShadowPlay\NvContainer\plugins\LocalSystem/GameStream/Discovery/_NvMdnsPlugin.dll
#8(I)[2026-09-26 21:46:42,367]{00003304}<NvcPluginManager> Loaded optional plugin _NvMdnsPlugin, version 1
#9(I)[2026-09-26 21:46:42,368]{00003304}<NvcPluginManager> Loading C:\My Project\NVIDIA-Shadowplay\build\NVIDIA ShadowPlay\NvContainer\plugins\LocalSystem/GameStream/Main/_NvStreamControl.dll
#0(I)[2026-09-26 21:46:42,368]{00003304}<NvcRegistryStora> Creating RegistryStorage
#1(I)[2026-09-26 21:46:42,368]{00003304}<NvcRegistryStora> Successfully initialized RegistryStorage
#2(I)[2026-09-26 21:46:42,368]{00003304}<NvcPluginLoadHel> Dependency module MessageBus.dll has been loaded already
#3(I)[2026-09-26 21:46:42,368]{00003304}<NvcPluginLoadHel> Dependency module libprotobuf.dll has been loaded already
#4(I)[2026-09-26 21:46:42,368]{00003304}<NvcPluginLoadHel> Dependency module libcrypto-1_1.dll has been loaded already
#5(I)[2026-09-26 21:46:42,368]{00003304}<NvcPluginLoadHel> Dependency module libssl-1_1.dll has been loaded already
#6(I)[2026-09-26 21:46:42,368]{00003304}<NvcPluginLoadHel> Dependency module poco.dll has been loaded already
#7(I)[2026-09-26 21:46:42,368]{00003304}<NvcPluginLoadHel> Dependency module PocoInitializer.dll has been loaded already
#8(I)[2026-09-26 21:46:42,368]{00003304}<NvcPluginLoadHel> Dependency module NvStreamBase.dll has been loaded already
#9(I)[2026-09-26 21:46:42,393]{00003304}<NvcPluginLoadHel> Secure loading C:\My Project\NVIDIA-Shadowplay\build\NVIDIA ShadowPlay\NvContainer\plugins\LocalSystem/GameStream/Main/_NvStreamControl.dll - 7.1.3375.2090 at 00007FFE73C60000 took 23554 microseconds
#0(I)[2026-09-26 21:46:42,393]{00003304}<NvcPluginManager> Loaded C:\My Project\NVIDIA-Shadowplay\build\NVIDIA ShadowPlay\NvContainer\plugins\LocalSystem/GameStream/Main/_NvStreamControl.dll
#1(I)[2026-09-26 21:46:42,393]{00003304}<NvcPluginManager> Loaded optional plugin _NvStreamControl, version 1
#2(I)[2026-09-26 21:46:42,394]{00003304}<NvcPluginManager> Loading C:\My Project\NVIDIA-Shadowplay\build\NVIDIA ShadowPlay\NvContainer\plugins\LocalSystem/GameStream/Pairing/_IdentityPlugin.dll
#3(I)[2026-09-26 21:46:42,394]{00003304}<NvcRegistryStora> Creating RegistryStorage
#4(I)[2026-09-26 21:46:42,394]{00003304}<NvcRegistryStora> Successfully initialized RegistryStorage
#5(I)[2026-09-26 21:46:42,394]{00003304}<NvcPluginLoadHel> Dependency module MessageBus.dll has been loaded already
#6(I)[2026-09-26 21:46:42,394]{00003304}<NvcPluginLoadHel> Dependency module libcrypto-1_1.dll has been loaded already
#7(I)[2026-09-26 21:46:42,394]{00003304}<NvcPluginLoadHel> Dependency module libssl-1_1.dll has been loaded already
#8(I)[2026-09-26 21:46:42,394]{00003304}<NvcPluginLoadHel> Dependency module poco.dll has been loaded already
#9(I)[2026-09-26 21:46:42,394]{00003304}<NvcPluginLoadHel> Dependency module PocoInitializer.dll has been loaded already
#0(I)[2026-09-26 21:46:42,394]{00003304}<NvcPluginLoadHel> Dependency module NvStreamBase.dll has been loaded already
#1(I)[2026-09-26 21:46:42,412]{00003304}<NvcPluginLoadHel> Secure loading C:\My Project\NVIDIA-Shadowplay\build\NVIDIA ShadowPlay\NvContainer\plugins\LocalSystem/GameStream/Pairing/_IdentityPlugin.dll - 7.1.3375.2090 at 00007FFE74020000 took 17033 microseconds
#2(I)[2026-09-26 21:46:42,412]{00003304}<NvcPluginManager> Loaded C:\My Project\NVIDIA-Shadowplay\build\NVIDIA ShadowPlay\NvContainer\plugins\LocalSystem/GameStream/Pairing/_IdentityPlugin.dll
#3(I)[2026-09-26 21:46:42,412]{00003304}<NvcPluginManager> Loaded optional plugin _IdentityPlugin, version 1
#4(I)[2026-09-26 21:46:42,413]{00003304}<NvcPluginManager> Loading C:\My Project\NVIDIA-Shadowplay\build\NVIDIA ShadowPlay\NvContainer\plugins\LocalSystem/NvTelemetry/NvTelemetry64.dll
#5(I)[2026-09-26 21:46:42,413]{00003304}<NvcRegistryStora> Creating RegistryStorage
#6(I)[2026-09-26 21:46:42,413]{00003304}<NvcRegistryStora> Successfully initialized RegistryStorage
#7(I)[2026-09-26 21:46:42,449]{00003304}<NvcPluginLoadHel> Secure loading C:\My Project\NVIDIA-Shadowplay\build\NVIDIA ShadowPlay\NvContainer\plugins\LocalSystem/NvTelemetry/NvTelemetry64.dll - 18.1.13.0 at 00007FFE34C50000 took 34128 microseconds
#8(I)[2026-09-26 21:46:42,449]{00003304}<NvcPluginManager> Loaded C:\My Project\NVIDIA-Shadowplay\build\NVIDIA ShadowPlay\NvContainer\plugins\LocalSystem/NvTelemetry/NvTelemetry64.dll
#9(I)[2026-09-26 21:46:42,449]{00003304}<NvcPluginManager> Loaded mandatory plugin NvTelemetryPlugin, version 1
#0(I)[2026-09-26 21:46:42,449]{00003304}<NvcPluginManager> Loading C:\My Project\NVIDIA-Shadowplay\build\NVIDIA ShadowPlay\NvContainer\plugins\LocalSystem/ShadowPlay/_nvspserviceplugin64.dll
#1(I)[2026-09-26 21:46:42,450]{00003304}<NvcRegistryStora> Creating RegistryStorage
#2(I)[2026-09-26 21:46:42,450]{00003304}<NvcRegistryStora> Successfully initialized RegistryStorage
#3(I)[2026-09-26 21:46:42,482]{00003304}<NvcPluginLoadHel> Secure loading C:\My Project\NVIDIA-Shadowplay\build\NVIDIA ShadowPlay\NvContainer\plugins\LocalSystem/ShadowPlay/_nvspserviceplugin64.dll - 3.28.0.412 at 00007FFE723D0000 took 32146 microseconds
#4(I)[2026-09-26 21:46:42,482]{00003304}<NvcPluginManager> Loaded C:\My Project\NVIDIA-Shadowplay\build\NVIDIA ShadowPlay\NvContainer\plugins\LocalSystem/ShadowPlay/_nvspserviceplugin64.dll
#5(I)[2026-09-26 21:46:42,482]{00003304}<NvcPluginManager> Loaded optional plugin ShadowPlayContainerPlugin, version 1
#6(I)[2026-09-26 21:46:42,483]{00003304}<NvcPluginManager> Loading C:\My Project\NVIDIA-Shadowplay\build\NVIDIA ShadowPlay\NvContainer\plugins\LocalSystem/Watchdog/NvPluginWatchdog.dll
#7(I)[2026-09-26 21:46:42,483]{00003304}<NvcRegistryStora> Creating RegistryStorage
#8(I)[2026-09-26 21:46:42,483]{00003304}<NvcRegistryStora> Successfully initialized RegistryStorage
#9(I)[2026-09-26 21:46:42,505]{00003304}<NvcPluginLoadHel> Secure loading C:\My Project\NVIDIA-Shadowplay\build\NVIDIA ShadowPlay\NvContainer\plugins\LocalSystem/Watchdog/NvPluginWatchdog.dll - 1.40.3345.4032 at 00007FFE72830000 took 21055 microseconds
#0(I)[2026-09-26 21:46:42,505]{00003304}<NvcPluginManager> Loaded C:\My Project\NVIDIA-Shadowplay\build\NVIDIA ShadowPlay\NvContainer\plugins\LocalSystem/Watchdog/NvPluginWatchdog.dll
#1(I)[2026-09-26 21:46:42,505]{00003304}<NvcPluginManager> Loaded mandatory plugin NvPluginWatchdog, version 1
#2(I)[2026-09-26 21:46:42,505]{00003304}<NvcHost>          Creating directory listener to represent current folder state
#3(I)[2026-09-26 21:46:42,505]{00003304}<DirectoryListene> Adding directory C:\My Project\NVIDIA-Shadowplay\build\NVIDIA ShadowPlay\NvContainer\plugins\LocalSystem.
#4(I)[2026-09-26 21:46:42,509]{00003304}<NvcHost>          Successfully updated directory change listener
#5(I)[2026-09-26 21:46:42,509]{00003304}<NvcHost>          Container is initializing
#6(I)[2026-09-26 21:46:42,509]{00003304}<NvcPluginManager> Initiate transition to Initializing state for NvMessageBusBroadcast
#7(I)[2026-09-26 21:46:42,513]{00003304}<NvcPluginManager> Transition to Initialized state for NvMessageBusBroadcast completed
#8(I)[2026-09-26 21:46:42,513]{00003304}<NvcPluginManager> Initiate transition to Initializing state for NvPluginNvapiMonitor
#9(I)[2026-09-26 21:46:42,515]{00003304}<NvcPluginManager> Transition to Initialized state for NvPluginNvapiMonitor completed
#0(I)[2026-09-26 21:46:42,515]{00003304}<NvcPluginManager> Initiate transition to Initializing state for _NvMdnsPlugin
#1(I)[2026-09-26 21:46:42,521]{00003304}<NvcPluginManager> Transition to Initializing state for _NvMdnsPlugin is in progress
#2(I)[2026-09-26 21:46:42,521]{00003304}<NvcPluginManager> Initiate transition to Initializing state for _NvStreamControl
#3(I)[2026-09-26 21:46:42,528]{00003304}<NvcPluginManager> Transition to Initializing state for _NvStreamControl is in progress
#4(I)[2026-09-26 21:46:42,528]{00003304}<NvcPluginManager> Initiate transition to Initializing state for _IdentityPlugin
#5(I)[2026-09-26 21:46:42,530]{00003304}<NvcPluginManager> Transition to Initializing state for _IdentityPlugin is in progress
#6(I)[2026-09-26 21:46:42,530]{00003304}<NvcPluginManager> Initiate transition to Initializing state for NvTelemetryPlugin
#7(E)[2026-09-26 21:46:42,530]{00003304}<NvcPluginManager> Transition to Initializing state for mandatory plugin NvTelemetryPlugin failed
#8(I)[2026-09-26 21:46:42,530]{00003304}<NvcHost>          Container is initialized with 0. State: normal
#9(I)[2026-09-26 21:46:42,530]{00003304}<NvcHost>          Uninitializing plugins with status 'Any'
#0(I)[2026-09-26 21:46:42,530]{00003304}<NvcPluginManager> State Uninitialized: _IdentityPlugin is already in state-transition (Initializing). Waiting for the transition to complete.
#1(I)[2026-09-26 21:46:42,561]{00008828}<NvcPluginManager> Notification 1 / 0000000000000000 from _NvMdnsPlugin
#2(I)[2026-09-26 21:46:42,561]{00008828}<NvcPluginManager> Transition to Initialized state for _NvMdnsPlugin completed
#3(I)[2026-09-26 21:46:42,561]{00005E04}<NvcPluginManager> Notification 1 / 0000000000000000 from _NvStreamControl
#4(I)[2026-09-26 21:46:42,561]{00005E04}<NvcPluginManager> Transition to Initialized state for _NvStreamControl completed
#5(I)[2026-09-26 21:46:42,561]{00003720}<NvcPluginManager> Notification 1 / 0000000000000000 from _IdentityPlugin
#6(I)[2026-09-26 21:46:42,562]{00003720}<NvcPluginManager> Transition to Initialized state for _IdentityPlugin completed
#7(I)[2026-09-26 21:46:42,562]{00003304}<NvcPluginManager> Initiate transition to Uninitializing state for _IdentityPlugin
#8(I)[2026-09-26 21:46:42,649]{00003304}<NvcPluginManager> Transition to Uninitialized state for _IdentityPlugin completed
#9(I)[2026-09-26 21:46:42,649]{00003304}<NvcPluginManager> Initiate transition to Uninitializing state for _NvStreamControl
#0(I)[2026-09-26 21:46:42,651]{00003304}<NvcPluginManager> Transition to Uninitialized state for _NvStreamControl completed
#1(I)[2026-09-26 21:46:42,651]{00003304}<NvcPluginManager> Initiate transition to Uninitializing state for _NvMdnsPlugin
#2(I)[2026-09-26 21:46:42,668]{00003304}<NvcPluginManager> Transition to Uninitialized state for _NvMdnsPlugin completed
#3(I)[2026-09-26 21:46:42,668]{00003304}<NvcPluginManager> Initiate transition to Uninitializing state for NvPluginNvapiMonitor
#4(I)[2026-09-26 21:46:42,668]{00003304}<NvcPluginManager> Transition to Uninitialized state for NvPluginNvapiMonitor completed
#5(I)[2026-09-26 21:46:42,668]{00003304}<NvcPluginManager> Initiate transition to Uninitializing state for NvMessageBusBroadcast
#6(I)[2026-09-26 21:46:42,668]{00003304}<NvcPluginManager> Transition to Uninitialized state for NvMessageBusBroadcast completed
#7(I)[2026-09-26 21:46:42,668]{00003304}<NvcPluginManager> Unload plugin 'NvTelemetryPlugin' - C:\My Project\NVIDIA-Shadowplay\build\NVIDIA ShadowPlay\NvContainer\plugins\LocalSystem/NvTelemetry/NvTelemetry64.dll
#8(I)[2026-09-26 21:46:42,669]{00003304}<NvcPluginManager> NvcPluginUnloadStats for 'NvTelemetryPlugin' => StopProcTime = 0 us, StopTimeTotal = 0 us, UninitializeProcTime = 0 us, UninitializeTimeTotal = 0 us, LibraryUnloadTime = 998 us, MaxSystemMessageProcessingTime = 0 us.
#9(I)[2026-09-26 21:46:42,669]{00003304}<NvcTelemetryHelp> NvcPluginUnloadStats for NvTelemetryPlugin returned 1
#0(I)[2026-09-26 21:46:42,669]{00003304}<NvcPluginManager> Unloaded plugin 'NvTelemetryPlugin'
#1(E)[2026-09-26 21:46:42,669]{00003304}<NvcHost>          State error is indicated
#2(I)[2026-09-26 21:46:42,669]{00003304}<NvcHost>          Plugins are uninitialized. State: normal
#3(I)[2026-09-26 21:46:42,669]{00003304}<NvcHostWin32>     Base host main completed, setting quit event
#4(I)[2026-09-26 21:46:42,669]{00003368}<DirectoryListene> Quit event signaled. Ending thread function.
#5(I)[2026-09-26 21:46:42,669]{00003304}<NvcUserAppHost>   Received WM_DESTROY message. Quit is not legit. Ignored
#6(I)[2026-09-26 21:46:42,670]{00003304}<DirectoryListene> Waiting for the listener thread to finish...
#7(I)[2026-09-26 21:46:42,670]{00003304}<DirectoryListene> Listener thread finished...
#8(I)[2026-09-26 21:46:42,670]{00003304}<NvcPluginManager> Unload plugin 'NvPluginWatchdog' - C:\My Project\NVIDIA-Shadowplay\build\NVIDIA ShadowPlay\NvContainer\plugins\LocalSystem/Watchdog/NvPluginWatchdog.dll
#9(I)[2026-09-26 21:46:42,670]{00003304}<NvcPluginManager> Unloaded plugin 'NvPluginWatchdog'
#0(I)[2026-09-26 21:46:42,670]{00003304}<NvcPluginManager> Unload plugin 'ShadowPlayContainerPlugin' - C:\My Project\NVIDIA-Shadowplay\build\NVIDIA ShadowPlay\NvContainer\plugins\LocalSystem/ShadowPlay/_nvspserviceplugin64.dll
#1(I)[2026-09-26 21:46:42,670]{00003304}<NvcPluginManager> Unloaded plugin 'ShadowPlayContainerPlugin'
#2(I)[2026-09-26 21:46:42,670]{00003304}<NvcPluginManager> Unload plugin '_IdentityPlugin' - C:\My Project\NVIDIA-Shadowplay\build\NVIDIA ShadowPlay\NvContainer\plugins\LocalSystem/GameStream/Pairing/_IdentityPlugin.dll
#3(I)[2026-09-26 21:46:42,670]{00003304}<NvcPluginManager> NvcPluginUnloadStats for '_IdentityPlugin' => StopProcTime = 0 us, StopTimeTotal = 0 us, UninitializeProcTime = 87907 us, UninitializeTimeTotal = 87907 us, LibraryUnloadTime = 0 us, MaxSystemMessageProcessingTime = 0 us.
#4(I)[2026-09-26 21:46:42,670]{00003304}<NvcTelemetryHelp> NvcPluginUnloadStats for _IdentityPlugin returned 1
#5(I)[2026-09-26 21:46:42,670]{00003304}<NvcPluginManager> Unloaded plugin '_IdentityPlugin'
#6(I)[2026-09-26 21:46:42,670]{00003304}<NvcPluginManager> Unload plugin '_NvStreamControl' - C:\My Project\NVIDIA-Shadowplay\build\NVIDIA ShadowPlay\NvContainer\plugins\LocalSystem/GameStream/Main/_NvStreamControl.dll
#7(I)[2026-09-26 21:46:42,672]{00003304}<NvcPluginManager> NvcPluginUnloadStats for '_NvStreamControl' => StopProcTime = 0 us, StopTimeTotal = 0 us, UninitializeProcTime = 1108 us, UninitializeTimeTotal = 1108 us, LibraryUnloadTime = 1509 us, MaxSystemMessageProcessingTime = 0 us.
#8(I)[2026-09-26 21:46:42,672]{00003304}<NvcTelemetryHelp> NvcPluginUnloadStats for _NvStreamControl returned 1
#9(I)[2026-09-26 21:46:42,672]{00003304}<NvcPluginManager> Unloaded plugin '_NvStreamControl'
#0(I)[2026-09-26 21:46:42,672]{00003304}<NvcPluginManager> Unload plugin '_NvMdnsPlugin' - C:\My Project\NVIDIA-Shadowplay\build\NVIDIA ShadowPlay\NvContainer\plugins\LocalSystem/GameStream/Discovery/_NvMdnsPlugin.dll
#1(I)[2026-09-26 21:46:42,675]{00003304}<NvcPluginManager> NvcPluginUnloadStats for '_NvMdnsPlugin' => StopProcTime = 0 us, StopTimeTotal = 0 us, UninitializeProcTime = 17812 us, UninitializeTimeTotal = 17812 us, LibraryUnloadTime = 3021 us, MaxSystemMessageProcessingTime = 0 us.
#2(I)[2026-09-26 21:46:42,675]{00003304}<NvcTelemetryHelp> NvcPluginUnloadStats for _NvMdnsPlugin returned 1
#3(I)[2026-09-26 21:46:42,675]{00003304}<NvcPluginManager> Unloaded plugin '_NvMdnsPlugin'
#4(I)[2026-09-26 21:46:42,675]{00003304}<NvcPluginManager> Unload plugin 'NvPluginNvapiMonitor' - C:\My Project\NVIDIA-Shadowplay\build\NVIDIA ShadowPlay\NvContainer\plugins\LocalSystem/_NvPluginNvapiMonitor.dll
#5(I)[2026-09-26 21:46:42,675]{00003304}<NvcPluginManager> Unloaded plugin 'NvPluginNvapiMonitor'
#6(I)[2026-09-26 21:46:42,675]{00003304}<NvcPluginManager> Unload plugin 'NvMessageBusBroadcast' - C:\My Project\NVIDIA-Shadowplay\build\NVIDIA ShadowPlay\NvContainer\plugins\LocalSystem/_NvMessageBusBroadcast.dll
#7(I)[2026-09-26 21:46:42,675]{00003304}<NvcPluginManager> Unloaded plugin 'NvMessageBusBroadcast'
#8(I)[2026-09-26 21:46:42,675]{00003304}<NvContainer>      Container main exited with error
