#0(I)[2026-09-26 21:49:44,539]{000056B0}<NvContainer>      Container main v1.40
#1(I)[2026-09-26 21:49:44,540]{000056B0}<NvContainer>      Telemetry API initialized
#2(I)[2026-09-26 21:49:44,541]{000056B0}<NvcHost>          Base host initialized successfully
#3(I)[2026-09-26 21:49:44,588]{000056B0}<NvcHostWin32>     Dynamic loading of plugins is enabled
#4(I)[2026-09-26 21:49:44,588]{000056B0}<NvcHostWin32>     Dynamic unloading of plugins is enabled
#5(I)[2026-09-26 21:49:44,588]{000056B0}<NvcHostWin32>     Win32 host initialized successfully
#6(I)[2026-09-26 21:49:44,588]{000056B0}<NvcHost>          Load plugins from C:\My Project\NVIDIA-Shadowplay\build\NVIDIA ShadowPlay\NvContainer\plugins\OSC
#7(I)[2026-09-26 21:49:44,588]{000056B0}<NvcPluginManager> Loading C:\My Project\NVIDIA-Shadowplay\build\NVIDIA ShadowPlay\NvContainer\plugins\OSC/_NvMessageBusBroadcast.dll
#8(I)[2026-09-26 21:49:44,589]{000056B0}<NvcRegistryStora> Creating RegistryStorage
#9(I)[2026-09-26 21:49:44,589]{000056B0}<NvcRegistryStora> Successfully initialized RegistryStorage
#0(I)[2026-09-26 21:49:44,673]{000056B0}<NvcPluginLoadHel> Secure loading C:\My Project\NVIDIA-Shadowplay\build\NVIDIA ShadowPlay\NvContainer\plugins\OSC/_NvMessageBusBroadcast.dll - 1.34.3030.7627 at 00007FFE65D20000 took 81945 microseconds
#1(I)[2026-09-26 21:49:44,673]{000056B0}<NvcPluginManager> Loaded C:\My Project\NVIDIA-Shadowplay\build\NVIDIA ShadowPlay\NvContainer\plugins\OSC/_NvMessageBusBroadcast.dll
#2(I)[2026-09-26 21:49:44,673]{000056B0}<NvcPluginManager> Loaded optional plugin NvMessageBusBroadcast, version 1
#3(I)[2026-09-26 21:49:44,673]{000056B0}<NvcPluginManager> Loading C:\My Project\NVIDIA-Shadowplay\build\NVIDIA ShadowPlay\NvContainer\plugins\OSC/_NvPluginNvapiMonitor.dll
#4(I)[2026-09-26 21:49:44,673]{000056B0}<NvcRegistryStora> Creating RegistryStorage
#5(I)[2026-09-26 21:49:44,674]{000056B0}<NvcRegistryStora> Successfully initialized RegistryStorage
#6(I)[2026-09-26 21:49:44,698]{000056B0}<NvcPluginLoadHel> Secure loading C:\My Project\NVIDIA-Shadowplay\build\NVIDIA ShadowPlay\NvContainer\plugins\OSC/_NvPluginNvapiMonitor.dll - 1.40.3414.2586 at 00007FFE7BAC0000 took 23172 microseconds
#7(I)[2026-09-26 21:49:44,698]{000056B0}<NvcPluginManager> Loaded C:\My Project\NVIDIA-Shadowplay\build\NVIDIA ShadowPlay\NvContainer\plugins\OSC/_NvPluginNvapiMonitor.dll
#8(I)[2026-09-26 21:49:44,698]{000056B0}<NvcPluginManager> Loaded optional plugin NvPluginNvapiMonitor, version 1
#9(I)[2026-09-26 21:49:44,698]{000056B0}<NvcPluginManager> Loading C:\My Project\NVIDIA-Shadowplay\build\NVIDIA ShadowPlay\NvContainer\plugins\OSC/ShadowPlay/_nvspserviceplugin64.dll
#0(I)[2026-09-26 21:49:44,698]{000056B0}<NvcRegistryStora> Creating RegistryStorage
#1(I)[2026-09-26 21:49:44,698]{000056B0}<NvcRegistryStora> Successfully initialized RegistryStorage
#2(I)[2026-09-26 21:49:44,722]{000056B0}<NvcPluginLoadHel> Secure loading C:\My Project\NVIDIA-Shadowplay\build\NVIDIA ShadowPlay\NvContainer\plugins\OSC/ShadowPlay/_nvspserviceplugin64.dll - 3.28.0.412 at 00007FFE73CA0000 took 23592 microseconds
#3(I)[2026-09-26 21:49:44,724]{000056B0}<NvcPluginManager> Loaded C:\My Project\NVIDIA-Shadowplay\build\NVIDIA ShadowPlay\NvContainer\plugins\OSC/ShadowPlay/_nvspserviceplugin64.dll
#4(I)[2026-09-26 21:49:44,724]{000056B0}<NvcPluginManager> Loaded optional plugin ShadowPlayContainerPlugin, version 1
#5(I)[2026-09-26 21:49:44,724]{000056B0}<NvcHost>          Creating directory listener to represent current folder state
#6(I)[2026-09-26 21:49:44,724]{000056B0}<DirectoryListene> Adding directory C:\My Project\NVIDIA-Shadowplay\build\NVIDIA ShadowPlay\NvContainer\plugins\OSC.
#7(I)[2026-09-26 21:49:44,725]{000056B0}<NvcHost>          Successfully updated directory change listener
#8(I)[2026-09-26 21:49:44,725]{000056B0}<NvcHost>          Container is initializing
#9(I)[2026-09-26 21:49:44,725]{000056B0}<NvcPluginManager> Initiate transition to Initializing state for NvMessageBusBroadcast
#0(I)[2026-09-26 21:49:44,729]{000056B0}<NvcPluginManager> Transition to Initialized state for NvMessageBusBroadcast completed
#1(I)[2026-09-26 21:49:44,729]{000056B0}<NvcPluginManager> Initiate transition to Initializing state for NvPluginNvapiMonitor
#2(I)[2026-09-26 21:49:44,732]{000056B0}<NvcPluginManager> Transition to Initialized state for NvPluginNvapiMonitor completed
#3(I)[2026-09-26 21:49:44,733]{000056B0}<NvcPluginManager> Initiate transition to Initializing state for ShadowPlayContainerPlugin
#4(I)[2026-09-26 21:49:44,829]{000056B0}<NvcPluginManager> Transition to Initialized state for ShadowPlayContainerPlugin completed
#5(I)[2026-09-26 21:49:44,829]{000056B0}<NvcHost>          Container is initialized with 1. State: normal
#6(I)[2026-09-26 21:49:44,829]{000056B0}<NvcHost>          Base host core
#7(I)[2026-09-26 21:49:44,829]{000056B0}<NvcHost>          Container is starting
#8(I)[2026-09-26 21:49:44,829]{000056B0}<NvcPluginManager> Initiate transition to Starting state for NvMessageBusBroadcast
#9(I)[2026-09-26 21:49:44,829]{000056B0}<NvcPluginManager> NvcPluginLoadStats for 'NvMessageBusBroadcast' => LibraryLoadTime = 83945 us, ImageLoadTime = 0 us, AbsLibraryLoadTime = 81945, InitializeProcTime = 4512 us, InitializeTimeTotal = 4512 us, StartProcTime = 0 us, StartTimeTotal = 0 us. 
#0(I)[2026-09-26 21:49:44,829]{000056B0}<NvcTelemetryHelp> NvcPluginLoadStats for NvMessageBusBroadcast returned 1
#1(I)[2026-09-26 21:49:44,829]{000056B0}<NvcPluginManager> Transition to Started state for NvMessageBusBroadcast completed
#2(I)[2026-09-26 21:49:44,830]{000056B0}<NvcPluginManager> Initiate transition to Starting state for NvPluginNvapiMonitor
#3(I)[2026-09-26 21:49:44,830]{000056B0}<NvcPluginManager> NvcPluginLoadStats for 'NvPluginNvapiMonitor' => LibraryLoadTime = 23677 us, ImageLoadTime = 505 us, AbsLibraryLoadTime = 23172, InitializeProcTime = 2515 us, InitializeTimeTotal = 2515 us, StartProcTime = 0 us, StartTimeTotal = 0 us. 
#4(I)[2026-09-26 21:49:44,830]{000056B0}<NvcTelemetryHelp> NvcPluginLoadStats for NvPluginNvapiMonitor returned 1
#5(I)[2026-09-26 21:49:44,830]{000056B0}<NvcPluginManager> Transition to Started state for NvPluginNvapiMonitor completed
#6(I)[2026-09-26 21:49:44,830]{000056B0}<NvcPluginManager> Initiate transition to Starting state for ShadowPlayContainerPlugin
#7(I)[2026-09-26 21:49:44,830]{000056B0}<NvcPluginManager> NvcPluginLoadStats for 'ShadowPlayContainerPlugin' => LibraryLoadTime = 25099 us, ImageLoadTime = 0 us, AbsLibraryLoadTime = 23592, InitializeProcTime = 95933 us, InitializeTimeTotal = 95933 us, StartProcTime = 0 us, StartTimeTotal = 0 us. 
#8(I)[2026-09-26 21:49:44,830]{000056B0}<NvcTelemetryHelp> NvcPluginLoadStats for ShadowPlayContainerPlugin returned 1
#9(I)[2026-09-26 21:49:44,830]{000056B0}<NvcPluginManager> Transition to Started state for ShadowPlayContainerPlugin completed
#0(I)[2026-09-26 21:49:44,830]{000056B0}<NvcHost>          Container is started with 1. State: normal
#1(I)[2026-09-26 21:49:44,830]{000056B0}<NvcTelemetryHelp> NvcLoadStats => LibraryLoadTime = 135740 us, InitializeTime = 103959 us, StartTime = 1005 us, TotalLoadTime = 329610 us
#2(I)[2026-09-26 21:49:44,830]{000056B0}<NvcTelemetryHelp> NvcLoadStats returned 1
