**********************
Windows PowerShell transcript start
Start time: 20261003033904
Username: DESKTOP-DULUKA\ScotcsDuluka
RunAs User: DESKTOP-DULUKA\ScotcsDuluka
Configuration Name: 
Machine: DESKTOP-DULUKA (Microsoft Windows NT 10.0.26340.0)
Host Application: C:\WINDOWS\System32\WindowsPowerShell\v1.0\powershell.exe -NoProfile -ExecutionPolicy Bypass -File C:\My Project\NVIDIA-Shadowplay\build\NVIDIA ShadowPlay\start-osc.ps1 -Mode genuine
Process ID: 24056
PSVersion: 5.1.26100.9502
PSEdition: Desktop
PSCompatibleVersions: 1.0, 2.0, 3.0, 4.0, 5.0, 5.1.26100.9502
BuildVersion: 10.0.26100.9502
CLRVersion: 4.0.30319.42000
WSManStackVersion: 3.0
PSRemotingProtocolVersion: 2.3
SerializationVersion: 1.1.0.1
**********************
=== [0] stage binary แท้จาก OscProvision\Payload → build ===
PS>TerminatingError(Copy-Item): "The process cannot access the file 'C:\My Project\NVIDIA-Shadowplay\build\NVIDIA ShadowPlay\NvContainer\genuine\nvcontainer.exe' because it is being used by another process."
Copy-Item : The process cannot access the file 'C:\My Project\NVIDIA-Shadowplay\build\NVIDIA 
ShadowPlay\NvContainer\genuine\nvcontainer.exe' because it is being used by another process.
At C:\My Project\NVIDIA-Shadowplay\build\NVIDIA ShadowPlay\start-osc.ps1:39 char:9
+         Copy-Item $src (Join-Path $genuine $f) -Force
+         ~~~~~~~~~~~~~~~~~~~~~~~~~~~~~~~~~~~~~~~~~~~~~
    + CategoryInfo          : NotSpecified: (:) [Copy-Item], IOException
    + FullyQualifiedErrorId : System.IO.IOException,Microsoft.PowerShell.Commands.CopyItemCommand
Copy-Item : The process cannot access the file 'C:\My Project\NVIDIA-Shadowplay\build\NVIDIA
ShadowPlay\NvContainer\genuine\nvcontainer.exe' because it is being used by another process.
At C:\My Project\NVIDIA-Shadowplay\build\NVIDIA ShadowPlay\start-osc.ps1:39 char:9
+         Copy-Item $src (Join-Path $genuine $f) -Force
+         ~~~~~~~~~~~~~~~~~~~~~~~~~~~~~~~~~~~~~~~~~~~~~
    + CategoryInfo          : NotSpecified: (:) [Copy-Item], IOException
    + FullyQualifiedErrorId : System.IO.IOException,Microsoft.PowerShell.Commands.CopyItemCommand

Copy-Item : Container cannot be copied onto existing leaf item.
At C:\My Project\NVIDIA-Shadowplay\build\NVIDIA ShadowPlay\start-osc.ps1:61 char:9
+         Copy-Item (Join-Path $payload.FullName 'ShadowPlay\*') $spDst ...
+         ~~~~~~~~~~~~~~~~~~~~~~~~~~~~~~~~~~~~~~~~~~~~~~~~~~~~~~~~~~~~~
    + CategoryInfo          : InvalidArgument: (C:\My Project\N...dowPlay\Plugins:String) [Copy-Item], 
PSArgumentException
    + FullyQualifiedErrorId : CopyContainerItemToLeafError,Microsoft.PowerShell.Commands.CopyItemCommand
Copy-Item : Container cannot be copied onto existing leaf item.
At C:\My Project\NVIDIA-Shadowplay\build\NVIDIA ShadowPlay\start-osc.ps1:61 char:9
+         Copy-Item (Join-Path $payload.FullName 'ShadowPlay\*') $spDst ...
+         ~~~~~~~~~~~~~~~~~~~~~~~~~~~~~~~~~~~~~~~~~~~~~~~~~~~~~~~~~~~~~
    + CategoryInfo          : InvalidArgument: (C:\My Project\N...dowPlay\Plugins:String) [Copy-Item], PSArgumentExcep
   tion
    + FullyQualifiedErrorId : CopyContainerItemToLeafError,Microsoft.PowerShell.Commands.CopyItemCommand

[0] stage OK · container=C:\My Project\NVIDIA-Shadowplay\build\NVIDIA ShadowPlay\NvContainer\genuine
[0]          · node=C:\My Project\NVIDIA-Shadowplay\build\NVIDIA ShadowPlay\NvNode
[0]          · helper=C:\My Project\NVIDIA-Shadowplay\build\NVIDIA ShadowPlay\ShadowPlay
=== [1] service NvContainerLocalSystem (RUNNING = ไม่แตะ) ===
[1] service: Running
[1] ImagePath: "C:\My Project\NVIDIA-Shadowplay\build\NVIDIA ShadowPlay\NvContainer\genuine\nvcontainer.exe" -s NvContainerLocalSystem -a -f "C:\ProgramData\NVIDIA Corporation\NVIDIA App\NvContainer\NvContainerLocalSystem.log" -l 3 -d "C:\My Project\NVIDIA-Shadowplay\build\NVIDIA ShadowPlay\NvContainer\genuine\plugins\LocalSystem" -r -p 30000  -ert
=== [2] containers + agent (เช็ค CommandLine: SPUser / plugins\User) ===
[2] container PID 26176 จาก C:\My Project\NVIDIA-Shadowplay\build\NVIDIA ShadowPlay\NvContainer\genuine\nvcontainer.exe
=== [3] node :59001 → 200 (path ต้องเป็นตัวของโหมดนี้เท่านั้น) ===
[3] :59001 ตอบแต่ไม่ใช่ node จาก path ที่กำหนด — kill แล้วสตาร์ตตัวที่ถูกต้อง
PS>TerminatingError(Invoke-WebRequest): "The operation has timed out."
PS>TerminatingError(Invoke-WebRequest): "The operation has timed out."
PS>TerminatingError(Invoke-WebRequest): "The operation has timed out."
PS>TerminatingError(Invoke-WebRequest): "The operation has timed out."
PS>TerminatingError(Invoke-WebRequest): "The operation has timed out."
PS>TerminatingError(Invoke-WebRequest): "The operation has timed out."
PS>TerminatingError(Invoke-WebRequest): "The operation has timed out."
PS>TerminatingError(Invoke-WebRequest): "The operation has timed out."
PS>TerminatingError(Invoke-WebRequest): "The operation has timed out."
PS>TerminatingError(Invoke-WebRequest): "The operation has timed out."
PS>TerminatingError(Invoke-WebRequest): "The operation has timed out."
PS>TerminatingError(Invoke-WebRequest): "The operation has timed out."
PS>TerminatingError(Invoke-WebRequest): "The operation has timed out."
PS>TerminatingError(Invoke-WebRequest): "The operation has timed out."
PS>TerminatingError(Invoke-WebRequest): "The operation has timed out."
PS>TerminatingError(Invoke-WebRequest): "The operation has timed out."
PS>TerminatingError(Invoke-WebRequest): "The operation has timed out."
PS>TerminatingError(Invoke-WebRequest): "The operation has timed out."
PS>TerminatingError(Invoke-WebRequest): "The operation has timed out."
PS>TerminatingError(Invoke-WebRequest): "The operation has timed out."
PS>TerminatingError(Invoke-WebRequest): "The operation has timed out."
PS>TerminatingError(Invoke-WebRequest): "The operation has timed out."
PS>TerminatingError(Invoke-WebRequest): "The operation has timed out."
PS>TerminatingError(Invoke-WebRequest): "The operation has timed out."
PS>TerminatingError(Invoke-WebRequest): "The operation has timed out."
PS>TerminatingError(Invoke-WebRequest): "The operation has timed out."
PS>TerminatingError(Invoke-WebRequest): "The operation has timed out."
PS>TerminatingError(Invoke-WebRequest): "The operation has timed out."
PS>TerminatingError(Invoke-WebRequest): "The operation has timed out."
PS>TerminatingError(Invoke-WebRequest): "The operation has timed out."
PS>TerminatingError(Invoke-WebRequest): "The operation has timed out."
PS>TerminatingError(Invoke-WebRequest): "The operation has timed out."
PS>TerminatingError(Invoke-WebRequest): "The operation has timed out."
PS>TerminatingError(Invoke-WebRequest): "The operation has timed out."
PS>TerminatingError(Invoke-WebRequest): "The operation has timed out."
PS>TerminatingError(Invoke-WebRequest): "The operation has timed out."
PS>TerminatingError(Invoke-WebRequest): "The operation has timed out."
PS>TerminatingError(Invoke-WebRequest): "The operation has timed out."
PS>TerminatingError(Invoke-WebRequest): "The operation has timed out."
PS>TerminatingError(Invoke-WebRequest): "The operation has timed out."
[FAIL] node ไม่ตอบ 200 ที่ :59001 ภายใน 40 วิ — หยุดบูต (ดู nvnode.log / NvNode\Logs)
**********************
Windows PowerShell transcript end
End time: 20261003034213
**********************
