#0(I)[2026-10-02 06:23:00,540]{0000101C}<NvContainer>      Container main v1.39
#1(I)[2026-10-02 06:23:00,540]{0000101C}<NvContainer>      Enabled EnforceRedirectionTrust policy
#2(I)[2026-10-02 06:23:00,540]{0000101C}<NvContainer>      Telemetry API initialized
#3(I)[2026-10-02 06:23:00,542]{0000101C}<NvcHost>          Base host initialized successfully
#4(I)[2026-10-02 06:23:00,546]{0000101C}<NvcHostWin32>     Dynamic loading of plugins is enabled
#5(I)[2026-10-02 06:23:00,546]{0000101C}<NvcHostWin32>     Dynamic unloading of plugins is enabled
#6(I)[2026-10-02 06:23:00,549]{0000101C}<NvcHostWin32>     Open parent process 0000000000000234 for PID 2804
#7(I)[2026-10-02 06:23:00,549]{0000101C}<NvcHostWin32>     Win32 host initialized successfully
#8(I)[2026-10-02 06:23:00,549]{0000101C}<NvcHostWin32>     Use external event 'Global\NvContainer2804-session1-c:_windows_system32_driverstore_filerepository_nv_dispi.inf_amd64_37503b637f6a53da_display.nvcontainer_plugins_session' for quitting
#9(I)[2026-10-02 06:23:00,549]{0000101C}<NvcHost>          Load plugins from C:\WINDOWS\System32\DriverStore\FileRepository\nv_dispi.inf_amd64_37503b637f6a53da\Display.NvContainer\plugins\Session
#0(I)[2026-10-02 06:23:00,549]{000014A0}<NvcHostWin32>     Parent process tracking thread started with timeout: 4294967295
#1(I)[2026-10-02 06:23:00,568]{0000101C}<NvcPluginManager> Loading C:\WINDOWS\System32\DriverStore\FileRepository\nv_dispi.inf_amd64_37503b637f6a53da\Display.NvContainer\plugins\Session/nvprofileupdaterplugin.dll
#2(I)[2026-10-02 06:23:00,568]{0000101C}<NvcRegistryStora> Creating RegistryStorage
#3(W)[2026-10-02 06:23:00,587]{0000101C}<NvcRegistryStora> Failed to initialize RegistryStorage with status 2
#4(I)[2026-10-02 06:23:00,771]{0000101C}<NvcPluginLoadHel> Secure loading C:\WINDOWS\System32\DriverStore\FileRepository\nv_dispi.inf_amd64_37503b637f6a53da\Display.NvContainer\plugins\Session/nvprofileupdaterplugin.dll - 32.0.15.8266 at 00007FFC7D550000 took 176459 microseconds
#5(I)[2026-10-02 06:23:00,771]{0000101C}<NvcPluginManager> Loaded C:\WINDOWS\System32\DriverStore\FileRepository\nv_dispi.inf_amd64_37503b637f6a53da\Display.NvContainer\plugins\Session/nvprofileupdaterplugin.dll
#6(I)[2026-10-02 06:23:00,771]{0000101C}<NvcPluginManager> Loaded mandatory plugin NvProfileUpdaterPlugin, version 1
#7(I)[2026-10-02 06:23:00,771]{0000101C}<NvcPluginManager> Loading C:\WINDOWS\System32\DriverStore\FileRepository\nv_dispi.inf_amd64_37503b637f6a53da\Display.NvContainer\plugins\Session/nvxdsyncplugin.dll
#8(I)[2026-10-02 06:23:00,771]{0000101C}<NvcRegistryStora> Creating RegistryStorage
#9(W)[2026-10-02 06:23:00,771]{0000101C}<NvcRegistryStora> Failed to initialize RegistryStorage with status 2
#0(I)[2026-10-02 06:23:00,829]{0000101C}<NvcPluginLoadHel> Secure loading C:\WINDOWS\System32\DriverStore\FileRepository\nv_dispi.inf_amd64_37503b637f6a53da\Display.NvContainer\plugins\Session/nvxdsyncplugin.dll - 8.17.15.8266 at 00007FFC7CD50000 took 54551 microseconds
#1(I)[2026-10-02 06:23:00,829]{0000101C}<NvcPluginManager> Loaded C:\WINDOWS\System32\DriverStore\FileRepository\nv_dispi.inf_amd64_37503b637f6a53da\Display.NvContainer\plugins\Session/nvxdsyncplugin.dll
#2(I)[2026-10-02 06:23:00,831]{0000101C}<NvcPluginManager> Loaded mandatory plugin NvXDSyncPlugin, version 1
#3(I)[2026-10-02 06:23:00,831]{0000101C}<NvcPluginManager> Loading C:\WINDOWS\System32\DriverStore\FileRepository\nv_dispi.inf_amd64_37503b637f6a53da\Display.NvContainer\plugins\Session/wksServicePlugin.dll
#4(I)[2026-10-02 06:23:00,831]{0000101C}<NvcRegistryStora> Creating RegistryStorage
#5(W)[2026-10-02 06:23:00,831]{0000101C}<NvcRegistryStora> Failed to initialize RegistryStorage with status 2
#6(I)[2026-10-02 06:23:00,877]{0000101C}<NvcPluginLoadHel> Secure loading C:\WINDOWS\System32\DriverStore\FileRepository\nv_dispi.inf_amd64_37503b637f6a53da\Display.NvContainer\plugins\Session/wksServicePlugin.dll - 32.0.15.8266 at 00007FFC7CC50000 took 24684 microseconds
#7(I)[2026-10-02 06:23:00,877]{0000101C}<NvcPluginManager> Loaded C:\WINDOWS\System32\DriverStore\FileRepository\nv_dispi.inf_amd64_37503b637f6a53da\Display.NvContainer\plugins\Session/wksServicePlugin.dll
#8(I)[2026-10-02 06:23:00,877]{0000101C}<NvcPluginManager> Loaded mandatory plugin NvWksServicePlugin, version 1
#9(I)[2026-10-02 06:23:00,877]{0000101C}<NvcPluginManager> Loading C:\WINDOWS\System32\DriverStore\FileRepository\nv_dispi.inf_amd64_37503b637f6a53da\Display.NvContainer\plugins\Session/_NvGSTPlugin.dll
#0(I)[2026-10-02 06:23:00,877]{0000101C}<NvcRegistryStora> Creating RegistryStorage
#1(W)[2026-10-02 06:23:00,877]{0000101C}<NvcRegistryStora> Failed to initialize RegistryStorage with status 2
#2(I)[2026-10-02 06:23:00,918]{0000101C}<NvcPluginLoadHel> Secure loading C:\WINDOWS\System32\DriverStore\FileRepository\nv_dispi.inf_amd64_37503b637f6a53da\Display.NvContainer\plugins\Session/_NvGSTPlugin.dll - 32.0.15.8266 at 00007FFC7C770000 took 37627 microseconds
#3(I)[2026-10-02 06:23:00,918]{0000101C}<NvcPluginManager> Loaded C:\WINDOWS\System32\DriverStore\FileRepository\nv_dispi.inf_amd64_37503b637f6a53da\Display.NvContainer\plugins\Session/_NvGSTPlugin.dll
#4(I)[2026-10-02 06:23:00,918]{0000101C}<NvcPluginManager> Loaded optional plugin GamesessionTelemetry_Plugin, version 1
#5(I)[2026-10-02 06:23:00,919]{0000101C}<NvcHost>          Creating directory listener to represent current folder state
#6(I)[2026-10-02 06:23:00,919]{0000101C}<DirectoryListene> Adding directory C:\WINDOWS\System32\DriverStore\FileRepository\nv_dispi.inf_amd64_37503b637f6a53da\Display.NvContainer\plugins\Session.
#7(I)[2026-10-02 06:23:00,920]{0000101C}<NvcHost>          Successfully updated directory change listener
#8(I)[2026-10-02 06:23:00,920]{0000101C}<NvcHost>          Container is initializing
#9(I)[2026-10-02 06:23:00,920]{0000101C}<NvcPluginManager> Initiate transition to Initializing state for NvProfileUpdaterPlugin
#0(I)[2026-10-02 06:23:00,932]{0000101C}<NvcPluginManager> Transition to Initialized state for NvProfileUpdaterPlugin completed
#1(I)[2026-10-02 06:23:00,932]{0000101C}<NvcPluginManager> Initiate transition to Initializing state for NvXDSyncPlugin
#2(I)[2026-10-02 06:23:00,942]{0000101C}<NvcPluginManager> Transition to Initialized state for NvXDSyncPlugin completed
#3(I)[2026-10-02 06:23:00,942]{0000101C}<NvcPluginManager> Initiate transition to Initializing state for NvWksServicePlugin
#4(I)[2026-10-02 06:23:00,954]{0000101C}<NvcPluginManager> Transition to Initialized state for NvWksServicePlugin completed
#5(I)[2026-10-02 06:23:00,955]{0000101C}<NvcPluginManager> Initiate transition to Initializing state for GamesessionTelemetry_Plugin
#6(I)[2026-10-02 06:23:00,959]{0000101C}<NvcPluginManager> Transition to Initialized state for GamesessionTelemetry_Plugin completed
#7(I)[2026-10-02 06:23:00,959]{0000101C}<NvcHost>          Container is initialized with 1. State: normal
#8(I)[2026-10-02 06:23:00,959]{0000101C}<NvcHost>          Base host core
#9(I)[2026-10-02 06:23:00,959]{0000101C}<NvcHost>          Container is starting
#0(I)[2026-10-02 06:23:00,959]{0000101C}<NvcPluginManager> Initiate transition to Starting state for NvProfileUpdaterPlugin
#1(I)[2026-10-02 06:23:00,959]{0000101C}<NvcPluginManager> NvcPluginLoadStats for 'NvProfileUpdaterPlugin' => LibraryLoadTime = 182486 us, ImageLoadTime = 4018 us, AbsLibraryLoadTime = 176459, InitializeProcTime = 12021 us, InitializeTimeTotal = 12021 us, StartProcTime = 0 us, StartTimeTotal = 0 us. 
#2(I)[2026-10-02 06:23:00,959]{0000101C}<NvcTelemetryHelp> NvcPluginLoadStats for NvProfileUpdaterPlugin returned 1
#3(I)[2026-10-02 06:23:00,959]{0000101C}<NvcPluginManager> Transition to Started state for NvProfileUpdaterPlugin completed
#4(I)[2026-10-02 06:23:00,959]{0000101C}<NvcPluginManager> Initiate transition to Starting state for NvXDSyncPlugin
#5(I)[2026-10-02 06:23:00,960]{0000101C}<NvcPluginManager> Transition to Starting state for NvXDSyncPlugin is in progress
#6(I)[2026-10-02 06:23:00,960]{0000101C}<NvcPluginManager> Initiate transition to Starting state for NvWksServicePlugin
#7(I)[2026-10-02 06:23:00,960]{0000101C}<NvcPluginManager> NvcPluginLoadStats for 'NvWksServicePlugin' => LibraryLoadTime = 46595 us, ImageLoadTime = 0 us, AbsLibraryLoadTime = 24684, InitializeProcTime = 12096 us, InitializeTimeTotal = 12096 us, StartProcTime = 0 us, StartTimeTotal = 0 us. 
#8(I)[2026-10-02 06:23:00,960]{0000101C}<NvcTelemetryHelp> NvcPluginLoadStats for NvWksServicePlugin returned 1
#9(I)[2026-10-02 06:23:00,960]{0000101C}<NvcPluginManager> Transition to Started state for NvWksServicePlugin completed
#0(I)[2026-10-02 06:23:00,960]{0000101C}<NvcPluginManager> Initiate transition to Starting state for GamesessionTelemetry_Plugin
#1(I)[2026-10-02 06:23:01,033]{0000101C}<NvcPluginManager> NvcPluginLoadStats for 'GamesessionTelemetry_Plugin' => LibraryLoadTime = 40142 us, ImageLoadTime = 1008 us, AbsLibraryLoadTime = 37627, InitializeProcTime = 4383 us, InitializeTimeTotal = 4383 us, StartProcTime = 73284 us, StartTimeTotal = 73284 us. 
#2(I)[2026-10-02 06:23:01,033]{0000101C}<NvcTelemetryHelp> NvcPluginLoadStats for GamesessionTelemetry_Plugin returned 1
#3(I)[2026-10-02 06:23:01,033]{0000101C}<NvcPluginManager> Transition to Started state for GamesessionTelemetry_Plugin completed
#4(I)[2026-10-02 06:23:01,332]{00001A2C}<NvcPluginManager> Notification 1 / 0000000000000000 from NvXDSyncPlugin
#5(I)[2026-10-02 06:23:01,333]{00001A2C}<NvcPluginManager> NvcPluginLoadStats for 'NvXDSyncPlugin' => LibraryLoadTime = 57567 us, ImageLoadTime = 0 us, AbsLibraryLoadTime = 54551, InitializeProcTime = 10550 us, InitializeTimeTotal = 10550 us, StartProcTime = 572 us, StartTimeTotal = 258360 us. 
#6(I)[2026-10-02 06:23:01,339]{00001A2C}<NvcTelemetryHelp> NvcPluginLoadStats for NvXDSyncPlugin returned 1
#8(I)[2026-10-02 06:23:01,339]{0000101C}<NvcHost>          Container is started with 1. State: normal
#9(I)[2026-10-02 06:23:01,339]{0000101C}<NvcTelemetryHelp> NvcLoadStats => LibraryLoadTime = 370028 us, InitializeTime = 39593 us, StartTime = 379380 us, TotalLoadTime = 982262 us
#0(I)[2026-10-02 06:23:01,340]{0000101C}<NvcTelemetryHelp> NvcLoadStats returned 1
#7(I)[2026-10-02 06:23:01,339]{00001A2C}<NvcPluginManager> Transition to Started state for NvXDSyncPlugin completed
