#0(I)[2026-09-26 18:26:40,142]{00003BC0}<NvContainer>      Container main v1.40
#1(I)[2026-09-26 18:26:40,142]{00003BC0}<NvContainer>      Telemetry API initialized
#2(I)[2026-09-26 18:26:40,143]{00003BC0}<NvcHost>          Base host initialized successfully
#3(I)[2026-09-26 18:26:40,175]{00003BC0}<NvcHostWin32>     Dynamic loading of plugins is enabled
#4(I)[2026-09-26 18:26:40,175]{00003BC0}<NvcHostWin32>     Dynamic unloading of plugins is enabled
#5(I)[2026-09-26 18:26:40,175]{00003BC0}<NvcHostWin32>     Win32 host initialized successfully
#6(I)[2026-09-26 18:26:40,175]{00003BC0}<NvcHost>          Load plugins from C:\My Project\NVIDIA-Shadowplay\build\NVIDIA ShadowPlay\LabPlugins\EmptyTest
#7(I)[2026-09-26 18:26:40,176]{00003BC0}<NvcPluginManager> Loading C:\My Project\NVIDIA-Shadowplay\build\NVIDIA ShadowPlay\LabPlugins\EmptyTest/_NvPluginNvapiMonitor.dll
#8(I)[2026-09-26 18:26:40,176]{00003BC0}<NvcRegistryStora> Creating RegistryStorage
#9(I)[2026-09-26 18:26:40,176]{00003BC0}<NvcRegistryStora> Successfully initialized RegistryStorage
#0(I)[2026-09-26 18:26:40,241]{00003BC0}<NvcPluginLoadHel> Secure loading C:\My Project\NVIDIA-Shadowplay\build\NVIDIA ShadowPlay\LabPlugins\EmptyTest/_NvPluginNvapiMonitor.dll - 1.40.3414.2586 at 00007FFE74060000 took 63517 microseconds
#1(I)[2026-09-26 18:26:40,241]{00003BC0}<NvcPluginManager> Loaded C:\My Project\NVIDIA-Shadowplay\build\NVIDIA ShadowPlay\LabPlugins\EmptyTest/_NvPluginNvapiMonitor.dll
#2(I)[2026-09-26 18:26:40,241]{00003BC0}<NvcPluginManager> Loaded optional plugin NvPluginNvapiMonitor, version 1
#3(I)[2026-09-26 18:26:40,241]{00003BC0}<NvcHost>          Creating directory listener to represent current folder state
#4(I)[2026-09-26 18:26:40,241]{00003BC0}<DirectoryListene> Adding directory C:\My Project\NVIDIA-Shadowplay\build\NVIDIA ShadowPlay\LabPlugins\EmptyTest.
#5(I)[2026-09-26 18:26:40,241]{00003BC0}<NvcHost>          Successfully updated directory change listener
#6(I)[2026-09-26 18:26:40,241]{00003BC0}<NvcHost>          Container is initializing
#7(I)[2026-09-26 18:26:40,241]{00003BC0}<NvcPluginManager> Initiate transition to Initializing state for NvPluginNvapiMonitor
#8(I)[2026-09-26 18:26:40,243]{00003BC0}<NvcPluginManager> Transition to Initialized state for NvPluginNvapiMonitor completed
#9(I)[2026-09-26 18:26:40,243]{00003BC0}<NvcHost>          Container is initialized with 1. State: normal
#0(I)[2026-09-26 18:26:40,243]{00003BC0}<NvcHost>          Base host core
#1(I)[2026-09-26 18:26:40,243]{00003BC0}<NvcHost>          Container is starting
#2(I)[2026-09-26 18:26:40,243]{00003BC0}<NvcPluginManager> Initiate transition to Starting state for NvPluginNvapiMonitor
#3(I)[2026-09-26 18:26:40,243]{00003BC0}<NvcPluginManager> NvcPluginLoadStats for 'NvPluginNvapiMonitor' => LibraryLoadTime = 64516 us, ImageLoadTime = 0 us, AbsLibraryLoadTime = 63517, InitializeProcTime = 2000 us, InitializeTimeTotal = 2000 us, StartProcTime = 0 us, StartTimeTotal = 0 us. 
#4(I)[2026-09-26 18:26:40,243]{00003BC0}<NvcTelemetryHelp> NvcPluginLoadStats for NvPluginNvapiMonitor returned 1
#5(I)[2026-09-26 18:26:40,243]{00003BC0}<NvcPluginManager> Transition to Started state for NvPluginNvapiMonitor completed
#6(I)[2026-09-26 18:26:40,243]{00003BC0}<NvcHost>          Container is started with 1. State: normal
#7(I)[2026-09-26 18:26:40,243]{00003BC0}<NvcTelemetryHelp> NvcLoadStats => LibraryLoadTime = 65517 us, InitializeTime = 2000 us, StartTime = 0 us, TotalLoadTime = 136616 us
#8(I)[2026-09-26 18:26:40,243]{00003BC0}<NvcTelemetryHelp> NvcLoadStats returned 1
