[2026-09-25 19:19:27] [2026-09-25 19:19:27.197] [INFO] RecordingEngine   Adapter [0] NVIDIA GeForce GTX 1080 Ti (0x10de:0x1b06)
[2026-09-25 19:19:27] [2026-09-25 19:19:27.199] [INFO] RecordingEngine   Adapter [1] NVIDIA GeForce GTX 1080 Ti (0x10de:0x1b06)
[2026-09-25 19:19:27] [2026-09-25 19:19:27.199] [INFO] RecordingEngine   Adapter [2] NVIDIA GeForce GTX 1080 Ti (0x10de:0x1b06)
[2026-09-25 19:19:27] [2026-09-25 19:19:27.199] [INFO] RecordingEngine   Adapter [3] Microsoft Basic Render Driver (0x1414:0x008c)
[2026-09-25 19:19:27] [2026-09-25 19:19:27.199] [INFO] RecordingEngine DdagrabBackend: selected NVIDIA adapter #0: NVIDIA GeForce GTX 1080 Ti
[2026-09-25 19:19:27] [2026-09-25 19:19:27.399] [INFO] RecordingEngine DdagrabBackend: D3D11 device created (feature level Level_11_1)
[2026-09-25 19:19:27] [2026-09-25 19:19:27.399] [INFO] RecordingEngine DdagrabBackend: output #0: \\.\DISPLAY1 (1680x1050)
[2026-09-25 19:19:27] [2026-09-25 19:19:27.400] [INFO] RecordingEngine DdagrabBackend: display refresh rate = 75Hz
[2026-09-25 19:19:27] [2026-09-25 19:19:27.402] [INFO] RecordingEngine DdagrabBackend: DXGI Output Duplication created (persistent)
[2026-09-25 19:19:27] [2026-09-25 19:19:27.402] [INFO] RecordingEngine DdagrabBackend: Initialize complete (real DXGI capture)
[2026-09-25 19:19:27] [2026-09-25 19:19:27.402] [INFO] RecordingEngine RecordingEngine: DdagrabBackend initialized — 1680x1050 @ 75Hz
[2026-09-25 19:19:27] [2026-09-25 19:19:27.402] [INFO] RecordingEngine [RecordingEngine] resolution: native (use_native_resolution=True or unset) → encode 1680x1050
[2026-09-25 19:19:27] [2026-09-25 19:19:27.408] [INFO] RecordingEngine   Adapter [0] NVIDIA GeForce GTX 1080 Ti (0x10de:0x1b06) LUID=(0000bc36,00000000)
[2026-09-25 19:19:27] [2026-09-25 19:19:27.409] [INFO] RecordingEngine   Adapter [1] NVIDIA GeForce GTX 1080 Ti (0x10de:0x1b06) LUID=(00290065,00000000)
[2026-09-25 19:19:27] [2026-09-25 19:19:27.409] [INFO] RecordingEngine   Adapter [2] NVIDIA GeForce GTX 1080 Ti (0x10de:0x1b06) LUID=(000183d7,00000000)
[2026-09-25 19:19:27] [2026-09-25 19:19:27.409] [INFO] RecordingEngine   Adapter [3] Microsoft Basic Render Driver (0x1414:0x008c) LUID=(0000ddfb,00000000)
[2026-09-25 19:19:27] [2026-09-25 19:19:27.409] [INFO] RecordingEngine Selected NVIDIA adapter #0: NVIDIA GeForce GTX 1080 Ti
[2026-09-25 19:19:27] [2026-09-25 19:19:27.409] [INFO] RecordingEngine   VendorId: 0x10de
[2026-09-25 19:19:27] [2026-09-25 19:19:27.409] [INFO] RecordingEngine   DeviceId: 0x1b06
[2026-09-25 19:19:27] [2026-09-25 19:19:27.409] [INFO] RecordingEngine   LUID:     (0000bc36,00000000)
[2026-09-25 19:19:27] [2026-09-25 19:19:27.439] [INFO] RecordingEngine Device created. Feature level: Level_11_1
[2026-09-25 19:19:27] [2026-09-25 19:19:27.439] [INFO] RecordingEngine   Device pointer: 0x000001610d3bbd50
[2026-09-25 19:19:27] [2026-09-25 19:19:27.440] [INFO] RecordingEngine Multithread protection: ENABLED
[2026-09-25 19:19:27] [2026-09-25 19:19:27.440] [INFO] RecordingEngine Device's parent adapter: NVIDIA GeForce GTX 1080 Ti
[2026-09-25 19:19:27] [2026-09-25 19:19:27.440] [INFO] RecordingEngine   VendorId: 0x10de
[2026-09-25 19:19:27] [2026-09-25 19:19:27.440] [INFO] RecordingEngine   DeviceId: 0x1b06
[2026-09-25 19:19:27] [2026-09-25 19:19:27.440] [INFO] RecordingEngine   LUID:     (0000bc36,00000000)
[2026-09-25 19:19:27] [2026-09-25 19:19:27.443] [INFO] RecordingEngine NVENC max supported API: major=13, minor=0 (packed=0x000000D0)
[2026-09-25 19:19:27] [2026-09-25 19:19:27.443] [INFO] RecordingEngine Encoder requests API: major=13, minor=0 (NVENCAPI_VERSION=0x0000000D)
[2026-09-25 19:19:27] [2026-09-25 19:19:27.443] [INFO] RecordingEngine Function table version: 0x7001000D (struct size=2552 bytes)
[2026-09-25 19:19:27] [2026-09-25 19:19:27.453] [INFO] RecordingEngine NVENC encoder session opened: 0x0000016115aa7250
[2026-09-25 19:19:27] [2026-09-25 19:19:27.456] [INFO] RecordingEngine NvEncGetEncodePresetConfigEx succeeded: preset=p4, tuningInfo=2
[2026-09-25 19:19:27] [2026-09-25 19:19:27.458] [INFO] RecordingEngine NVENC init: preset='p4' → p4 GUID, frameRate=60/1, encode 1680x1050 (input 1680x1050), encodeConfig=3584B (explicit native config), rc=cbr, bitrate=20000000 bps, gop=60
[2026-09-25 19:19:27] [2026-09-25 19:19:27.507] [INFO] RecordingEngine NVENC encoder initialized: 1680x1050 H.264 CBR 20000000 bps (native NV_ENC_CONFIG active — no longer aspirational)
[2026-09-25 19:19:27] [2026-09-25 19:19:27.511] [INFO] RecordingEngine Bitstream buffer created: 0x0000016115aa6a90
[2026-09-25 19:19:27] [2026-09-25 19:19:27.511] [INFO] RecordingEngine Encoder texture created: 1680x1050 BGRA8 on device 0x000001610d3bbd50
[2026-09-25 19:19:27] [2026-09-25 19:19:27.512] [INFO] RecordingEngine Texture registered with NVENC: 0x000001610d146c70
[2026-09-25 19:19:27] [2026-09-25 19:19:27.512] [INFO] RecordingEngine NvencEncoderBackend: Initialize complete.
[2026-09-25 19:19:27] [2026-09-25 19:19:27.512] [INFO] RecordingEngine [RecordingEngine] capture method: requested='ddagrab' → selected=DdagrabBackend → actual=DdagrabBackend (DXGI Desktop Duplication)
[2026-09-25 19:19:27] [2026-09-25 19:19:27.512] [INFO] RecordingEngine [RecordingEngine] pixel format: config='nv12' → runtime=BGRA8 (D3D11 capture) → NVENC input=ARGB; output codec produces yuv420p in MP4. No NV12 texture conversion requested by the current native NVENC path.
[2026-09-25 19:19:27] [2026-09-25 19:19:27.512] [INFO] RecordingEngine RecordingEngine: NvencEncoderBackend initialized (NVENC_H264, 20000000 bps, GOP 60, preset p4)
[2026-09-25 19:19:27] [2026-09-25 19:19:27.512] [INFO] RecordingEngine [RecordingEngine] effective video config (startup): codec=NVENC_H264, fps=60, bitrate=20000000 bps, rc=cbr, preset=p4, gop=60 (GOP independent of FPS — PHASE 1)
[2026-09-25 19:19:27] [2026-09-25 19:19:27.512] [INFO] RecordingEngine RecordingEngine: ready (Idle)
[2026-09-25 19:19:27] [RecordingEngine] initialized — Idle (background thread)
[2026-09-25 19:19:28] TCP client starting...
[2026-09-25 19:19:38] [REST] backend :59001 not up after 10s -- poller keeps retrying (standalone rule)
[2026-09-25 19:26:50] [2026-09-25 19:26:50.108] [INFO] RecordingEngine   Adapter [0] NVIDIA GeForce GTX 1080 Ti (0x10de:0x1b06)
[2026-09-25 19:26:50] [2026-09-25 19:26:50.115] [INFO] RecordingEngine   Adapter [1] NVIDIA GeForce GTX 1080 Ti (0x10de:0x1b06)
[2026-09-25 19:26:50] [2026-09-25 19:26:50.115] [INFO] RecordingEngine   Adapter [2] NVIDIA GeForce GTX 1080 Ti (0x10de:0x1b06)
[2026-09-25 19:26:50] [2026-09-25 19:26:50.115] [INFO] RecordingEngine   Adapter [3] Microsoft Basic Render Driver (0x1414:0x008c)
[2026-09-25 19:26:50] [2026-09-25 19:26:50.115] [INFO] RecordingEngine DdagrabBackend: selected NVIDIA adapter #0: NVIDIA GeForce GTX 1080 Ti
[2026-09-25 19:26:50] [2026-09-25 19:26:50.299] [INFO] RecordingEngine DdagrabBackend: D3D11 device created (feature level Level_11_1)
[2026-09-25 19:26:50] [2026-09-25 19:26:50.300] [INFO] RecordingEngine DdagrabBackend: output #0: \\.\DISPLAY1 (1680x1050)
[2026-09-25 19:26:50] [2026-09-25 19:26:50.300] [INFO] RecordingEngine DdagrabBackend: display refresh rate = 75Hz
[2026-09-25 19:26:50] [2026-09-25 19:26:50.302] [INFO] RecordingEngine DdagrabBackend: DXGI Output Duplication created (persistent)
[2026-09-25 19:26:50] [2026-09-25 19:26:50.302] [INFO] RecordingEngine DdagrabBackend: Initialize complete (real DXGI capture)
[2026-09-25 19:26:50] [2026-09-25 19:26:50.303] [INFO] RecordingEngine RecordingEngine: DdagrabBackend initialized — 1680x1050 @ 75Hz
[2026-09-25 19:26:50] [2026-09-25 19:26:50.303] [INFO] RecordingEngine [RecordingEngine] resolution: native (use_native_resolution=True or unset) → encode 1680x1050
[2026-09-25 19:26:50] [2026-09-25 19:26:50.310] [INFO] RecordingEngine   Adapter [0] NVIDIA GeForce GTX 1080 Ti (0x10de:0x1b06) LUID=(0000bc36,00000000)
[2026-09-25 19:26:50] [2026-09-25 19:26:50.310] [INFO] RecordingEngine   Adapter [1] NVIDIA GeForce GTX 1080 Ti (0x10de:0x1b06) LUID=(00290065,00000000)
[2026-09-25 19:26:50] [2026-09-25 19:26:50.311] [INFO] RecordingEngine   Adapter [2] NVIDIA GeForce GTX 1080 Ti (0x10de:0x1b06) LUID=(000183d7,00000000)
[2026-09-25 19:26:50] [2026-09-25 19:26:50.311] [INFO] RecordingEngine   Adapter [3] Microsoft Basic Render Driver (0x1414:0x008c) LUID=(0000ddfb,00000000)
[2026-09-25 19:26:50] [2026-09-25 19:26:50.311] [INFO] RecordingEngine Selected NVIDIA adapter #0: NVIDIA GeForce GTX 1080 Ti
[2026-09-25 19:26:50] [2026-09-25 19:26:50.311] [INFO] RecordingEngine   VendorId: 0x10de
[2026-09-25 19:26:50] [2026-09-25 19:26:50.311] [INFO] RecordingEngine   DeviceId: 0x1b06
[2026-09-25 19:26:50] [2026-09-25 19:26:50.311] [INFO] RecordingEngine   LUID:     (0000bc36,00000000)
[2026-09-25 19:26:50] [2026-09-25 19:26:50.344] [INFO] RecordingEngine Device created. Feature level: Level_11_1
[2026-09-25 19:26:50] [2026-09-25 19:26:50.344] [INFO] RecordingEngine   Device pointer: 0x000001fa95806910
[2026-09-25 19:26:50] [2026-09-25 19:26:50.344] [INFO] RecordingEngine Multithread protection: ENABLED
[2026-09-25 19:26:50] [2026-09-25 19:26:50.345] [INFO] RecordingEngine Device's parent adapter: NVIDIA GeForce GTX 1080 Ti
[2026-09-25 19:26:50] [2026-09-25 19:26:50.345] [INFO] RecordingEngine   VendorId: 0x10de
[2026-09-25 19:26:50] [2026-09-25 19:26:50.345] [INFO] RecordingEngine   DeviceId: 0x1b06
[2026-09-25 19:26:50] [2026-09-25 19:26:50.345] [INFO] RecordingEngine   LUID:     (0000bc36,00000000)
[2026-09-25 19:26:50] [2026-09-25 19:26:50.347] [INFO] RecordingEngine NVENC max supported API: major=13, minor=0 (packed=0x000000D0)
[2026-09-25 19:26:50] [2026-09-25 19:26:50.348] [INFO] RecordingEngine Encoder requests API: major=13, minor=0 (NVENCAPI_VERSION=0x0000000D)
[2026-09-25 19:26:50] [2026-09-25 19:26:50.348] [INFO] RecordingEngine Function table version: 0x7001000D (struct size=2552 bytes)
[2026-09-25 19:26:50] [2026-09-25 19:26:50.359] [INFO] RecordingEngine NVENC encoder session opened: 0x000001fa9d6e40c0
[2026-09-25 19:26:50] [2026-09-25 19:26:50.363] [INFO] RecordingEngine NvEncGetEncodePresetConfigEx succeeded: preset=p4, tuningInfo=2
[2026-09-25 19:26:50] [2026-09-25 19:26:50.365] [INFO] RecordingEngine NVENC init: preset='p4' → p4 GUID, frameRate=60/1, encode 1680x1050 (input 1680x1050), encodeConfig=3584B (explicit native config), rc=cbr, bitrate=20000000 bps, gop=60
[2026-09-25 19:26:50] [2026-09-25 19:26:50.425] [INFO] RecordingEngine NVENC encoder initialized: 1680x1050 H.264 CBR 20000000 bps (native NV_ENC_CONFIG active — no longer aspirational)
[2026-09-25 19:26:50] [2026-09-25 19:26:50.429] [INFO] RecordingEngine Bitstream buffer created: 0x000001fa9d6daad0
[2026-09-25 19:26:50] [2026-09-25 19:26:50.430] [INFO] RecordingEngine Encoder texture created: 1680x1050 BGRA8 on device 0x000001fa95806910
[2026-09-25 19:26:50] [2026-09-25 19:26:50.432] [INFO] RecordingEngine Texture registered with NVENC: 0x000001fa95498300
[2026-09-25 19:26:50] [2026-09-25 19:26:50.432] [INFO] RecordingEngine NvencEncoderBackend: Initialize complete.
[2026-09-25 19:26:50] [2026-09-25 19:26:50.432] [INFO] RecordingEngine [RecordingEngine] capture method: requested='ddagrab' → selected=DdagrabBackend → actual=DdagrabBackend (DXGI Desktop Duplication)
[2026-09-25 19:26:50] [2026-09-25 19:26:50.432] [INFO] RecordingEngine [RecordingEngine] pixel format: config='nv12' → runtime=BGRA8 (D3D11 capture) → NVENC input=ARGB; output codec produces yuv420p in MP4. No NV12 texture conversion requested by the current native NVENC path.
[2026-09-25 19:26:50] [2026-09-25 19:26:50.432] [INFO] RecordingEngine RecordingEngine: NvencEncoderBackend initialized (NVENC_H264, 20000000 bps, GOP 60, preset p4)
[2026-09-25 19:26:50] [2026-09-25 19:26:50.432] [INFO] RecordingEngine [RecordingEngine] effective video config (startup): codec=NVENC_H264, fps=60, bitrate=20000000 bps, rc=cbr, preset=p4, gop=60 (GOP independent of FPS — PHASE 1)
[2026-09-25 19:26:50] [2026-09-25 19:26:50.432] [INFO] RecordingEngine RecordingEngine: ready (Idle)
[2026-09-25 19:26:50] [RecordingEngine] initialized — Idle (background thread)
[2026-09-25 19:26:52] TCP client starting...
[2026-09-25 19:27:02] [REST] backend :59001 not up after 10s -- poller keeps retrying (standalone rule)
