[03:03:38:20:329][R][CNTNR:10672:12328] CCaptureControl::ProcessGameEvents: CaptureProcResolutionChanged, sending dummy notification!!
[03:03:38:20:330][R][OVERLAY:12552: 3832] CShadowPlayNotifications::EnqueueNotification: uMsg(0x90A), wParam(0x1), lParam(0x7BC) dwData(0x0)
[03:03:38:20:330][R][OVERLAY:12552:16024] CShadowPlayNotifications::HandleNotificationMessage: msg(2314) lparam(7bc) wparam(1)
[03:03:38:20:444][R][CNTNR:10672:12328] CCaptureControl::ProcessGameEvents: CaptureProcResolutionChanged, sending dummy notification!!
[03:03:38:20:444][R][OVERLAY:12552: 3832] CShadowPlayNotifications::EnqueueNotification: uMsg(0x90A), wParam(0x1), lParam(0x7BC) dwData(0x0)
[03:03:38:20:444][R][OVERLAY:12552:16024] CShadowPlayNotifications::HandleNotificationMessage: msg(2314) lparam(7bc) wparam(1)
[03:03:38:20:553][R][CNTNR:10672:12328] CCaptureControl::ProcessGameEvents: CaptureProcResolutionChanged, sending dummy notification!!
[03:03:38:20:553][R][OVERLAY:12552: 3832] CShadowPlayNotifications::EnqueueNotification: uMsg(0x90A), wParam(0x1), lParam(0x7BC) dwData(0x0)
[03:03:38:20:553][R][OVERLAY:12552:16024] CShadowPlayNotifications::HandleNotificationMessage: msg(2314) lparam(7bc) wparam(1)
[03:03:38:20:662][R][CNTNR:10672:12328] CCaptureControl::ProcessGameEvents: CaptureProcResolutionChanged, sending dummy notification!!
[03:03:38:20:662][R][OVERLAY:12552: 3832] CShadowPlayNotifications::EnqueueNotification: uMsg(0x90A), wParam(0x1), lParam(0x7BC) dwData(0x0)
[03:03:38:20:662][R][OVERLAY:12552:16024] CShadowPlayNotifications::HandleNotificationMessage: msg(2314) lparam(7bc) wparam(1)
[03:03:38:20:771][R][CNTNR:10672:12328] CCaptureControl::ProcessGameEvents: CaptureProcResolutionChanged, sending dummy notification!!
[03:03:38:20:771][R][OVERLAY:12552: 3832] CShadowPlayNotifications::EnqueueNotification: uMsg(0x90A), wParam(0x1), lParam(0x7BC) dwData(0x0)
[03:03:38:20:771][R][OVERLAY:12552:16024] CShadowPlayNotifications::HandleNotificationMessage: msg(2314) lparam(7bc) wparam(1)
[03:03:38:20:879][R][CNTNR:10672:12328] CCaptureControl::ProcessGameEvents: CaptureProcResolutionChanged, sending dummy notification!!
[03:03:38:20:879][R][OVERLAY:12552: 3832] CShadowPlayNotifications::EnqueueNotification: uMsg(0x90A), wParam(0x1), lParam(0x7BC) dwData(0x0)
[03:03:38:20:879][R][OVERLAY:12552:16024] CShadowPlayNotifications::HandleNotificationMessage: msg(2314) lparam(7bc) wparam(1)
[03:03:38:20:989][R][CNTNR:10672:12328] CCaptureControl::ProcessGameEvents: CaptureProcResolutionChanged, sending dummy notification!!
[03:03:38:20:989][R][OVERLAY:12552: 3832] CShadowPlayNotifications::EnqueueNotification: uMsg(0x90A), wParam(0x1), lParam(0x7BC) dwData(0x0)
[03:03:38:20:989][R][OVERLAY:12552:16024] CShadowPlayNotifications::HandleNotificationMessage: msg(2314) lparam(7bc) wparam(1)
[03:03:38:21:099][R][CNTNR:10672:12328] CCaptureControl::ProcessGameEvents: CaptureProcResolutionChanged, sending dummy notification!!
[03:03:38:21:099][R][OVERLAY:12552: 3832] CShadowPlayNotifications::EnqueueNotification: uMsg(0x90A), wParam(0x1), lParam(0x7BC) dwData(0x0)
[03:03:38:21:099][R][OVERLAY:12552:16024] CShadowPlayNotifications::HandleNotificationMessage: msg(2314) lparam(7bc) wparam(1)
[03:03:38:21:208][R][CNTNR:10672:12328] CCaptureControl::ProcessGameEvents: CaptureProcResolutionChanged, sending dummy notification!!
[03:03:38:21:208][R][OVERLAY:12552: 3832] CShadowPlayNotifications::EnqueueNotification: uMsg(0x90A), wParam(0x1), lParam(0x7BC) dwData(0x0)
[03:03:38:21:208][R][OVERLAY:12552:16024] CShadowPlayNotifications::HandleNotificationMessage: msg(2314) lparam(7bc) wparam(1)
[03:03:38:21:427][R][CNTNR:10672:12328] CCaptureControl::ProcessGameEvents: CaptureProcResolutionChanged, sending dummy notification!!
[03:03:38:21:427][R][OVERLAY:12552: 3832] CShadowPlayNotifications::EnqueueNotification: uMsg(0x90A), wParam(0x1), lParam(0x7BC) dwData(0x0)
[03:03:38:21:427][R][OVERLAY:12552:16024] CShadowPlayNotifications::HandleNotificationMessage: msg(2314) lparam(7bc) wparam(1)
[03:03:38:21:536][R][CNTNR:10672:12328] CCaptureControl::ProcessGameEvents: CaptureProcResolutionChanged, sending dummy notification!!
[03:03:38:21:536][R][OVERLAY:12552: 3832] CShadowPlayNotifications::EnqueueNotification: uMsg(0x90A), wParam(0x1), lParam(0x7BC) dwData(0x0)
[03:03:38:21:536][R][OVERLAY:12552:16024] CShadowPlayNotifications::HandleNotificationMessage: msg(2314) lparam(7bc) wparam(1)
[03:03:38:21:756][R][CNTNR:10672:12328] CCaptureControl::ProcessGameEvents: CaptureProcResolutionChanged, sending dummy notification!!
[03:03:38:21:756][R][OVERLAY:12552: 3832] CShadowPlayNotifications::EnqueueNotification: uMsg(0x90A), wParam(0x1), lParam(0x7BC) dwData(0x0)
[03:03:38:21:756][R][OVERLAY:12552:16024] CShadowPlayNotifications::HandleNotificationMessage: msg(2314) lparam(7bc) wparam(1)
[03:03:38:21:864][R][CNTNR:10672:12328] CCaptureControl::ProcessGameEvents: CaptureProcResolutionChanged, sending dummy notification!!
[03:03:38:21:865][R][OVERLAY:12552: 3832] CShadowPlayNotifications::EnqueueNotification: uMsg(0x90A), wParam(0x1), lParam(0x7BC) dwData(0x0)
[03:03:38:21:865][R][OVERLAY:12552:16024] CShadowPlayNotifications::HandleNotificationMessage: msg(2314) lparam(7bc) wparam(1)
[03:03:38:21:972][R][CNTNR:10672:12328] CCaptureControl::ProcessGameEvents: CaptureProcResolutionChanged, sending dummy notification!!
[03:03:38:21:972][R][OVERLAY:12552: 3832] CShadowPlayNotifications::EnqueueNotification: uMsg(0x90A), wParam(0x1), lParam(0x7BC) dwData(0x0)
[03:03:38:21:972][R][OVERLAY:12552:16024] CShadowPlayNotifications::HandleNotificationMessage: msg(2314) lparam(7bc) wparam(1)
[03:03:38:22:081][R][CNTNR:10672:12328] CCaptureControl::ProcessGameEvents: CaptureProcResolutionChanged, sending dummy notification!!
[03:03:38:22:081][R][OVERLAY:12552: 3832] CShadowPlayNotifications::EnqueueNotification: uMsg(0x90A), wParam(0x1), lParam(0x7BC) dwData(0x0)
[03:03:38:22:081][R][OVERLAY:12552:16024] CShadowPlayNotifications::HandleNotificationMessage: msg(2314) lparam(7bc) wparam(1)
[03:03:38:22:300][R][CNTNR:10672:12328] CCaptureControl::ProcessGameEvents: CaptureProcResolutionChanged, sending dummy notification!!
[03:03:38:22:300][R][OVERLAY:12552: 3832] CShadowPlayNotifications::EnqueueNotification: uMsg(0x90A), wParam(0x1), lParam(0x7BC) dwData(0x0)
[03:03:38:22:300][R][OVERLAY:12552:16024] CShadowPlayNotifications::HandleNotificationMessage: msg(2314) lparam(7bc) wparam(1)
[03:03:38:22:409][R][CNTNR:10672:12328] CCaptureControl::ProcessGameEvents: CaptureProcResolutionChanged, sending dummy notification!!
[03:03:38:22:409][R][OVERLAY:12552: 3832] CShadowPlayNotifications::EnqueueNotification: uMsg(0x90A), wParam(0x1), lParam(0x7BC) dwData(0x0)
[03:03:38:22:409][R][OVERLAY:12552:16024] CShadowPlayNotifications::HandleNotificationMessage: msg(2314) lparam(7bc) wparam(1)
[03:03:38:22:627][R][CNTNR:10672:12328] CCaptureControl::ProcessGameEvents: CaptureProcResolutionChanged, sending dummy notification!!
[03:03:38:22:627][R][OVERLAY:12552: 3832] CShadowPlayNotifications::EnqueueNotification: uMsg(0x90A), wParam(0x1), lParam(0x7BC) dwData(0x0)
[03:03:38:22:627][R][OVERLAY:12552:16024] CShadowPlayNotifications::HandleNotificationMessage: msg(2314) lparam(7bc) wparam(1)
[03:03:38:22:735][R][CNTNR:10672:12328] CCaptureControl::ProcessGameEvents: CaptureProcResolutionChanged, sending dummy notification!!
[03:03:38:22:735][R][OVERLAY:12552: 3832] CShadowPlayNotifications::EnqueueNotification: uMsg(0x90A), wParam(0x1), lParam(0x7BC) dwData(0x0)
[03:03:38:22:735][R][OVERLAY:12552:16024] CShadowPlayNotifications::HandleNotificationMessage: msg(2314) lparam(7bc) wparam(1)
[03:03:38:22:953][R][CNTNR:10672:12328] CCaptureControl::ProcessGameEvents: CaptureProcResolutionChanged, sending dummy notification!!
[03:03:38:22:953][R][OVERLAY:12552: 3832] CShadowPlayNotifications::EnqueueNotification: uMsg(0x90A), wParam(0x1), lParam(0x7BC) dwData(0x0)
[03:03:38:22:953][R][OVERLAY:12552:16024] CShadowPlayNotifications::HandleNotificationMessage: msg(2314) lparam(7bc) wparam(1)
[03:03:38:23:062][R][CNTNR:10672:12328] CCaptureControl::ProcessGameEvents: CaptureProcResolutionChanged, sending dummy notification!!
[03:03:38:23:062][R][OVERLAY:12552: 3832] CShadowPlayNotifications::EnqueueNotification: uMsg(0x90A), wParam(0x1), lParam(0x7BC) dwData(0x0)
[03:03:38:23:062][R][OVERLAY:12552:16024] CShadowPlayNotifications::HandleNotificationMessage: msg(2314) lparam(7bc) wparam(1)
[03:03:38:23:171][R][CNTNR:10672:12328] CCaptureControl::ProcessGameEvents: CaptureProcResolutionChanged, sending dummy notification!!
[03:03:38:23:171][R][OVERLAY:12552: 3832] CShadowPlayNotifications::EnqueueNotification: uMsg(0x90A), wParam(0x1), lParam(0x7BC) dwData(0x0)
[03:03:38:23:171][R][OVERLAY:12552:16024] CShadowPlayNotifications::HandleNotificationMessage: msg(2314) lparam(7bc) wparam(1)
[03:03:38:23:280][R][CNTNR:10672:12328] CCaptureControl::ProcessGameEvents: CaptureProcResolutionChanged, sending dummy notification!!
[03:03:38:23:280][R][OVERLAY:12552: 3832] CShadowPlayNotifications::EnqueueNotification: uMsg(0x90A), wParam(0x1), lParam(0x7BC) dwData(0x0)
[03:03:38:23:280][R][OVERLAY:12552:16024] CShadowPlayNotifications::HandleNotificationMessage: msg(2314) lparam(7bc) wparam(1)
[03:03:38:23:498][R][CNTNR:10672:12328] CCaptureControl::ProcessGameEvents: CaptureProcResolutionChanged, sending dummy notification!!
[03:03:38:23:498][R][OVERLAY:12552: 3832] CShadowPlayNotifications::EnqueueNotification: uMsg(0x90A), wParam(0x1), lParam(0x7BC) dwData(0x0)
[03:03:38:23:498][R][OVERLAY:12552:16024] CShadowPlayNotifications::HandleNotificationMessage: msg(2314) lparam(7bc) wparam(1)
[03:03:38:23:608][R][CNTNR:10672:12328] CCaptureControl::ProcessGameEvents: CaptureProcResolutionChanged, sending dummy notification!!
[03:03:38:23:608][R][OVERLAY:12552: 3832] CShadowPlayNotifications::EnqueueNotification: uMsg(0x90A), wParam(0x1), lParam(0x7BC) dwData(0x0)
[03:03:38:23:608][R][OVERLAY:12552:16024] CShadowPlayNotifications::HandleNotificationMessage: msg(2314) lparam(7bc) wparam(1)
[03:03:38:23:825][R][CNTNR:10672:12328] CCaptureControl::ProcessGameEvents: CaptureProcResolutionChanged, sending dummy notification!!
[03:03:38:23:825][R][OVERLAY:12552: 3832] CShadowPlayNotifications::EnqueueNotification: uMsg(0x90A), wParam(0x1), lParam(0x7BC) dwData(0x0)
[03:03:38:23:826][R][OVERLAY:12552:16024] CShadowPlayNotifications::HandleNotificationMessage: msg(2314) lparam(7bc) wparam(1)
[03:03:38:23:935][R][CNTNR:10672:12328] CCaptureControl::ProcessGameEvents: CaptureProcResolutionChanged, sending dummy notification!!
[03:03:38:23:937][R][OVERLAY:12552: 3832] CShadowPlayNotifications::EnqueueNotification: uMsg(0x90A), wParam(0x1), lParam(0x7BC) dwData(0x0)
[03:03:38:23:937][R][OVERLAY:12552:16024] CShadowPlayNotifications::HandleNotificationMessage: msg(2314) lparam(7bc) wparam(1)
[03:03:38:24:155][R][CNTNR:10672:12328] CCaptureControl::ProcessGameEvents: CaptureProcResolutionChanged, sending dummy notification!!
[03:03:38:24:155][R][OVERLAY:12552: 3832] CShadowPlayNotifications::EnqueueNotification: uMsg(0x90A), wParam(0x1), lParam(0x7BC) dwData(0x0)
[03:03:38:24:155][R][OVERLAY:12552:16024] CShadowPlayNotifications::HandleNotificationMessage: msg(2314) lparam(7bc) wparam(1)
[03:03:38:24:264][R][CNTNR:10672:12328] CCaptureControl::ProcessGameEvents: CaptureProcResolutionChanged, sending dummy notification!!
[03:03:38:24:265][R][OVERLAY:12552: 3832] CShadowPlayNotifications::EnqueueNotification: uMsg(0x90A), wParam(0x1), lParam(0x7BC) dwData(0x0)
[03:03:38:24:266][R][OVERLAY:12552:16024] CShadowPlayNotifications::HandleNotificationMessage: msg(2314) lparam(7bc) wparam(1)
[03:03:38:24:372][R][CNTNR:10672:12328] CCaptureControl::ProcessGameEvents: CaptureProcResolutionChanged, sending dummy notification!!
[03:03:38:24:372][R][OVERLAY:12552: 3832] CShadowPlayNotifications::EnqueueNotification: uMsg(0x90A), wParam(0x1), lParam(0x7BC) dwData(0x0)
[03:03:38:24:372][R][OVERLAY:12552:16024] CShadowPlayNotifications::HandleNotificationMessage: msg(2314) lparam(7bc) wparam(1)
[03:03:38:24:481][R][CNTNR:10672:12328] CCaptureControl::ProcessGameEvents: CaptureProcResolutionChanged, sending dummy notification!!
[03:03:38:24:481][R][OVERLAY:12552: 3832] CShadowPlayNotifications::EnqueueNotification: uMsg(0x90A), wParam(0x1), lParam(0x7BC) dwData(0x0)
[03:03:38:24:481][R][OVERLAY:12552:16024] CShadowPlayNotifications::HandleNotificationMessage: msg(2314) lparam(7bc) wparam(1)
[03:03:38:24:702][R][CNTNR:10672:12328] CCaptureControl::ProcessGameEvents: CaptureProcResolutionChanged, sending dummy notification!!
[03:03:38:24:702][R][OVERLAY:12552: 3832] CShadowPlayNotifications::EnqueueNotification: uMsg(0x90A), wParam(0x1), lParam(0x7BC) dwData(0x0)
[03:03:38:24:702][R][OVERLAY:12552:16024] CShadowPlayNotifications::HandleNotificationMessage: msg(2314) lparam(7bc) wparam(1)
[03:03:38:24:811][R][CNTNR:10672:12328] CCaptureControl::ProcessGameEvents: CaptureProcResolutionChanged, sending dummy notification!!
[03:03:38:24:811][R][OVERLAY:12552: 3832] CShadowPlayNotifications::EnqueueNotification: uMsg(0x90A), wParam(0x1), lParam(0x7BC) dwData(0x0)
[03:03:38:24:811][R][OVERLAY:12552:16024] CShadowPlayNotifications::HandleNotificationMessage: msg(2314) lparam(7bc) wparam(1)
[03:03:38:25:029][R][CNTNR:10672:12328] CCaptureControl::ProcessGameEvents: CaptureProcResolutionChanged, sending dummy notification!!
[03:03:38:25:029][R][OVERLAY:12552: 3832] CShadowPlayNotifications::EnqueueNotification: uMsg(0x90A), wParam(0x1), lParam(0x7BC) dwData(0x0)
[03:03:38:25:029][R][OVERLAY:12552:16024] CShadowPlayNotifications::HandleNotificationMessage: msg(2314) lparam(7bc) wparam(1)
[03:03:38:25:138][R][CNTNR:10672:12328] CCaptureControl::ProcessGameEvents: CaptureProcResolutionChanged, sending dummy notification!!
[03:03:38:25:138][R][OVERLAY:12552: 3832] CShadowPlayNotifications::EnqueueNotification: uMsg(0x90A), wParam(0x1), lParam(0x7BC) dwData(0x0)
[03:03:38:25:138][R][OVERLAY:12552:16024] CShadowPlayNotifications::HandleNotificationMessage: msg(2314) lparam(7bc) wparam(1)
[03:03:38:25:248][R][CNTNR:10672:12328] CCaptureControl::ProcessGameEvents: CaptureProcResolutionChanged, sending dummy notification!!
[03:03:38:25:248][R][OVERLAY:12552: 3832] CShadowPlayNotifications::EnqueueNotification: uMsg(0x90A), wParam(0x1), lParam(0x7BC) dwData(0x0)
[03:03:38:25:248][R][OVERLAY:12552:16024] CShadowPlayNotifications::HandleNotificationMessage: msg(2314) lparam(7bc) wparam(1)
[03:03:38:25:357][R][CNTNR:10672:12328] CCaptureControl::ProcessGameEvents: CaptureProcResolutionChanged, sending dummy notification!!
[03:03:38:25:357][R][OVERLAY:12552: 3832] CShadowPlayNotifications::EnqueueNotification: uMsg(0x90A), wParam(0x1), lParam(0x7BC) dwData(0x0)
[03:03:38:25:358][R][OVERLAY:12552:16024] CShadowPlayNotifications::HandleNotificationMessage: msg(2314) lparam(7bc) wparam(1)
[03:03:38:25:465][R][CNTNR:10672:12328] CCaptureControl::ProcessGameEvents: CaptureProcResolutionChanged, sending dummy notification!!
[03:03:38:25:467][R][OVERLAY:12552: 3832] CShadowPlayNotifications::EnqueueNotification: uMsg(0x90A), wParam(0x1), lParam(0x7BC) dwData(0x0)
[03:03:38:25:467][R][OVERLAY:12552:16024] CShadowPlayNotifications::HandleNotificationMessage: msg(2314) lparam(7bc) wparam(1)
[03:03:38:25:573][R][CNTNR:10672:12328] CCaptureControl::ProcessGameEvents: CaptureProcResolutionChanged, sending dummy notification!!
[03:03:38:25:573][R][OVERLAY:12552: 3832] CShadowPlayNotifications::EnqueueNotification: uMsg(0x90A), wParam(0x1), lParam(0x7BC) dwData(0x0)
[03:03:38:25:573][R][OVERLAY:12552:16024] CShadowPlayNotifications::HandleNotificationMessage: msg(2314) lparam(7bc) wparam(1)
[03:03:38:25:794][R][CNTNR:10672:12328] CCaptureControl::ProcessGameEvents: CaptureProcResolutionChanged, sending dummy notification!!
[03:03:38:25:794][R][OVERLAY:12552: 3832] CShadowPlayNotifications::EnqueueNotification: uMsg(0x90A), wParam(0x1), lParam(0x7BC) dwData(0x0)
[03:03:38:25:794][R][OVERLAY:12552:16024] CShadowPlayNotifications::HandleNotificationMessage: msg(2314) lparam(7bc) wparam(1)
[03:03:38:25:904][R][CNTNR:10672:12328] CCaptureControl::ProcessGameEvents: CaptureProcResolutionChanged, sending dummy notification!!
[03:03:38:25:904][R][OVERLAY:12552: 3832] CShadowPlayNotifications::EnqueueNotification: uMsg(0x90A), wParam(0x1), lParam(0x7BC) dwData(0x0)
[03:03:38:25:905][R][OVERLAY:12552:16024] CShadowPlayNotifications::HandleNotificationMessage: msg(2314) lparam(7bc) wparam(1)
[03:03:38:26:013][R][CNTNR:10672:12328] CCaptureControl::ProcessGameEvents: CaptureProcResolutionChanged, sending dummy notification!!
[03:03:38:26:013][R][OVERLAY:12552: 3832] CShadowPlayNotifications::EnqueueNotification: uMsg(0x90A), wParam(0x1), lParam(0x7BC) dwData(0x0)
[03:03:38:26:013][R][OVERLAY:12552:16024] CShadowPlayNotifications::HandleNotificationMessage: msg(2314) lparam(7bc) wparam(1)
[03:03:38:26:121][R][CNTNR:10672:12328] CCaptureControl::ProcessGameEvents: CaptureProcResolutionChanged, sending dummy notification!!
[03:03:38:26:121][R][OVERLAY:12552: 3832] CShadowPlayNotifications::EnqueueNotification: uMsg(0x90A), wParam(0x1), lParam(0x7BC) dwData(0x0)
[03:03:38:26:121][R][OVERLAY:12552:16024] CShadowPlayNotifications::HandleNotificationMessage: msg(2314) lparam(7bc) wparam(1)
[03:03:38:26:338][R][CNTNR:10672:12328] CCaptureControl::ProcessGameEvents: CaptureProcResolutionChanged, sending dummy notification!!
[03:03:38:26:338][R][OVERLAY:12552: 3832] CShadowPlayNotifications::EnqueueNotification: uMsg(0x90A), wParam(0x1), lParam(0x7BC) dwData(0x0)
[03:03:38:26:338][R][OVERLAY:12552:16024] CShadowPlayNotifications::HandleNotificationMessage: msg(2314) lparam(7bc) wparam(1)
[03:03:38:26:447][R][CNTNR:10672:12328] CCaptureControl::ProcessGameEvents: CaptureProcResolutionChanged, sending dummy notification!!
[03:03:38:26:447][R][OVERLAY:12552: 3832] CShadowPlayNotifications::EnqueueNotification: uMsg(0x90A), wParam(0x1), lParam(0x7BC) dwData(0x0)
[03:03:38:26:447][R][OVERLAY:12552:16024] CShadowPlayNotifications::HandleNotificationMessage: msg(2314) lparam(7bc) wparam(1)
[03:03:38:26:666][R][CNTNR:10672:12328] CCaptureControl::ProcessGameEvents: CaptureProcResolutionChanged, sending dummy notification!!
[03:03:38:26:666][R][OVERLAY:12552: 3832] CShadowPlayNotifications::EnqueueNotification: uMsg(0x90A), wParam(0x1), lParam(0x7BC) dwData(0x0)
[03:03:38:26:666][R][OVERLAY:12552:16024] CShadowPlayNotifications::HandleNotificationMessage: msg(2314) lparam(7bc) wparam(1)
[03:03:38:26:883][R][CNTNR:10672:12328] CCaptureControl::ProcessGameEvents: CaptureProcResolutionChanged, sending dummy notification!!
[03:03:38:26:883][R][OVERLAY:12552: 3832] CShadowPlayNotifications::EnqueueNotification: uMsg(0x90A), wParam(0x1), lParam(0x7BC) dwData(0x0)
[03:03:38:26:883][R][OVERLAY:12552:16024] CShadowPlayNotifications::HandleNotificationMessage: msg(2314) lparam(7bc) wparam(1)
[03:03:38:26:993][R][CNTNR:10672:12328] CCaptureControl::ProcessGameEvents: CaptureProcResolutionChanged, sending dummy notification!!
[03:03:38:26:993][R][OVERLAY:12552: 3832] CShadowPlayNotifications::EnqueueNotification: uMsg(0x90A), wParam(0x1), lParam(0x7BC) dwData(0x0)
[03:03:38:26:993][R][OVERLAY:12552:16024] CShadowPlayNotifications::HandleNotificationMessage: msg(2314) lparam(7bc) wparam(1)
[03:03:38:27:540][R][CNTNR:10672:12328] CCaptureControl::ProcessGameEvents: CaptureProcResolutionChanged, sending dummy notification!!
[03:03:38:27:540][R][OVERLAY:12552: 3832] CShadowPlayNotifications::EnqueueNotification: uMsg(0x90A), wParam(0x1), lParam(0x7BC) dwData(0x0)
[03:03:38:27:540][R][OVERLAY:12552:16024] CShadowPlayNotifications::HandleNotificationMessage: msg(2314) lparam(7bc) wparam(1)
[03:03:38:27:648][R][CNTNR:10672:12328] CCaptureControl::ProcessGameEvents: CaptureProcResolutionChanged, sending dummy notification!!
[03:03:38:27:648][R][OVERLAY:12552: 3832] CShadowPlayNotifications::EnqueueNotification: uMsg(0x90A), wParam(0x1), lParam(0x7BC) dwData(0x0)
[03:03:38:27:648][R][OVERLAY:12552:16024] CShadowPlayNotifications::HandleNotificationMessage: msg(2314) lparam(7bc) wparam(1)
[03:03:38:27:756][R][CNTNR:10672:12328] CCaptureControl::ProcessGameEvents: CaptureProcResolutionChanged, sending dummy notification!!
[03:03:38:27:756][R][OVERLAY:12552: 3832] CShadowPlayNotifications::EnqueueNotification: uMsg(0x90A), wParam(0x1), lParam(0x7BC) dwData(0x0)
[03:03:38:27:756][R][OVERLAY:12552:16024] CShadowPlayNotifications::HandleNotificationMessage: msg(2314) lparam(7bc) wparam(1)
[03:03:38:27:973][R][CNTNR:10672:12328] CCaptureControl::ProcessGameEvents: CaptureProcResolutionChanged, sending dummy notification!!
[03:03:38:27:973][R][OVERLAY:12552: 3832] CShadowPlayNotifications::EnqueueNotification: uMsg(0x90A), wParam(0x1), lParam(0x7BC) dwData(0x0)
[03:03:38:27:973][R][OVERLAY:12552:16024] CShadowPlayNotifications::HandleNotificationMessage: msg(2314) lparam(7bc) wparam(1)
[03:03:38:28:083][R][CNTNR:10672:12328] CCaptureControl::ProcessGameEvents: CaptureProcResolutionChanged, sending dummy notification!!
[03:03:38:28:083][R][OVERLAY:12552: 3832] CShadowPlayNotifications::EnqueueNotification: uMsg(0x90A), wParam(0x1), lParam(0x7BC) dwData(0x0)
[03:03:38:28:083][R][OVERLAY:12552:16024] CShadowPlayNotifications::HandleNotificationMessage: msg(2314) lparam(7bc) wparam(1)
[03:03:38:28:191][R][CNTNR:10672:12328] CCaptureControl::ProcessGameEvents: CaptureProcResolutionChanged, sending dummy notification!!
[03:03:38:28:191][R][OVERLAY:12552: 3832] CShadowPlayNotifications::EnqueueNotification: uMsg(0x90A), wParam(0x1), lParam(0x7BC) dwData(0x0)
[03:03:38:28:191][R][OVERLAY:12552:16024] CShadowPlayNotifications::HandleNotificationMessage: msg(2314) lparam(7bc) wparam(1)
[03:03:38:28:302][R][CNTNR:10672:12328] CCaptureControl::ProcessGameEvents: CaptureProcResolutionChanged, sending dummy notification!!
[03:03:38:28:302][R][OVERLAY:12552: 3832] CShadowPlayNotifications::EnqueueNotification: uMsg(0x90A), wParam(0x1), lParam(0x7BC) dwData(0x0)
[03:03:38:28:302][R][OVERLAY:12552:16024] CShadowPlayNotifications::HandleNotificationMessage: msg(2314) lparam(7bc) wparam(1)
[03:03:38:28:409][R][CNTNR:10672:12328] CCaptureControl::ProcessGameEvents: CaptureProcResolutionChanged, sending dummy notification!!
[03:03:38:28:409][R][OVERLAY:12552: 3832] CShadowPlayNotifications::EnqueueNotification: uMsg(0x90A), wParam(0x1), lParam(0x7BC) dwData(0x0)
[03:03:38:28:409][R][OVERLAY:12552:16024] CShadowPlayNotifications::HandleNotificationMessage: msg(2314) lparam(7bc) wparam(1)
[03:03:38:28:518][R][CNTNR:10672:12328] CCaptureControl::ProcessGameEvents: CaptureProcResolutionChanged, sending dummy notification!!
[03:03:38:28:518][R][OVERLAY:12552: 3832] CShadowPlayNotifications::EnqueueNotification: uMsg(0x90A), wParam(0x1), lParam(0x7BC) dwData(0x0)
[03:03:38:28:518][R][OVERLAY:12552:16024] CShadowPlayNotifications::HandleNotificationMessage: msg(2314) lparam(7bc) wparam(1)
[03:03:38:28:628][R][CNTNR:10672:12328] CCaptureControl::ProcessGameEvents: CaptureProcResolutionChanged, sending dummy notification!!
[03:03:38:28:628][R][OVERLAY:12552: 3832] CShadowPlayNotifications::EnqueueNotification: uMsg(0x90A), wParam(0x1), lParam(0x7BC) dwData(0x0)
[03:03:38:28:628][R][OVERLAY:12552:16024] CShadowPlayNotifications::HandleNotificationMessage: msg(2314) lparam(7bc) wparam(1)
[03:03:38:28:736][R][CNTNR:10672:12328] CCaptureControl::ProcessGameEvents: CaptureProcResolutionChanged, sending dummy notification!!
[03:03:38:28:736][R][OVERLAY:12552: 3832] CShadowPlayNotifications::EnqueueNotification: uMsg(0x90A), wParam(0x1), lParam(0x7BC) dwData(0x0)
[03:03:38:28:736][R][OVERLAY:12552:16024] CShadowPlayNotifications::HandleNotificationMessage: msg(2314) lparam(7bc) wparam(1)
[03:03:38:28:845][R][CNTNR:10672:12328] CCaptureControl::ProcessGameEvents: CaptureProcResolutionChanged, sending dummy notification!!
[03:03:38:28:845][R][OVERLAY:12552: 3832] CShadowPlayNotifications::EnqueueNotification: uMsg(0x90A), wParam(0x1), lParam(0x7BC) dwData(0x0)
[03:03:38:28:845][R][OVERLAY:12552:16024] CShadowPlayNotifications::HandleNotificationMessage: msg(2314) lparam(7bc) wparam(1)
[03:03:38:28:954][R][CNTNR:10672:12328] CCaptureControl::ProcessGameEvents: CaptureProcResolutionChanged, sending dummy notification!!
[03:03:38:28:954][R][OVERLAY:12552: 3832] CShadowPlayNotifications::EnqueueNotification: uMsg(0x90A), wParam(0x1), lParam(0x7BC) dwData(0x0)
[03:03:38:28:954][R][OVERLAY:12552:16024] CShadowPlayNotifications::HandleNotificationMessage: msg(2314) lparam(7bc) wparam(1)
[03:03:38:29:063][R][CNTNR:10672:12328] CCaptureControl::ProcessGameEvents: CaptureProcResolutionChanged, sending dummy notification!!
[03:03:38:29:063][R][OVERLAY:12552: 3832] CShadowPlayNotifications::EnqueueNotification: uMsg(0x90A), wParam(0x1), lParam(0x7BC) dwData(0x0)
[03:03:38:29:063][R][OVERLAY:12552:16024] CShadowPlayNotifications::HandleNotificationMessage: msg(2314) lparam(7bc) wparam(1)
[03:03:38:29:175][R][CNTNR:10672:12328] CCaptureControl::ProcessGameEvents: CaptureProcResolutionChanged, sending dummy notification!!
[03:03:38:29:175][R][OVERLAY:12552: 3832] CShadowPlayNotifications::EnqueueNotification: uMsg(0x90A), wParam(0x1), lParam(0x7BC) dwData(0x0)
[03:03:38:29:175][R][OVERLAY:12552:16024] CShadowPlayNotifications::HandleNotificationMessage: msg(2314) lparam(7bc) wparam(1)
[03:03:38:29:284][R][CNTNR:10672:12328] CCaptureControl::ProcessGameEvents: CaptureProcResolutionChanged, sending dummy notification!!
[03:03:38:29:284][R][OVERLAY:12552: 3832] CShadowPlayNotifications::EnqueueNotification: uMsg(0x90A), wParam(0x1), lParam(0x7BC) dwData(0x0)
[03:03:38:29:284][R][OVERLAY:12552:16024] CShadowPlayNotifications::HandleNotificationMessage: msg(2314) lparam(7bc) wparam(1)
[03:03:38:29:393][R][CNTNR:10672:12328] CCaptureControl::ProcessGameEvents: CaptureProcResolutionChanged, sending dummy notification!!
[03:03:38:29:395][R][OVERLAY:12552: 3832] CShadowPlayNotifications::EnqueueNotification: uMsg(0x90A), wParam(0x1), lParam(0x7BC) dwData(0x0)
[03:03:38:29:395][R][OVERLAY:12552:16024] CShadowPlayNotifications::HandleNotificationMessage: msg(2314) lparam(7bc) wparam(1)
[03:03:38:29:722][R][CNTNR:10672:12328] CCaptureControl::ProcessGameEvents: CaptureProcResolutionChanged, sending dummy notification!!
[03:03:38:29:722][R][OVERLAY:12552: 3832] CShadowPlayNotifications::EnqueueNotification: uMsg(0x90A), wParam(0x1), lParam(0x7BC) dwData(0x0)
[03:03:38:29:722][R][OVERLAY:12552:16024] CShadowPlayNotifications::HandleNotificationMessage: msg(2314) lparam(7bc) wparam(1)
[03:03:38:29:940][R][CNTNR:10672:12328] CCaptureControl::ProcessGameEvents: CaptureProcResolutionChanged, sending dummy notification!!
[03:03:38:29:940][R][OVERLAY:12552: 3832] CShadowPlayNotifications::EnqueueNotification: uMsg(0x90A), wParam(0x1), lParam(0x7BC) dwData(0x0)
[03:03:38:29:940][R][OVERLAY:12552:16024] CShadowPlayNotifications::HandleNotificationMessage: msg(2314) lparam(7bc) wparam(1)
[03:03:38:30:050][R][CNTNR:10672:12328] CCaptureControl::ProcessGameEvents: CaptureProcResolutionChanged, sending dummy notification!!
[03:03:38:30:050][R][OVERLAY:12552: 3832] CShadowPlayNotifications::EnqueueNotification: uMsg(0x90A), wParam(0x1), lParam(0x7BC) dwData(0x0)
[03:03:38:30:050][R][OVERLAY:12552:16024] CShadowPlayNotifications::HandleNotificationMessage: msg(2314) lparam(7bc) wparam(1)
[03:03:38:30:160][R][CNTNR:10672:12328] CCaptureControl::ProcessGameEvents: CaptureProcResolutionChanged, sending dummy notification!!
[03:03:38:30:160][R][OVERLAY:12552: 3832] CShadowPlayNotifications::EnqueueNotification: uMsg(0x90A), wParam(0x1), lParam(0x7BC) dwData(0x0)
[03:03:38:30:160][R][OVERLAY:12552:16024] CShadowPlayNotifications::HandleNotificationMessage: msg(2314) lparam(7bc) wparam(1)
[03:03:38:30:267][R][CNTNR:10672:12328] CCaptureControl::ProcessGameEvents: CaptureProcResolutionChanged, sending dummy notification!!
[03:03:38:30:267][R][OVERLAY:12552: 3832] CShadowPlayNotifications::EnqueueNotification: uMsg(0x90A), wParam(0x1), lParam(0x7BC) dwData(0x0)
[03:03:38:30:267][R][OVERLAY:12552:16024] CShadowPlayNotifications::HandleNotificationMessage: msg(2314) lparam(7bc) wparam(1)
[03:03:38:30:377][R][CNTNR:10672:12328] CCaptureControl::ProcessGameEvents: CaptureProcResolutionChanged, sending dummy notification!!
[03:03:38:30:377][R][OVERLAY:12552: 3832] CShadowPlayNotifications::EnqueueNotification: uMsg(0x90A), wParam(0x1), lParam(0x7BC) dwData(0x0)
[03:03:38:30:377][R][OVERLAY:12552:16024] CShadowPlayNotifications::HandleNotificationMessage: msg(2314) lparam(7bc) wparam(1)
[03:03:38:30:704][R][CNTNR:10672:12328] CCaptureControl::ProcessGameEvents: CaptureProcResolutionChanged, sending dummy notification!!
[03:03:38:30:704][R][OVERLAY:12552: 3832] CShadowPlayNotifications::EnqueueNotification: uMsg(0x90A), wParam(0x1), lParam(0x7BC) dwData(0x0)
[03:03:38:30:704][R][OVERLAY:12552:16024] CShadowPlayNotifications::HandleNotificationMessage: msg(2314) lparam(7bc) wparam(1)
[03:03:38:30:922][R][CNTNR:10672:12328] CCaptureControl::ProcessGameEvents: CaptureProcResolutionChanged, sending dummy notification!!
[03:03:38:30:922][R][OVERLAY:12552: 3832] CShadowPlayNotifications::EnqueueNotification: uMsg(0x90A), wParam(0x1), lParam(0x7BC) dwData(0x0)
[03:03:38:30:922][R][OVERLAY:12552:16024] CShadowPlayNotifications::HandleNotificationMessage: msg(2314) lparam(7bc) wparam(1)
[03:03:38:31:030][R][CNTNR:10672:12328] CCaptureControl::ProcessGameEvents: CaptureProcResolutionChanged, sending dummy notification!!
[03:03:38:31:030][R][OVERLAY:12552: 3832] CShadowPlayNotifications::EnqueueNotification: uMsg(0x90A), wParam(0x1), lParam(0x7BC) dwData(0x0)
[03:03:38:31:030][R][OVERLAY:12552:16024] CShadowPlayNotifications::HandleNotificationMessage: msg(2314) lparam(7bc) wparam(1)
[03:03:38:31:140][R][CNTNR:10672:12328] CCaptureControl::ProcessGameEvents: CaptureProcResolutionChanged, sending dummy notification!!
[03:03:38:31:140][R][OVERLAY:12552: 3832] CShadowPlayNotifications::EnqueueNotification: uMsg(0x90A), wParam(0x1), lParam(0x7BC) dwData(0x0)
[03:03:38:31:140][R][OVERLAY:12552:16024] CShadowPlayNotifications::HandleNotificationMessage: msg(2314) lparam(7bc) wparam(1)
[03:03:38:31:357][R][CNTNR:10672:12328] CCaptureControl::ProcessGameEvents: CaptureProcResolutionChanged, sending dummy notification!!
[03:03:38:31:357][R][OVERLAY:12552: 3832] CShadowPlayNotifications::EnqueueNotification: uMsg(0x90A), wParam(0x1), lParam(0x7BC) dwData(0x0)
[03:03:38:31:357][R][OVERLAY:12552:16024] CShadowPlayNotifications::HandleNotificationMessage: msg(2314) lparam(7bc) wparam(1)
[03:03:38:31:576][R][CNTNR:10672:12328] CCaptureControl::ProcessGameEvents: CaptureProcResolutionChanged, sending dummy notification!!
[03:03:38:31:576][R][OVERLAY:12552: 3832] CShadowPlayNotifications::EnqueueNotification: uMsg(0x90A), wParam(0x1), lParam(0x7BC) dwData(0x0)
[03:03:38:31:576][R][OVERLAY:12552:16024] CShadowPlayNotifications::HandleNotificationMessage: msg(2314) lparam(7bc) wparam(1)
[03:03:38:31:684][R][CNTNR:10672:12328] CCaptureControl::ProcessGameEvents: CaptureProcResolutionChanged, sending dummy notification!!
[03:03:38:31:684][R][OVERLAY:12552: 3832] CShadowPlayNotifications::EnqueueNotification: uMsg(0x90A), wParam(0x1), lParam(0x7BC) dwData(0x0)
[03:03:38:31:684][R][OVERLAY:12552:16024] CShadowPlayNotifications::HandleNotificationMessage: msg(2314) lparam(7bc) wparam(1)
[03:03:38:32:120][R][CNTNR:10672:12328] CCaptureControl::ProcessGameEvents: CaptureProcResolutionChanged, sending dummy notification!!
[03:03:38:32:120][R][OVERLAY:12552: 3832] CShadowPlayNotifications::EnqueueNotification: uMsg(0x90A), wParam(0x1), lParam(0x7BC) dwData(0x0)
[03:03:38:32:120][R][OVERLAY:12552:16024] CShadowPlayNotifications::HandleNotificationMessage: msg(2314) lparam(7bc) wparam(1)
[03:03:38:32:229][R][CNTNR:10672:12328] CCaptureControl::ProcessGameEvents: CaptureProcResolutionChanged, sending dummy notification!!
[03:03:38:32:229][R][OVERLAY:12552: 3832] CShadowPlayNotifications::EnqueueNotification: uMsg(0x90A), wParam(0x1), lParam(0x7BC) dwData(0x0)
[03:03:38:32:229][R][OVERLAY:12552:16024] CShadowPlayNotifications::HandleNotificationMessage: msg(2314) lparam(7bc) wparam(1)
[03:03:38:32:448][R][CNTNR:10672:12328] CCaptureControl::ProcessGameEvents: CaptureProcResolutionChanged, sending dummy notification!!
[03:03:38:32:448][R][OVERLAY:12552: 3832] CShadowPlayNotifications::EnqueueNotification: uMsg(0x90A), wParam(0x1), lParam(0x7BC) dwData(0x0)
[03:03:38:32:448][R][OVERLAY:12552:16024] CShadowPlayNotifications::HandleNotificationMessage: msg(2314) lparam(7bc) wparam(1)
[03:03:38:32:560][R][CNTNR:10672:12328] CCaptureControl::ProcessGameEvents: CaptureProcResolutionChanged, sending dummy notification!!
[03:03:38:32:560][R][OVERLAY:12552: 3832] CShadowPlayNotifications::EnqueueNotification: uMsg(0x90A), wParam(0x1), lParam(0x7BC) dwData(0x0)
[03:03:38:32:560][R][OVERLAY:12552:16024] CShadowPlayNotifications::HandleNotificationMessage: msg(2314) lparam(7bc) wparam(1)
[03:03:38:32:779][R][CNTNR:10672:12328] CCaptureControl::ProcessGameEvents: CaptureProcResolutionChanged, sending dummy notification!!
[03:03:38:32:779][R][OVERLAY:12552: 3832] CShadowPlayNotifications::EnqueueNotification: uMsg(0x90A), wParam(0x1), lParam(0x7BC) dwData(0x0)
[03:03:38:32:779][R][OVERLAY:12552:16024] CShadowPlayNotifications::HandleNotificationMessage: msg(2314) lparam(7bc) wparam(1)
[03:03:38:32:890][R][CNTNR:10672:12328] CCaptureControl::ProcessGameEvents: CaptureProcResolutionChanged, sending dummy notification!!
[03:03:38:32:891][R][OVERLAY:12552: 3832] CShadowPlayNotifications::EnqueueNotification: uMsg(0x90A), wParam(0x1), lParam(0x7BC) dwData(0x0)
[03:03:38:32:891][R][OVERLAY:12552:16024] CShadowPlayNotifications::HandleNotificationMessage: msg(2314) lparam(7bc) wparam(1)
[03:03:38:32:999][R][CNTNR:10672:12328] CCaptureControl::ProcessGameEvents: CaptureProcResolutionChanged, sending dummy notification!!
[03:03:38:32:999][R][OVERLAY:12552: 3832] CShadowPlayNotifications::EnqueueNotification: uMsg(0x90A), wParam(0x1), lParam(0x7BC) dwData(0x0)
[03:03:38:32:999][R][OVERLAY:12552:16024] CShadowPlayNotifications::HandleNotificationMessage: msg(2314) lparam(7bc) wparam(1)
[03:03:38:33:102][R][CNTNR:4396: 4400] ShadowPlayPluginStop: IN
[03:03:38:33:102][R][CNTNR:4396: 4400] ShadowPlayPluginStop: OUT
[03:03:38:33:103][R][CNTNR:4396: 7860] ShadowPlayServicePlugin::Stop: IN
[03:03:38:33:103][R][CNTNR:4396: 7860] OA:F15:S2003 
[03:03:38:33:103][R][CNTNR:4396: 7960] OA:F16:S2007 
[03:03:38:33:105][R][CNTNR:4396: 7860] OA:F15:S2004 
[03:03:38:33:105][R][CNTNR:4396: 7860] ShadowPlayServicePlugin::Stop: OUT
[03:03:38:33:108][R][CNTNR:10672:10676] ShadowPlayPluginStop: IN
[03:03:38:33:108][R][CNTNR:10672:10676] ShadowPlayPluginStop: OUT
[03:03:38:33:108][R][CNTNR:10672: 9368] ShadowPlayServerPlugin::Stop: IN
[03:03:38:33:108][R][CNTNR:10672: 9368] CServerImpl::DisableShadowPlay: IN pArgs[0X89EFFD18]
[03:03:38:33:108][R][CNTNR:10672: 9368] CSPEventListener::SetEnable: m_enabled(0)
[03:03:38:33:108][R][CNTNR:10672: 9368] CServerImpl::HandleSettingChange: IN msg(200) w(0x0) l(0x0)
[03:03:38:33:108][R][CNTNR:10672: 9368] CCaptureControl::HandleEvent: IN(200, 0, 0)
[03:03:38:33:110][R][CNTNR:10672:10676] ShadowPlayPluginUninitialize: IN
[03:03:38:33:110][R][CNTNR:10672:10676] ShadowPlayPluginTaskQueue::PerformUninitialize: IN
[03:03:38:33:110][R][CNTNR:10672:10676] ShadowPlayServerPlugin::Stop: IN
[03:03:38:33:111][R][CNTNR:10672: 9368] CCaptureControl::HandleEvent: primary display HDR [0][0]
[03:03:38:33:111][R][CNTNR:10672:12328] CCaptureControl::ProcessGameEvents: CaptureProcResolutionChanged, sending dummy notification!!
[03:03:38:33:114][R][OVERLAY:12552: 3832] CShadowPlayNotifications::EnqueueNotification: uMsg(0x90A), wParam(0x1), lParam(0x7BC) dwData(0x0)
[03:03:38:33:114][R][OVERLAY:12552:16024] CShadowPlayNotifications::HandleNotificationMessage: msg(2314) lparam(7bc) wparam(1)
[03:03:38:33:116][R][dwm:1980: 1036] CProxyOverlayManager::Destroy: Clearing redirOwner on proxy destroy
[03:03:38:33:116][R][dwm:1980: 1036] ProcessGFEOverlay::ClearRedirOwnerInMMF: Skipped (redirActive=0, force=0)
[03:03:38:33:116][R][dwm:1980: 1036] CSPShareStateManager::Destroy: Destroying slot [0]
[03:03:38:33:116][R][dwm:1980: 1036] CSPShareStateManager::Destroy: OUT
[03:03:38:33:116][R][dwm:1980: 1036] CShadowPlayProxyShim::ShimPrePresent: Entered Virtual Stop @[7788b361b6]
[03:03:38:33:220][R][CNTNR:10672:12328] CCaptureControl::ProcessGameEvents: CaptureProcResolutionChanged, sending dummy notification!!
[03:03:38:33:220][R][OVERLAY:12552: 3832] CShadowPlayNotifications::EnqueueNotification: uMsg(0x90A), wParam(0x1), lParam(0x7BC) dwData(0x0)
[03:03:38:33:220][R][OVERLAY:12552:16024] CShadowPlayNotifications::HandleNotificationMessage: msg(2314) lparam(7bc) wparam(1)
[03:03:38:33:274][E][dwm:1980: 1036] QueryShadowPlayDdiShimStatusIN
[03:03:38:33:274][R][dwm:1980: 1036] CShadowPlayProxyShim::DestroyNoDeviceModules: OUT
[03:03:38:33:274][R][dwm:1980: 1036] ReleaseInterface: OUT, res = 0x0
[03:03:38:33:274][R][dwm:1980: 1036] DdiDestroyDevice: OUT, res = 0x0
[03:03:38:33:274][R][dwm:1980: 1036] DestroySession: CShadowPlayProxyShim instance(0x644C4130), hDevice(0x3DC02E00)
[03:03:38:33:274][R][dwm:1980: 1036] CShadowPlayProxyShim::DestroyNoDeviceModules: OUT
[03:03:38:33:274][R][dwm:1980: 1036] CShadowPlayProxyShim::ShimDestroySession: OUT
[03:03:38:33:275][R][dwm:1980: 1036] CShadowPlayProxyShim::DestroyNoDeviceModules: OUT
[03:03:38:33:275][R][dwm:1980: 1036] ReleaseInterface: OUT, res = 0x0
[03:03:38:33:275][R][dwm:1980: 1036] DdiDestroyDevice: OUT, res = 0x0
[03:03:38:33:275][R][dwm:1980: 1036] DestroySession: CShadowPlayProxyShim instance(0x644C4130), hDevice(0x46654000)
[03:03:38:33:275][R][dwm:1980: 1036] CShadowPlayProxyShim::DestroyNoDeviceModules: OUT
[03:03:38:33:275][R][dwm:1980: 1036] CShadowPlayProxyShim::ShimDestroySession: OUT
[03:03:38:33:276][R][dwm:1980: 1036] CShadowPlayProxyShim::DestroyNoDeviceModules: OUT
[03:03:38:33:276][R][dwm:1980: 1036] ReleaseInterface: OUT, res = 0x0
[03:03:38:33:276][R][dwm:1980: 1036] DdiDestroyDevice: OUT, res = 0x0
[03:03:38:33:276][R][dwm:1980: 1036] DestroySession: CShadowPlayProxyShim instance(0x644C4130), hDevice(0x46154000)
[03:03:38:33:276][R][dwm:1980: 1036] CShadowPlayProxyShim::DestroyNoDeviceModules: OUT
[03:03:38:33:276][R][dwm:1980: 1036] CShadowPlayProxyShim::ShimDestroySession: OUT
[03:03:38:34:026][R][CNTNR:10672: 9368] Time taken for shutting down OSC 922 mSec
[03:03:38:34:035][R][CNTNR:10672: 9368] CServerIpc::ControlHeplerProcess : IN
[03:03:38:34:035][R][CNTNR:10672: 9368] CServerIpc::IsServicePluginAlive: service plugin NOT alive(2)
[03:03:38:34:035][E][CNTNR:10672: 9368] CHelperProcMgr::StopProcess: Failed to stop the helper hr = 0x80004005, error = 0x00000002
[03:03:38:34:035][E][CNTNR:10672: 9368] CServerImpl::DisableShadowPlay: failed to stop helper process ! 0x80004005
[03:03:38:34:035][R][CNTNR:10672:12320] CSPShareStateWorker<class CRemoteLoggerHost,&public: int __cdecl CRemoteLoggerHost::FlushRemoteLog(void)>::RunOnEvents: Exit signalled
[03:03:38:34:037][R][CNTNR:10672:12324] COscProcMgr::Run: Exiting Thread
[03:03:38:34:038][R][CNTNR:10672: 9368] CServerIpc::ControlHeplerProcess : IN
[03:03:38:34:038][R][CNTNR:10672: 9368] CServerIpc::IsServicePluginAlive: service plugin NOT alive(2)
[03:03:38:34:038][E][CNTNR:10672: 9368] CHelperProcMgr::StopProcess: Failed to stop the helper hr = 0x80004005, error = 0x00000002
[03:03:38:34:038][R][CNTNR:10672:12328] CCaptureControl::Run: Exiting thread
[03:03:38:34:046][E][CNTNR:10672: 9368] SendMessageToWindow: [{5AEA657D-F3F5-4BD8-BFE9-A4B537FA24C3}] window not available! (gle 0)
[03:03:38:34:047][R][CNTNR:10672: 9368] CServerImpl::DisableShadowPlay: out pArgs[0X89EFFD18] hr[0]
[03:03:38:34:047][R][CNTNR:10672: 9368] CServerImpl::ReleaseServerInterface: IN
[03:03:38:34:051][R][CNTNR:10672: 9368] CServerImpl::ReleaseServerInterface: OUT(0x00000000)
[03:03:38:34:053][R][CNTNR:10672: 4924] CMessageQueueThread::Run: Thread exiting... 
[03:03:38:34:055][R][CNTNR:10672: 9368] ShadowPlayServerPlugin::Stop: OUT
[03:03:38:34:055][R][CNTNR:10672:10676] ShadowPlayServerPlugin::Stop: OUT
[03:03:38:34:055][R][CNTNR:10672:10676] ShadowPlayPluginTaskQueue::UninitializeWorkerThread: IN
[03:03:38:34:055][R][CNTNR:10672: 9368] ShadowPlayPluginTaskQueue::HandleMessageQueue: Exited the Thread
[03:03:38:34:055][R][CNTNR:10672:10676] ShadowPlayPluginTaskQueue::UninitializeWorkerThread: thread Joined
[03:03:38:34:055][R][CNTNR:10672:10676] ShadowPlayPluginTaskQueue::UninitializeWorkerThread: OUT
[03:03:38:34:056][R][CNTNR:10672:10676] ShadowPlayPluginTaskQueue::PerformUninitialize: Stopping Plugin
[03:03:38:34:056][R][CNTNR:10672:10676] ShadowPlayPluginBase::UninitializeIpcInterface: IN
[03:03:38:34:058][R][CNTNR:10672:10676] ShadowPlayPluginBase::UninitializeIpcInterface: OUT
[03:03:38:34:058][R][CNTNR:10672:10676] ShadowPlayPluginTaskQueue::PerformUninitialize: Stopping workerthread
[03:03:38:34:058][R][CNTNR:10672:10676] ShadowPlayPluginTaskQueue::PerformUninitialize: OUT
[03:03:38:34:058][R][CNTNR:10672:10676] DeletePluginInstance: IN ShadowPlayServerPlugin
[03:03:38:34:058][R][CNTNR:10672:10676] ShadowPlayServerPlugin::~ShadowPlayServerPlugin: IN
[03:03:38:34:058][R][CNTNR:10672:10676] ShadowPlayServerPlugin::~ShadowPlayServerPlugin: OUT
[03:03:38:34:058][R][CNTNR:10672:10676] CSPNvAPIUtils::Finalize: IN
[03:03:38:34:058][R][CNTNR:10672:10676] CSPNvAPIUtils::UnloadNvApi: IN
[03:03:38:34:062][R][CNTNR:10672:10676] CSPNvAPIUtils::UnloadNvApi: NvAPI_Unload successful(0)
[03:03:38:34:062][R][CNTNR:10672:10676] DeletePluginInstance: OUT
[03:03:38:34:062][R][CNTNR:10672:10676] ShadowPlayPluginUninitialize: OUT
[03:03:38:34:129][R][CNTNR:4396: 4400] ShadowPlayPluginUninitialize: IN
[03:03:38:34:129][R][CNTNR:4396: 4400] ShadowPlayPluginTaskQueue::PerformUninitialize: IN
[03:03:38:34:129][R][CNTNR:4396: 4400] ShadowPlayPluginTaskQueue::UninitializeWorkerThread: IN
[03:03:38:34:129][R][CNTNR:4396: 7860] ShadowPlayPluginTaskQueue::HandleMessageQueue: Exited the Thread
[03:03:38:34:129][R][CNTNR:4396: 4400] ShadowPlayPluginTaskQueue::UninitializeWorkerThread: thread Joined
[03:03:38:34:130][R][CNTNR:4396: 4400] ShadowPlayPluginTaskQueue::UninitializeWorkerThread: OUT
[03:03:38:34:130][R][CNTNR:4396: 4400] ShadowPlayPluginTaskQueue::PerformUninitialize: Stopping Plugin
[03:03:38:34:130][R][CNTNR:4396: 4400] ShadowPlayPluginBase::UninitializeIpcInterface: IN
[03:03:38:34:131][R][CNTNR:4396: 4400] ShadowPlayPluginBase::UninitializeIpcInterface: OUT
[03:03:38:34:131][R][CNTNR:4396: 4400] ShadowPlayPluginTaskQueue::PerformUninitialize: Stopping workerthread
[03:03:38:34:131][R][CNTNR:4396: 4400] ShadowPlayPluginTaskQueue::PerformUninitialize: OUT
[03:03:38:34:131][R][CNTNR:4396: 4400] DeletePluginInstance: IN ShadowPlayServicePlugin
[03:03:38:34:132][R][CNTNR:4396: 4400] ShadowPlayServicePlugin::~ShadowPlayServicePlugin: IN. this[000002206FC15A00]
[03:03:38:34:132][R][CNTNR:4396: 7764] ShadowPlayController::Run: Exiting thread...
[03:03:38:34:142][R][CNTNR:4396: 4400] CNvFbcLogger::StopNvFbcLogging: ETW Controller does not Exist
[03:03:38:34:142][R][CNTNR:4396: 4400] ShadowPlayServicePlugin::~ShadowPlayServicePlugin: OUT
[03:03:38:34:142][R][CNTNR:4396: 4400] DeletePluginInstance: OUT ShadowPlayServicePlugin
[03:03:38:34:142][R][CNTNR:4396: 4400] ShadowPlayPluginUninitialize: OUT
[03:03:38:41:284][R][CNTNR:26176: 6920] ShadowPlayPluginInitialize: IN
[03:03:38:41:284][R][CNTNR:26176: 6920] CreatePluginInstance: IN ShadowPlayServicePlugin
[03:03:38:41:284][R][CNTNR:26176: 6920] ShadowPlayServicePlugin::ShadowPlayServicePlugin: IN
[03:03:38:41:284][R][CNTNR:26176: 6920] CSPWorkerThread::CSPWorkerThread : given thread name[A9B3A72F-88DB-4F0D-943C-37962A012340]
[03:03:38:41:284][R][CNTNR:26176: 6920] CSPWorkerThread::Start: started [A9B3A72F-88DB-4F0D-943C-37962A012340]
[03:03:38:41:284][E][CNTNR:26176: 6920] ShadowPlayServicePlugin::ShadowPlayServicePlugin: RegGetValue failed for[SOFTWARE\NVIDIA Corporation\Global\GFExperience][FullPath] error[2]

[03:03:38:41:284][E][CNTNR:26176: 6920] ShadowPlayServicePlugin::ShadowPlayServicePlugin: Failed to set OSC process path. installPathSet[0], errStrCpy[22]
[03:03:38:41:284][R][CNTNR:26176: 6920] ShadowPlayServicePlugin::ShadowPlayServicePlugin: OUT
[03:03:38:41:284][R][CNTNR:26176: 6920] CreatePluginInstance: OUT ShadowPlayServicePlugin
[03:03:38:41:284][R][CNTNR:26176:25692] CSPWorkerThread::ThreadFunc: executing [A9B3A72F-88DB-4F0D-943C-37962A012340]
[03:03:38:41:567][R][CNTNR:29012:26712] ShadowPlayPluginInitialize: IN
[03:03:38:41:568][R][CNTNR:29012:26712] CreatePluginInstance: ShadowPlayServerPlugin
[03:03:38:41:568][R][CNTNR:29012:26712] [CREATE] Logger v2.00 started 10.3.2026
[03:03:38:41:568][R][CNTNR:29012:26712] Windows 10.0 Build 26340  Platform=2
[03:03:38:41:576][R][CNTNR:29012:26712] Display Driver Version : 58266
[03:03:38:41:577][R][CNTNR:29012:26712] GPU0: Arch: 0x130 Implementation: 0x2 
[03:03:38:41:577][R][CNTNR:29012:26712] GFE Version : 3.28.0.412
[03:03:53:59:150][E][spacedeskService:4496:19428] QueryShadowPlayDdiShimStatusIN
[03:03:53:59:544][E][spacedeskService:4496:19428] QueryShadowPlayDdiShimStatusIN
[03:03:54:44:615][E][devicecensus:5220:22588] QueryShadowPlayDdiShimStatusIN
[03:03:54:44:761][E][devicecensus:5220:22588] QueryShadowPlayDdiShimStatusIN
[03:03:54:44:889][E][devicecensus:5220:22588] QueryShadowPlayDdiShimStatusIN
[03:03:54:45:034][E][devicecensus:5220:22588] QueryShadowPlayDdiShimStatusIN
[03:03:54:45:274][E][devicecensus:5220:22588] QueryShadowPlayDdiShimStatusIN
[03:03:54:45:475][E][devicecensus:5220:22588] QueryShadowPlayDdiShimStatusIN
[03:13:25:33:104][E][taskhostw:4964: 3412] QueryShadowPlayDdiShimStatusIN
[03:13:25:33:224][E][taskhostw:4964: 3412] QueryShadowPlayDdiShimStatusIN
[03:13:25:33:350][E][taskhostw:4964: 3412] QueryShadowPlayDdiShimStatusIN
[03:13:25:33:481][E][taskhostw:4964: 3412] QueryShadowPlayDdiShimStatusIN
[03:13:25:33:695][E][taskhostw:4964: 3412] QueryShadowPlayDdiShimStatusIN
[03:13:25:33:874][E][taskhostw:4964: 3412] QueryShadowPlayDdiShimStatusIN
[03:13:25:37:241][E][taskhostw:4964:12796] QueryShadowPlayDdiShimStatusIN
[03:13:25:37:421][E][taskhostw:4964:12796] QueryShadowPlayDdiShimStatusIN
[03:13:25:37:597][E][taskhostw:4964:12796] QueryShadowPlayDdiShimStatusIN
[03:13:25:37:774][E][taskhostw:4964:12796] QueryShadowPlayDdiShimStatusIN
[03:13:25:37:954][E][taskhostw:4964:12796] QueryShadowPlayDdiShimStatusIN
[03:13:25:38:134][E][taskhostw:4964:12796] QueryShadowPlayDdiShimStatusIN
[03:13:25:38:313][E][taskhostw:4964:12796] QueryShadowPlayDdiShimStatusIN
[03:13:25:38:483][E][taskhostw:4964:12796] QueryShadowPlayDdiShimStatusIN
[03:13:25:38:637][E][taskhostw:4964:12796] QueryShadowPlayDdiShimStatusIN
[03:13:25:38:786][E][taskhostw:4964:12796] QueryShadowPlayDdiShimStatusIN
[03:13:25:38:934][E][taskhostw:4964:12796] QueryShadowPlayDdiShimStatusIN
[03:13:25:39:084][E][taskhostw:4964:12796] QueryShadowPlayDdiShimStatusIN
[03:13:25:39:232][E][taskhostw:4964:12796] QueryShadowPlayDdiShimStatusIN
[03:13:25:39:406][E][taskhostw:4964:12796] QueryShadowPlayDdiShimStatusIN
[03:13:25:39:582][E][taskhostw:4964:12796] QueryShadowPlayDdiShimStatusIN
[03:13:25:39:754][E][taskhostw:4964:12796] QueryShadowPlayDdiShimStatusIN
[03:13:25:39:927][E][taskhostw:4964:12796] QueryShadowPlayDdiShimStatusIN
[03:13:25:40:107][E][taskhostw:4964:12796] QueryShadowPlayDdiShimStatusIN
[03:13:25:40:274][E][taskhostw:4964:12796] QueryShadowPlayDdiShimStatusIN
[03:13:25:40:447][E][taskhostw:4964:12796] QueryShadowPlayDdiShimStatusIN
[03:13:25:40:624][E][taskhostw:4964:12796] QueryShadowPlayDdiShimStatusIN
[03:13:25:40:770][E][taskhostw:4964:12796] QueryShadowPlayDdiShimStatusIN
[03:13:25:40:916][E][taskhostw:4964:12796] QueryShadowPlayDdiShimStatusIN
[03:13:25:41:065][E][taskhostw:4964:12796] QueryShadowPlayDdiShimStatusIN
[03:13:25:41:211][E][taskhostw:4964:12796] QueryShadowPlayDdiShimStatusIN
[03:13:25:41:362][E][taskhostw:4964:12796] QueryShadowPlayDdiShimStatusIN
[03:13:25:41:536][E][taskhostw:4964:12796] QueryShadowPlayDdiShimStatusIN
[03:13:25:41:708][E][taskhostw:4964:12796] QueryShadowPlayDdiShimStatusIN
[03:13:25:41:881][E][taskhostw:4964:12796] QueryShadowPlayDdiShimStatusIN
[03:13:25:42:054][E][taskhostw:4964:12796] QueryShadowPlayDdiShimStatusIN
[03:13:25:42:225][E][taskhostw:4964:12796] QueryShadowPlayDdiShimStatusIN
[03:13:25:42:395][E][taskhostw:4964:12796] QueryShadowPlayDdiShimStatusIN
[03:13:25:42:570][E][taskhostw:4964:12796] QueryShadowPlayDdiShimStatusIN
[03:13:25:42:741][E][taskhostw:4964:12796] QueryShadowPlayDdiShimStatusIN
[03:13:25:42:888][E][taskhostw:4964:12796] QueryShadowPlayDdiShimStatusIN
[03:13:25:43:038][E][taskhostw:4964:12796] QueryShadowPlayDdiShimStatusIN
[03:13:25:43:185][E][taskhostw:4964:12796] QueryShadowPlayDdiShimStatusIN
[03:13:25:43:329][E][taskhostw:4964:12796] QueryShadowPlayDdiShimStatusIN
[03:13:25:43:473][E][taskhostw:4964:12796] QueryShadowPlayDdiShimStatusIN
[03:13:25:43:656][E][taskhostw:4964:12796] QueryShadowPlayDdiShimStatusIN
[03:13:25:43:770][E][taskhostw:4964:12796] QueryShadowPlayDdiShimStatusIN
[03:13:25:43:887][E][taskhostw:4964:12796] QueryShadowPlayDdiShimStatusIN
[03:14:00:30:595][E][taskhostw:26704:15708] QueryShadowPlayDdiShimStatusIN
[03:14:00:30:709][E][taskhostw:26704:15708] QueryShadowPlayDdiShimStatusIN
[03:14:00:30:821][E][taskhostw:26704:15708] QueryShadowPlayDdiShimStatusIN
[03:14:00:30:946][E][taskhostw:26704:15708] QueryShadowPlayDdiShimStatusIN
[03:14:00:31:147][E][taskhostw:26704:15708] QueryShadowPlayDdiShimStatusIN
[03:14:00:31:316][E][taskhostw:26704:15708] QueryShadowPlayDdiShimStatusIN
[03:14:00:34:724][E][taskhostw:26704:22080] QueryShadowPlayDdiShimStatusIN
[03:14:00:34:903][E][taskhostw:26704:22080] QueryShadowPlayDdiShimStatusIN
[03:14:00:35:073][E][taskhostw:26704:22080] QueryShadowPlayDdiShimStatusIN
[03:14:00:35:244][E][taskhostw:26704:22080] QueryShadowPlayDdiShimStatusIN
[03:14:00:35:418][E][taskhostw:26704:22080] QueryShadowPlayDdiShimStatusIN
[03:14:00:35:589][E][taskhostw:26704:22080] QueryShadowPlayDdiShimStatusIN
[03:14:00:35:763][E][taskhostw:26704:22080] QueryShadowPlayDdiShimStatusIN
[03:14:00:35:935][E][taskhostw:26704:22080] QueryShadowPlayDdiShimStatusIN
[03:14:00:36:084][E][taskhostw:26704:22080] QueryShadowPlayDdiShimStatusIN
[03:14:00:36:232][E][taskhostw:26704:22080] QueryShadowPlayDdiShimStatusIN
[03:14:00:36:377][E][taskhostw:26704:22080] QueryShadowPlayDdiShimStatusIN
[03:14:00:36:529][E][taskhostw:26704:22080] QueryShadowPlayDdiShimStatusIN
[03:14:00:36:677][E][taskhostw:26704:22080] QueryShadowPlayDdiShimStatusIN
[03:14:00:36:848][E][taskhostw:26704:22080] QueryShadowPlayDdiShimStatusIN
[03:14:00:37:023][E][taskhostw:26704:22080] QueryShadowPlayDdiShimStatusIN
[03:14:00:37:197][E][taskhostw:26704:22080] QueryShadowPlayDdiShimStatusIN
[03:14:00:37:366][E][taskhostw:26704:22080] QueryShadowPlayDdiShimStatusIN
[03:14:00:37:547][E][taskhostw:26704:22080] QueryShadowPlayDdiShimStatusIN
[03:14:00:37:717][E][taskhostw:26704:22080] QueryShadowPlayDdiShimStatusIN
[03:14:00:37:888][E][taskhostw:26704:22080] QueryShadowPlayDdiShimStatusIN
[03:14:00:38:062][E][taskhostw:26704:22080] QueryShadowPlayDdiShimStatusIN
[03:14:00:38:208][E][taskhostw:26704:22080] QueryShadowPlayDdiShimStatusIN
[03:14:00:38:356][E][taskhostw:26704:22080] QueryShadowPlayDdiShimStatusIN
[03:14:00:38:502][E][taskhostw:26704:22080] QueryShadowPlayDdiShimStatusIN
[03:14:00:38:661][E][taskhostw:26704:22080] QueryShadowPlayDdiShimStatusIN
[03:14:00:38:806][E][taskhostw:26704:22080] QueryShadowPlayDdiShimStatusIN
[03:14:00:38:975][E][taskhostw:26704:22080] QueryShadowPlayDdiShimStatusIN
[03:14:00:39:151][E][taskhostw:26704:22080] QueryShadowPlayDdiShimStatusIN
[03:14:00:39:321][E][taskhostw:26704:22080] QueryShadowPlayDdiShimStatusIN
[03:14:00:39:489][E][taskhostw:26704:22080] QueryShadowPlayDdiShimStatusIN
[03:14:00:39:661][E][taskhostw:26704:22080] QueryShadowPlayDdiShimStatusIN
[03:14:00:39:830][E][taskhostw:26704:22080] QueryShadowPlayDdiShimStatusIN
[03:14:00:40:001][E][taskhostw:26704:22080] QueryShadowPlayDdiShimStatusIN
[03:14:00:40:171][E][taskhostw:26704:22080] QueryShadowPlayDdiShimStatusIN
[03:14:00:40:317][E][taskhostw:26704:22080] QueryShadowPlayDdiShimStatusIN
[03:14:00:40:464][E][taskhostw:26704:22080] QueryShadowPlayDdiShimStatusIN
[03:14:00:40:614][E][taskhostw:26704:22080] QueryShadowPlayDdiShimStatusIN
[03:14:00:40:757][E][taskhostw:26704:22080] QueryShadowPlayDdiShimStatusIN
[03:14:00:40:904][E][taskhostw:26704:22080] QueryShadowPlayDdiShimStatusIN
[03:14:00:41:075][E][taskhostw:26704:22080] QueryShadowPlayDdiShimStatusIN
[03:14:00:41:189][E][taskhostw:26704:22080] QueryShadowPlayDdiShimStatusIN
[03:14:00:41:299][E][taskhostw:26704:22080] QueryShadowPlayDdiShimStatusIN
[03:15:08:50:392][E][gpu_encoder_helper:29004:25668] QueryShadowPlayDdiShimStatusIN
[03:15:08:50:661][E][gpu_encoder_helper:15848:14472] QueryShadowPlayDdiShimStatusIN
[03:15:18:12:070][R][CNTNR:11752:20872] ShadowPlayPluginInitialize: IN
[03:15:18:12:071][R][CNTNR:11752:20872] CreatePluginInstance: IN ShadowPlayServicePlugin
[03:15:18:12:071][R][CNTNR:11752:20872] ShadowPlayServicePlugin::ShadowPlayServicePlugin: IN
[03:15:18:12:071][R][CNTNR:11752:20872] CSPWorkerThread::CSPWorkerThread : given thread name[A9B3A72F-88DB-4F0D-943C-37962A012340]
[03:15:18:12:071][R][CNTNR:11752:20872] CSPWorkerThread::Start: started [A9B3A72F-88DB-4F0D-943C-37962A012340]
[03:15:18:12:071][R][CNTNR:11752:20872] ShadowPlayServicePlugin::ShadowPlayServicePlugin: OUT
[03:15:18:12:071][R][CNTNR:11752:21776] CSPWorkerThread::ThreadFunc: executing [A9B3A72F-88DB-4F0D-943C-37962A012340]
[03:15:18:12:071][R][CNTNR:11752:20872] CreatePluginInstance: OUT ShadowPlayServicePlugin
[03:15:18:12:394][R][CNTNR:27188:11092] ShadowPlayPluginInitialize: IN
[03:15:18:12:394][R][CNTNR:27188:11092] CreatePluginInstance: ShadowPlayServerPlugin
[03:15:18:12:394][R][CNTNR:27188:11092] [CREATE] Logger v2.00 started 10.3.2026
[03:15:18:12:395][R][CNTNR:27188:11092] Windows 10.0 Build 26340  Platform=2
[03:15:18:12:401][R][CNTNR:27188:11092] Display Driver Version : 58266
[03:15:18:12:402][R][CNTNR:27188:11092] GPU0: Arch: 0x130 Implementation: 0x2 
[03:15:18:12:402][R][CNTNR:27188:11092] GFE Version : 3.28.0.412
[03:15:59:03:246][R][NODJS:8476:12280] CreateShadowPlayApiInterface: IN ver(10004) client(0)
[03:15:59:03:246][R][NODJS:8476:12280] CShadowPlayApi::CShadowPlayApi: IN this(0XAFCA2A0)
[03:15:59:03:325][R][NODJS:8476:12280] CShadowPlayApi::CShadowPlayApi: OUT
[03:15:59:03:325][R][NODJS:8476:12280] CreateShadowPlayApiInterface: OUT ppvInterface(0XAFCA2A0)
[03:15:59:03:326][R][NODJS:8476:12280] COverlayApi::InitObject: hr[0]
[03:15:59:03:326][R][NODJS:8476:12280] NVSP2::CreateOverlayApiInterface: overlay interface[0XAE7DA20]
[03:15:59:03:326][R][NODJS:8476:12280] CShadowPlayApi::RegisterCallback: IN type(2) cb(0X5D964360)
[03:15:59:03:326][R][NODJS:8476:12280] CShadowPlayNotifications::CreateInstance: IN
[03:15:59:03:326][R][NODJS:8476:12280] CSPWorkerThread::CSPWorkerThread : given thread name[CMessageQueueThread]
[03:15:59:03:326][R][NODJS:8476:12280] CSPWorkerThread::Start: started [CMessageQueueThread]
[03:15:59:03:326][R][NODJS:8476:12280] CShadowPlayNotifications::CreateInstance: OUT(0x00000000)
[03:15:59:03:326][R][NODJS:8476:12280] CShadowPlayApi::GetStatus: server not running
[03:15:59:03:326][R][NODJS:8476: 6208] CSPWorkerThread::ThreadFunc: executing [CMessageQueueThread]
[03:15:59:03:326][R][NODJS:8476: 6208] CMessageQueueThread::Run: Thread started... 
[03:15:59:03:327][R][NODJS:8476:12280] CShadowPlayApi::GetStatus: server not running
[03:15:59:03:327][R][NODJS:8476:12280] CShadowPlayApi::EnableShadowPlay: IN flags(0) origin(4)
[03:15:59:03:357][R][NODJS:8476:10296] IpcCommonInterface::HandleJoinMessage: MessageBus joined - System: Shadowplay, Module: ShadowplayApi8476
[03:15:59:03:871][E][NODJS:8476:12280] CShadowPlayApi::SendMessageToSession0Plugin: failed [0x800705b4]
[03:15:59:03:871][E][NODJS:8476:12280] CShadowPlayApi::EnableShadowPlay: ServiceMsgSubTypeStartServer failed [0x800705b4]
[03:15:59:04:377][R][NODJS:8476:27216] CShadowPlayApi::GetHotkeyProperty: reg read failed, falling back to default value
[03:15:59:04:377][R][NODJS:8476:27216] CShadowPlayApi::GetHotkeyProperty: invalid key index[2]
[03:15:59:04:627][E][HELPR:28476:27560] WinMain: Could not locate n (error 126)
[03:15:59:09:829][R][SHARE:25336:18132] COverlayApi::InitObject: hr[0]
[03:15:59:09:829][R][SHARE:25336:18132] NVSP2::CreateOverlayApiInterface: overlay interface[0X71515750]
[03:15:59:09:832][R][SHARE:25336:18132] CreateShadowPlayApiInterface: IN ver(10008) client(0)
[03:15:59:09:832][R][SHARE:25336:18132] CShadowPlayApi::CShadowPlayApi: IN this(0X7153F110)
[03:15:59:09:923][R][SHARE:25336:18132] CShadowPlayApi::CShadowPlayApi: OUT
[03:15:59:09:923][R][SHARE:25336:18132] CreateShadowPlayApiInterface: OUT ppvInterface(0X7153F110)
[03:15:59:09:959][R][SHARE:25336:10312] IpcCommonInterface::HandleJoinMessage: MessageBus joined - System: Shadowplay, Module: ShadowplayApi25336
[03:15:59:10:471][E][SHARE:25336:18132] CShadowPlayApi::GetCaptureSessionParam: IpcSyncCall failed [0x800705b4] uiCmd(19)
[03:15:59:10:471][E][SHARE:25336:18132] CApiDllWrapper::GetGPUOverlaySupported Couldn't get the GPUOverlayInfo(0x800705B4)
[03:15:59:10:471][E][SHARE:25336:18132] COverlayApi::GetGPUOverlayInfo: GetGPUOverlaySupported failed = 0x800705B4
[03:15:59:10:874][R][SHARE:25336:18132] CSPWorkerThread::CSPWorkerThread : given thread name[NVSPOMThread]
[03:15:59:10:880][R][SHARE:25336:18132] COverlayApi::CreateOverlay: hr[0] usingGPUOverlay[0] uiSlot[0], eFormat[21], uiWidth[1680], uiHeight[1050], uiNumBuffers[1], hOverlay[0X71B62C20]
[03:15:59:13:461][R][NODJS:8476: 4900] CShadowPlayApi::SetCaptureSessionParam: IN hSession(0XFFFFFFFF) uiCmd(13)
[03:15:59:13:964][E][NODJS:8476: 4900] CShadowPlayApi::SetCaptureSessionParam: IpcSyncCall failed [0x800705b4]
[03:15:59:13:964][R][NODJS:8476:14148] CShadowPlayApi::GetStatus: server not running
[03:15:59:13:975][R][NODJS:8476:21268] CShadowPlayApi::GetStatus: server not running
[03:15:59:13:975][R][NODJS:8476:21268] CShadowPlayApi::EnableShadowPlay: IN flags(0) origin(1)
[03:15:59:14:482][E][NODJS:8476:21268] CShadowPlayApi::SendMessageToSession0Plugin: failed [0x800705b4]
[03:15:59:14:482][E][NODJS:8476:21268] CShadowPlayApi::EnableShadowPlay: ServiceMsgSubTypeStartServer failed [0x800705b4]
[03:15:59:39:699][R][NODJS:8476:14908] CShadowPlayApi::GetStatus: server not running
[03:15:59:39:699][R][NODJS:8476:14908] CShadowPlayApi::EnableShadowPlay: IN flags(0) origin(1)
[03:15:59:40:200][E][NODJS:8476:14908] CShadowPlayApi::SendMessageToSession0Plugin: failed [0x800705b4]
[03:15:59:40:200][E][NODJS:8476:14908] CShadowPlayApi::EnableShadowPlay: ServiceMsgSubTypeStartServer failed [0x800705b4]
[03:15:59:48:340][R][NODJS:8476:12052] CShadowPlayApi::GetHotkeyProperty: reg read failed, falling back to default value
[03:15:59:48:340][R][NODJS:8476:12052] CShadowPlayApi::GetHotkeyProperty: invalid key index[2]
[03:16:01:23:316][E][GamingServicesUI:23836:26720] QueryShadowPlayDdiShimStatusIN
[03:16:01:28:434][E][DXGIAdapterCache:22172:18468] QueryShadowPlayDdiShimStatusIN
[03:16:01:28:563][E][DXGIAdapterCache:22172:18468] QueryShadowPlayDdiShimStatusIN
[03:16:01:28:788][E][DXGIAdapterCache:22172:18468] QueryShadowPlayDdiShimStatusIN
[03:16:01:28:913][E][DXGIAdapterCache:22172:18468] QueryShadowPlayDdiShimStatusIN
[03:16:01:29:125][E][DXGIAdapterCache:22172:18468] QueryShadowPlayDdiShimStatusIN
[03:16:01:29:251][E][DXGIAdapterCache:22172:18468] QueryShadowPlayDdiShimStatusIN
[03:16:01:54:038][E][Dungeons-WinGDK-Shipping:17884: 3168] QueryShadowPlayDdiShimStatusIN
[03:16:01:54:944][E][Dungeons-WinGDK-Shipping:17884: 3168] QueryShadowPlayDdiShimStatusIN
[03:16:01:55:329][E][Dungeons-WinGDK-Shipping:17884: 3168] QueryShadowPlayDdiShimStatusIN
[03:16:01:55:902][E][Dungeons-WinGDK-Shipping:17884: 3168] QueryShadowPlayDdiShimStatusIN
[03:16:14:40:609][R][NODJS:8476:27848] CShadowPlayApi::GetHotkeyProperty: reg read failed, falling back to default value
[03:16:14:40:609][R][NODJS:8476:27848] CShadowPlayApi::GetHotkeyProperty: invalid key index[2]
[03:16:18:27:868][E][HELPR:8448:20184] WinMain: Could not locate n (error 126)
[03:16:19:34:457][E][HELPR:28292:17336] WinMain: Could not locate n (error 126)
[03:16:30:22:277][R][NODJS:8476:29548] CShadowPlayApi::GetHotkeyProperty: reg read failed, falling back to default value
[03:16:30:22:277][R][NODJS:8476:29548] CShadowPlayApi::GetHotkeyProperty: invalid key index[2]
[03:16:30:23:278][R][HELPR:15844:24236] CShadowPlayHelper::UWPSetOSCDismissHotKeys: [2] eSPHKID_OSC Hotkeys set for UWP
[03:16:30:23:551][R][HELPR:15844:24236] CSPRedirectionHelperUWP::CSPRedirectionHelperUWP: OUT
[03:16:30:23:551][R][HELPR:15844:24236] CShadowPlayHelper::UWPSetOSCDismissHotKeys: [2] eSPHKID_OSC Hotkeys set for UWP
[03:16:30:23:597][R][HELPR:15844:26912] IpcCommonInterface::HandleJoinMessage: MessageBus joined - System: Hotkey, Module: HotkeyPlugin
[03:16:30:48:281][R][NODJS:8476:21268] CShadowPlayApi::GetStatus: server not running
[03:16:30:48:282][R][NODJS:8476:21268] CShadowPlayApi::EnableShadowPlay: IN flags(0) origin(1)
[03:16:30:48:795][E][NODJS:8476:21268] CShadowPlayApi::SendMessageToSession0Plugin: failed [0x800705b4]
[03:16:30:48:796][E][NODJS:8476:21268] CShadowPlayApi::EnableShadowPlay: ServiceMsgSubTypeStartServer failed [0x800705b4]
[03:16:30:57:085][R][NODJS:8476: 5756] CShadowPlayApi::GetHotkeyProperty: reg read failed, falling back to default value
[03:16:30:57:085][R][NODJS:8476: 5756] CShadowPlayApi::GetHotkeyProperty: invalid key index[2]
[03:16:41:48:849][E][ZCode:2480: 9996] QueryShadowPlayDdiShimStatusIN
[03:16:41:49:153][E][ZCode:2480: 9996] QueryShadowPlayDdiShimStatusIN
[03:16:41:49:441][E][ZCode:2480: 9996] QueryShadowPlayDdiShimStatusIN
[03:16:41:49:744][E][ZCode:2480: 9996] QueryShadowPlayDdiShimStatusIN
[03:16:41:49:940][E][ZCode:2480: 9996] QueryShadowPlayDdiShimStatusIN
[03:16:54:46:501][E][ZCode:21444:24220] QueryShadowPlayDdiShimStatusIN
