[03:45:48] 
===== BOOT start 2026-10-05 03:45:48 =====
[03:46:13] 
===== BOOT start 2026-10-05 03:46:13 =====
[03:46:23] 
===== BOOT start 2026-10-05 03:46:23 =====
[03:46:32] 
===== BOOT start 2026-10-05 03:46:32 =====
[03:46:42] 
===== BOOT start 2026-10-05 03:46:41 =====
[03:46:51] 
===== BOOT start 2026-10-05 03:46:51 =====
[03:47:00] 
===== BOOT start 2026-10-05 03:47:00 =====
[03:47:09] 
===== BOOT start 2026-10-05 03:47:09 =====
[03:47:18] 
===== BOOT start 2026-10-05 03:47:18 =====
[03:47:27] 
===== BOOT start 2026-10-05 03:47:27 =====
[03:53:06] 
===== BOOT start 2026-10-05 03:53:06 =====
[03:53:12] 
===== STATUS 2026-10-05 03:53:12 =====
[04:01:23] 
===== BOOT start 2026-10-05 04:01:23 =====
[04:01:23] === [0] stage build tree (node/helper/Share แท้จาก Payload) ===
[04:01:23]   ✓ OK (idempotent — ข้าม fix)
[04:01:23] === [0e] PF anchor (node tree / helper anchor / telemetry) ===
[04:01:23]   ✓ OK (idempotent — ข้าม fix)
[04:01:23] === [0g] runtime dirs ===
[04:01:23]   ✓ OK (idempotent — ข้าม fix)
[04:01:23] === [0f]/[0f.1] GFE hardlink + Share.json mirror ===
[04:01:23]   ✓ OK (idempotent — ข้าม fix)
[04:01:23] === [0h] registered JS patch (ACTIVE — §20.2 capture boundary) ===
[04:01:23]   ✓ OK (idempotent — ข้าม fix)
[04:01:23] === [0i] PF container anchor + plugin genuine invariant (§20.9) ===
[04:01:23]   ✓ OK (idempotent — ข้าม fix)
[04:01:23] === [0j] ValidatePID patcher (REGISTERED-DORMANT — §20.9/§20.10) ===
[04:01:23]   ✓ OK (idempotent — ข้าม fix)
[04:01:23] === [1b] registry (NvNode/GFExperience/NVSPCAPS — 2 views) ===
[04:01:23]   ✓ OK (idempotent — ข้าม fix)
[04:01:23] === [1d] container PF flip verify (ImagePath + Watchdog) ===
[04:01:23]   ✓ OK (idempotent — ข้าม fix)
[04:01:23] === [1]/[2] service + containers ×3 จาก PF (healthy = ไม่แตะ) ===
[04:01:23]   ✓ OK (idempotent — ข้าม fix)
[04:01:23] === [3] node แท้ :59001 (ล่า node ร้าว + open-by-name MMF) ===
[04:01:24]   ▲ node ร้าว: PID 7252 C:\My Project\NVIDIA-Shadowplay\build\NVIDIA ShadowPlay\Overlay OSC\NvNode\NVIDIA Web Helper.exe
[04:01:24] [KILL] node ร้าว PID 7252 ← C:\My Project\NVIDIA-Shadowplay\build\NVIDIA ShadowPlay\Overlay OSC\NvNode\NVIDIA Web Helper.exe
[04:01:30] [3] start node แท้: C:\My Project\NVIDIA-Shadowplay\build\NVIDIA ShadowPlay\NvNode\NVIDIA Web Helper.exe
[04:01:34]   ✓ FIXED + verified
[04:01:34] === [4] helper (หลัง node 200 เท่านั้น — ล่า helper ผิด path) ===
[04:01:34]   ▲ helper ผิด path: PID 11668 C:\Program Files\NVIDIA Corporation\ShadowPlay\nvsphelper64.exe
[04:01:34] [KILL] helper ผิด path PID 11668
[04:01:41]   ✓ FIXED + verified
[04:01:41] === [5] Share (attach — container จะ spawn คู่ของตัวเองตอน enable เสมอ) ===
[04:01:41]   ✓ OK (idempotent — ข้าม fix)
[04:01:41] === [6] arm enable + guard รีเซ็ตเอง (m_pSettings gate) ===
[04:01:41]   ✓ OK (idempotent — ข้าม fix)
[04:01:41] === [6c] hotkey openshare verify-only (ค่าจริงอยู่ที่ registry GFEOverlayHKeyV2) ===
[04:01:41]   ✓ OK (idempotent — ข้าม fix)
[04:01:41] 
--- รายงานสรุป ---
[04:01:41]   [✓] [0] stage build tree (node/helper/Share แท้จาก Payload)  |  พร้อมอยู่แล้ว
[04:01:41]   [✓] [0e] PF anchor (node tree / helper anchor / telemetry)  |  พร้อมอยู่แล้ว
[04:01:41]   [✓] [0g] runtime dirs  |  พร้อมอยู่แล้ว
[04:01:41]   [✓] [0f]/[0f.1] GFE hardlink + Share.json mirror  |  พร้อมอยู่แล้ว
[04:01:41]   [✓] [0h] registered JS patch (ACTIVE — §20.2 capture boundary)  |  พร้อมอยู่แล้ว
[04:01:41]   [✓] [0i] PF container anchor + plugin genuine invariant (§20.9)  |  พร้อมอยู่แล้ว
[04:01:41]   [✓] [0j] ValidatePID patcher (REGISTERED-DORMANT — §20.9/§20.10)  |  พร้อมอยู่แล้ว
[04:01:41]   [✓] [1b] registry (NvNode/GFExperience/NVSPCAPS — 2 views)  |  พร้อมอยู่แล้ว
[04:01:41]   [✓] [1d] container PF flip verify (ImagePath + Watchdog)  |  พร้อมอยู่แล้ว
[04:01:41]   [✓] [1]/[2] service + containers ×3 จาก PF (healthy = ไม่แตะ)  |  พร้อมอยู่แล้ว
[04:01:41]   [✓] [3] node แท้ :59001 (ล่า node ร้าว + open-by-name MMF)  |  fix แล้ว verify ผ่าน
[04:01:41]   [✓] [4] helper (หลัง node 200 เท่านั้น — ล่า helper ผิด path)  |  fix แล้ว verify ผ่าน
[04:01:41]   [✓] [5] Share (attach — container จะ spawn คู่ของตัวเองตอน enable เสมอ)  |  พร้อมอยู่แล้ว
[04:01:41]   [✓] [6] arm enable + guard รีเซ็ตเอง (m_pSettings gate)  |  พร้อมอยู่แล้ว
[04:01:41]   [✓] [6c] hotkey openshare verify-only (ค่าจริงอยู่ที่ registry GFEOverlayHKeyV2)  |  พร้อมอยู่แล้ว
[04:01:41] สรุป: OK 15 · FAIL 0 · WARN 0
[04:01:41] จบบูต — กด Alt+X เปิด Overlay
[04:01:41] 
===== STATUS 2026-10-05 04:01:41 =====
[04:01:41] [✓] [0] stage build tree (node/helper/Share แท้จาก Payload)  |  OK
[04:01:41] [✓] [0e] PF anchor (node tree / helper anchor / telemetry)  |  OK
[04:01:41] [✓] [0g] runtime dirs  |  OK
[04:01:41] [✓] [0f]/[0f.1] GFE hardlink + Share.json mirror  |  OK
[04:01:41] [✓] [0h] registered JS patch (ACTIVE — §20.2 capture boundary)  |  OK
[04:01:41] [✓] [0i] PF container anchor + plugin genuine invariant (§20.9)  |  OK
[04:01:41] [✓] [0j] ValidatePID patcher (REGISTERED-DORMANT — §20.9/§20.10)  |  OK
[04:01:41] [✓] [1b] registry (NvNode/GFExperience/NVSPCAPS — 2 views)  |  OK
[04:01:41] [✓] [1d] container PF flip verify (ImagePath + Watchdog)  |  OK
[04:01:42] [✓] [1]/[2] service + containers ×3 จาก PF (healthy = ไม่แตะ)  |  OK
[04:01:42] [✓] [3] node แท้ :59001 (ล่า node ร้าว + open-by-name MMF)  |  OK
[04:01:42] [✓] [4] helper (หลัง node 200 เท่านั้น — ล่า helper ผิด path)  |  OK
[04:01:42] [✓] [5] Share (attach — container จะ spawn คู่ของตัวเองตอน enable เสมอ)  |  OK
[04:01:42] [✓] [6] arm enable + guard รีเซ็ตเอง (m_pSettings gate)  |  OK
[04:01:42] [✓] [6c] hotkey openshare verify-only (ค่าจริงอยู่ที่ registry GFEOverlayHKeyV2)  |  OK
[04:01:42] 
--- กระบวนการมีชีวิต ---
[04:01:42]   PID 3164  C:\Program Files\NVIDIA Corporation\NvContainer\nvcontainer.exe
[04:01:42]   PID 7008  C:\Program Files\NVIDIA Corporation\NvContainer\nvcontainer.exe
[04:01:42]   PID 5784  C:\Program Files\NVIDIA Corporation\NvContainer\nvcontainer.exe
[04:01:42]   PID 9344  C:\My Project\NVIDIA-Shadowplay\build\NVIDIA ShadowPlay\NvNode\NVIDIA Web Helper.exe
[04:01:42]   PID 12920  C:\My Project\NVIDIA-Shadowplay\build\NVIDIA ShadowPlay\ShadowPlay\nvsphelper64.exe
[04:01:42]   PID 16756  C:\Program Files\NVIDIA Corporation\NVIDIA GeForce Experience\NVIDIA Share.exe
[04:01:42]   PID 6200  C:\Program Files\NVIDIA Corporation\NVIDIA GeForce Experience\NVIDIA Share.exe
[04:01:42] 
สรุป: OK 15 · FAIL 0 · WARN 0 — กด Alt+X เปิด overlay ได้
[04:08:42] 
===== BOOT start 2026-10-05 04:08:42 =====
[04:08:42] === [0] stage build tree (node/helper/Share แท้จาก Payload) ===
[04:08:42]   ✓ OK (idempotent — ข้าม fix)
[04:08:42] === [0e] PF anchor (node tree / helper anchor / telemetry) ===
[04:08:42]   ✓ OK (idempotent — ข้าม fix)
[04:08:42] === [0g] runtime dirs ===
[04:08:42]   ✓ OK (idempotent — ข้าม fix)
[04:08:42] === [0f]/[0f.1] GFE hardlink + Share.json mirror ===
[04:08:43]   ✓ OK (idempotent — ข้าม fix)
[04:08:43] === [0h] registered JS patch (ACTIVE — §20.2 capture boundary) ===
[04:08:43]   ✓ OK (idempotent — ข้าม fix)
[04:08:43] === [0i] PF container anchor + plugin genuine invariant (§20.9) ===
[04:08:43]   ✓ OK (idempotent — ข้าม fix)
[04:08:43] === [0j] ValidatePID patcher (REGISTERED-DORMANT — §20.9/§20.10) ===
[04:08:43]   ✓ OK (idempotent — ข้าม fix)
[04:08:43] === [1b] registry (NvNode/GFExperience/NVSPCAPS — 2 views) ===
[04:08:43]   ✓ OK (idempotent — ข้าม fix)
[04:08:43] === [1d] container PF flip verify (ImagePath + Watchdog) ===
[04:08:43]   ✓ OK (idempotent — ข้าม fix)
[04:08:43] === [1]/[2] service + containers ×3 จาก PF (healthy = ไม่แตะ) ===
[04:08:43]   ✓ OK (idempotent — ข้าม fix)
[04:08:43] === [3] node แท้ :59001 (ล่า node ร้าว + open-by-name MMF) ===
[04:08:43]   ✓ OK (idempotent — ข้าม fix)
[04:08:43] === [4] helper (หลัง node 200 เท่านั้น — ล่า helper ผิด path) ===
[04:08:43]   ✓ OK (idempotent — ข้าม fix)
[04:08:43] === [5] Share (attach — container จะ spawn คู่ของตัวเองตอน enable เสมอ) ===
[04:08:43]   ✓ OK (idempotent — ข้าม fix)
[04:08:43] === [6] arm enable + guard รีเซ็ตเอง (m_pSettings gate) ===
[04:08:43]   ✓ OK (idempotent — ข้าม fix)
[04:08:43] === [6c] hotkey openshare verify-only (ค่าจริงอยู่ที่ registry GFEOverlayHKeyV2) ===
[04:08:43]   ✓ OK (idempotent — ข้าม fix)
[04:08:43] 
--- รายงานสรุป ---
[04:08:43]   [✓] [0] stage build tree (node/helper/Share แท้จาก Payload)  |  พร้อมอยู่แล้ว
[04:08:43]   [✓] [0e] PF anchor (node tree / helper anchor / telemetry)  |  พร้อมอยู่แล้ว
[04:08:43]   [✓] [0g] runtime dirs  |  พร้อมอยู่แล้ว
[04:08:43]   [✓] [0f]/[0f.1] GFE hardlink + Share.json mirror  |  พร้อมอยู่แล้ว
[04:08:43]   [✓] [0h] registered JS patch (ACTIVE — §20.2 capture boundary)  |  พร้อมอยู่แล้ว
[04:08:43]   [✓] [0i] PF container anchor + plugin genuine invariant (§20.9)  |  พร้อมอยู่แล้ว
[04:08:43]   [✓] [0j] ValidatePID patcher (REGISTERED-DORMANT — §20.9/§20.10)  |  พร้อมอยู่แล้ว
[04:08:43]   [✓] [1b] registry (NvNode/GFExperience/NVSPCAPS — 2 views)  |  พร้อมอยู่แล้ว
[04:08:43]   [✓] [1d] container PF flip verify (ImagePath + Watchdog)  |  พร้อมอยู่แล้ว
[04:08:43]   [✓] [1]/[2] service + containers ×3 จาก PF (healthy = ไม่แตะ)  |  พร้อมอยู่แล้ว
[04:08:43]   [✓] [3] node แท้ :59001 (ล่า node ร้าว + open-by-name MMF)  |  พร้อมอยู่แล้ว
[04:08:43]   [✓] [4] helper (หลัง node 200 เท่านั้น — ล่า helper ผิด path)  |  พร้อมอยู่แล้ว
[04:08:43]   [✓] [5] Share (attach — container จะ spawn คู่ของตัวเองตอน enable เสมอ)  |  พร้อมอยู่แล้ว
[04:08:43]   [✓] [6] arm enable + guard รีเซ็ตเอง (m_pSettings gate)  |  พร้อมอยู่แล้ว
[04:08:43]   [✓] [6c] hotkey openshare verify-only (ค่าจริงอยู่ที่ registry GFEOverlayHKeyV2)  |  พร้อมอยู่แล้ว
[04:08:43] สรุป: OK 15 · FAIL 0 · WARN 0
[04:08:43] จบบูต — กด Alt+X เปิด Overlay
[04:08:48] 
===== BOOT start 2026-10-05 04:08:48 =====
[04:08:48] === [0] stage build tree (node/helper/Share แท้จาก Payload) ===
[04:08:48]   ✓ OK (idempotent — ข้าม fix)
[04:08:48] === [0e] PF anchor (node tree / helper anchor / telemetry) ===
[04:08:48]   ✓ OK (idempotent — ข้าม fix)
[04:08:48] === [0g] runtime dirs ===
[04:08:48]   ✓ OK (idempotent — ข้าม fix)
[04:08:48] === [0f]/[0f.1] GFE hardlink + Share.json mirror ===
[04:08:48]   ✓ OK (idempotent — ข้าม fix)
[04:08:48] === [0h] registered JS patch (ACTIVE — §20.2 capture boundary) ===
[04:08:48]   ✓ OK (idempotent — ข้าม fix)
[04:08:48] === [0i] PF container anchor + plugin genuine invariant (§20.9) ===
[04:08:48]   ✓ OK (idempotent — ข้าม fix)
[04:08:48] === [0j] ValidatePID patcher (REGISTERED-DORMANT — §20.9/§20.10) ===
[04:08:48]   ✓ OK (idempotent — ข้าม fix)
[04:08:48] === [1b] registry (NvNode/GFExperience/NVSPCAPS — 2 views) ===
[04:08:48]   ✓ OK (idempotent — ข้าม fix)
[04:08:48] === [1d] container PF flip verify (ImagePath + Watchdog) ===
[04:08:48]   ✓ OK (idempotent — ข้าม fix)
[04:08:48] === [1]/[2] service + containers ×3 จาก PF (healthy = ไม่แตะ) ===
[04:08:49]   ✓ OK (idempotent — ข้าม fix)
[04:08:49] === [3] node แท้ :59001 (ล่า node ร้าว + open-by-name MMF) ===
[04:08:49]   ✓ OK (idempotent — ข้าม fix)
[04:08:49] === [4] helper (หลัง node 200 เท่านั้น — ล่า helper ผิด path) ===
[04:08:49]   ✓ OK (idempotent — ข้าม fix)
[04:08:49] === [5] Share (attach — container จะ spawn คู่ของตัวเองตอน enable เสมอ) ===
[04:08:49]   ✓ OK (idempotent — ข้าม fix)
[04:08:49] === [6] arm enable + guard รีเซ็ตเอง (m_pSettings gate) ===
[04:08:49]   ✓ OK (idempotent — ข้าม fix)
[04:08:49] === [6c] hotkey openshare verify-only (ค่าจริงอยู่ที่ registry GFEOverlayHKeyV2) ===
[04:08:49]   ✓ OK (idempotent — ข้าม fix)
[04:08:49] 
--- รายงานสรุป ---
[04:08:49]   [✓] [0] stage build tree (node/helper/Share แท้จาก Payload)  |  พร้อมอยู่แล้ว
[04:08:49]   [✓] [0e] PF anchor (node tree / helper anchor / telemetry)  |  พร้อมอยู่แล้ว
[04:08:49]   [✓] [0g] runtime dirs  |  พร้อมอยู่แล้ว
[04:08:49]   [✓] [0f]/[0f.1] GFE hardlink + Share.json mirror  |  พร้อมอยู่แล้ว
[04:08:49]   [✓] [0h] registered JS patch (ACTIVE — §20.2 capture boundary)  |  พร้อมอยู่แล้ว
[04:08:49]   [✓] [0i] PF container anchor + plugin genuine invariant (§20.9)  |  พร้อมอยู่แล้ว
[04:08:49]   [✓] [0j] ValidatePID patcher (REGISTERED-DORMANT — §20.9/§20.10)  |  พร้อมอยู่แล้ว
[04:08:49]   [✓] [1b] registry (NvNode/GFExperience/NVSPCAPS — 2 views)  |  พร้อมอยู่แล้ว
[04:08:49]   [✓] [1d] container PF flip verify (ImagePath + Watchdog)  |  พร้อมอยู่แล้ว
[04:08:49]   [✓] [1]/[2] service + containers ×3 จาก PF (healthy = ไม่แตะ)  |  พร้อมอยู่แล้ว
[04:08:49]   [✓] [3] node แท้ :59001 (ล่า node ร้าว + open-by-name MMF)  |  พร้อมอยู่แล้ว
[04:08:49]   [✓] [4] helper (หลัง node 200 เท่านั้น — ล่า helper ผิด path)  |  พร้อมอยู่แล้ว
[04:08:49]   [✓] [5] Share (attach — container จะ spawn คู่ของตัวเองตอน enable เสมอ)  |  พร้อมอยู่แล้ว
[04:08:49]   [✓] [6] arm enable + guard รีเซ็ตเอง (m_pSettings gate)  |  พร้อมอยู่แล้ว
[04:08:49]   [✓] [6c] hotkey openshare verify-only (ค่าจริงอยู่ที่ registry GFEOverlayHKeyV2)  |  พร้อมอยู่แล้ว
[04:08:49] สรุป: OK 15 · FAIL 0 · WARN 0
[04:08:49] จบบูต — กด Alt+X เปิด Overlay
[04:08:54] 
===== BOOT start 2026-10-05 04:08:54 =====
[04:08:54] === [0] stage build tree (node/helper/Share แท้จาก Payload) ===
[04:08:54]   ✓ OK (idempotent — ข้าม fix)
[04:08:54] === [0e] PF anchor (node tree / helper anchor / telemetry) ===
[04:08:54]   ✓ OK (idempotent — ข้าม fix)
[04:08:54] === [0g] runtime dirs ===
[04:08:54]   ✓ OK (idempotent — ข้าม fix)
[04:08:54] === [0f]/[0f.1] GFE hardlink + Share.json mirror ===
[04:08:54]   ✓ OK (idempotent — ข้าม fix)
[04:08:54] === [0h] registered JS patch (ACTIVE — §20.2 capture boundary) ===
[04:08:54]   ✓ OK (idempotent — ข้าม fix)
[04:08:54] === [0i] PF container anchor + plugin genuine invariant (§20.9) ===
[04:08:54]   ✓ OK (idempotent — ข้าม fix)
[04:08:54] === [0j] ValidatePID patcher (REGISTERED-DORMANT — §20.9/§20.10) ===
[04:08:54]   ✓ OK (idempotent — ข้าม fix)
[04:08:54] === [1b] registry (NvNode/GFExperience/NVSPCAPS — 2 views) ===
[04:08:54]   ✓ OK (idempotent — ข้าม fix)
[04:08:54] === [1d] container PF flip verify (ImagePath + Watchdog) ===
[04:08:54]   ✓ OK (idempotent — ข้าม fix)
[04:08:54] === [1]/[2] service + containers ×3 จาก PF (healthy = ไม่แตะ) ===
[04:08:54]   ✓ OK (idempotent — ข้าม fix)
[04:08:54] === [3] node แท้ :59001 (ล่า node ร้าว + open-by-name MMF) ===
[04:08:55]   ✓ OK (idempotent — ข้าม fix)
[04:08:55] === [4] helper (หลัง node 200 เท่านั้น — ล่า helper ผิด path) ===
[04:08:55]   ✓ OK (idempotent — ข้าม fix)
[04:08:55] === [5] Share (attach — container จะ spawn คู่ของตัวเองตอน enable เสมอ) ===
[04:08:55]   ✓ OK (idempotent — ข้าม fix)
[04:08:55] === [6] arm enable + guard รีเซ็ตเอง (m_pSettings gate) ===
[04:08:55]   ✓ OK (idempotent — ข้าม fix)
[04:08:55] === [6c] hotkey openshare verify-only (ค่าจริงอยู่ที่ registry GFEOverlayHKeyV2) ===
[04:08:55]   ✓ OK (idempotent — ข้าม fix)
[04:08:55] 
--- รายงานสรุป ---
[04:08:55]   [✓] [0] stage build tree (node/helper/Share แท้จาก Payload)  |  พร้อมอยู่แล้ว
[04:08:55]   [✓] [0e] PF anchor (node tree / helper anchor / telemetry)  |  พร้อมอยู่แล้ว
[04:08:55]   [✓] [0g] runtime dirs  |  พร้อมอยู่แล้ว
[04:08:55]   [✓] [0f]/[0f.1] GFE hardlink + Share.json mirror  |  พร้อมอยู่แล้ว
[04:08:55]   [✓] [0h] registered JS patch (ACTIVE — §20.2 capture boundary)  |  พร้อมอยู่แล้ว
[04:08:55]   [✓] [0i] PF container anchor + plugin genuine invariant (§20.9)  |  พร้อมอยู่แล้ว
[04:08:55]   [✓] [0j] ValidatePID patcher (REGISTERED-DORMANT — §20.9/§20.10)  |  พร้อมอยู่แล้ว
[04:08:55]   [✓] [1b] registry (NvNode/GFExperience/NVSPCAPS — 2 views)  |  พร้อมอยู่แล้ว
[04:08:55]   [✓] [1d] container PF flip verify (ImagePath + Watchdog)  |  พร้อมอยู่แล้ว
[04:08:55]   [✓] [1]/[2] service + containers ×3 จาก PF (healthy = ไม่แตะ)  |  พร้อมอยู่แล้ว
[04:08:55]   [✓] [3] node แท้ :59001 (ล่า node ร้าว + open-by-name MMF)  |  พร้อมอยู่แล้ว
[04:08:55]   [✓] [4] helper (หลัง node 200 เท่านั้น — ล่า helper ผิด path)  |  พร้อมอยู่แล้ว
[04:08:55]   [✓] [5] Share (attach — container จะ spawn คู่ของตัวเองตอน enable เสมอ)  |  พร้อมอยู่แล้ว
[04:08:55]   [✓] [6] arm enable + guard รีเซ็ตเอง (m_pSettings gate)  |  พร้อมอยู่แล้ว
[04:08:55]   [✓] [6c] hotkey openshare verify-only (ค่าจริงอยู่ที่ registry GFEOverlayHKeyV2)  |  พร้อมอยู่แล้ว
[04:08:55] สรุป: OK 15 · FAIL 0 · WARN 0
[04:08:55] จบบูต — กด Alt+X เปิด Overlay
[04:08:59] 
===== BOOT start 2026-10-05 04:08:59 =====
[04:08:59] === [0] stage build tree (node/helper/Share แท้จาก Payload) ===
[04:08:59]   ✓ OK (idempotent — ข้าม fix)
[04:08:59] === [0e] PF anchor (node tree / helper anchor / telemetry) ===
[04:08:59]   ✓ OK (idempotent — ข้าม fix)
[04:08:59] === [0g] runtime dirs ===
[04:08:59]   ✓ OK (idempotent — ข้าม fix)
[04:08:59] === [0f]/[0f.1] GFE hardlink + Share.json mirror ===
[04:08:59]   ✓ OK (idempotent — ข้าม fix)
[04:08:59] === [0h] registered JS patch (ACTIVE — §20.2 capture boundary) ===
[04:08:59]   ✓ OK (idempotent — ข้าม fix)
[04:08:59] === [0i] PF container anchor + plugin genuine invariant (§20.9) ===
[04:08:59]   ✓ OK (idempotent — ข้าม fix)
[04:08:59] === [0j] ValidatePID patcher (REGISTERED-DORMANT — §20.9/§20.10) ===
[04:08:59]   ✓ OK (idempotent — ข้าม fix)
[04:08:59] === [1b] registry (NvNode/GFExperience/NVSPCAPS — 2 views) ===
[04:08:59]   ✓ OK (idempotent — ข้าม fix)
[04:08:59] === [1d] container PF flip verify (ImagePath + Watchdog) ===
[04:08:59]   ✓ OK (idempotent — ข้าม fix)
[04:08:59] === [1]/[2] service + containers ×3 จาก PF (healthy = ไม่แตะ) ===
[04:08:59]   ✓ OK (idempotent — ข้าม fix)
[04:08:59] === [3] node แท้ :59001 (ล่า node ร้าว + open-by-name MMF) ===
[04:08:59]   ✓ OK (idempotent — ข้าม fix)
[04:08:59] === [4] helper (หลัง node 200 เท่านั้น — ล่า helper ผิด path) ===
[04:08:59]   ✓ OK (idempotent — ข้าม fix)
[04:08:59] === [5] Share (attach — container จะ spawn คู่ของตัวเองตอน enable เสมอ) ===
[04:08:59]   ✓ OK (idempotent — ข้าม fix)
[04:08:59] === [6] arm enable + guard รีเซ็ตเอง (m_pSettings gate) ===
[04:08:59]   ✓ OK (idempotent — ข้าม fix)
[04:08:59] === [6c] hotkey openshare verify-only (ค่าจริงอยู่ที่ registry GFEOverlayHKeyV2) ===
[04:08:59]   ✓ OK (idempotent — ข้าม fix)
[04:08:59] 
--- รายงานสรุป ---
[04:08:59]   [✓] [0] stage build tree (node/helper/Share แท้จาก Payload)  |  พร้อมอยู่แล้ว
[04:08:59]   [✓] [0e] PF anchor (node tree / helper anchor / telemetry)  |  พร้อมอยู่แล้ว
[04:08:59]   [✓] [0g] runtime dirs  |  พร้อมอยู่แล้ว
[04:08:59]   [✓] [0f]/[0f.1] GFE hardlink + Share.json mirror  |  พร้อมอยู่แล้ว
[04:08:59]   [✓] [0h] registered JS patch (ACTIVE — §20.2 capture boundary)  |  พร้อมอยู่แล้ว
[04:08:59]   [✓] [0i] PF container anchor + plugin genuine invariant (§20.9)  |  พร้อมอยู่แล้ว
[04:08:59]   [✓] [0j] ValidatePID patcher (REGISTERED-DORMANT — §20.9/§20.10)  |  พร้อมอยู่แล้ว
[04:08:59]   [✓] [1b] registry (NvNode/GFExperience/NVSPCAPS — 2 views)  |  พร้อมอยู่แล้ว
[04:08:59]   [✓] [1d] container PF flip verify (ImagePath + Watchdog)  |  พร้อมอยู่แล้ว
[04:08:59]   [✓] [1]/[2] service + containers ×3 จาก PF (healthy = ไม่แตะ)  |  พร้อมอยู่แล้ว
[04:08:59]   [✓] [3] node แท้ :59001 (ล่า node ร้าว + open-by-name MMF)  |  พร้อมอยู่แล้ว
[04:08:59]   [✓] [4] helper (หลัง node 200 เท่านั้น — ล่า helper ผิด path)  |  พร้อมอยู่แล้ว
[04:08:59]   [✓] [5] Share (attach — container จะ spawn คู่ของตัวเองตอน enable เสมอ)  |  พร้อมอยู่แล้ว
[04:08:59]   [✓] [6] arm enable + guard รีเซ็ตเอง (m_pSettings gate)  |  พร้อมอยู่แล้ว
[04:08:59]   [✓] [6c] hotkey openshare verify-only (ค่าจริงอยู่ที่ registry GFEOverlayHKeyV2)  |  พร้อมอยู่แล้ว
[04:08:59] สรุป: OK 15 · FAIL 0 · WARN 0
[04:08:59] จบบูต — กด Alt+X เปิด Overlay
[04:09:04] 
===== BOOT start 2026-10-05 04:09:04 =====
[04:09:04] === [0] stage build tree (node/helper/Share แท้จาก Payload) ===
[04:09:04]   ✓ OK (idempotent — ข้าม fix)
[04:09:04] === [0e] PF anchor (node tree / helper anchor / telemetry) ===
[04:09:04]   ✓ OK (idempotent — ข้าม fix)
[04:09:04] === [0g] runtime dirs ===
[04:09:04]   ✓ OK (idempotent — ข้าม fix)
[04:09:04] === [0f]/[0f.1] GFE hardlink + Share.json mirror ===
[04:09:04]   ✓ OK (idempotent — ข้าม fix)
[04:09:04] === [0h] registered JS patch (ACTIVE — §20.2 capture boundary) ===
[04:09:04]   ✓ OK (idempotent — ข้าม fix)
[04:09:04] === [0i] PF container anchor + plugin genuine invariant (§20.9) ===
[04:09:04]   ✓ OK (idempotent — ข้าม fix)
[04:09:04] === [0j] ValidatePID patcher (REGISTERED-DORMANT — §20.9/§20.10) ===
[04:09:04]   ✓ OK (idempotent — ข้าม fix)
[04:09:04] === [1b] registry (NvNode/GFExperience/NVSPCAPS — 2 views) ===
[04:09:04]   ✓ OK (idempotent — ข้าม fix)
[04:09:04] === [1d] container PF flip verify (ImagePath + Watchdog) ===
[04:09:04]   ✓ OK (idempotent — ข้าม fix)
[04:09:04] === [1]/[2] service + containers ×3 จาก PF (healthy = ไม่แตะ) ===
[04:09:04]   ✓ OK (idempotent — ข้าม fix)
[04:09:04] === [3] node แท้ :59001 (ล่า node ร้าว + open-by-name MMF) ===
[04:09:04]   ✓ OK (idempotent — ข้าม fix)
[04:09:04] === [4] helper (หลัง node 200 เท่านั้น — ล่า helper ผิด path) ===
[04:09:04]   ✓ OK (idempotent — ข้าม fix)
[04:09:04] === [5] Share (attach — container จะ spawn คู่ของตัวเองตอน enable เสมอ) ===
[04:09:04]   ✓ OK (idempotent — ข้าม fix)
[04:09:04] === [6] arm enable + guard รีเซ็ตเอง (m_pSettings gate) ===
[04:09:04]   ✓ OK (idempotent — ข้าม fix)
[04:09:04] === [6c] hotkey openshare verify-only (ค่าจริงอยู่ที่ registry GFEOverlayHKeyV2) ===
[04:09:04]   ✓ OK (idempotent — ข้าม fix)
[04:09:04] 
--- รายงานสรุป ---
[04:09:04]   [✓] [0] stage build tree (node/helper/Share แท้จาก Payload)  |  พร้อมอยู่แล้ว
[04:09:04]   [✓] [0e] PF anchor (node tree / helper anchor / telemetry)  |  พร้อมอยู่แล้ว
[04:09:04]   [✓] [0g] runtime dirs  |  พร้อมอยู่แล้ว
[04:09:04]   [✓] [0f]/[0f.1] GFE hardlink + Share.json mirror  |  พร้อมอยู่แล้ว
[04:09:04]   [✓] [0h] registered JS patch (ACTIVE — §20.2 capture boundary)  |  พร้อมอยู่แล้ว
[04:09:04]   [✓] [0i] PF container anchor + plugin genuine invariant (§20.9)  |  พร้อมอยู่แล้ว
[04:09:04]   [✓] [0j] ValidatePID patcher (REGISTERED-DORMANT — §20.9/§20.10)  |  พร้อมอยู่แล้ว
[04:09:04]   [✓] [1b] registry (NvNode/GFExperience/NVSPCAPS — 2 views)  |  พร้อมอยู่แล้ว
[04:09:04]   [✓] [1d] container PF flip verify (ImagePath + Watchdog)  |  พร้อมอยู่แล้ว
[04:09:04]   [✓] [1]/[2] service + containers ×3 จาก PF (healthy = ไม่แตะ)  |  พร้อมอยู่แล้ว
[04:09:04]   [✓] [3] node แท้ :59001 (ล่า node ร้าว + open-by-name MMF)  |  พร้อมอยู่แล้ว
[04:09:04]   [✓] [4] helper (หลัง node 200 เท่านั้น — ล่า helper ผิด path)  |  พร้อมอยู่แล้ว
[04:09:04]   [✓] [5] Share (attach — container จะ spawn คู่ของตัวเองตอน enable เสมอ)  |  พร้อมอยู่แล้ว
[04:09:04]   [✓] [6] arm enable + guard รีเซ็ตเอง (m_pSettings gate)  |  พร้อมอยู่แล้ว
[04:09:04]   [✓] [6c] hotkey openshare verify-only (ค่าจริงอยู่ที่ registry GFEOverlayHKeyV2)  |  พร้อมอยู่แล้ว
[04:09:04] สรุป: OK 15 · FAIL 0 · WARN 0
[04:09:04] จบบูต — กด Alt+X เปิด Overlay
[04:09:08] 
===== BOOT start 2026-10-05 04:09:08 =====
[04:09:08] === [0] stage build tree (node/helper/Share แท้จาก Payload) ===
[04:09:08]   ✓ OK (idempotent — ข้าม fix)
[04:09:08] === [0e] PF anchor (node tree / helper anchor / telemetry) ===
[04:09:08]   ✓ OK (idempotent — ข้าม fix)
[04:09:08] === [0g] runtime dirs ===
[04:09:08]   ✓ OK (idempotent — ข้าม fix)
[04:09:08] === [0f]/[0f.1] GFE hardlink + Share.json mirror ===
[04:09:09]   ✓ OK (idempotent — ข้าม fix)
[04:09:09] === [0h] registered JS patch (ACTIVE — §20.2 capture boundary) ===
[04:09:09]   ✓ OK (idempotent — ข้าม fix)
[04:09:09] === [0i] PF container anchor + plugin genuine invariant (§20.9) ===
[04:09:09]   ✓ OK (idempotent — ข้าม fix)
[04:09:09] === [0j] ValidatePID patcher (REGISTERED-DORMANT — §20.9/§20.10) ===
[04:09:09]   ✓ OK (idempotent — ข้าม fix)
[04:09:09] === [1b] registry (NvNode/GFExperience/NVSPCAPS — 2 views) ===
[04:09:09]   ✓ OK (idempotent — ข้าม fix)
[04:09:09] === [1d] container PF flip verify (ImagePath + Watchdog) ===
[04:09:09]   ✓ OK (idempotent — ข้าม fix)
[04:09:09] === [1]/[2] service + containers ×3 จาก PF (healthy = ไม่แตะ) ===
[04:09:09]   ✓ OK (idempotent — ข้าม fix)
[04:09:09] === [3] node แท้ :59001 (ล่า node ร้าว + open-by-name MMF) ===
[04:09:09]   ✓ OK (idempotent — ข้าม fix)
[04:09:09] === [4] helper (หลัง node 200 เท่านั้น — ล่า helper ผิด path) ===
[04:09:09]   ✓ OK (idempotent — ข้าม fix)
[04:09:09] === [5] Share (attach — container จะ spawn คู่ของตัวเองตอน enable เสมอ) ===
[04:09:09]   ✓ OK (idempotent — ข้าม fix)
[04:09:09] === [6] arm enable + guard รีเซ็ตเอง (m_pSettings gate) ===
[04:09:09]   ✓ OK (idempotent — ข้าม fix)
[04:09:09] === [6c] hotkey openshare verify-only (ค่าจริงอยู่ที่ registry GFEOverlayHKeyV2) ===
[04:09:09]   ✓ OK (idempotent — ข้าม fix)
[04:09:09] 
--- รายงานสรุป ---
[04:09:09]   [✓] [0] stage build tree (node/helper/Share แท้จาก Payload)  |  พร้อมอยู่แล้ว
[04:09:09]   [✓] [0e] PF anchor (node tree / helper anchor / telemetry)  |  พร้อมอยู่แล้ว
[04:09:09]   [✓] [0g] runtime dirs  |  พร้อมอยู่แล้ว
[04:09:09]   [✓] [0f]/[0f.1] GFE hardlink + Share.json mirror  |  พร้อมอยู่แล้ว
[04:09:09]   [✓] [0h] registered JS patch (ACTIVE — §20.2 capture boundary)  |  พร้อมอยู่แล้ว
[04:09:09]   [✓] [0i] PF container anchor + plugin genuine invariant (§20.9)  |  พร้อมอยู่แล้ว
[04:09:09]   [✓] [0j] ValidatePID patcher (REGISTERED-DORMANT — §20.9/§20.10)  |  พร้อมอยู่แล้ว
[04:09:09]   [✓] [1b] registry (NvNode/GFExperience/NVSPCAPS — 2 views)  |  พร้อมอยู่แล้ว
[04:09:09]   [✓] [1d] container PF flip verify (ImagePath + Watchdog)  |  พร้อมอยู่แล้ว
[04:09:09]   [✓] [1]/[2] service + containers ×3 จาก PF (healthy = ไม่แตะ)  |  พร้อมอยู่แล้ว
[04:09:09]   [✓] [3] node แท้ :59001 (ล่า node ร้าว + open-by-name MMF)  |  พร้อมอยู่แล้ว
[04:09:09]   [✓] [4] helper (หลัง node 200 เท่านั้น — ล่า helper ผิด path)  |  พร้อมอยู่แล้ว
[04:09:09]   [✓] [5] Share (attach — container จะ spawn คู่ของตัวเองตอน enable เสมอ)  |  พร้อมอยู่แล้ว
[04:09:09]   [✓] [6] arm enable + guard รีเซ็ตเอง (m_pSettings gate)  |  พร้อมอยู่แล้ว
[04:09:09]   [✓] [6c] hotkey openshare verify-only (ค่าจริงอยู่ที่ registry GFEOverlayHKeyV2)  |  พร้อมอยู่แล้ว
[04:09:09] สรุป: OK 15 · FAIL 0 · WARN 0
[04:09:09] จบบูต — กด Alt+X เปิด Overlay
[04:09:13] 
===== BOOT start 2026-10-05 04:09:13 =====
[04:09:13] === [0] stage build tree (node/helper/Share แท้จาก Payload) ===
[04:09:13]   ✓ OK (idempotent — ข้าม fix)
[04:09:13] === [0e] PF anchor (node tree / helper anchor / telemetry) ===
[04:09:13]   ✓ OK (idempotent — ข้าม fix)
[04:09:13] === [0g] runtime dirs ===
[04:09:13]   ✓ OK (idempotent — ข้าม fix)
[04:09:13] === [0f]/[0f.1] GFE hardlink + Share.json mirror ===
[04:09:13]   ✓ OK (idempotent — ข้าม fix)
[04:09:13] === [0h] registered JS patch (ACTIVE — §20.2 capture boundary) ===
[04:09:13]   ✓ OK (idempotent — ข้าม fix)
[04:09:13] === [0i] PF container anchor + plugin genuine invariant (§20.9) ===
[04:09:13]   ✓ OK (idempotent — ข้าม fix)
[04:09:13] === [0j] ValidatePID patcher (REGISTERED-DORMANT — §20.9/§20.10) ===
[04:09:13]   ✓ OK (idempotent — ข้าม fix)
[04:09:13] === [1b] registry (NvNode/GFExperience/NVSPCAPS — 2 views) ===
[04:09:13]   ✓ OK (idempotent — ข้าม fix)
[04:09:13] === [1d] container PF flip verify (ImagePath + Watchdog) ===
[04:09:13]   ✓ OK (idempotent — ข้าม fix)
[04:09:13] === [1]/[2] service + containers ×3 จาก PF (healthy = ไม่แตะ) ===
[04:09:13]   ✓ OK (idempotent — ข้าม fix)
[04:09:13] === [3] node แท้ :59001 (ล่า node ร้าว + open-by-name MMF) ===
[04:09:13]   ✓ OK (idempotent — ข้าม fix)
[04:09:13] === [4] helper (หลัง node 200 เท่านั้น — ล่า helper ผิด path) ===
[04:09:13]   ✓ OK (idempotent — ข้าม fix)
[04:09:13] === [5] Share (attach — container จะ spawn คู่ของตัวเองตอน enable เสมอ) ===
[04:09:13]   ✓ OK (idempotent — ข้าม fix)
[04:09:13] === [6] arm enable + guard รีเซ็ตเอง (m_pSettings gate) ===
[04:09:13]   ✓ OK (idempotent — ข้าม fix)
[04:09:13] === [6c] hotkey openshare verify-only (ค่าจริงอยู่ที่ registry GFEOverlayHKeyV2) ===
[04:09:13]   ✓ OK (idempotent — ข้าม fix)
[04:09:13] 
--- รายงานสรุป ---
[04:09:13]   [✓] [0] stage build tree (node/helper/Share แท้จาก Payload)  |  พร้อมอยู่แล้ว
[04:09:13]   [✓] [0e] PF anchor (node tree / helper anchor / telemetry)  |  พร้อมอยู่แล้ว
[04:09:13]   [✓] [0g] runtime dirs  |  พร้อมอยู่แล้ว
[04:09:13]   [✓] [0f]/[0f.1] GFE hardlink + Share.json mirror  |  พร้อมอยู่แล้ว
[04:09:13]   [✓] [0h] registered JS patch (ACTIVE — §20.2 capture boundary)  |  พร้อมอยู่แล้ว
[04:09:13]   [✓] [0i] PF container anchor + plugin genuine invariant (§20.9)  |  พร้อมอยู่แล้ว
[04:09:13]   [✓] [0j] ValidatePID patcher (REGISTERED-DORMANT — §20.9/§20.10)  |  พร้อมอยู่แล้ว
[04:09:13]   [✓] [1b] registry (NvNode/GFExperience/NVSPCAPS — 2 views)  |  พร้อมอยู่แล้ว
[04:09:13]   [✓] [1d] container PF flip verify (ImagePath + Watchdog)  |  พร้อมอยู่แล้ว
[04:09:13]   [✓] [1]/[2] service + containers ×3 จาก PF (healthy = ไม่แตะ)  |  พร้อมอยู่แล้ว
[04:09:13]   [✓] [3] node แท้ :59001 (ล่า node ร้าว + open-by-name MMF)  |  พร้อมอยู่แล้ว
[04:09:13]   [✓] [4] helper (หลัง node 200 เท่านั้น — ล่า helper ผิด path)  |  พร้อมอยู่แล้ว
[04:09:13]   [✓] [5] Share (attach — container จะ spawn คู่ของตัวเองตอน enable เสมอ)  |  พร้อมอยู่แล้ว
[04:09:13]   [✓] [6] arm enable + guard รีเซ็ตเอง (m_pSettings gate)  |  พร้อมอยู่แล้ว
[04:09:13]   [✓] [6c] hotkey openshare verify-only (ค่าจริงอยู่ที่ registry GFEOverlayHKeyV2)  |  พร้อมอยู่แล้ว
[04:09:13] สรุป: OK 15 · FAIL 0 · WARN 0
[04:09:13] จบบูต — กด Alt+X เปิด Overlay
[04:09:19] 
===== BOOT start 2026-10-05 04:09:19 =====
[04:09:19] === [0] stage build tree (node/helper/Share แท้จาก Payload) ===
[04:09:19]   ✓ OK (idempotent — ข้าม fix)
[04:09:19] === [0e] PF anchor (node tree / helper anchor / telemetry) ===
[04:09:19]   ✓ OK (idempotent — ข้าม fix)
[04:09:19] === [0g] runtime dirs ===
[04:09:19]   ✓ OK (idempotent — ข้าม fix)
[04:09:19] === [0f]/[0f.1] GFE hardlink + Share.json mirror ===
[04:09:19]   ✓ OK (idempotent — ข้าม fix)
[04:09:19] === [0h] registered JS patch (ACTIVE — §20.2 capture boundary) ===
[04:09:19]   ✓ OK (idempotent — ข้าม fix)
[04:09:19] === [0i] PF container anchor + plugin genuine invariant (§20.9) ===
[04:09:19]   ✓ OK (idempotent — ข้าม fix)
[04:09:19] === [0j] ValidatePID patcher (REGISTERED-DORMANT — §20.9/§20.10) ===
[04:09:19]   ✓ OK (idempotent — ข้าม fix)
[04:09:19] === [1b] registry (NvNode/GFExperience/NVSPCAPS — 2 views) ===
[04:09:19]   ✓ OK (idempotent — ข้าม fix)
[04:09:19] === [1d] container PF flip verify (ImagePath + Watchdog) ===
[04:09:19]   ✓ OK (idempotent — ข้าม fix)
[04:09:19] === [1]/[2] service + containers ×3 จาก PF (healthy = ไม่แตะ) ===
[04:09:19]   ✓ OK (idempotent — ข้าม fix)
[04:09:19] === [3] node แท้ :59001 (ล่า node ร้าว + open-by-name MMF) ===
[04:09:19]   ✓ OK (idempotent — ข้าม fix)
[04:09:19] === [4] helper (หลัง node 200 เท่านั้น — ล่า helper ผิด path) ===
[04:09:19]   ✓ OK (idempotent — ข้าม fix)
[04:09:19] === [5] Share (attach — container จะ spawn คู่ของตัวเองตอน enable เสมอ) ===
[04:09:19]   ✓ OK (idempotent — ข้าม fix)
[04:09:19] === [6] arm enable + guard รีเซ็ตเอง (m_pSettings gate) ===
[04:09:19]   ✓ OK (idempotent — ข้าม fix)
[04:09:19] === [6c] hotkey openshare verify-only (ค่าจริงอยู่ที่ registry GFEOverlayHKeyV2) ===
[04:09:19]   ✓ OK (idempotent — ข้าม fix)
[04:09:19] 
--- รายงานสรุป ---
[04:09:19]   [✓] [0] stage build tree (node/helper/Share แท้จาก Payload)  |  พร้อมอยู่แล้ว
[04:09:19]   [✓] [0e] PF anchor (node tree / helper anchor / telemetry)  |  พร้อมอยู่แล้ว
[04:09:19]   [✓] [0g] runtime dirs  |  พร้อมอยู่แล้ว
[04:09:19]   [✓] [0f]/[0f.1] GFE hardlink + Share.json mirror  |  พร้อมอยู่แล้ว
[04:09:19]   [✓] [0h] registered JS patch (ACTIVE — §20.2 capture boundary)  |  พร้อมอยู่แล้ว
[04:09:19]   [✓] [0i] PF container anchor + plugin genuine invariant (§20.9)  |  พร้อมอยู่แล้ว
[04:09:19]   [✓] [0j] ValidatePID patcher (REGISTERED-DORMANT — §20.9/§20.10)  |  พร้อมอยู่แล้ว
[04:09:19]   [✓] [1b] registry (NvNode/GFExperience/NVSPCAPS — 2 views)  |  พร้อมอยู่แล้ว
[04:09:19]   [✓] [1d] container PF flip verify (ImagePath + Watchdog)  |  พร้อมอยู่แล้ว
[04:09:19]   [✓] [1]/[2] service + containers ×3 จาก PF (healthy = ไม่แตะ)  |  พร้อมอยู่แล้ว
[04:09:19]   [✓] [3] node แท้ :59001 (ล่า node ร้าว + open-by-name MMF)  |  พร้อมอยู่แล้ว
[04:09:19]   [✓] [4] helper (หลัง node 200 เท่านั้น — ล่า helper ผิด path)  |  พร้อมอยู่แล้ว
[04:09:19]   [✓] [5] Share (attach — container จะ spawn คู่ของตัวเองตอน enable เสมอ)  |  พร้อมอยู่แล้ว
[04:09:19]   [✓] [6] arm enable + guard รีเซ็ตเอง (m_pSettings gate)  |  พร้อมอยู่แล้ว
[04:09:19]   [✓] [6c] hotkey openshare verify-only (ค่าจริงอยู่ที่ registry GFEOverlayHKeyV2)  |  พร้อมอยู่แล้ว
[04:09:19] สรุป: OK 15 · FAIL 0 · WARN 0
[04:09:19] จบบูต — กด Alt+X เปิด Overlay
[04:09:24] 
===== BOOT start 2026-10-05 04:09:24 =====
[04:09:24] === [0] stage build tree (node/helper/Share แท้จาก Payload) ===
[04:09:24]   ✓ OK (idempotent — ข้าม fix)
[04:09:24] === [0e] PF anchor (node tree / helper anchor / telemetry) ===
[04:09:24]   ✓ OK (idempotent — ข้าม fix)
[04:09:24] === [0g] runtime dirs ===
[04:09:24]   ✓ OK (idempotent — ข้าม fix)
[04:09:24] === [0f]/[0f.1] GFE hardlink + Share.json mirror ===
[04:09:24]   ✓ OK (idempotent — ข้าม fix)
[04:09:24] === [0h] registered JS patch (ACTIVE — §20.2 capture boundary) ===
[04:09:24]   ✓ OK (idempotent — ข้าม fix)
[04:09:24] === [0i] PF container anchor + plugin genuine invariant (§20.9) ===
[04:09:24]   ✓ OK (idempotent — ข้าม fix)
[04:09:24] === [0j] ValidatePID patcher (REGISTERED-DORMANT — §20.9/§20.10) ===
[04:09:24]   ✓ OK (idempotent — ข้าม fix)
[04:09:24] === [1b] registry (NvNode/GFExperience/NVSPCAPS — 2 views) ===
[04:09:24]   ✓ OK (idempotent — ข้าม fix)
[04:09:24] === [1d] container PF flip verify (ImagePath + Watchdog) ===
[04:09:24]   ✓ OK (idempotent — ข้าม fix)
[04:09:24] === [1]/[2] service + containers ×3 จาก PF (healthy = ไม่แตะ) ===
[04:09:25]   ✓ OK (idempotent — ข้าม fix)
[04:09:25] === [3] node แท้ :59001 (ล่า node ร้าว + open-by-name MMF) ===
[04:09:25]   ✓ OK (idempotent — ข้าม fix)
[04:09:25] === [4] helper (หลัง node 200 เท่านั้น — ล่า helper ผิด path) ===
[04:09:25]   ✓ OK (idempotent — ข้าม fix)
[04:09:25] === [5] Share (attach — container จะ spawn คู่ของตัวเองตอน enable เสมอ) ===
[04:09:25]   ✓ OK (idempotent — ข้าม fix)
[04:09:25] === [6] arm enable + guard รีเซ็ตเอง (m_pSettings gate) ===
[04:09:25]   ✓ OK (idempotent — ข้าม fix)
[04:09:25] === [6c] hotkey openshare verify-only (ค่าจริงอยู่ที่ registry GFEOverlayHKeyV2) ===
[04:09:25]   ✓ OK (idempotent — ข้าม fix)
[04:09:25] 
--- รายงานสรุป ---
[04:09:25]   [✓] [0] stage build tree (node/helper/Share แท้จาก Payload)  |  พร้อมอยู่แล้ว
[04:09:25]   [✓] [0e] PF anchor (node tree / helper anchor / telemetry)  |  พร้อมอยู่แล้ว
[04:09:25]   [✓] [0g] runtime dirs  |  พร้อมอยู่แล้ว
[04:09:25]   [✓] [0f]/[0f.1] GFE hardlink + Share.json mirror  |  พร้อมอยู่แล้ว
[04:09:25]   [✓] [0h] registered JS patch (ACTIVE — §20.2 capture boundary)  |  พร้อมอยู่แล้ว
[04:09:25]   [✓] [0i] PF container anchor + plugin genuine invariant (§20.9)  |  พร้อมอยู่แล้ว
[04:09:25]   [✓] [0j] ValidatePID patcher (REGISTERED-DORMANT — §20.9/§20.10)  |  พร้อมอยู่แล้ว
[04:09:25]   [✓] [1b] registry (NvNode/GFExperience/NVSPCAPS — 2 views)  |  พร้อมอยู่แล้ว
[04:09:25]   [✓] [1d] container PF flip verify (ImagePath + Watchdog)  |  พร้อมอยู่แล้ว
[04:09:25]   [✓] [1]/[2] service + containers ×3 จาก PF (healthy = ไม่แตะ)  |  พร้อมอยู่แล้ว
[04:09:25]   [✓] [3] node แท้ :59001 (ล่า node ร้าว + open-by-name MMF)  |  พร้อมอยู่แล้ว
[04:09:25]   [✓] [4] helper (หลัง node 200 เท่านั้น — ล่า helper ผิด path)  |  พร้อมอยู่แล้ว
[04:09:25]   [✓] [5] Share (attach — container จะ spawn คู่ของตัวเองตอน enable เสมอ)  |  พร้อมอยู่แล้ว
[04:09:25]   [✓] [6] arm enable + guard รีเซ็ตเอง (m_pSettings gate)  |  พร้อมอยู่แล้ว
[04:09:25]   [✓] [6c] hotkey openshare verify-only (ค่าจริงอยู่ที่ registry GFEOverlayHKeyV2)  |  พร้อมอยู่แล้ว
[04:09:25] สรุป: OK 15 · FAIL 0 · WARN 0
[04:09:25] จบบูต — กด Alt+X เปิด Overlay
[04:09:29] 
===== BOOT start 2026-10-05 04:09:29 =====
[04:09:29] === [0] stage build tree (node/helper/Share แท้จาก Payload) ===
[04:09:29]   ✓ OK (idempotent — ข้าม fix)
[04:09:29] === [0e] PF anchor (node tree / helper anchor / telemetry) ===
[04:09:29]   ✓ OK (idempotent — ข้าม fix)
[04:09:29] === [0g] runtime dirs ===
[04:09:29]   ✓ OK (idempotent — ข้าม fix)
[04:09:29] === [0f]/[0f.1] GFE hardlink + Share.json mirror ===
[04:09:29]   ✓ OK (idempotent — ข้าม fix)
[04:09:29] === [0h] registered JS patch (ACTIVE — §20.2 capture boundary) ===
[04:09:29]   ✓ OK (idempotent — ข้าม fix)
[04:09:29] === [0i] PF container anchor + plugin genuine invariant (§20.9) ===
[04:09:29]   ✓ OK (idempotent — ข้าม fix)
[04:09:29] === [0j] ValidatePID patcher (REGISTERED-DORMANT — §20.9/§20.10) ===
[04:09:29]   ✓ OK (idempotent — ข้าม fix)
[04:09:29] === [1b] registry (NvNode/GFExperience/NVSPCAPS — 2 views) ===
[04:09:29]   ✓ OK (idempotent — ข้าม fix)
[04:09:29] === [1d] container PF flip verify (ImagePath + Watchdog) ===
[04:09:29]   ✓ OK (idempotent — ข้าม fix)
[04:09:29] === [1]/[2] service + containers ×3 จาก PF (healthy = ไม่แตะ) ===
[04:09:29]   ✓ OK (idempotent — ข้าม fix)
[04:09:29] === [3] node แท้ :59001 (ล่า node ร้าว + open-by-name MMF) ===
[04:09:30]   ✓ OK (idempotent — ข้าม fix)
[04:09:30] === [4] helper (หลัง node 200 เท่านั้น — ล่า helper ผิด path) ===
[04:09:30]   ✓ OK (idempotent — ข้าม fix)
[04:09:30] === [5] Share (attach — container จะ spawn คู่ของตัวเองตอน enable เสมอ) ===
[04:09:30]   ✓ OK (idempotent — ข้าม fix)
[04:09:30] === [6] arm enable + guard รีเซ็ตเอง (m_pSettings gate) ===
[04:09:30]   ✓ OK (idempotent — ข้าม fix)
[04:09:30] === [6c] hotkey openshare verify-only (ค่าจริงอยู่ที่ registry GFEOverlayHKeyV2) ===
[04:09:30]   ✓ OK (idempotent — ข้าม fix)
[04:09:30] 
--- รายงานสรุป ---
[04:09:30]   [✓] [0] stage build tree (node/helper/Share แท้จาก Payload)  |  พร้อมอยู่แล้ว
[04:09:30]   [✓] [0e] PF anchor (node tree / helper anchor / telemetry)  |  พร้อมอยู่แล้ว
[04:09:30]   [✓] [0g] runtime dirs  |  พร้อมอยู่แล้ว
[04:09:30]   [✓] [0f]/[0f.1] GFE hardlink + Share.json mirror  |  พร้อมอยู่แล้ว
[04:09:30]   [✓] [0h] registered JS patch (ACTIVE — §20.2 capture boundary)  |  พร้อมอยู่แล้ว
[04:09:30]   [✓] [0i] PF container anchor + plugin genuine invariant (§20.9)  |  พร้อมอยู่แล้ว
[04:09:30]   [✓] [0j] ValidatePID patcher (REGISTERED-DORMANT — §20.9/§20.10)  |  พร้อมอยู่แล้ว
[04:09:30]   [✓] [1b] registry (NvNode/GFExperience/NVSPCAPS — 2 views)  |  พร้อมอยู่แล้ว
[04:09:30]   [✓] [1d] container PF flip verify (ImagePath + Watchdog)  |  พร้อมอยู่แล้ว
[04:09:30]   [✓] [1]/[2] service + containers ×3 จาก PF (healthy = ไม่แตะ)  |  พร้อมอยู่แล้ว
[04:09:30]   [✓] [3] node แท้ :59001 (ล่า node ร้าว + open-by-name MMF)  |  พร้อมอยู่แล้ว
[04:09:30]   [✓] [4] helper (หลัง node 200 เท่านั้น — ล่า helper ผิด path)  |  พร้อมอยู่แล้ว
[04:09:30]   [✓] [5] Share (attach — container จะ spawn คู่ของตัวเองตอน enable เสมอ)  |  พร้อมอยู่แล้ว
[04:09:30]   [✓] [6] arm enable + guard รีเซ็ตเอง (m_pSettings gate)  |  พร้อมอยู่แล้ว
[04:09:30]   [✓] [6c] hotkey openshare verify-only (ค่าจริงอยู่ที่ registry GFEOverlayHKeyV2)  |  พร้อมอยู่แล้ว
[04:09:30] สรุป: OK 15 · FAIL 0 · WARN 0
[04:09:30] จบบูต — กด Alt+X เปิด Overlay
