#0(I)[2026-09-26 22:32:55,352]{00002924}<NvContainer>      Container main v1.40
#1(I)[2026-09-26 22:32:55,352]{00002924}<NvContainer>      Telemetry API initialized
#2(I)[2026-09-26 22:32:55,353]{00002924}<NvcHost>          Base host initialized successfully
#3(I)[2026-09-26 22:32:55,394]{00002924}<NvcHostWin32>     Dynamic loading of plugins is enabled
#4(I)[2026-09-26 22:32:55,394]{00002924}<NvcHostWin32>     Dynamic unloading of plugins is enabled
#5(I)[2026-09-26 22:32:55,395]{00002924}<NvcHostWin32>     Win32 host initialized successfully
#6(I)[2026-09-26 22:32:55,395]{00002924}<NvcHost>          Load plugins from C:\My Project\NVIDIA-Shadowplay\build\NVIDIA ShadowPlay\NvContainer\plugins\OSC
#7(I)[2026-09-26 22:32:55,395]{00002924}<NvcPluginManager> Loading C:\My Project\NVIDIA-Shadowplay\build\NVIDIA ShadowPlay\NvContainer\plugins\OSC/_NvMessageBusBroadcast.dll
#8(I)[2026-09-26 22:32:55,395]{00002924}<NvcRegistryStora> Creating RegistryStorage
#9(I)[2026-09-26 22:32:55,395]{00002924}<NvcRegistryStora> Successfully initialized RegistryStorage
#0(I)[2026-09-26 22:32:55,455]{00002924}<NvcPluginLoadHel> Secure loading C:\My Project\NVIDIA-Shadowplay\build\NVIDIA ShadowPlay\NvContainer\plugins\OSC/_NvMessageBusBroadcast.dll - 1.34.3030.7627 at 00007FFE65D20000 took 58353 microseconds
#1(I)[2026-09-26 22:32:55,455]{00002924}<NvcPluginManager> Loaded C:\My Project\NVIDIA-Shadowplay\build\NVIDIA ShadowPlay\NvContainer\plugins\OSC/_NvMessageBusBroadcast.dll
#2(I)[2026-09-26 22:32:55,455]{00002924}<NvcPluginManager> Loaded optional plugin NvMessageBusBroadcast, version 1
#3(I)[2026-09-26 22:32:55,455]{00002924}<NvcPluginManager> Loading C:\My Project\NVIDIA-Shadowplay\build\NVIDIA ShadowPlay\NvContainer\plugins\OSC/_NvPluginNvapiMonitor.dll
#4(I)[2026-09-26 22:32:55,455]{00002924}<NvcRegistryStora> Creating RegistryStorage
#5(I)[2026-09-26 22:32:55,455]{00002924}<NvcRegistryStora> Successfully initialized RegistryStorage
#6(I)[2026-09-26 22:32:55,474]{00002924}<NvcPluginLoadHel> Secure loading C:\My Project\NVIDIA-Shadowplay\build\NVIDIA ShadowPlay\NvContainer\plugins\OSC/_NvPluginNvapiMonitor.dll - 1.40.3414.2586 at 00007FFE7BAC0000 took 18052 microseconds
#7(I)[2026-09-26 22:32:55,474]{00002924}<NvcPluginManager> Loaded C:\My Project\NVIDIA-Shadowplay\build\NVIDIA ShadowPlay\NvContainer\plugins\OSC/_NvPluginNvapiMonitor.dll
#8(I)[2026-09-26 22:32:55,474]{00002924}<NvcPluginManager> Loaded optional plugin NvPluginNvapiMonitor, version 1
#9(I)[2026-09-26 22:32:55,474]{00002924}<NvcPluginManager> Loading C:\My Project\NVIDIA-Shadowplay\build\NVIDIA ShadowPlay\NvContainer\plugins\OSC/ShadowPlay/_nvspserviceplugin64.dll
#0(I)[2026-09-26 22:32:55,474]{00002924}<NvcRegistryStora> Creating RegistryStorage
#1(I)[2026-09-26 22:32:55,474]{00002924}<NvcRegistryStora> Successfully initialized RegistryStorage
#2(I)[2026-09-26 22:32:55,500]{00002924}<NvcPluginLoadHel> Secure loading C:\My Project\NVIDIA-Shadowplay\build\NVIDIA ShadowPlay\NvContainer\plugins\OSC/ShadowPlay/_nvspserviceplugin64.dll - 3.28.0.412 at 00007FFE74010000 took 25135 microseconds
#3(I)[2026-09-26 22:32:55,500]{00002924}<NvcPluginManager> Loaded C:\My Project\NVIDIA-Shadowplay\build\NVIDIA ShadowPlay\NvContainer\plugins\OSC/ShadowPlay/_nvspserviceplugin64.dll
#4(I)[2026-09-26 22:32:55,500]{00002924}<NvcPluginManager> Loaded optional plugin ShadowPlayContainerPlugin, version 1
#5(I)[2026-09-26 22:32:55,501]{00002924}<NvcHost>          Creating directory listener to represent current folder state
#6(I)[2026-09-26 22:32:55,501]{00002924}<DirectoryListene> Adding directory C:\My Project\NVIDIA-Shadowplay\build\NVIDIA ShadowPlay\NvContainer\plugins\OSC.
#7(I)[2026-09-26 22:32:55,501]{00002924}<NvcHost>          Successfully updated directory change listener
#8(I)[2026-09-26 22:32:55,501]{00002924}<NvcHost>          Container is initializing
#9(I)[2026-09-26 22:32:55,501]{00002924}<NvcPluginManager> Initiate transition to Initializing state for NvMessageBusBroadcast
#0(I)[2026-09-26 22:32:55,504]{00002924}<NvcPluginManager> Transition to Initialized state for NvMessageBusBroadcast completed
#1(I)[2026-09-26 22:32:55,504]{00002924}<NvcPluginManager> Initiate transition to Initializing state for NvPluginNvapiMonitor
#2(I)[2026-09-26 22:32:55,506]{00002924}<NvcPluginManager> Transition to Initialized state for NvPluginNvapiMonitor completed
#3(I)[2026-09-26 22:32:55,506]{00002924}<NvcPluginManager> Initiate transition to Initializing state for ShadowPlayContainerPlugin
#4(I)[2026-09-26 22:32:55,590]{00002924}<NvcPluginManager> Transition to Initialized state for ShadowPlayContainerPlugin completed
#5(I)[2026-09-26 22:32:55,590]{00002924}<NvcHost>          Container is initialized with 1. State: normal
#6(I)[2026-09-26 22:32:55,590]{00002924}<NvcHost>          Base host core
#7(I)[2026-09-26 22:32:55,590]{00002924}<NvcHost>          Container is starting
#8(I)[2026-09-26 22:32:55,590]{00002924}<NvcPluginManager> Initiate transition to Starting state for NvMessageBusBroadcast
#9(I)[2026-09-26 22:32:55,590]{00002924}<NvcPluginManager> NvcPluginLoadStats for 'NvMessageBusBroadcast' => LibraryLoadTime = 59351 us, ImageLoadTime = 0 us, AbsLibraryLoadTime = 58353, InitializeProcTime = 3005 us, InitializeTimeTotal = 3005 us, StartProcTime = 0 us, StartTimeTotal = 0 us. 
#0(I)[2026-09-26 22:32:55,590]{00002924}<NvcTelemetryHelp> NvcPluginLoadStats for NvMessageBusBroadcast returned 1
#1(I)[2026-09-26 22:32:55,590]{00002924}<NvcPluginManager> Transition to Started state for NvMessageBusBroadcast completed
#2(I)[2026-09-26 22:32:55,590]{00002924}<NvcPluginManager> Initiate transition to Starting state for NvPluginNvapiMonitor
#3(I)[2026-09-26 22:32:55,590]{00002924}<NvcPluginManager> NvcPluginLoadStats for 'NvPluginNvapiMonitor' => LibraryLoadTime = 19052 us, ImageLoadTime = 0 us, AbsLibraryLoadTime = 18052, InitializeProcTime = 1504 us, InitializeTimeTotal = 1504 us, StartProcTime = 0 us, StartTimeTotal = 0 us. 
#4(I)[2026-09-26 22:32:55,590]{00002924}<NvcTelemetryHelp> NvcPluginLoadStats for NvPluginNvapiMonitor returned 1
#5(I)[2026-09-26 22:32:55,590]{00002924}<NvcPluginManager> Transition to Started state for NvPluginNvapiMonitor completed
#6(I)[2026-09-26 22:32:55,590]{00002924}<NvcPluginManager> Initiate transition to Starting state for ShadowPlayContainerPlugin
#7(I)[2026-09-26 22:32:55,590]{00002924}<NvcPluginManager> NvcPluginLoadStats for 'ShadowPlayContainerPlugin' => LibraryLoadTime = 25135 us, ImageLoadTime = 0 us, AbsLibraryLoadTime = 25135, InitializeProcTime = 84362 us, InitializeTimeTotal = 84362 us, StartProcTime = 0 us, StartTimeTotal = 0 us. 
#8(I)[2026-09-26 22:32:55,590]{00002924}<NvcTelemetryHelp> NvcPluginLoadStats for ShadowPlayContainerPlugin returned 1
#9(I)[2026-09-26 22:32:55,590]{00002924}<NvcPluginManager> Transition to Started state for ShadowPlayContainerPlugin completed
#0(I)[2026-09-26 22:32:55,590]{00002924}<NvcHost>          Container is started with 1. State: normal
#1(I)[2026-09-26 22:32:55,590]{00002924}<NvcTelemetryHelp> NvcLoadStats => LibraryLoadTime = 106042 us, InitializeTime = 88871 us, StartTime = 0 us, TotalLoadTime = 270414 us
#2(I)[2026-09-26 22:32:55,590]{00002924}<NvcTelemetryHelp> NvcLoadStats returned 1
