#0(I)[2026-10-02 06:22:59,890]{00000AF8}<NvContainer>      Container main v1.39
#1(I)[2026-10-02 06:22:59,890]{00000AF8}<NvContainer>      Enabled EnforceRedirectionTrust policy
#2(I)[2026-10-02 06:22:59,892]{00000AF8}<NvContainer>      Telemetry API initialized
#3(I)[2026-10-02 06:22:59,892]{00000AF8}<NvcHost>          Base host initialized successfully
#4(I)[2026-10-02 06:22:59,892]{00000AF8}<NvcHostWin32>     Dynamic loading of plugins is enabled
#5(I)[2026-10-02 06:22:59,892]{00000AF8}<NvcHostWin32>     Dynamic unloading of plugins is enabled
#6(I)[2026-10-02 06:22:59,892]{00000AF8}<NvcHostWin32>     Win32 host initialized successfully
#7(I)[2026-10-02 06:22:59,894]{00000B4C}<NvcServiceHost>   Service host: 'Start-pending' status reported. Exit code 0
#8(I)[2026-10-02 06:22:59,894]{00000AF8}<NvcServiceHost>   Service host: wait completed with 0
#9(I)[2026-10-02 06:22:59,894]{00000AF8}<NvcServiceHost>   Created new DACL with added privileges 0x00100000
#0(I)[2026-10-02 06:22:59,894]{00000AF8}<NvcServiceHost>   Successfully adjusted DACL for process 2804
#1(I)[2026-10-02 06:22:59,894]{00000AF8}<NvcHost>          Load plugins from C:\WINDOWS\System32\DriverStore\FileRepository\nv_dispi.inf_amd64_37503b637f6a53da\Display.NvContainer\plugins\LocalSystem
#2(I)[2026-10-02 06:22:59,894]{00000AF8}<NvcPluginManager> Loading C:\WINDOWS\System32\DriverStore\FileRepository\nv_dispi.inf_amd64_37503b637f6a53da\Display.NvContainer\plugins\LocalSystem/NvcDispCorePlugin.dll
#3(I)[2026-10-02 06:22:59,894]{00000AF8}<NvcRegistryStora> Creating RegistryStorage
#4(I)[2026-10-02 06:22:59,894]{00000AF8}<NvcRegistryStora> Successfully initialized RegistryStorage
#5(I)[2026-10-02 06:22:59,991]{00000AF8}<NvcPluginLoadHel> Secure loading C:\WINDOWS\System32\DriverStore\FileRepository\nv_dispi.inf_amd64_37503b637f6a53da\Display.NvContainer\plugins\LocalSystem/NvcDispCorePlugin.dll - 32.0.15.8266 at 00007FFC8EEE0000 took 92719 microseconds
#6(I)[2026-10-02 06:22:59,991]{00000AF8}<NvcPluginManager> Loaded C:\WINDOWS\System32\DriverStore\FileRepository\nv_dispi.inf_amd64_37503b637f6a53da\Display.NvContainer\plugins\LocalSystem/NvcDispCorePlugin.dll
#7(I)[2026-10-02 06:22:59,991]{00000AF8}<NvcPluginManager> Loaded mandatory plugin NvcDispCorePlugin, version 1
#8(I)[2026-10-02 06:22:59,991]{00000AF8}<NvcPluginManager> Loading C:\WINDOWS\System32\DriverStore\FileRepository\nv_dispi.inf_amd64_37503b637f6a53da\Display.NvContainer\plugins\LocalSystem/NvcDispWatchdog.dll
#9(I)[2026-10-02 06:22:59,991]{00000AF8}<NvcRegistryStora> Creating RegistryStorage
#0(I)[2026-10-02 06:22:59,991]{00000AF8}<NvcRegistryStora> Successfully initialized RegistryStorage
#1(I)[2026-10-02 06:23:00,017]{00000AF8}<NvcPluginLoadHel> Secure loading C:\WINDOWS\System32\DriverStore\FileRepository\nv_dispi.inf_amd64_37503b637f6a53da\Display.NvContainer\plugins\LocalSystem/NvcDispWatchdog.dll - 1.39.3323.1171 at 00007FFC8ECC0000 took 23571 microseconds
#2(I)[2026-10-02 06:23:00,017]{00000AF8}<NvcPluginManager> Loaded C:\WINDOWS\System32\DriverStore\FileRepository\nv_dispi.inf_amd64_37503b637f6a53da\Display.NvContainer\plugins\LocalSystem/NvcDispWatchdog.dll
#3(I)[2026-10-02 06:23:00,017]{00000AF8}<NvcPluginManager> Loaded mandatory plugin NvPluginWatchdog, version 1
#4(I)[2026-10-02 06:23:00,017]{00000AF8}<NvcPluginManager> Loading C:\WINDOWS\System32\DriverStore\FileRepository\nv_dispi.inf_amd64_37503b637f6a53da\Display.NvContainer\plugins\LocalSystem/NvXDCore.dll
#5(I)[2026-10-02 06:23:00,017]{00000AF8}<NvcRegistryStora> Creating RegistryStorage
#6(I)[2026-10-02 06:23:00,017]{00000AF8}<NvcRegistryStora> Successfully initialized RegistryStorage
#7(I)[2026-10-02 06:23:00,050]{00000AF8}<NvcPluginLoadHel> Secure loading C:\WINDOWS\System32\DriverStore\FileRepository\nv_dispi.inf_amd64_37503b637f6a53da\Display.NvContainer\plugins\LocalSystem/NvXDCore.dll - 32.0.15.8266 at 00007FFC89050000 took 31586 microseconds
#8(I)[2026-10-02 06:23:00,050]{00000AF8}<NvcPluginManager> Loaded C:\WINDOWS\System32\DriverStore\FileRepository\nv_dispi.inf_amd64_37503b637f6a53da\Display.NvContainer\plugins\LocalSystem/NvXDCore.dll
#9(I)[2026-10-02 06:23:00,050]{00000AF8}<NvcPluginManager> Loaded mandatory plugin NvXDCore, version 1
#0(I)[2026-10-02 06:23:00,050]{00000AF8}<NvcPluginManager> Loading C:\WINDOWS\System32\DriverStore\FileRepository\nv_dispi.inf_amd64_37503b637f6a53da\Display.NvContainer\plugins\LocalSystem/wksServicePluginZ.dll
#1(I)[2026-10-02 06:23:00,050]{00000AF8}<NvcRegistryStora> Creating RegistryStorage
#2(I)[2026-10-02 06:23:00,050]{00000AF8}<NvcRegistryStora> Successfully initialized RegistryStorage
#3(I)[2026-10-02 06:23:00,074]{00000AF8}<NvcPluginLoadHel> Secure loading C:\WINDOWS\System32\DriverStore\FileRepository\nv_dispi.inf_amd64_37503b637f6a53da\Display.NvContainer\plugins\LocalSystem/wksServicePluginZ.dll - 32.0.15.8266 at 00007FFC88EC0000 took 21818 microseconds
#4(I)[2026-10-02 06:23:00,074]{00000AF8}<NvcPluginManager> Loaded C:\WINDOWS\System32\DriverStore\FileRepository\nv_dispi.inf_amd64_37503b637f6a53da\Display.NvContainer\plugins\LocalSystem/wksServicePluginZ.dll
#5(I)[2026-10-02 06:23:00,074]{00000AF8}<NvcPluginManager> Loaded mandatory plugin NvWksServicePlugin, version 1
#6(I)[2026-10-02 06:23:00,074]{00000AF8}<NvcPluginManager> Loading C:\WINDOWS\System32\DriverStore\FileRepository\nv_dispi.inf_amd64_37503b637f6a53da\Display.NvContainer\plugins\LocalSystem/_DisplayDriverRAS.dll
#7(I)[2026-10-02 06:23:00,074]{00000AF8}<NvcRegistryStora> Creating RegistryStorage
#8(I)[2026-10-02 06:23:00,074]{00000AF8}<NvcRegistryStora> Successfully initialized RegistryStorage
#9(I)[2026-10-02 06:23:00,111]{00000AF8}<NvcPluginLoadHel> Secure loading C:\WINDOWS\System32\DriverStore\FileRepository\nv_dispi.inf_amd64_37503b637f6a53da\Display.NvContainer\plugins\LocalSystem/_DisplayDriverRAS.dll - 1.10.0.0 at 00007FFC887B0000 took 35603 microseconds
#0(I)[2026-10-02 06:23:00,111]{00000AF8}<NvcPluginManager> Loaded C:\WINDOWS\System32\DriverStore\FileRepository\nv_dispi.inf_amd64_37503b637f6a53da\Display.NvContainer\plugins\LocalSystem/_DisplayDriverRAS.dll
#1(I)[2026-10-02 06:23:00,111]{00000AF8}<NvcPluginManager> Loaded optional plugin NvTelemetryEventAnalyzer_DeviceDriver_Plugin, version 1
#2(I)[2026-10-02 06:23:00,111]{00000AF8}<NvcPluginManager> Loading C:\WINDOWS\System32\DriverStore\FileRepository\nv_dispi.inf_amd64_37503b637f6a53da\Display.NvContainer\plugins\LocalSystem/_NvMsgBusBroadcast.dll
#3(I)[2026-10-02 06:23:00,111]{00000AF8}<NvcRegistryStora> Creating RegistryStorage
#4(I)[2026-10-02 06:23:00,111]{00000AF8}<NvcRegistryStora> Successfully initialized RegistryStorage
#5(I)[2026-10-02 06:23:00,143]{00000AF8}<NvcPluginLoadHel> Secure loading C:\WINDOWS\System32\DriverStore\FileRepository\nv_dispi.inf_amd64_37503b637f6a53da\Display.NvContainer\plugins\LocalSystem/_NvMsgBusBroadcast.dll - 3.15.3538.9611 at 00007FFC882E0000 took 27587 microseconds
#6(I)[2026-10-02 06:23:00,143]{00000AF8}<NvcPluginManager> Loaded C:\WINDOWS\System32\DriverStore\FileRepository\nv_dispi.inf_amd64_37503b637f6a53da\Display.NvContainer\plugins\LocalSystem/_NvMsgBusBroadcast.dll
#7(I)[2026-10-02 06:23:00,143]{00000AF8}<NvcPluginManager> Loaded optional plugin NvMessageBusBroadcast, version 1
#8(I)[2026-10-02 06:23:00,143]{00000AF8}<NvcPluginManager> Loading C:\WINDOWS\System32\DriverStore\FileRepository\nv_dispi.inf_amd64_37503b637f6a53da\Display.NvContainer\plugins\LocalSystem/_nvtopps.dll
#9(I)[2026-10-02 06:23:00,143]{00000AF8}<NvcRegistryStora> Creating RegistryStorage
#0(I)[2026-10-02 06:23:00,143]{00000AF8}<NvcRegistryStora> Successfully initialized RegistryStorage
#1(I)[2026-10-02 06:23:00,235]{00000AF8}<NvcPluginLoadHel> Secure loading C:\WINDOWS\System32\DriverStore\FileRepository\nv_dispi.inf_amd64_37503b637f6a53da\Display.NvContainer\plugins\LocalSystem/_nvtopps.dll - 32.0.15.8266 at 00007FFC86B80000 took 86187 microseconds
#2(I)[2026-10-02 06:23:00,235]{00000AF8}<NvcPluginManager> Loaded C:\WINDOWS\System32\DriverStore\FileRepository\nv_dispi.inf_amd64_37503b637f6a53da\Display.NvContainer\plugins\LocalSystem/_nvtopps.dll
#3(I)[2026-10-02 06:23:00,235]{00000AF8}<NvcPluginManager> Loaded optional plugin NvTopps_Plugin, version 1
#4(I)[2026-10-02 06:23:00,235]{00000AF8}<NvcHost>          Creating directory listener to represent current folder state
#5(I)[2026-10-02 06:23:00,235]{00000AF8}<DirectoryListene> Adding directory C:\WINDOWS\System32\DriverStore\FileRepository\nv_dispi.inf_amd64_37503b637f6a53da\Display.NvContainer\plugins\LocalSystem.
#6(I)[2026-10-02 06:23:00,235]{00000AF8}<NvcHost>          Successfully updated directory change listener
#7(I)[2026-10-02 06:23:00,235]{00000AF8}<NvcHost>          Container is initializing
#8(I)[2026-10-02 06:23:00,235]{00000AF8}<NvcPluginManager> Initiate transition to Initializing state for NvcDispCorePlugin
#9(I)[2026-10-02 06:23:00,238]{00000AF8}<NvcPluginManager> Transition to Initialized state for NvcDispCorePlugin completed
#0(I)[2026-10-02 06:23:00,238]{00000AF8}<NvcPluginManager> Initiate transition to Initializing state for NvPluginWatchdog
#1(I)[2026-10-02 06:23:00,241]{00000AF8}<NvcPluginManager> Transition to Initialized state for NvPluginWatchdog completed
#2(I)[2026-10-02 06:23:00,241]{00000AF8}<NvcPluginManager> Initiate transition to Initializing state for NvXDCore
#3(I)[2026-10-02 06:23:00,245]{00000AF8}<NvcPluginManager> Transition to Initialized state for NvXDCore completed
#4(I)[2026-10-02 06:23:00,245]{00000AF8}<NvcPluginManager> Initiate transition to Initializing state for NvWksServicePlugin
#5(I)[2026-10-02 06:23:00,258]{00000AF8}<NvcPluginManager> Transition to Initialized state for NvWksServicePlugin completed
#6(I)[2026-10-02 06:23:00,258]{00000AF8}<NvcPluginManager> Initiate transition to Initializing state for NvTelemetryEventAnalyzer_DeviceDriver_Plugin
#7(I)[2026-10-02 06:23:00,260]{00000AF8}<NvcPluginManager> Transition to Initialized state for NvTelemetryEventAnalyzer_DeviceDriver_Plugin completed
#8(I)[2026-10-02 06:23:00,260]{00000AF8}<NvcPluginManager> Initiate transition to Initializing state for NvMessageBusBroadcast
#9(I)[2026-10-02 06:23:00,260]{00000AF8}<NvcPluginManager> Transition to Initialized state for NvMessageBusBroadcast completed
#0(I)[2026-10-02 06:23:00,260]{00000AF8}<NvcPluginManager> Initiate transition to Initializing state for NvTopps_Plugin
#1(I)[2026-10-02 06:23:00,331]{00000AF8}<NvcPluginManager> Transition to Initialized state for NvTopps_Plugin completed
#2(I)[2026-10-02 06:23:00,331]{00000AF8}<NvcHost>          Container is initialized with 1. State: normal
#3(I)[2026-10-02 06:23:00,331]{00000AF8}<NvcServiceHost>   Service host: 'Running' status reported. Exit code 0
#4(I)[2026-10-02 06:23:00,331]{00000AF8}<NvcHost>          Container is starting
#5(I)[2026-10-02 06:23:00,331]{00000AF8}<NvcPluginManager> Initiate transition to Starting state for NvcDispCorePlugin
#6(I)[2026-10-02 06:23:00,331]{00000AF8}<NvcPluginManager> Notification 3 / 0000000000000000 from NvcDispCorePlugin
#7(I)[2026-10-02 06:23:00,331]{00000AF8}<NvcPluginManager> Notification: plugin NvcDispCorePlugin is done
#8(I)[2026-10-02 06:23:00,331]{00000AF8}<NvcPluginManager> NvcPluginLoadStats for 'NvcDispCorePlugin' => LibraryLoadTime = 94726 us, ImageLoadTime = 0 us, AbsLibraryLoadTime = 92719, InitializeProcTime = 2520 us, InitializeTimeTotal = 2520 us, StartProcTime = 0 us, StartTimeTotal = 0 us. 
#9(I)[2026-10-02 06:23:00,331]{00000AF8}<NvcTelemetryHelp> NvcPluginLoadStats for NvcDispCorePlugin returned 1
#0(I)[2026-10-02 06:23:00,331]{00000AF8}<NvcPluginManager> Transition to Started state for NvcDispCorePlugin completed
#1(I)[2026-10-02 06:23:00,331]{00000AF8}<NvcPluginManager> Transition to Started state for NvcDispCorePlugin completed
#2(I)[2026-10-02 06:23:00,331]{00000AF8}<NvcPluginManager> Initiate transition to Starting state for NvPluginWatchdog
#3(I)[2026-10-02 06:23:00,333]{00000AF8}<NvcPluginManager> NvcPluginLoadStats for 'NvPluginWatchdog' => LibraryLoadTime = 25576 us, ImageLoadTime = 2005 us, AbsLibraryLoadTime = 23571, InitializeProcTime = 3533 us, InitializeTimeTotal = 3533 us, StartProcTime = 2005 us, StartTimeTotal = 2005 us. 
#4(I)[2026-10-02 06:23:00,333]{00000AF8}<NvcTelemetryHelp> NvcPluginLoadStats for NvPluginWatchdog returned 1
#5(I)[2026-10-02 06:23:00,333]{00000AF8}<NvcPluginManager> Transition to Started state for NvPluginWatchdog completed
#6(I)[2026-10-02 06:23:00,333]{00000AF8}<NvcPluginManager> Initiate transition to Starting state for NvXDCore
#7(I)[2026-10-02 06:23:00,333]{00000AF8}<NvcPluginManager> NvcPluginLoadStats for 'NvXDCore' => LibraryLoadTime = 33593 us, ImageLoadTime = 0 us, AbsLibraryLoadTime = 31586, InitializeProcTime = 4037 us, InitializeTimeTotal = 4037 us, StartProcTime = 0 us, StartTimeTotal = 0 us. 
#8(I)[2026-10-02 06:23:00,333]{00000AF8}<NvcTelemetryHelp> NvcPluginLoadStats for NvXDCore returned 1
#9(I)[2026-10-02 06:23:00,333]{00000AF8}<NvcPluginManager> Transition to Started state for NvXDCore completed
#0(I)[2026-10-02 06:23:00,333]{00000AF8}<NvcPluginManager> Initiate transition to Starting state for NvWksServicePlugin
#1(I)[2026-10-02 06:23:00,333]{00000AF8}<NvcPluginManager> NvcPluginLoadStats for 'NvWksServicePlugin' => LibraryLoadTime = 23827 us, ImageLoadTime = 0 us, AbsLibraryLoadTime = 21818, InitializeProcTime = 12867 us, InitializeTimeTotal = 12867 us, StartProcTime = 0 us, StartTimeTotal = 0 us. 
#2(I)[2026-10-02 06:23:00,333]{00000AF8}<NvcTelemetryHelp> NvcPluginLoadStats for NvWksServicePlugin returned 1
#3(I)[2026-10-02 06:23:00,333]{00000AF8}<NvcPluginManager> Transition to Started state for NvWksServicePlugin completed
#4(I)[2026-10-02 06:23:00,333]{00000AF8}<NvcPluginManager> Initiate transition to Starting state for NvTelemetryEventAnalyzer_DeviceDriver_Plugin
#5(I)[2026-10-02 06:23:00,333]{00000AF8}<NvcPluginManager> NvcPluginLoadStats for 'NvTelemetryEventAnalyzer_DeviceDriver_Plugin' => LibraryLoadTime = 37354 us, ImageLoadTime = 0 us, AbsLibraryLoadTime = 35603, InitializeProcTime = 2011 us, InitializeTimeTotal = 2011 us, StartProcTime = 0 us, StartTimeTotal = 0 us. 
#6(I)[2026-10-02 06:23:00,333]{00000AF8}<NvcTelemetryHelp> NvcPluginLoadStats for NvTelemetryEventAnalyzer_DeviceDriver_Plugin returned 1
#7(I)[2026-10-02 06:23:00,333]{00000AF8}<NvcPluginManager> Transition to Started state for NvTelemetryEventAnalyzer_DeviceDriver_Plugin completed
#8(I)[2026-10-02 06:23:00,333]{00000AF8}<NvcPluginManager> NvcPluginLoadStats for 'NvMessageBusBroadcast' => LibraryLoadTime = 31598 us, ImageLoadTime = 2007 us, AbsLibraryLoadTime = 27587, InitializeProcTime = 0 us, InitializeTimeTotal = 0 us, StartProcTime = 0 us, StartTimeTotal = 0 us. 
#9(I)[2026-10-02 06:23:00,333]{00000AF8}<NvcTelemetryHelp> NvcPluginLoadStats for NvMessageBusBroadcast returned 1
#0(I)[2026-10-02 06:23:00,333]{00000AF8}<NvcPluginManager> Transition to Started state for NvMessageBusBroadcast completed
#1(I)[2026-10-02 06:23:00,333]{00000AF8}<NvcPluginManager> Initiate transition to Starting state for NvTopps_Plugin
#2(I)[2026-10-02 06:23:01,157]{00000AF8}<NvcPluginManager> NvcPluginLoadStats for 'NvTopps_Plugin' => LibraryLoadTime = 90197 us, ImageLoadTime = 4010 us, AbsLibraryLoadTime = 86187, InitializeProcTime = 70384 us, InitializeTimeTotal = 70384 us, StartProcTime = 824195 us, StartTimeTotal = 824195 us. 
#3(I)[2026-10-02 06:23:01,157]{00000AF8}<NvcTelemetryHelp> NvcPluginLoadStats for NvTopps_Plugin returned 1
#4(I)[2026-10-02 06:23:01,157]{00000AF8}<NvcPluginManager> Transition to Started state for NvTopps_Plugin completed
#5(I)[2026-10-02 06:23:01,157]{00000AF8}<NvcHost>          Mandatory plugin NvcDispCorePlugin is in state Started. Unload it
#6(I)[2026-10-02 06:23:01,157]{00000AF8}<NvcHost>          Container is going to unload plugin NvcDispCorePlugin. State: normal
#7(I)[2026-10-02 06:23:01,157]{00000AF8}<NvcPluginManager> Initiate transition to Stopping state for NvcDispCorePlugin
#8(I)[2026-10-02 06:23:01,157]{00000AF8}<NvcPluginManager> Transition to Stopped state for NvcDispCorePlugin completed
#9(I)[2026-10-02 06:23:01,157]{00000AF8}<NvcHost>          Container has stopped plugin NvcDispCorePlugin. State: normal
#0(I)[2026-10-02 06:23:01,157]{00000AF8}<NvcPluginManager> Initiate transition to Uninitializing state for NvcDispCorePlugin
#1(I)[2026-10-02 06:23:01,157]{00000AF8}<NvcPluginManager> Transition to Uninitialized state for NvcDispCorePlugin completed
#2(I)[2026-10-02 06:23:01,157]{00000AF8}<NvcHost>          Container has uninitialized plugin NvcDispCorePlugin. State: normal
#3(I)[2026-10-02 06:23:01,157]{00000AF8}<NvcPluginManager> Unload plugin 'NvcDispCorePlugin' - C:\WINDOWS\System32\DriverStore\FileRepository\nv_dispi.inf_amd64_37503b637f6a53da\Display.NvContainer\plugins\LocalSystem/NvcDispCorePlugin.dll
#4(I)[2026-10-02 06:23:01,158]{00000AF8}<NvcPluginManager> NvcPluginUnloadStats for 'NvcDispCorePlugin' => StopProcTime = 0 us, StopTimeTotal = 0 us, UninitializeProcTime = 0 us, UninitializeTimeTotal = 0 us, LibraryUnloadTime = 700 us, MaxSystemMessageProcessingTime = 0 us.
#5(I)[2026-10-02 06:23:01,158]{00000AF8}<NvcTelemetryHelp> NvcPluginUnloadStats for NvcDispCorePlugin returned 1
#6(I)[2026-10-02 06:23:01,158]{00000AF8}<NvcPluginManager> Unloaded plugin 'NvcDispCorePlugin'
#7(I)[2026-10-02 06:23:01,158]{00000AF8}<NvcHost>          Container is started with 1. State: normal
#8(I)[2026-10-02 06:23:01,158]{00000AF8}<NvcTelemetryHelp> NvcLoadStats => LibraryLoadTime = 340882 us, InitializeTime = 95352 us, StartTime = 827439 us, TotalLoadTime = 1288151 us
#9(I)[2026-10-02 06:23:01,158]{00000AF8}<NvcTelemetryHelp> NvcLoadStats returned 1
