#0(I)[2026-10-02 06:23:00,240]{00000AF8}<NvpChildGroup>    Add watchdog for C:\WINDOWS\System32\DriverStore\FileRepository\nv_dispi.inf_amd64_37503b637f6a53da\Display.NvContainer\plugins\Session - 'C:\WINDOWS\System32\DriverStore\FileRepository\nv_dispi.inf_amd64_37503b637f6a53da\Display.NvContainer\NVDisplay.Container.exe' : '-f %ProgramData%\NVIDIA\DisplaySessionContainer%d.log -d C:\WINDOWS\System32\DriverStore\FileRepository\nv_dispi.inf_amd64_37503b637f6a53da\Display.NvContainer\plugins\Session -r -l 3 -p 30000 -cfg NVDisplay.ContainerLocalSystem\Session /ert' : 10/300/5 : elevated : '' 
#1(I)[2026-10-02 06:23:00,240]{00000AF8}<DirectoryListene> Adding directory C:\WINDOWS\System32\DriverStore\FileRepository\nv_dispi.inf_amd64_37503b637f6a53da\Display.NvContainer\plugins\Session.
#2(D)[2026-10-02 06:23:00,240]{00000AF8}<DirectoryListene> Total number of current directories is 1.
#3(D)[2026-10-02 06:23:00,241]{00000F04}<DirectoryListene> Directory change listener thread started
#4(D)[2026-10-02 06:23:00,241]{00000AF8}<DirectoryListene> Directory listener thread started.
#5(I)[2026-10-02 06:23:00,333]{00000C6C}<NvpWatchdog>          Running session 1 - 'Console'
#6(I)[2026-10-02 06:23:00,333]{00000C6C}<NvpWatchdog>      Running sessions = 1, user sessions = 0 & service session
#7(D)[2026-10-02 06:23:00,333]{00000C6C}<DirectoryEnumera> Process file C:\WINDOWS\System32\DriverStore\FileRepository\nv_dispi.inf_amd64_37503b637f6a53da\Display.NvContainer\plugins\Session/nvprofileupdaterplugin.dll
#8(D)[2026-10-02 06:23:00,333]{00000C6C}<DirectoryEnumera> OnItem returned FALSE for file C:\WINDOWS\System32\DriverStore\FileRepository\nv_dispi.inf_amd64_37503b637f6a53da\Display.NvContainer\plugins\Session/nvprofileupdaterplugin.dll
#9(D)[2026-10-02 06:23:00,333]{00000C6C}<NvpChildGroup>    Group =>
#0(D)[2026-10-02 06:23:00,333]{00000C6C}<NvpChildGroup>        Folder: C:\WINDOWS\System32\DriverStore\FileRepository\nv_dispi.inf_amd64_37503b637f6a53da\Display.NvContainer\plugins\Session
#1(D)[2026-10-02 06:23:00,333]{00000C6C}<NvpChildGroup>        Container: elevated - C:\WINDOWS\System32\DriverStore\FileRepository\nv_dispi.inf_amd64_37503b637f6a53da\Display.NvContainer\NVDisplay.Container.exe
#2(D)[2026-10-02 06:23:00,333]{00000C6C}<NvpChildGroup>        Parameters: -f %ProgramData%\NVIDIA\DisplaySessionContainer%d.log -d C:\WINDOWS\System32\DriverStore\FileRepository\nv_dispi.inf_amd64_37503b637f6a53da\Display.NvContainer\plugins\Session -r -l 3 -p 30000 -cfg NVDisplay.ContainerLocalSystem\Session /ert
#3(D)[2026-10-02 06:23:00,333]{00000C6C}<NvpChildGroup>        Processes =>
#4(D)[2026-10-02 06:23:00,333]{00000C6C}<DirectoryEnumera> Process file C:\WINDOWS\System32\DriverStore\FileRepository\nv_dispi.inf_amd64_37503b637f6a53da\Display.NvContainer\plugins\Session/nvprofileupdaterplugin.dll
#5(D)[2026-10-02 06:23:00,333]{00000C6C}<DirectoryEnumera> OnItem returned FALSE for file C:\WINDOWS\System32\DriverStore\FileRepository\nv_dispi.inf_amd64_37503b637f6a53da\Display.NvContainer\plugins\Session/nvprofileupdaterplugin.dll
#6(I)[2026-10-02 06:23:00,333]{00000C6C}<NvpChildGroup>    Run containers for C:\WINDOWS\System32\DriverStore\FileRepository\nv_dispi.inf_amd64_37503b637f6a53da\Display.NvContainer\plugins\Session
#7(I)[2026-10-02 06:23:00,333]{00000C6C}<NvpChildProcess>  Run container for C:\WINDOWS\System32\DriverStore\FileRepository\nv_dispi.inf_amd64_37503b637f6a53da\Display.NvContainer\plugins\Session in session 1
#8(I)[2026-10-02 06:23:00,333]{00000C6C}<NvpChildProcess>  Use quit event 'Global\NvContainer2804-session1-c:_windows_system32_driverstore_filerepository_nv_dispi.inf_amd64_37503b637f6a53da_display.nvcontainer_plugins_session' (error = 0) for elevated container 'C:\WINDOWS\System32\DriverStore\FileRepository\nv_dispi.inf_amd64_37503b637f6a53da\Display.NvContainer\plugins\Session'
#9(D)[2026-10-02 06:23:00,357]{00000C6C}<DirectoryEnumera> Process file C:\WINDOWS\System32\DriverStore\FileRepository\nv_dispi.inf_amd64_37503b637f6a53da\Display.NvContainer\plugins\Session/nvprofileupdaterplugin.dll
#0(D)[2026-10-02 06:23:00,357]{00000C6C}<DirectoryEnumera> OnItem returned FALSE for file C:\WINDOWS\System32\DriverStore\FileRepository\nv_dispi.inf_amd64_37503b637f6a53da\Display.NvContainer\plugins\Session/nvprofileupdaterplugin.dll
#1(D)[2026-10-02 06:23:00,357]{00000C6C}<NvpChildGroup>    Group =>
#2(D)[2026-10-02 06:23:00,357]{00000C6C}<NvpChildGroup>        Folder: C:\WINDOWS\System32\DriverStore\FileRepository\nv_dispi.inf_amd64_37503b637f6a53da\Display.NvContainer\plugins\Session
#3(D)[2026-10-02 06:23:00,357]{00000C6C}<NvpChildGroup>        Container: elevated - C:\WINDOWS\System32\DriverStore\FileRepository\nv_dispi.inf_amd64_37503b637f6a53da\Display.NvContainer\NVDisplay.Container.exe
#4(D)[2026-10-02 06:23:00,357]{00000C6C}<NvpChildGroup>        Parameters: -f %ProgramData%\NVIDIA\DisplaySessionContainer%d.log -d C:\WINDOWS\System32\DriverStore\FileRepository\nv_dispi.inf_amd64_37503b637f6a53da\Display.NvContainer\plugins\Session -r -l 3 -p 30000 -cfg NVDisplay.ContainerLocalSystem\Session /ert
#5(D)[2026-10-02 06:23:00,357]{00000C6C}<NvpChildGroup>        Processes =>
#6(D)[2026-10-02 06:23:00,357]{00000C6C}<NvpChildProcess>          Session 1, process 0000000000000780
#7(D)[2026-10-02 06:23:00,357]{00000C6C}<NvpWatchdog>      Wait for 4 handles. Timeout = 4294967295
#8(I)[2026-10-02 06:23:04,794]{00000AF8}<NvpWatchdog>      Session 1 event 5: Logon
#9(I)[2026-10-02 06:23:04,794]{00000AF8}<NvpWatchdog>      Signaled watchdog session change event.
#0(I)[2026-10-02 06:23:04,794]{00000C6C}<NvpWatchdog>      Session event was signaled
#1(I)[2026-10-02 06:23:04,794]{00000AF8}<NvpWatchdog>      Session 1 event 5: Logon
#2(I)[2026-10-02 06:23:04,794]{00000AF8}<NvpWatchdog>      Signaled watchdog session change event.
#3(I)[2026-10-02 06:23:04,794]{00000AF8}<NvpWatchdog>      Session 1 event 5: Logon
#4(I)[2026-10-02 06:23:04,794]{00000AF8}<NvpWatchdog>      Signaled watchdog session change event.
#5(I)[2026-10-02 06:23:04,796]{00000C6C}<NvpWatchdog>          User session 1 - 'Console'
#6(I)[2026-10-02 06:23:04,796]{00000C6C}<NvpWatchdog>          Running session 1 - 'Console'
#7(D)[2026-10-02 06:23:04,796]{00000C6C}<NvpWatchdog>      Skip session 65536 - 'RDP-Tcp' in state 6
#8(I)[2026-10-02 06:23:04,796]{00000C6C}<NvpWatchdog>      Running sessions = 1, user sessions = 1 & service session
#9(D)[2026-10-02 06:23:04,796]{00000C6C}<DirectoryEnumera> Process file C:\WINDOWS\System32\DriverStore\FileRepository\nv_dispi.inf_amd64_37503b637f6a53da\Display.NvContainer\plugins\Session/nvprofileupdaterplugin.dll
#0(D)[2026-10-02 06:23:04,796]{00000C6C}<DirectoryEnumera> OnItem returned FALSE for file C:\WINDOWS\System32\DriverStore\FileRepository\nv_dispi.inf_amd64_37503b637f6a53da\Display.NvContainer\plugins\Session/nvprofileupdaterplugin.dll
#1(D)[2026-10-02 06:23:04,797]{00000C6C}<NvpChildGroup>    Group =>
#2(D)[2026-10-02 06:23:04,797]{00000C6C}<NvpChildGroup>        Folder: C:\WINDOWS\System32\DriverStore\FileRepository\nv_dispi.inf_amd64_37503b637f6a53da\Display.NvContainer\plugins\Session
#3(D)[2026-10-02 06:23:04,797]{00000C6C}<NvpChildGroup>        Container: elevated - C:\WINDOWS\System32\DriverStore\FileRepository\nv_dispi.inf_amd64_37503b637f6a53da\Display.NvContainer\NVDisplay.Container.exe
#4(D)[2026-10-02 06:23:04,797]{00000C6C}<NvpChildGroup>        Parameters: -f %ProgramData%\NVIDIA\DisplaySessionContainer%d.log -d C:\WINDOWS\System32\DriverStore\FileRepository\nv_dispi.inf_amd64_37503b637f6a53da\Display.NvContainer\plugins\Session -r -l 3 -p 30000 -cfg NVDisplay.ContainerLocalSystem\Session /ert
#5(D)[2026-10-02 06:23:04,797]{00000C6C}<NvpChildGroup>        Processes =>
#6(D)[2026-10-02 06:23:04,797]{00000C6C}<NvpChildProcess>          Session 1, process 0000000000000780
#7(D)[2026-10-02 06:23:04,797]{00000C6C}<DirectoryEnumera> Process file C:\WINDOWS\System32\DriverStore\FileRepository\nv_dispi.inf_amd64_37503b637f6a53da\Display.NvContainer\plugins\Session/nvprofileupdaterplugin.dll
#8(D)[2026-10-02 06:23:04,797]{00000C6C}<DirectoryEnumera> OnItem returned FALSE for file C:\WINDOWS\System32\DriverStore\FileRepository\nv_dispi.inf_amd64_37503b637f6a53da\Display.NvContainer\plugins\Session/nvprofileupdaterplugin.dll
#9(I)[2026-10-02 06:23:04,797]{00000C6C}<NvpChildGroup>    Run containers for C:\WINDOWS\System32\DriverStore\FileRepository\nv_dispi.inf_amd64_37503b637f6a53da\Display.NvContainer\plugins\Session
#0(I)[2026-10-02 06:23:04,797]{00000C6C}<NvpChildGroup>    Container 0000000000000780 for C:\WINDOWS\System32\DriverStore\FileRepository\nv_dispi.inf_amd64_37503b637f6a53da\Display.NvContainer\plugins\Session is already running in session 1
#1(D)[2026-10-02 06:23:04,797]{00000C6C}<DirectoryEnumera> Process file C:\WINDOWS\System32\DriverStore\FileRepository\nv_dispi.inf_amd64_37503b637f6a53da\Display.NvContainer\plugins\Session/nvprofileupdaterplugin.dll
#2(D)[2026-10-02 06:23:04,797]{00000C6C}<DirectoryEnumera> OnItem returned FALSE for file C:\WINDOWS\System32\DriverStore\FileRepository\nv_dispi.inf_amd64_37503b637f6a53da\Display.NvContainer\plugins\Session/nvprofileupdaterplugin.dll
#3(D)[2026-10-02 06:23:04,797]{00000C6C}<NvpChildGroup>    Group =>
#4(D)[2026-10-02 06:23:04,797]{00000C6C}<NvpChildGroup>        Folder: C:\WINDOWS\System32\DriverStore\FileRepository\nv_dispi.inf_amd64_37503b637f6a53da\Display.NvContainer\plugins\Session
#5(D)[2026-10-02 06:23:04,797]{00000C6C}<NvpChildGroup>        Container: elevated - C:\WINDOWS\System32\DriverStore\FileRepository\nv_dispi.inf_amd64_37503b637f6a53da\Display.NvContainer\NVDisplay.Container.exe
#6(D)[2026-10-02 06:23:04,797]{00000C6C}<NvpChildGroup>        Parameters: -f %ProgramData%\NVIDIA\DisplaySessionContainer%d.log -d C:\WINDOWS\System32\DriverStore\FileRepository\nv_dispi.inf_amd64_37503b637f6a53da\Display.NvContainer\plugins\Session -r -l 3 -p 30000 -cfg NVDisplay.ContainerLocalSystem\Session /ert
#7(D)[2026-10-02 06:23:04,797]{00000C6C}<NvpChildGroup>        Processes =>
#8(D)[2026-10-02 06:23:04,797]{00000C6C}<NvpChildProcess>          Session 1, process 0000000000000780
#9(D)[2026-10-02 06:23:04,797]{00000C6C}<NvpWatchdog>      Wait for 4 handles. Timeout = 4294967295
#0(I)[2026-10-02 06:23:04,797]{00000C6C}<NvpWatchdog>      Session event was signaled
#1(I)[2026-10-02 06:23:04,803]{00000C6C}<NvpWatchdog>          User session 1 - 'Console'
#2(I)[2026-10-02 06:23:04,803]{00000C6C}<NvpWatchdog>          Running session 1 - 'Console'
#3(D)[2026-10-02 06:23:04,803]{00000C6C}<NvpWatchdog>      Skip session 65536 - 'RDP-Tcp' in state 6
#4(I)[2026-10-02 06:23:04,803]{00000C6C}<NvpWatchdog>      Running sessions = 1, user sessions = 1 & service session
#5(D)[2026-10-02 06:23:04,803]{00000C6C}<DirectoryEnumera> Process file C:\WINDOWS\System32\DriverStore\FileRepository\nv_dispi.inf_amd64_37503b637f6a53da\Display.NvContainer\plugins\Session/nvprofileupdaterplugin.dll
#6(D)[2026-10-02 06:23:04,803]{00000C6C}<DirectoryEnumera> OnItem returned FALSE for file C:\WINDOWS\System32\DriverStore\FileRepository\nv_dispi.inf_amd64_37503b637f6a53da\Display.NvContainer\plugins\Session/nvprofileupdaterplugin.dll
#7(D)[2026-10-02 06:23:04,803]{00000C6C}<NvpChildGroup>    Group =>
#8(D)[2026-10-02 06:23:04,803]{00000C6C}<NvpChildGroup>        Folder: C:\WINDOWS\System32\DriverStore\FileRepository\nv_dispi.inf_amd64_37503b637f6a53da\Display.NvContainer\plugins\Session
#9(D)[2026-10-02 06:23:04,803]{00000C6C}<NvpChildGroup>        Container: elevated - C:\WINDOWS\System32\DriverStore\FileRepository\nv_dispi.inf_amd64_37503b637f6a53da\Display.NvContainer\NVDisplay.Container.exe
#0(D)[2026-10-02 06:23:04,803]{00000C6C}<NvpChildGroup>        Parameters: -f %ProgramData%\NVIDIA\DisplaySessionContainer%d.log -d C:\WINDOWS\System32\DriverStore\FileRepository\nv_dispi.inf_amd64_37503b637f6a53da\Display.NvContainer\plugins\Session -r -l 3 -p 30000 -cfg NVDisplay.ContainerLocalSystem\Session /ert
#1(D)[2026-10-02 06:23:04,803]{00000C6C}<NvpChildGroup>        Processes =>
#2(D)[2026-10-02 06:23:04,803]{00000C6C}<NvpChildProcess>          Session 1, process 0000000000000780
#3(D)[2026-10-02 06:23:04,803]{00000C6C}<DirectoryEnumera> Process file C:\WINDOWS\System32\DriverStore\FileRepository\nv_dispi.inf_amd64_37503b637f6a53da\Display.NvContainer\plugins\Session/nvprofileupdaterplugin.dll
#4(D)[2026-10-02 06:23:04,803]{00000C6C}<DirectoryEnumera> OnItem returned FALSE for file C:\WINDOWS\System32\DriverStore\FileRepository\nv_dispi.inf_amd64_37503b637f6a53da\Display.NvContainer\plugins\Session/nvprofileupdaterplugin.dll
#5(I)[2026-10-02 06:23:04,803]{00000C6C}<NvpChildGroup>    Run containers for C:\WINDOWS\System32\DriverStore\FileRepository\nv_dispi.inf_amd64_37503b637f6a53da\Display.NvContainer\plugins\Session
#6(I)[2026-10-02 06:23:04,803]{00000C6C}<NvpChildGroup>    Container 0000000000000780 for C:\WINDOWS\System32\DriverStore\FileRepository\nv_dispi.inf_amd64_37503b637f6a53da\Display.NvContainer\plugins\Session is already running in session 1
#7(D)[2026-10-02 06:23:04,804]{00000C6C}<DirectoryEnumera> Process file C:\WINDOWS\System32\DriverStore\FileRepository\nv_dispi.inf_amd64_37503b637f6a53da\Display.NvContainer\plugins\Session/nvprofileupdaterplugin.dll
#8(D)[2026-10-02 06:23:04,804]{00000C6C}<DirectoryEnumera> OnItem returned FALSE for file C:\WINDOWS\System32\DriverStore\FileRepository\nv_dispi.inf_amd64_37503b637f6a53da\Display.NvContainer\plugins\Session/nvprofileupdaterplugin.dll
#9(D)[2026-10-02 06:23:04,804]{00000C6C}<NvpChildGroup>    Group =>
#0(D)[2026-10-02 06:23:04,804]{00000C6C}<NvpChildGroup>        Folder: C:\WINDOWS\System32\DriverStore\FileRepository\nv_dispi.inf_amd64_37503b637f6a53da\Display.NvContainer\plugins\Session
#1(D)[2026-10-02 06:23:04,804]{00000C6C}<NvpChildGroup>        Container: elevated - C:\WINDOWS\System32\DriverStore\FileRepository\nv_dispi.inf_amd64_37503b637f6a53da\Display.NvContainer\NVDisplay.Container.exe
#2(D)[2026-10-02 06:23:04,804]{00000C6C}<NvpChildGroup>        Parameters: -f %ProgramData%\NVIDIA\DisplaySessionContainer%d.log -d C:\WINDOWS\System32\DriverStore\FileRepository\nv_dispi.inf_amd64_37503b637f6a53da\Display.NvContainer\plugins\Session -r -l 3 -p 30000 -cfg NVDisplay.ContainerLocalSystem\Session /ert
#3(D)[2026-10-02 06:23:04,804]{00000C6C}<NvpChildGroup>        Processes =>
#4(D)[2026-10-02 06:23:04,804]{00000C6C}<NvpChildProcess>          Session 1, process 0000000000000780
#5(D)[2026-10-02 06:23:04,804]{00000C6C}<NvpWatchdog>      Wait for 4 handles. Timeout = 4294967295
#6(I)[2026-10-02 06:23:10,444]{00000AF8}<NvpWatchdog>      Session 1 event 0: Undefined
#7(I)[2026-10-02 06:23:10,444]{00000AF8}<NvpWatchdog>      Session 1 event 0: Undefined
#8(I)[2026-10-02 06:23:10,444]{00000AF8}<NvpWatchdog>      Session 1 event 0: Undefined
