[DulukaPort] event handle=0x2C8 err=0
[DulukaPort] map handle=0x310 err=0
[DulukaPort] mapping written (u16@0, ansi@2048)
[DulukaPort] Alt+Z hotkey registered (hotkey thread)
[DulukaPort] Alt+Z -> POST /?hk=OpenShare
[DulukaPort] toggle -> 200
[DulukaPort] Alt+Z -> POST /?hk=OpenShare
[DulukaPort] toggle -> 200
[DulukaPort] Alt+Z -> POST /?hk=OpenShare
[DulukaPort] toggle -> 200
[DulukaPort] Alt+Z -> POST /?hk=OpenShare
[DulukaPort] toggle -> 200
[DulukaPort] Alt+Z -> POST /?hk=OpenShare
[DulukaPort] toggle -> 200
[DulukaPort] Alt+Z -> POST /?hk=OpenShare
[DulukaPort] toggle -> 200
[DulukaPort] Alt+Z -> POST /?hk=OpenShare
[DulukaPort] toggle -> 200
[DulukaPort] Alt+Z -> POST /?hk=OpenShare
[DulukaPort] toggle -> 200
[DulukaPort] Alt+Z -> POST /?hk=OpenShare
[DulukaPort] toggle -> 200
[DulukaPort] Alt+Z -> POST /?hk=OpenShare
[DulukaPort] toggle -> 200
[DulukaPort] Alt+Z -> POST /?hk=OpenShare
[DulukaPort] toggle -> 200
[DulukaPort] Alt+Z -> POST /?hk=OpenShare
[DulukaPort] toggle -> 200
[DulukaPort] Alt+Z -> POST /?hk=OpenShare
[DulukaPort] toggle -> 200
[DulukaPort] Alt+Z -> POST /?hk=OpenShare
[DulukaPort] toggle -> 200
[DulukaPort] Alt+Z -> POST /?hk=OpenShare
[DulukaPort] toggle -> 200
[DulukaPort] Alt+Z -> POST /?hk=OpenShare
[DulukaPort] toggle -> 200
[DulukaPort] Alt+Z -> POST /?hk=OpenShare
[DulukaPort] toggle -> 200
[DulukaPort] Alt+Z -> POST /?hk=OpenShare
[DulukaPort] toggle -> 200
[DulukaPort] Alt+Z -> POST /?hk=OpenShare
[DulukaPort] toggle -> 200
[DulukaPort] Alt+Z -> POST /?hk=OpenShare
[DulukaPort] toggle -> 200
[DulukaPort] Alt+Z -> POST /?hk=OpenShare
[DulukaPort] toggle -> 200
[DulukaPort] Alt+Z -> POST /?hk=OpenShare
[DulukaPort] toggle -> 200
[DulukaPort] Alt+Z -> POST /?hk=OpenShare
[DulukaPort] toggle -> 200
[DulukaPort] Alt+Z -> POST /?hk=OpenShare
[DulukaPort] toggle -> 200
[DulukaPort] Alt+Z -> POST /?hk=OpenShare
[DulukaPort] toggle -> 200
[DulukaPort] Alt+Z -> POST /?hk=OpenShare
[DulukaPort] toggle -> 200
[DulukaPort] Alt+Z -> POST /?hk=OpenShare
[DulukaPort] toggle -> 200
[DulukaPort] Alt+Z -> POST /?hk=OpenShare
[DulukaPort] toggle -> 200
[DulukaPort] Alt+Z -> POST /?hk=OpenShare
[DulukaPort] toggle -> 200
[DulukaPort] Alt+Z -> POST /?hk=OpenShare
[DulukaPort] toggle -> 200
[DulukaPort] Alt+Z -> POST /?hk=OpenShare
[DulukaPort] toggle -> 200
[DulukaPort] Alt+Z -> POST /?hk=OpenShare
[DulukaPort] Alt+Z -> POST /?hk=OpenShare
[DulukaPort] toggle failed: Unable to connect to the remote server
[DulukaPort] Alt+Z -> POST /?hk=OpenShare
[DulukaPort] toggle failed: Unable to connect to the remote server
[DulukaPort] toggle failed: Unable to connect to the remote server
[DulukaPort] Alt+Z -> POST /?hk=OpenShare
[DulukaPort] Alt+Z -> POST /?hk=OpenShare
[DulukaPort] Alt+Z -> POST /?hk=OpenShare
[DulukaPort] toggle failed: Unable to connect to the remote server
[DulukaPort] toggle failed: Unable to connect to the remote server
[DulukaPort] toggle failed: Unable to connect to the remote server
[DulukaPort] Alt+Z -> POST /?hk=OpenShare
[DulukaPort] toggle failed: Unable to connect to the remote server
[DulukaPort] Alt+Z -> POST /?hk=OpenShare
[DulukaPort] Alt+Z -> POST /?hk=OpenShare
[DulukaPort] Alt+Z -> POST /?hk=OpenShare
[DulukaPort] Alt+Z -> POST /?hk=OpenShare
[DulukaPort] Alt+Z -> POST /?hk=OpenShare
[DulukaPort] Alt+Z -> POST /?hk=OpenShare
[DulukaPort] Alt+Z -> POST /?hk=OpenShare
[DulukaPort] toggle failed: Unable to connect to the remote server
[DulukaPort] Alt+Z -> POST /?hk=OpenShare
[DulukaPort] Alt+Z -> POST /?hk=OpenShare
[DulukaPort] toggle failed: Unable to connect to the remote server
[DulukaPort] Alt+Z -> POST /?hk=OpenShare
[DulukaPort] toggle failed: Unable to connect to the remote server
[DulukaPort] Alt+Z -> POST /?hk=OpenShare
[DulukaPort] toggle failed: Unable to connect to the remote server
[DulukaPort] Alt+Z -> POST /?hk=OpenShare
[DulukaPort] toggle failed: Unable to connect to the remote server
[DulukaPort] Alt+Z -> POST /?hk=OpenShare
[DulukaPort] toggle failed: Unable to connect to the remote server
[DulukaPort] Alt+Z -> POST /?hk=OpenShare
[DulukaPort] toggle failed: Unable to connect to the remote server
[DulukaPort] toggle failed: Unable to connect to the remote server
[DulukaPort] toggle failed: Unable to connect to the remote server
[DulukaPort] toggle failed: Unable to connect to the remote server
[DulukaPort] toggle failed: Unable to connect to the remote server
[DulukaPort] toggle failed: Unable to connect to the remote server
[DulukaPort] toggle failed: Unable to connect to the remote server
[DulukaPort] toggle failed: Unable to connect to the remote server
[DulukaPort] Alt+Z -> POST /?hk=OpenShare
[DulukaPort] toggle failed: Unable to connect to the remote server
[DulukaPort] Alt+Z -> POST /?hk=OpenShare
[DulukaPort] toggle failed: Unable to connect to the remote server
[DulukaPort] Alt+Z -> POST /?hk=OpenShare
[DulukaPort] toggle failed: Unable to connect to the remote server
[DulukaPort] Alt+Z -> POST /?hk=OpenShare
[DulukaPort] Alt+Z -> POST /?hk=OpenShare
[DulukaPort] toggle failed: Unable to connect to the remote server
[DulukaPort] Alt+Z -> POST /?hk=OpenShare
[DulukaPort] toggle failed: Unable to connect to the remote server
[DulukaPort] Alt+Z -> POST /?hk=OpenShare
[DulukaPort] toggle failed: Unable to connect to the remote server
[DulukaPort] toggle failed: Unable to connect to the remote server
[DulukaPort] Alt+Z -> POST /?hk=OpenShare
[DulukaPort] toggle failed: Unable to connect to the remote server
[DulukaPort] Alt+Z -> POST /?hk=OpenShare
[DulukaPort] toggle failed: Unable to connect to the remote server
[DulukaPort] Alt+Z -> POST /?hk=OpenShare
[DulukaPort] toggle failed: Unable to connect to the remote server
[DulukaPort] Alt+Z -> POST /?hk=OpenShare
[DulukaPort] Alt+Z -> POST /?hk=OpenShare
[DulukaPort] Alt+Z -> POST /?hk=OpenShare
[DulukaPort] toggle failed: Unable to connect to the remote server
[DulukaPort] toggle failed: Unable to connect to the remote server
[DulukaPort] toggle failed: Unable to connect to the remote server
[DulukaPort] Alt+Z -> POST /?hk=OpenShare
[DulukaPort] toggle failed: Unable to connect to the remote server
[DulukaPort] Alt+Z -> POST /?hk=OpenShare
[DulukaPort] toggle failed: Unable to connect to the remote server
[DulukaPort] Alt+Z -> POST /?hk=OpenShare
[DulukaPort] toggle failed: Unable to connect to the remote server
[DulukaPort] Alt+Z -> POST /?hk=OpenShare
[DulukaPort] toggle failed: Unable to connect to the remote server
[DulukaPort] Alt+Z -> POST /?hk=OpenShare
[DulukaPort] toggle -> 200
[DulukaPort] Alt+Z -> POST /?hk=OpenShare
[DulukaPort] toggle -> 200
[DulukaPort] Alt+Z -> POST /?hk=OpenShare
[DulukaPort] toggle -> 200
[DulukaPort] Alt+Z -> POST /?hk=OpenShare
[DulukaPort] toggle -> 200
[DulukaPort] Alt+Z -> POST /?hk=OpenShare
[DulukaPort] toggle -> 200
[DulukaPort] Alt+Z -> POST /?hk=OpenShare
[DulukaPort] toggle -> 200
[DulukaPort] Alt+Z -> POST /?hk=OpenShare
[DulukaPort] toggle -> 200
[DulukaPort] Alt+Z -> POST /?hk=OpenShare
[DulukaPort] toggle -> 200
