#0(I)[2026-10-02 20:38:41,287]{00001B08}<NvpChildGroup>    Add watchdog for C:\My Project\NVIDIA-Shadowplay\build\NVIDIA ShadowPlay\NvContainer\genuine\plugins\AIUser - 'C:\My Project\NVIDIA-Shadowplay\build\NVIDIA ShadowPlay\NvContainer\genuine\nvcontainer.exe' : '-f "C:\ProgramData\NVIDIA Corporation\NVIDIA App\NvContainer\NvContainerAIUser%d.log" -d "C:\My Project\NVIDIA-Shadowplay\build\NVIDIA ShadowPlay\NvContainer\genuine\plugins\AIUser" -r -l 3 -p 30000  ' : 10/300/5 : non-elevated : '' 
#1(I)[2026-10-02 20:38:41,288]{00001B08}<DirectoryListene> Adding directory C:\My Project\NVIDIA-Shadowplay\build\NVIDIA ShadowPlay\NvContainer\genuine\plugins\AIUser.
#2(D)[2026-10-02 20:38:41,288]{00001B08}<DirectoryListene> Total number of current directories is 1.
#3(I)[2026-10-02 20:38:41,288]{00001B08}<NvpChildGroup>    Add watchdog for C:\My Project\NVIDIA-Shadowplay\build\NVIDIA ShadowPlay\NvContainer\genuine\plugins\Session - 'C:\My Project\NVIDIA-Shadowplay\build\NVIDIA ShadowPlay\NvContainer\genuine\nvcontainer.exe' : '-f "C:\ProgramData\NVIDIA Corporation\NVIDIA App\NvContainer\NvContainerSession%d.log" -d "C:\My Project\NVIDIA-Shadowplay\build\NVIDIA ShadowPlay\NvContainer\genuine\plugins\Session" -r -l 3 -p 30000  -ert' : 10/300/5 : elevated : '' 
#4(I)[2026-10-02 20:38:41,288]{00001B08}<DirectoryListene> Adding directory C:\My Project\NVIDIA-Shadowplay\build\NVIDIA ShadowPlay\NvContainer\genuine\plugins\Session.
#5(D)[2026-10-02 20:38:41,288]{00001B08}<DirectoryListene> Total number of current directories is 2.
#6(I)[2026-10-02 20:38:41,288]{00001B08}<NvpChildGroup>    Add watchdog for C:\My Project\NVIDIA-Shadowplay\build\NVIDIA ShadowPlay\NvContainer\genuine\plugins\SPUser - 'C:\My Project\NVIDIA-Shadowplay\build\NVIDIA ShadowPlay\NvContainer\genuine\nvcontainer.exe' : '-f "C:\ProgramData\NVIDIA Corporation\NVIDIA App\NvContainer\NvContainerUser%dSPUser.log" -d "C:\My Project\NVIDIA-Shadowplay\build\NVIDIA ShadowPlay\NvContainer\genuine\plugins\SPUser" -r -l 3 -p 30000 -st "C:\My Project\NVIDIA-Shadowplay\build\NVIDIA ShadowPlay\NvContainer\genuine\NvContainerTelemetryApi.dll"' : 10/300/5 : non-elevated : '' 
#7(I)[2026-10-02 20:38:41,288]{00001B08}<DirectoryListene> Adding directory C:\My Project\NVIDIA-Shadowplay\build\NVIDIA ShadowPlay\NvContainer\genuine\plugins\SPUser.
#8(D)[2026-10-02 20:38:41,288]{00001B08}<DirectoryListene> Total number of current directories is 3.
#9(D)[2026-10-02 20:38:41,289]{00001B08}<DirectoryEnumera> Process folder C:\My Project\NVIDIA-Shadowplay\build\NVIDIA ShadowPlay\NvContainer\genuine\plugins\SPUser/nvspcaps
#0(I)[2026-10-02 20:38:41,289]{00001B08}<NvpChildGroup>    Add watchdog for C:\My Project\NVIDIA-Shadowplay\build\NVIDIA ShadowPlay\NvContainer\genuine\plugins\User - 'C:\My Project\NVIDIA-Shadowplay\build\NVIDIA ShadowPlay\NvContainer\genuine\nvcontainer.exe' : '-f "C:\ProgramData\NVIDIA Corporation\NVIDIA App\NvContainer\NvContainerUser%d.log" -d "C:\My Project\NVIDIA-Shadowplay\build\NVIDIA ShadowPlay\NvContainer\genuine\plugins\User" -r -l 3 -p 30000  ' : 10/300/5 : non-elevated : '' 
#1(I)[2026-10-02 20:38:41,289]{00001B08}<DirectoryListene> Adding directory C:\My Project\NVIDIA-Shadowplay\build\NVIDIA ShadowPlay\NvContainer\genuine\plugins\User.
#2(D)[2026-10-02 20:38:41,289]{00001B08}<DirectoryListene> Total number of current directories is 4.
#3(D)[2026-10-02 20:38:41,289]{00001B08}<DirectoryEnumera> Process folder C:\My Project\NVIDIA-Shadowplay\build\NVIDIA ShadowPlay\NvContainer\genuine\plugins\User/NvBackend
#4(D)[2026-10-02 20:38:41,290]{000065D8}<DirectoryListene> Directory change listener thread started
#5(D)[2026-10-02 20:38:41,290]{00001B08}<DirectoryListene> Directory listener thread started.
#6(I)[2026-10-02 20:38:41,293]{0000085C}<NvpWatchdog>          User session 1 - 'Console'
#7(I)[2026-10-02 20:38:41,293]{0000085C}<NvpWatchdog>          Running session 1 - 'Console'
#8(D)[2026-10-02 20:38:41,293]{0000085C}<NvpWatchdog>      Skip session 65536 - 'RDP-Tcp' in state 6
#9(I)[2026-10-02 20:38:41,293]{0000085C}<NvpWatchdog>      Running sessions = 1, user sessions = 1 & service session
#0(D)[2026-10-02 20:38:41,294]{0000085C}<NvpChildGroup>    Group =>
#1(D)[2026-10-02 20:38:41,294]{0000085C}<NvpChildGroup>        Folder: empty - C:\My Project\NVIDIA-Shadowplay\build\NVIDIA ShadowPlay\NvContainer\genuine\plugins\AIUser
#2(D)[2026-10-02 20:38:41,295]{0000085C}<NvpChildGroup>    Group =>
#3(D)[2026-10-02 20:38:41,295]{0000085C}<NvpChildGroup>        Folder: empty - C:\My Project\NVIDIA-Shadowplay\build\NVIDIA ShadowPlay\NvContainer\genuine\plugins\Session
#4(D)[2026-10-02 20:38:41,295]{0000085C}<DirectoryEnumera> Process folder C:\My Project\NVIDIA-Shadowplay\build\NVIDIA ShadowPlay\NvContainer\genuine\plugins\SPUser/nvspcaps
#5(D)[2026-10-02 20:38:41,295]{0000085C}<DirectoryEnumera> Process file C:\My Project\NVIDIA-Shadowplay\build\NVIDIA ShadowPlay\NvContainer\genuine\plugins\SPUser/nvspcaps/_nvspcaps64.dll
#6(D)[2026-10-02 20:38:41,295]{0000085C}<DirectoryEnumera> OnItem returned FALSE for file C:\My Project\NVIDIA-Shadowplay\build\NVIDIA ShadowPlay\NvContainer\genuine\plugins\SPUser/nvspcaps/_nvspcaps64.dll
#7(D)[2026-10-02 20:38:41,295]{0000085C}<NvpChildGroup>    Group =>
#8(D)[2026-10-02 20:38:41,295]{0000085C}<NvpChildGroup>        Folder: C:\My Project\NVIDIA-Shadowplay\build\NVIDIA ShadowPlay\NvContainer\genuine\plugins\SPUser
#9(D)[2026-10-02 20:38:41,295]{0000085C}<NvpChildGroup>        Container: C:\My Project\NVIDIA-Shadowplay\build\NVIDIA ShadowPlay\NvContainer\genuine\nvcontainer.exe
#0(D)[2026-10-02 20:38:41,295]{0000085C}<NvpChildGroup>        Parameters: -f "C:\ProgramData\NVIDIA Corporation\NVIDIA App\NvContainer\NvContainerUser%dSPUser.log" -d "C:\My Project\NVIDIA-Shadowplay\build\NVIDIA ShadowPlay\NvContainer\genuine\plugins\SPUser" -r -l 3 -p 30000 -st "C:\My Project\NVIDIA-Shadowplay\build\NVIDIA ShadowPlay\NvContainer\genuine\NvContainerTelemetryApi.dll"
#1(D)[2026-10-02 20:38:41,295]{0000085C}<NvpChildGroup>        Processes =>
#2(D)[2026-10-02 20:38:41,296]{0000085C}<DirectoryEnumera> Process folder C:\My Project\NVIDIA-Shadowplay\build\NVIDIA ShadowPlay\NvContainer\genuine\plugins\User/NvBackend
#3(D)[2026-10-02 20:38:41,296]{0000085C}<DirectoryEnumera> Process file C:\My Project\NVIDIA-Shadowplay\build\NVIDIA ShadowPlay\NvContainer\genuine\plugins\User/NvBackend/NvBackend64.dll
#4(D)[2026-10-02 20:38:41,296]{0000085C}<DirectoryEnumera> OnItem returned FALSE for file C:\My Project\NVIDIA-Shadowplay\build\NVIDIA ShadowPlay\NvContainer\genuine\plugins\User/NvBackend/NvBackend64.dll
#5(D)[2026-10-02 20:38:41,296]{0000085C}<NvpChildGroup>    Group =>
#6(D)[2026-10-02 20:38:41,296]{0000085C}<NvpChildGroup>        Folder: C:\My Project\NVIDIA-Shadowplay\build\NVIDIA ShadowPlay\NvContainer\genuine\plugins\User
#7(D)[2026-10-02 20:38:41,296]{0000085C}<NvpChildGroup>        Container: C:\My Project\NVIDIA-Shadowplay\build\NVIDIA ShadowPlay\NvContainer\genuine\nvcontainer.exe
#8(D)[2026-10-02 20:38:41,296]{0000085C}<NvpChildGroup>        Parameters: -f "C:\ProgramData\NVIDIA Corporation\NVIDIA App\NvContainer\NvContainerUser%d.log" -d "C:\My Project\NVIDIA-Shadowplay\build\NVIDIA ShadowPlay\NvContainer\genuine\plugins\User" -r -l 3 -p 30000  
#9(D)[2026-10-02 20:38:41,296]{0000085C}<NvpChildGroup>        Processes =>
#0(I)[2026-10-02 20:38:41,296]{0000085C}<NvpWatchdog>      Skipping empty folder C:\My Project\NVIDIA-Shadowplay\build\NVIDIA ShadowPlay\NvContainer\genuine\plugins\AIUser
#1(I)[2026-10-02 20:38:41,297]{0000085C}<NvpWatchdog>      Skipping empty folder C:\My Project\NVIDIA-Shadowplay\build\NVIDIA ShadowPlay\NvContainer\genuine\plugins\Session
#2(D)[2026-10-02 20:38:41,297]{0000085C}<DirectoryEnumera> Process folder C:\My Project\NVIDIA-Shadowplay\build\NVIDIA ShadowPlay\NvContainer\genuine\plugins\SPUser/nvspcaps
#3(D)[2026-10-02 20:38:41,297]{0000085C}<DirectoryEnumera> Process file C:\My Project\NVIDIA-Shadowplay\build\NVIDIA ShadowPlay\NvContainer\genuine\plugins\SPUser/nvspcaps/_nvspcaps64.dll
#4(D)[2026-10-02 20:38:41,297]{0000085C}<DirectoryEnumera> OnItem returned FALSE for file C:\My Project\NVIDIA-Shadowplay\build\NVIDIA ShadowPlay\NvContainer\genuine\plugins\SPUser/nvspcaps/_nvspcaps64.dll
#5(I)[2026-10-02 20:38:41,297]{0000085C}<NvpChildGroup>    Run containers for C:\My Project\NVIDIA-Shadowplay\build\NVIDIA ShadowPlay\NvContainer\genuine\plugins\SPUser
#6(I)[2026-10-02 20:38:41,297]{0000085C}<NvpChildProcess>  Run container for C:\My Project\NVIDIA-Shadowplay\build\NVIDIA ShadowPlay\NvContainer\genuine\plugins\SPUser in session 1
#7(D)[2026-10-02 20:38:41,299]{0000085C}<NvpDacl>          Succeeded to create DACL
#8(I)[2026-10-02 20:38:41,299]{0000085C}<NvpChildProcess>  Use quit event 'Global\NvContainer26176-session1-c:_my project_nvidia-shadowplay_build_nvidia shadowplay_nvcontainer_genuine_plugins_spuser' (error = 0) for non-elevated container 'C:\My Project\NVIDIA-Shadowplay\build\NVIDIA ShadowPlay\NvContainer\genuine\plugins\SPUser'
#9(D)[2026-10-02 20:38:41,321]{0000085C}<DirectoryEnumera> Process folder C:\My Project\NVIDIA-Shadowplay\build\NVIDIA ShadowPlay\NvContainer\genuine\plugins\User/NvBackend
#0(D)[2026-10-02 20:38:41,321]{0000085C}<DirectoryEnumera> Process file C:\My Project\NVIDIA-Shadowplay\build\NVIDIA ShadowPlay\NvContainer\genuine\plugins\User/NvBackend/NvBackend64.dll
#1(D)[2026-10-02 20:38:41,321]{0000085C}<DirectoryEnumera> OnItem returned FALSE for file C:\My Project\NVIDIA-Shadowplay\build\NVIDIA ShadowPlay\NvContainer\genuine\plugins\User/NvBackend/NvBackend64.dll
#2(I)[2026-10-02 20:38:41,321]{0000085C}<NvpChildGroup>    Run containers for C:\My Project\NVIDIA-Shadowplay\build\NVIDIA ShadowPlay\NvContainer\genuine\plugins\User
#3(I)[2026-10-02 20:38:41,321]{0000085C}<NvpChildProcess>  Run container for C:\My Project\NVIDIA-Shadowplay\build\NVIDIA ShadowPlay\NvContainer\genuine\plugins\User in session 1
#4(D)[2026-10-02 20:38:41,323]{0000085C}<NvpDacl>          Succeeded to create DACL
#5(I)[2026-10-02 20:38:41,323]{0000085C}<NvpChildProcess>  Use quit event 'Global\NvContainer26176-session1-c:_my project_nvidia-shadowplay_build_nvidia shadowplay_nvcontainer_genuine_plugins_user' (error = 0) for non-elevated container 'C:\My Project\NVIDIA-Shadowplay\build\NVIDIA ShadowPlay\NvContainer\genuine\plugins\User'
#6(D)[2026-10-02 20:38:41,348]{0000085C}<NvpChildGroup>    Group =>
#7(D)[2026-10-02 20:38:41,348]{0000085C}<NvpChildGroup>        Folder: empty - C:\My Project\NVIDIA-Shadowplay\build\NVIDIA ShadowPlay\NvContainer\genuine\plugins\AIUser
#8(D)[2026-10-02 20:38:41,349]{0000085C}<NvpChildGroup>    Group =>
#9(D)[2026-10-02 20:38:41,349]{0000085C}<NvpChildGroup>        Folder: empty - C:\My Project\NVIDIA-Shadowplay\build\NVIDIA ShadowPlay\NvContainer\genuine\plugins\Session
#0(D)[2026-10-02 20:38:41,349]{0000085C}<DirectoryEnumera> Process folder C:\My Project\NVIDIA-Shadowplay\build\NVIDIA ShadowPlay\NvContainer\genuine\plugins\SPUser/nvspcaps
#1(D)[2026-10-02 20:38:41,350]{0000085C}<DirectoryEnumera> Process file C:\My Project\NVIDIA-Shadowplay\build\NVIDIA ShadowPlay\NvContainer\genuine\plugins\SPUser/nvspcaps/_nvspcaps64.dll
#2(D)[2026-10-02 20:38:41,350]{0000085C}<DirectoryEnumera> OnItem returned FALSE for file C:\My Project\NVIDIA-Shadowplay\build\NVIDIA ShadowPlay\NvContainer\genuine\plugins\SPUser/nvspcaps/_nvspcaps64.dll
#3(D)[2026-10-02 20:38:41,350]{0000085C}<NvpChildGroup>    Group =>
#4(D)[2026-10-02 20:38:41,350]{0000085C}<NvpChildGroup>        Folder: C:\My Project\NVIDIA-Shadowplay\build\NVIDIA ShadowPlay\NvContainer\genuine\plugins\SPUser
#5(D)[2026-10-02 20:38:41,350]{0000085C}<NvpChildGroup>        Container: C:\My Project\NVIDIA-Shadowplay\build\NVIDIA ShadowPlay\NvContainer\genuine\nvcontainer.exe
#6(D)[2026-10-02 20:38:41,350]{0000085C}<NvpChildGroup>        Parameters: -f "C:\ProgramData\NVIDIA Corporation\NVIDIA App\NvContainer\NvContainerUser%dSPUser.log" -d "C:\My Project\NVIDIA-Shadowplay\build\NVIDIA ShadowPlay\NvContainer\genuine\plugins\SPUser" -r -l 3 -p 30000 -st "C:\My Project\NVIDIA-Shadowplay\build\NVIDIA ShadowPlay\NvContainer\genuine\NvContainerTelemetryApi.dll"
#7(D)[2026-10-02 20:38:41,350]{0000085C}<NvpChildGroup>        Processes =>
#8(D)[2026-10-02 20:38:41,350]{0000085C}<NvpChildProcess>          Session 1, process 0000000000000778
#9(D)[2026-10-02 20:38:41,350]{0000085C}<DirectoryEnumera> Process folder C:\My Project\NVIDIA-Shadowplay\build\NVIDIA ShadowPlay\NvContainer\genuine\plugins\User/NvBackend
#0(D)[2026-10-02 20:38:41,350]{0000085C}<DirectoryEnumera> Process file C:\My Project\NVIDIA-Shadowplay\build\NVIDIA ShadowPlay\NvContainer\genuine\plugins\User/NvBackend/NvBackend64.dll
#1(D)[2026-10-02 20:38:41,350]{0000085C}<DirectoryEnumera> OnItem returned FALSE for file C:\My Project\NVIDIA-Shadowplay\build\NVIDIA ShadowPlay\NvContainer\genuine\plugins\User/NvBackend/NvBackend64.dll
#2(D)[2026-10-02 20:38:41,350]{0000085C}<NvpChildGroup>    Group =>
#3(D)[2026-10-02 20:38:41,350]{0000085C}<NvpChildGroup>        Folder: C:\My Project\NVIDIA-Shadowplay\build\NVIDIA ShadowPlay\NvContainer\genuine\plugins\User
#4(D)[2026-10-02 20:38:41,350]{0000085C}<NvpChildGroup>        Container: C:\My Project\NVIDIA-Shadowplay\build\NVIDIA ShadowPlay\NvContainer\genuine\nvcontainer.exe
#5(D)[2026-10-02 20:38:41,350]{0000085C}<NvpChildGroup>        Parameters: -f "C:\ProgramData\NVIDIA Corporation\NVIDIA App\NvContainer\NvContainerUser%d.log" -d "C:\My Project\NVIDIA-Shadowplay\build\NVIDIA ShadowPlay\NvContainer\genuine\plugins\User" -r -l 3 -p 30000  
#6(D)[2026-10-02 20:38:41,350]{0000085C}<NvpChildGroup>        Processes =>
#7(D)[2026-10-02 20:38:41,350]{0000085C}<NvpChildProcess>          Session 1, process 00000000000007DC
#8(D)[2026-10-02 20:38:41,350]{0000085C}<NvpWatchdog>      Wait for 5 handles. Timeout = 4294967295
#9(I)[2026-10-02 20:38:41,545]{0000085C}<NvpWatchdog>      Process with index 1 exited
#0(D)[2026-10-02 20:38:41,545]{0000085C}<NvpChildGroup>    Found container for C:\My Project\NVIDIA-Shadowplay\build\NVIDIA ShadowPlay\NvContainer\genuine\plugins\User, session 1
#1(I)[2026-10-02 20:38:41,545]{0000085C}<NvpChildProcess>  Container 00000000000007DC for C:\My Project\NVIDIA-Shadowplay\build\NVIDIA ShadowPlay\NvContainer\genuine\plugins\User exited with 1
#2(D)[2026-10-02 20:38:41,546]{0000085C}<DirectoryEnumera> Process folder C:\My Project\NVIDIA-Shadowplay\build\NVIDIA ShadowPlay\NvContainer\genuine\plugins\User/NvBackend
#3(D)[2026-10-02 20:38:41,546]{0000085C}<DirectoryEnumera> Process file C:\My Project\NVIDIA-Shadowplay\build\NVIDIA ShadowPlay\NvContainer\genuine\plugins\User/NvBackend/NvBackend64.dll
#4(D)[2026-10-02 20:38:41,546]{0000085C}<DirectoryEnumera> OnItem returned FALSE for file C:\My Project\NVIDIA-Shadowplay\build\NVIDIA ShadowPlay\NvContainer\genuine\plugins\User/NvBackend/NvBackend64.dll
#5(I)[2026-10-02 20:38:41,546]{0000085C}<NvpChildProcess>  Container in session 1 restarting for the first time 13435447121546
#6(I)[2026-10-02 20:38:41,546]{0000085C}<NvpChildProcess>  Restart container for C:\My Project\NVIDIA-Shadowplay\build\NVIDIA ShadowPlay\NvContainer\genuine\plugins\User (count 1)
#7(I)[2026-10-02 20:38:41,546]{0000085C}<NvpChildProcess>  Run container for C:\My Project\NVIDIA-Shadowplay\build\NVIDIA ShadowPlay\NvContainer\genuine\plugins\User in session 1
#8(D)[2026-10-02 20:38:41,564]{0000085C}<NvpChildGroup>    Group =>
#9(D)[2026-10-02 20:38:41,564]{0000085C}<NvpChildGroup>        Folder: empty - C:\My Project\NVIDIA-Shadowplay\build\NVIDIA ShadowPlay\NvContainer\genuine\plugins\AIUser
#0(D)[2026-10-02 20:38:41,564]{0000085C}<NvpChildGroup>    Group =>
#1(D)[2026-10-02 20:38:41,564]{0000085C}<NvpChildGroup>        Folder: empty - C:\My Project\NVIDIA-Shadowplay\build\NVIDIA ShadowPlay\NvContainer\genuine\plugins\Session
#2(D)[2026-10-02 20:38:41,565]{0000085C}<DirectoryEnumera> Process folder C:\My Project\NVIDIA-Shadowplay\build\NVIDIA ShadowPlay\NvContainer\genuine\plugins\SPUser/nvspcaps
#3(D)[2026-10-02 20:38:41,565]{0000085C}<DirectoryEnumera> Process file C:\My Project\NVIDIA-Shadowplay\build\NVIDIA ShadowPlay\NvContainer\genuine\plugins\SPUser/nvspcaps/_nvspcaps64.dll
#4(D)[2026-10-02 20:38:41,565]{0000085C}<DirectoryEnumera> OnItem returned FALSE for file C:\My Project\NVIDIA-Shadowplay\build\NVIDIA ShadowPlay\NvContainer\genuine\plugins\SPUser/nvspcaps/_nvspcaps64.dll
#5(D)[2026-10-02 20:38:41,565]{0000085C}<NvpChildGroup>    Group =>
#6(D)[2026-10-02 20:38:41,565]{0000085C}<NvpChildGroup>        Folder: C:\My Project\NVIDIA-Shadowplay\build\NVIDIA ShadowPlay\NvContainer\genuine\plugins\SPUser
#7(D)[2026-10-02 20:38:41,565]{0000085C}<NvpChildGroup>        Container: C:\My Project\NVIDIA-Shadowplay\build\NVIDIA ShadowPlay\NvContainer\genuine\nvcontainer.exe
#8(D)[2026-10-02 20:38:41,565]{0000085C}<NvpChildGroup>        Parameters: -f "C:\ProgramData\NVIDIA Corporation\NVIDIA App\NvContainer\NvContainerUser%dSPUser.log" -d "C:\My Project\NVIDIA-Shadowplay\build\NVIDIA ShadowPlay\NvContainer\genuine\plugins\SPUser" -r -l 3 -p 30000 -st "C:\My Project\NVIDIA-Shadowplay\build\NVIDIA ShadowPlay\NvContainer\genuine\NvContainerTelemetryApi.dll"
#9(D)[2026-10-02 20:38:41,565]{0000085C}<NvpChildGroup>        Processes =>
#0(D)[2026-10-02 20:38:41,565]{0000085C}<NvpChildProcess>          Session 1, process 0000000000000778
#1(D)[2026-10-02 20:38:41,565]{0000085C}<DirectoryEnumera> Process folder C:\My Project\NVIDIA-Shadowplay\build\NVIDIA ShadowPlay\NvContainer\genuine\plugins\User/NvBackend
#2(D)[2026-10-02 20:38:41,566]{0000085C}<DirectoryEnumera> Process file C:\My Project\NVIDIA-Shadowplay\build\NVIDIA ShadowPlay\NvContainer\genuine\plugins\User/NvBackend/NvBackend64.dll
#3(D)[2026-10-02 20:38:41,566]{0000085C}<DirectoryEnumera> OnItem returned FALSE for file C:\My Project\NVIDIA-Shadowplay\build\NVIDIA ShadowPlay\NvContainer\genuine\plugins\User/NvBackend/NvBackend64.dll
#4(D)[2026-10-02 20:38:41,566]{0000085C}<NvpChildGroup>    Group =>
#5(D)[2026-10-02 20:38:41,566]{0000085C}<NvpChildGroup>        Folder: C:\My Project\NVIDIA-Shadowplay\build\NVIDIA ShadowPlay\NvContainer\genuine\plugins\User
#6(D)[2026-10-02 20:38:41,566]{0000085C}<NvpChildGroup>        Container: C:\My Project\NVIDIA-Shadowplay\build\NVIDIA ShadowPlay\NvContainer\genuine\nvcontainer.exe
#7(D)[2026-10-02 20:38:41,566]{0000085C}<NvpChildGroup>        Parameters: -f "C:\ProgramData\NVIDIA Corporation\NVIDIA App\NvContainer\NvContainerUser%d.log" -d "C:\My Project\NVIDIA-Shadowplay\build\NVIDIA ShadowPlay\NvContainer\genuine\plugins\User" -r -l 3 -p 30000  
#8(D)[2026-10-02 20:38:41,566]{0000085C}<NvpChildGroup>        Processes =>
#9(D)[2026-10-02 20:38:41,566]{0000085C}<NvpChildProcess>          Session 1, process 00000000000007E4
#0(D)[2026-10-02 20:38:41,566]{0000085C}<NvpWatchdog>      Wait for 5 handles. Timeout = 4294967295
#1(I)[2026-10-02 20:38:41,641]{0000085C}<NvpWatchdog>      Process with index 0 exited
#2(D)[2026-10-02 20:38:41,641]{0000085C}<NvpChildGroup>    Found container for C:\My Project\NVIDIA-Shadowplay\build\NVIDIA ShadowPlay\NvContainer\genuine\plugins\SPUser, session 1
#3(I)[2026-10-02 20:38:41,641]{0000085C}<NvpChildProcess>  Container 0000000000000778 for C:\My Project\NVIDIA-Shadowplay\build\NVIDIA ShadowPlay\NvContainer\genuine\plugins\SPUser exited with 0
#4(I)[2026-10-02 20:38:41,642]{0000085C}<NvpWatchdog>      Container for C:\My Project\NVIDIA-Shadowplay\build\NVIDIA ShadowPlay\NvContainer\genuine\plugins\SPUser completed successfully in session 1
#5(D)[2026-10-02 20:38:41,642]{0000085C}<NvpChildGroup>    Group =>
#6(D)[2026-10-02 20:38:41,642]{0000085C}<NvpChildGroup>        Folder: empty - C:\My Project\NVIDIA-Shadowplay\build\NVIDIA ShadowPlay\NvContainer\genuine\plugins\AIUser
#7(D)[2026-10-02 20:38:41,642]{0000085C}<NvpChildGroup>    Group =>
#8(D)[2026-10-02 20:38:41,642]{0000085C}<NvpChildGroup>        Folder: empty - C:\My Project\NVIDIA-Shadowplay\build\NVIDIA ShadowPlay\NvContainer\genuine\plugins\Session
#9(D)[2026-10-02 20:38:41,642]{0000085C}<DirectoryEnumera> Process folder C:\My Project\NVIDIA-Shadowplay\build\NVIDIA ShadowPlay\NvContainer\genuine\plugins\SPUser/nvspcaps
#0(D)[2026-10-02 20:38:41,642]{0000085C}<DirectoryEnumera> Process file C:\My Project\NVIDIA-Shadowplay\build\NVIDIA ShadowPlay\NvContainer\genuine\plugins\SPUser/nvspcaps/_nvspcaps64.dll
#1(D)[2026-10-02 20:38:41,642]{0000085C}<DirectoryEnumera> OnItem returned FALSE for file C:\My Project\NVIDIA-Shadowplay\build\NVIDIA ShadowPlay\NvContainer\genuine\plugins\SPUser/nvspcaps/_nvspcaps64.dll
#2(D)[2026-10-02 20:38:41,642]{0000085C}<NvpChildGroup>    Group =>
#3(D)[2026-10-02 20:38:41,642]{0000085C}<NvpChildGroup>        Folder: C:\My Project\NVIDIA-Shadowplay\build\NVIDIA ShadowPlay\NvContainer\genuine\plugins\SPUser
#4(D)[2026-10-02 20:38:41,642]{0000085C}<NvpChildGroup>        Container: C:\My Project\NVIDIA-Shadowplay\build\NVIDIA ShadowPlay\NvContainer\genuine\nvcontainer.exe
#5(D)[2026-10-02 20:38:41,642]{0000085C}<NvpChildGroup>        Parameters: -f "C:\ProgramData\NVIDIA Corporation\NVIDIA App\NvContainer\NvContainerUser%dSPUser.log" -d "C:\My Project\NVIDIA-Shadowplay\build\NVIDIA ShadowPlay\NvContainer\genuine\plugins\SPUser" -r -l 3 -p 30000 -st "C:\My Project\NVIDIA-Shadowplay\build\NVIDIA ShadowPlay\NvContainer\genuine\NvContainerTelemetryApi.dll"
#6(D)[2026-10-02 20:38:41,642]{0000085C}<NvpChildGroup>        Processes =>
#7(D)[2026-10-02 20:38:41,642]{0000085C}<NvpChildProcess>          Session 1, process 0000000000000000
#8(D)[2026-10-02 20:38:41,643]{0000085C}<DirectoryEnumera> Process folder C:\My Project\NVIDIA-Shadowplay\build\NVIDIA ShadowPlay\NvContainer\genuine\plugins\User/NvBackend
#9(D)[2026-10-02 20:38:41,643]{0000085C}<DirectoryEnumera> Process file C:\My Project\NVIDIA-Shadowplay\build\NVIDIA ShadowPlay\NvContainer\genuine\plugins\User/NvBackend/NvBackend64.dll
#0(D)[2026-10-02 20:38:41,643]{0000085C}<DirectoryEnumera> OnItem returned FALSE for file C:\My Project\NVIDIA-Shadowplay\build\NVIDIA ShadowPlay\NvContainer\genuine\plugins\User/NvBackend/NvBackend64.dll
#1(D)[2026-10-02 20:38:41,643]{0000085C}<NvpChildGroup>    Group =>
#2(D)[2026-10-02 20:38:41,643]{0000085C}<NvpChildGroup>        Folder: C:\My Project\NVIDIA-Shadowplay\build\NVIDIA ShadowPlay\NvContainer\genuine\plugins\User
#3(D)[2026-10-02 20:38:41,643]{0000085C}<NvpChildGroup>        Container: C:\My Project\NVIDIA-Shadowplay\build\NVIDIA ShadowPlay\NvContainer\genuine\nvcontainer.exe
#4(D)[2026-10-02 20:38:41,643]{0000085C}<NvpChildGroup>        Parameters: -f "C:\ProgramData\NVIDIA Corporation\NVIDIA App\NvContainer\NvContainerUser%d.log" -d "C:\My Project\NVIDIA-Shadowplay\build\NVIDIA ShadowPlay\NvContainer\genuine\plugins\User" -r -l 3 -p 30000  
#5(D)[2026-10-02 20:38:41,643]{0000085C}<NvpChildGroup>        Processes =>
#6(D)[2026-10-02 20:38:41,643]{0000085C}<NvpChildProcess>          Session 1, process 00000000000007E4
#7(D)[2026-10-02 20:38:41,643]{0000085C}<NvpWatchdog>      Wait for 4 handles. Timeout = 4294967295
#8(I)[2026-10-02 20:38:41,690]{0000085C}<NvpWatchdog>      Process with index 0 exited
#9(D)[2026-10-02 20:38:41,690]{0000085C}<NvpChildGroup>    Found container for C:\My Project\NVIDIA-Shadowplay\build\NVIDIA ShadowPlay\NvContainer\genuine\plugins\User, session 1
#0(I)[2026-10-02 20:38:41,690]{0000085C}<NvpChildProcess>  Container 00000000000007E4 for C:\My Project\NVIDIA-Shadowplay\build\NVIDIA ShadowPlay\NvContainer\genuine\plugins\User exited with 1
#1(D)[2026-10-02 20:38:41,691]{0000085C}<DirectoryEnumera> Process folder C:\My Project\NVIDIA-Shadowplay\build\NVIDIA ShadowPlay\NvContainer\genuine\plugins\User/NvBackend
#2(D)[2026-10-02 20:38:41,691]{0000085C}<DirectoryEnumera> Process file C:\My Project\NVIDIA-Shadowplay\build\NVIDIA ShadowPlay\NvContainer\genuine\plugins\User/NvBackend/NvBackend64.dll
#3(D)[2026-10-02 20:38:41,691]{0000085C}<DirectoryEnumera> OnItem returned FALSE for file C:\My Project\NVIDIA-Shadowplay\build\NVIDIA ShadowPlay\NvContainer\genuine\plugins\User/NvBackend/NvBackend64.dll
#4(I)[2026-10-02 20:38:41,691]{0000085C}<NvpChildProcess>  Container in session 1 new crash count 2
#5(I)[2026-10-02 20:38:41,691]{0000085C}<NvpChildProcess>  Container in session 1 crash count 2 is low. Ignore rate policy for now
#6(I)[2026-10-02 20:38:41,691]{0000085C}<NvpChildProcess>  Restart container for C:\My Project\NVIDIA-Shadowplay\build\NVIDIA ShadowPlay\NvContainer\genuine\plugins\User (count 2)
#7(I)[2026-10-02 20:38:41,691]{0000085C}<NvpChildProcess>  Run container for C:\My Project\NVIDIA-Shadowplay\build\NVIDIA ShadowPlay\NvContainer\genuine\plugins\User in session 1
#8(D)[2026-10-02 20:38:41,707]{0000085C}<NvpChildGroup>    Group =>
#9(D)[2026-10-02 20:38:41,707]{0000085C}<NvpChildGroup>        Folder: empty - C:\My Project\NVIDIA-Shadowplay\build\NVIDIA ShadowPlay\NvContainer\genuine\plugins\AIUser
#0(D)[2026-10-02 20:38:41,708]{0000085C}<NvpChildGroup>    Group =>
#1(D)[2026-10-02 20:38:41,708]{0000085C}<NvpChildGroup>        Folder: empty - C:\My Project\NVIDIA-Shadowplay\build\NVIDIA ShadowPlay\NvContainer\genuine\plugins\Session
#2(D)[2026-10-02 20:38:41,709]{0000085C}<DirectoryEnumera> Process folder C:\My Project\NVIDIA-Shadowplay\build\NVIDIA ShadowPlay\NvContainer\genuine\plugins\SPUser/nvspcaps
#3(D)[2026-10-02 20:38:41,709]{0000085C}<DirectoryEnumera> Process file C:\My Project\NVIDIA-Shadowplay\build\NVIDIA ShadowPlay\NvContainer\genuine\plugins\SPUser/nvspcaps/_nvspcaps64.dll
#4(D)[2026-10-02 20:38:41,709]{0000085C}<DirectoryEnumera> OnItem returned FALSE for file C:\My Project\NVIDIA-Shadowplay\build\NVIDIA ShadowPlay\NvContainer\genuine\plugins\SPUser/nvspcaps/_nvspcaps64.dll
#5(D)[2026-10-02 20:38:41,709]{0000085C}<NvpChildGroup>    Group =>
#6(D)[2026-10-02 20:38:41,709]{0000085C}<NvpChildGroup>        Folder: C:\My Project\NVIDIA-Shadowplay\build\NVIDIA ShadowPlay\NvContainer\genuine\plugins\SPUser
#7(D)[2026-10-02 20:38:41,709]{0000085C}<NvpChildGroup>        Container: C:\My Project\NVIDIA-Shadowplay\build\NVIDIA ShadowPlay\NvContainer\genuine\nvcontainer.exe
#8(D)[2026-10-02 20:38:41,709]{0000085C}<NvpChildGroup>        Parameters: -f "C:\ProgramData\NVIDIA Corporation\NVIDIA App\NvContainer\NvContainerUser%dSPUser.log" -d "C:\My Project\NVIDIA-Shadowplay\build\NVIDIA ShadowPlay\NvContainer\genuine\plugins\SPUser" -r -l 3 -p 30000 -st "C:\My Project\NVIDIA-Shadowplay\build\NVIDIA ShadowPlay\NvContainer\genuine\NvContainerTelemetryApi.dll"
#9(D)[2026-10-02 20:38:41,709]{0000085C}<NvpChildGroup>        Processes =>
#0(D)[2026-10-02 20:38:41,709]{0000085C}<NvpChildProcess>          Session 1, process 0000000000000000
#1(D)[2026-10-02 20:38:41,709]{0000085C}<DirectoryEnumera> Process folder C:\My Project\NVIDIA-Shadowplay\build\NVIDIA ShadowPlay\NvContainer\genuine\plugins\User/NvBackend
#2(D)[2026-10-02 20:38:41,709]{0000085C}<DirectoryEnumera> Process file C:\My Project\NVIDIA-Shadowplay\build\NVIDIA ShadowPlay\NvContainer\genuine\plugins\User/NvBackend/NvBackend64.dll
#3(D)[2026-10-02 20:38:41,710]{0000085C}<DirectoryEnumera> OnItem returned FALSE for file C:\My Project\NVIDIA-Shadowplay\build\NVIDIA ShadowPlay\NvContainer\genuine\plugins\User/NvBackend/NvBackend64.dll
#4(D)[2026-10-02 20:38:41,710]{0000085C}<NvpChildGroup>    Group =>
#5(D)[2026-10-02 20:38:41,710]{0000085C}<NvpChildGroup>        Folder: C:\My Project\NVIDIA-Shadowplay\build\NVIDIA ShadowPlay\NvContainer\genuine\plugins\User
#6(D)[2026-10-02 20:38:41,710]{0000085C}<NvpChildGroup>        Container: C:\My Project\NVIDIA-Shadowplay\build\NVIDIA ShadowPlay\NvContainer\genuine\nvcontainer.exe
#7(D)[2026-10-02 20:38:41,710]{0000085C}<NvpChildGroup>        Parameters: -f "C:\ProgramData\NVIDIA Corporation\NVIDIA App\NvContainer\NvContainerUser%d.log" -d "C:\My Project\NVIDIA-Shadowplay\build\NVIDIA ShadowPlay\NvContainer\genuine\plugins\User" -r -l 3 -p 30000  
#8(D)[2026-10-02 20:38:41,710]{0000085C}<NvpChildGroup>        Processes =>
#9(D)[2026-10-02 20:38:41,710]{0000085C}<NvpChildProcess>          Session 1, process 000000000000066C
#0(D)[2026-10-02 20:38:41,710]{0000085C}<NvpWatchdog>      Wait for 4 handles. Timeout = 4294967295
#1(I)[2026-10-02 20:38:41,829]{0000085C}<NvpWatchdog>      Process with index 0 exited
#2(D)[2026-10-02 20:38:41,829]{0000085C}<NvpChildGroup>    Found container for C:\My Project\NVIDIA-Shadowplay\build\NVIDIA ShadowPlay\NvContainer\genuine\plugins\User, session 1
#3(I)[2026-10-02 20:38:41,829]{0000085C}<NvpChildProcess>  Container 000000000000066C for C:\My Project\NVIDIA-Shadowplay\build\NVIDIA ShadowPlay\NvContainer\genuine\plugins\User exited with 1
#4(D)[2026-10-02 20:38:41,829]{0000085C}<DirectoryEnumera> Process folder C:\My Project\NVIDIA-Shadowplay\build\NVIDIA ShadowPlay\NvContainer\genuine\plugins\User/NvBackend
#5(D)[2026-10-02 20:38:41,829]{0000085C}<DirectoryEnumera> Process file C:\My Project\NVIDIA-Shadowplay\build\NVIDIA ShadowPlay\NvContainer\genuine\plugins\User/NvBackend/NvBackend64.dll
#6(D)[2026-10-02 20:38:41,829]{0000085C}<DirectoryEnumera> OnItem returned FALSE for file C:\My Project\NVIDIA-Shadowplay\build\NVIDIA ShadowPlay\NvContainer\genuine\plugins\User/NvBackend/NvBackend64.dll
#7(I)[2026-10-02 20:38:41,829]{0000085C}<NvpChildProcess>  Container in session 1 new crash count 3
#8(I)[2026-10-02 20:38:41,829]{0000085C}<NvpChildProcess>  Container in session 1 crash count 3 is low. Ignore rate policy for now
#9(I)[2026-10-02 20:38:41,830]{0000085C}<NvpChildProcess>  Restart container for C:\My Project\NVIDIA-Shadowplay\build\NVIDIA ShadowPlay\NvContainer\genuine\plugins\User (count 3)
#0(I)[2026-10-02 20:38:41,830]{0000085C}<NvpChildProcess>  Run container for C:\My Project\NVIDIA-Shadowplay\build\NVIDIA ShadowPlay\NvContainer\genuine\plugins\User in session 1
#1(D)[2026-10-02 20:38:41,847]{0000085C}<NvpChildGroup>    Group =>
#2(D)[2026-10-02 20:38:41,847]{0000085C}<NvpChildGroup>        Folder: empty - C:\My Project\NVIDIA-Shadowplay\build\NVIDIA ShadowPlay\NvContainer\genuine\plugins\AIUser
#3(D)[2026-10-02 20:38:41,847]{0000085C}<NvpChildGroup>    Group =>
#4(D)[2026-10-02 20:38:41,847]{0000085C}<NvpChildGroup>        Folder: empty - C:\My Project\NVIDIA-Shadowplay\build\NVIDIA ShadowPlay\NvContainer\genuine\plugins\Session
#5(D)[2026-10-02 20:38:41,848]{0000085C}<DirectoryEnumera> Process folder C:\My Project\NVIDIA-Shadowplay\build\NVIDIA ShadowPlay\NvContainer\genuine\plugins\SPUser/nvspcaps
#6(D)[2026-10-02 20:38:41,848]{0000085C}<DirectoryEnumera> Process file C:\My Project\NVIDIA-Shadowplay\build\NVIDIA ShadowPlay\NvContainer\genuine\plugins\SPUser/nvspcaps/_nvspcaps64.dll
#7(D)[2026-10-02 20:38:41,848]{0000085C}<DirectoryEnumera> OnItem returned FALSE for file C:\My Project\NVIDIA-Shadowplay\build\NVIDIA ShadowPlay\NvContainer\genuine\plugins\SPUser/nvspcaps/_nvspcaps64.dll
#8(D)[2026-10-02 20:38:41,848]{0000085C}<NvpChildGroup>    Group =>
#9(D)[2026-10-02 20:38:41,848]{0000085C}<NvpChildGroup>        Folder: C:\My Project\NVIDIA-Shadowplay\build\NVIDIA ShadowPlay\NvContainer\genuine\plugins\SPUser
#0(D)[2026-10-02 20:38:41,848]{0000085C}<NvpChildGroup>        Container: C:\My Project\NVIDIA-Shadowplay\build\NVIDIA ShadowPlay\NvContainer\genuine\nvcontainer.exe
#1(D)[2026-10-02 20:38:41,848]{0000085C}<NvpChildGroup>        Parameters: -f "C:\ProgramData\NVIDIA Corporation\NVIDIA App\NvContainer\NvContainerUser%dSPUser.log" -d "C:\My Project\NVIDIA-Shadowplay\build\NVIDIA ShadowPlay\NvContainer\genuine\plugins\SPUser" -r -l 3 -p 30000 -st "C:\My Project\NVIDIA-Shadowplay\build\NVIDIA ShadowPlay\NvContainer\genuine\NvContainerTelemetryApi.dll"
#2(D)[2026-10-02 20:38:41,848]{0000085C}<NvpChildGroup>        Processes =>
#3(D)[2026-10-02 20:38:41,848]{0000085C}<NvpChildProcess>          Session 1, process 0000000000000000
#4(D)[2026-10-02 20:38:41,848]{0000085C}<DirectoryEnumera> Process folder C:\My Project\NVIDIA-Shadowplay\build\NVIDIA ShadowPlay\NvContainer\genuine\plugins\User/NvBackend
#5(D)[2026-10-02 20:38:41,849]{0000085C}<DirectoryEnumera> Process file C:\My Project\NVIDIA-Shadowplay\build\NVIDIA ShadowPlay\NvContainer\genuine\plugins\User/NvBackend/NvBackend64.dll
#6(D)[2026-10-02 20:38:41,849]{0000085C}<DirectoryEnumera> OnItem returned FALSE for file C:\My Project\NVIDIA-Shadowplay\build\NVIDIA ShadowPlay\NvContainer\genuine\plugins\User/NvBackend/NvBackend64.dll
#7(D)[2026-10-02 20:38:41,849]{0000085C}<NvpChildGroup>    Group =>
#8(D)[2026-10-02 20:38:41,849]{0000085C}<NvpChildGroup>        Folder: C:\My Project\NVIDIA-Shadowplay\build\NVIDIA ShadowPlay\NvContainer\genuine\plugins\User
#9(D)[2026-10-02 20:38:41,849]{0000085C}<NvpChildGroup>        Container: C:\My Project\NVIDIA-Shadowplay\build\NVIDIA ShadowPlay\NvContainer\genuine\nvcontainer.exe
#0(D)[2026-10-02 20:38:41,849]{0000085C}<NvpChildGroup>        Parameters: -f "C:\ProgramData\NVIDIA Corporation\NVIDIA App\NvContainer\NvContainerUser%d.log" -d "C:\My Project\NVIDIA-Shadowplay\build\NVIDIA ShadowPlay\NvContainer\genuine\plugins\User" -r -l 3 -p 30000  
#1(D)[2026-10-02 20:38:41,849]{0000085C}<NvpChildGroup>        Processes =>
#2(D)[2026-10-02 20:38:41,849]{0000085C}<NvpChildProcess>          Session 1, process 000000000000051C
#3(D)[2026-10-02 20:38:41,849]{0000085C}<NvpWatchdog>      Wait for 4 handles. Timeout = 4294967295
#4(I)[2026-10-02 20:38:41,978]{0000085C}<NvpWatchdog>      Process with index 0 exited
#5(D)[2026-10-02 20:38:41,979]{0000085C}<NvpChildGroup>    Found container for C:\My Project\NVIDIA-Shadowplay\build\NVIDIA ShadowPlay\NvContainer\genuine\plugins\User, session 1
#6(I)[2026-10-02 20:38:41,979]{0000085C}<NvpChildProcess>  Container 000000000000051C for C:\My Project\NVIDIA-Shadowplay\build\NVIDIA ShadowPlay\NvContainer\genuine\plugins\User exited with 1
#7(D)[2026-10-02 20:38:41,980]{0000085C}<DirectoryEnumera> Process folder C:\My Project\NVIDIA-Shadowplay\build\NVIDIA ShadowPlay\NvContainer\genuine\plugins\User/NvBackend
#8(D)[2026-10-02 20:38:41,980]{0000085C}<DirectoryEnumera> Process file C:\My Project\NVIDIA-Shadowplay\build\NVIDIA ShadowPlay\NvContainer\genuine\plugins\User/NvBackend/NvBackend64.dll
#9(D)[2026-10-02 20:38:41,980]{0000085C}<DirectoryEnumera> OnItem returned FALSE for file C:\My Project\NVIDIA-Shadowplay\build\NVIDIA ShadowPlay\NvContainer\genuine\plugins\User/NvBackend/NvBackend64.dll
#0(I)[2026-10-02 20:38:41,980]{0000085C}<NvpChildProcess>  Container in session 1 new crash count 4
#1(I)[2026-10-02 20:38:41,980]{0000085C}<NvpChildProcess>  Container in session 1 crash count 4 is low. Ignore rate policy for now
#2(I)[2026-10-02 20:38:41,980]{0000085C}<NvpChildProcess>  Restart container for C:\My Project\NVIDIA-Shadowplay\build\NVIDIA ShadowPlay\NvContainer\genuine\plugins\User (count 4)
#3(I)[2026-10-02 20:38:41,980]{0000085C}<NvpChildProcess>  Run container for C:\My Project\NVIDIA-Shadowplay\build\NVIDIA ShadowPlay\NvContainer\genuine\plugins\User in session 1
#4(D)[2026-10-02 20:38:42,000]{0000085C}<NvpChildGroup>    Group =>
#5(D)[2026-10-02 20:38:42,000]{0000085C}<NvpChildGroup>        Folder: empty - C:\My Project\NVIDIA-Shadowplay\build\NVIDIA ShadowPlay\NvContainer\genuine\plugins\AIUser
#6(D)[2026-10-02 20:38:42,000]{0000085C}<NvpChildGroup>    Group =>
#7(D)[2026-10-02 20:38:42,000]{0000085C}<NvpChildGroup>        Folder: empty - C:\My Project\NVIDIA-Shadowplay\build\NVIDIA ShadowPlay\NvContainer\genuine\plugins\Session
#8(D)[2026-10-02 20:38:42,000]{0000085C}<DirectoryEnumera> Process folder C:\My Project\NVIDIA-Shadowplay\build\NVIDIA ShadowPlay\NvContainer\genuine\plugins\SPUser/nvspcaps
#9(D)[2026-10-02 20:38:42,000]{0000085C}<DirectoryEnumera> Process file C:\My Project\NVIDIA-Shadowplay\build\NVIDIA ShadowPlay\NvContainer\genuine\plugins\SPUser/nvspcaps/_nvspcaps64.dll
#0(D)[2026-10-02 20:38:42,000]{0000085C}<DirectoryEnumera> OnItem returned FALSE for file C:\My Project\NVIDIA-Shadowplay\build\NVIDIA ShadowPlay\NvContainer\genuine\plugins\SPUser/nvspcaps/_nvspcaps64.dll
#1(D)[2026-10-02 20:38:42,000]{0000085C}<NvpChildGroup>    Group =>
#2(D)[2026-10-02 20:38:42,000]{0000085C}<NvpChildGroup>        Folder: C:\My Project\NVIDIA-Shadowplay\build\NVIDIA ShadowPlay\NvContainer\genuine\plugins\SPUser
#3(D)[2026-10-02 20:38:42,000]{0000085C}<NvpChildGroup>        Container: C:\My Project\NVIDIA-Shadowplay\build\NVIDIA ShadowPlay\NvContainer\genuine\nvcontainer.exe
#4(D)[2026-10-02 20:38:42,000]{0000085C}<NvpChildGroup>        Parameters: -f "C:\ProgramData\NVIDIA Corporation\NVIDIA App\NvContainer\NvContainerUser%dSPUser.log" -d "C:\My Project\NVIDIA-Shadowplay\build\NVIDIA ShadowPlay\NvContainer\genuine\plugins\SPUser" -r -l 3 -p 30000 -st "C:\My Project\NVIDIA-Shadowplay\build\NVIDIA ShadowPlay\NvContainer\genuine\NvContainerTelemetryApi.dll"
#5(D)[2026-10-02 20:38:42,000]{0000085C}<NvpChildGroup>        Processes =>
#6(D)[2026-10-02 20:38:42,000]{0000085C}<NvpChildProcess>          Session 1, process 0000000000000000
#7(D)[2026-10-02 20:38:42,001]{0000085C}<DirectoryEnumera> Process folder C:\My Project\NVIDIA-Shadowplay\build\NVIDIA ShadowPlay\NvContainer\genuine\plugins\User/NvBackend
#8(D)[2026-10-02 20:38:42,001]{0000085C}<DirectoryEnumera> Process file C:\My Project\NVIDIA-Shadowplay\build\NVIDIA ShadowPlay\NvContainer\genuine\plugins\User/NvBackend/NvBackend64.dll
#9(D)[2026-10-02 20:38:42,001]{0000085C}<DirectoryEnumera> OnItem returned FALSE for file C:\My Project\NVIDIA-Shadowplay\build\NVIDIA ShadowPlay\NvContainer\genuine\plugins\User/NvBackend/NvBackend64.dll
#0(D)[2026-10-02 20:38:42,001]{0000085C}<NvpChildGroup>    Group =>
#1(D)[2026-10-02 20:38:42,001]{0000085C}<NvpChildGroup>        Folder: C:\My Project\NVIDIA-Shadowplay\build\NVIDIA ShadowPlay\NvContainer\genuine\plugins\User
#2(D)[2026-10-02 20:38:42,001]{0000085C}<NvpChildGroup>        Container: C:\My Project\NVIDIA-Shadowplay\build\NVIDIA ShadowPlay\NvContainer\genuine\nvcontainer.exe
#3(D)[2026-10-02 20:38:42,001]{0000085C}<NvpChildGroup>        Parameters: -f "C:\ProgramData\NVIDIA Corporation\NVIDIA App\NvContainer\NvContainerUser%d.log" -d "C:\My Project\NVIDIA-Shadowplay\build\NVIDIA ShadowPlay\NvContainer\genuine\plugins\User" -r -l 3 -p 30000  
#4(D)[2026-10-02 20:38:42,001]{0000085C}<NvpChildGroup>        Processes =>
#5(D)[2026-10-02 20:38:42,001]{0000085C}<NvpChildProcess>          Session 1, process 000000000000057C
#6(D)[2026-10-02 20:38:42,001]{0000085C}<NvpWatchdog>      Wait for 4 handles. Timeout = 4294967295
#7(I)[2026-10-02 20:38:42,117]{0000085C}<NvpWatchdog>      Process with index 0 exited
#8(D)[2026-10-02 20:38:42,117]{0000085C}<NvpChildGroup>    Found container for C:\My Project\NVIDIA-Shadowplay\build\NVIDIA ShadowPlay\NvContainer\genuine\plugins\User, session 1
#9(I)[2026-10-02 20:38:42,117]{0000085C}<NvpChildProcess>  Container 000000000000057C for C:\My Project\NVIDIA-Shadowplay\build\NVIDIA ShadowPlay\NvContainer\genuine\plugins\User exited with 1
#0(D)[2026-10-02 20:38:42,118]{0000085C}<DirectoryEnumera> Process folder C:\My Project\NVIDIA-Shadowplay\build\NVIDIA ShadowPlay\NvContainer\genuine\plugins\User/NvBackend
#1(D)[2026-10-02 20:38:42,118]{0000085C}<DirectoryEnumera> Process file C:\My Project\NVIDIA-Shadowplay\build\NVIDIA ShadowPlay\NvContainer\genuine\plugins\User/NvBackend/NvBackend64.dll
#2(D)[2026-10-02 20:38:42,118]{0000085C}<DirectoryEnumera> OnItem returned FALSE for file C:\My Project\NVIDIA-Shadowplay\build\NVIDIA ShadowPlay\NvContainer\genuine\plugins\User/NvBackend/NvBackend64.dll
#3(I)[2026-10-02 20:38:42,118]{0000085C}<NvpChildProcess>  Container in session 1 new crash count 5
#4(E)[2026-10-02 20:38:42,118]{0000085C}<NvpChildProcess>  Container in session 1 crash rate 0.008741 exceeded maximum 0.000033. Count 5. Disable it
#5(E)[2026-10-02 20:38:42,118]{0000085C}<NvpChildProcess>  Container for C:\My Project\NVIDIA-Shadowplay\build\NVIDIA ShadowPlay\NvContainer\genuine\plugins\User will not be restarted due to policy 10/300
#6(D)[2026-10-02 20:38:42,118]{0000085C}<NvpChildGroup>    Group =>
#7(D)[2026-10-02 20:38:42,118]{0000085C}<NvpChildGroup>        Folder: empty - C:\My Project\NVIDIA-Shadowplay\build\NVIDIA ShadowPlay\NvContainer\genuine\plugins\AIUser
#8(D)[2026-10-02 20:38:42,119]{0000085C}<NvpChildGroup>    Group =>
#9(D)[2026-10-02 20:38:42,119]{0000085C}<NvpChildGroup>        Folder: empty - C:\My Project\NVIDIA-Shadowplay\build\NVIDIA ShadowPlay\NvContainer\genuine\plugins\Session
#0(D)[2026-10-02 20:38:42,119]{0000085C}<DirectoryEnumera> Process folder C:\My Project\NVIDIA-Shadowplay\build\NVIDIA ShadowPlay\NvContainer\genuine\plugins\SPUser/nvspcaps
#1(D)[2026-10-02 20:38:42,119]{0000085C}<DirectoryEnumera> Process file C:\My Project\NVIDIA-Shadowplay\build\NVIDIA ShadowPlay\NvContainer\genuine\plugins\SPUser/nvspcaps/_nvspcaps64.dll
#2(D)[2026-10-02 20:38:42,120]{0000085C}<DirectoryEnumera> OnItem returned FALSE for file C:\My Project\NVIDIA-Shadowplay\build\NVIDIA ShadowPlay\NvContainer\genuine\plugins\SPUser/nvspcaps/_nvspcaps64.dll
#3(D)[2026-10-02 20:38:42,120]{0000085C}<NvpChildGroup>    Group =>
#4(D)[2026-10-02 20:38:42,120]{0000085C}<NvpChildGroup>        Folder: C:\My Project\NVIDIA-Shadowplay\build\NVIDIA ShadowPlay\NvContainer\genuine\plugins\SPUser
#5(D)[2026-10-02 20:38:42,120]{0000085C}<NvpChildGroup>        Container: C:\My Project\NVIDIA-Shadowplay\build\NVIDIA ShadowPlay\NvContainer\genuine\nvcontainer.exe
#6(D)[2026-10-02 20:38:42,120]{0000085C}<NvpChildGroup>        Parameters: -f "C:\ProgramData\NVIDIA Corporation\NVIDIA App\NvContainer\NvContainerUser%dSPUser.log" -d "C:\My Project\NVIDIA-Shadowplay\build\NVIDIA ShadowPlay\NvContainer\genuine\plugins\SPUser" -r -l 3 -p 30000 -st "C:\My Project\NVIDIA-Shadowplay\build\NVIDIA ShadowPlay\NvContainer\genuine\NvContainerTelemetryApi.dll"
#7(D)[2026-10-02 20:38:42,120]{0000085C}<NvpChildGroup>        Processes =>
#8(D)[2026-10-02 20:38:42,120]{0000085C}<NvpChildProcess>          Session 1, process 0000000000000000
#9(D)[2026-10-02 20:38:42,120]{0000085C}<DirectoryEnumera> Process folder C:\My Project\NVIDIA-Shadowplay\build\NVIDIA ShadowPlay\NvContainer\genuine\plugins\User/NvBackend
#0(D)[2026-10-02 20:38:42,120]{0000085C}<DirectoryEnumera> Process file C:\My Project\NVIDIA-Shadowplay\build\NVIDIA ShadowPlay\NvContainer\genuine\plugins\User/NvBackend/NvBackend64.dll
#1(D)[2026-10-02 20:38:42,120]{0000085C}<DirectoryEnumera> OnItem returned FALSE for file C:\My Project\NVIDIA-Shadowplay\build\NVIDIA ShadowPlay\NvContainer\genuine\plugins\User/NvBackend/NvBackend64.dll
#2(D)[2026-10-02 20:38:42,120]{0000085C}<NvpChildGroup>    Group =>
#3(D)[2026-10-02 20:38:42,120]{0000085C}<NvpChildGroup>        Folder: C:\My Project\NVIDIA-Shadowplay\build\NVIDIA ShadowPlay\NvContainer\genuine\plugins\User
#4(D)[2026-10-02 20:38:42,120]{0000085C}<NvpChildGroup>        Container: C:\My Project\NVIDIA-Shadowplay\build\NVIDIA ShadowPlay\NvContainer\genuine\nvcontainer.exe
#5(D)[2026-10-02 20:38:42,121]{0000085C}<NvpChildGroup>        Parameters: -f "C:\ProgramData\NVIDIA Corporation\NVIDIA App\NvContainer\NvContainerUser%d.log" -d "C:\My Project\NVIDIA-Shadowplay\build\NVIDIA ShadowPlay\NvContainer\genuine\plugins\User" -r -l 3 -p 30000  
#6(D)[2026-10-02 20:38:42,121]{0000085C}<NvpChildGroup>        Processes =>
#7(D)[2026-10-02 20:38:42,121]{0000085C}<NvpChildProcess>          Session 1, process 0000000000000000
#8(D)[2026-10-02 20:38:42,121]{0000085C}<NvpWatchdog>      Wait for 3 handles. Timeout = 4294967295
