**********************
Windows PowerShell transcript start
Start time: 20261003034619
Username: DESKTOP-DULUKA\ScotcsDuluka
RunAs User: DESKTOP-DULUKA\ScotcsDuluka
Configuration Name: 
Machine: DESKTOP-DULUKA (Microsoft Windows NT 10.0.26340.0)
Host Application: C:\WINDOWS\System32\WindowsPowerShell\v1.0\powershell.exe -NoProfile -ExecutionPolicy Bypass -File Build/NVIDIA ShadowPlay/start-osc.ps1 -Mode genuine
Process ID: 11504
PSVersion: 5.1.26100.9502
PSEdition: Desktop
PSCompatibleVersions: 1.0, 2.0, 3.0, 4.0, 5.0, 5.1.26100.9502
BuildVersion: 10.0.26100.9502
CLRVersion: 4.0.30319.42000
WSManStackVersion: 3.0
PSRemotingProtocolVersion: 2.3
SerializationVersion: 1.1.0.1
**********************
=== [0] stage binary แท้จาก OscProvision\Payload → build ===
  ข้าม (เนื้อไฟล์ตรง): nvcontainer.exe
  ข้าม (เนื้อไฟล์ตรง): NvContainerTelemetryApi.dll
  ข้าม (เนื้อไฟล์ตรง): _NvMdnsPlugin.dll
  ข้าม (เนื้อไฟล์ตรง): _NvStreamControl.dll
  ข้าม (เนื้อไฟล์ตรง): _IdentityPlugin.dll
  ข้าม (เนื้อไฟล์ตรง): NvTelemetry64.dll
  ข้าม (เนื้อไฟล์ตรง): _nvspserviceplugin64.dll
  ข้าม (เนื้อไฟล์ตรง): NvPluginWatchdog.dll
  ข้าม (เนื้อไฟล์ตรง): _NvMessageBusBroadcast.dll
  ข้าม (เนื้อไฟล์ตรง): _NvPluginNvapiMonitor.dll
  ข้าม (เนื้อไฟล์ตรง): _nvspcaps64.dll
  ข้าม (เนื้อไฟล์ตรง): NvBackend64.dll
[0] stage OK · container=C:\My Project\NVIDIA-Shadowplay\build\NVIDIA ShadowPlay\NvContainer\genuine
[0]          · node=C:\My Project\NVIDIA-Shadowplay\build\NVIDIA ShadowPlay\NvNode
[0]          · helper=C:\My Project\NVIDIA-Shadowplay\build\NVIDIA ShadowPlay\ShadowPlay
=== [1] service NvContainerLocalSystem (RUNNING = ไม่แตะ) ===
[1] service: Running
[1] ImagePath: "C:\My Project\NVIDIA-Shadowplay\build\NVIDIA ShadowPlay\NvContainer\genuine\nvcontainer.exe" -s NvContainerLocalSystem -a -f "C:\ProgramData\NVIDIA Corporation\NVIDIA App\NvContainer\NvContainerLocalSystem.log" -l 3 -d "C:\My Project\NVIDIA-Shadowplay\build\NVIDIA ShadowPlay\NvContainer\genuine\plugins\LocalSystem" -r -p 30000  -ert
=== [2] containers + agent (เช็ค CommandLine: SPUser / plugins\User) ===
[2] container PID 26176 จาก C:\My Project\NVIDIA-Shadowplay\build\NVIDIA ShadowPlay\NvContainer\genuine\nvcontainer.exe
=== [3] node :59001 → 200 (path ต้องเป็นตัวของโหมดนี้เท่านั้น) ===
PS>TerminatingError(Invoke-WebRequest): "The operation has timed out."
PS>TerminatingError(Invoke-WebRequest): "The operation has timed out."
PS>TerminatingError(Invoke-WebRequest): "The operation has timed out."
PS>TerminatingError(Invoke-WebRequest): "The operation has timed out."
PS>TerminatingError(Invoke-WebRequest): "The operation has timed out."
PS>TerminatingError(Invoke-WebRequest): "The operation has timed out."
PS>TerminatingError(Invoke-WebRequest): "The operation has timed out."
PS>TerminatingError(Invoke-WebRequest): "The operation has timed out."
PS>TerminatingError(Invoke-WebRequest): "The operation has timed out."
PS>TerminatingError(Invoke-WebRequest): "The operation has timed out."
PS>TerminatingError(Invoke-WebRequest): "The operation has timed out."
PS>TerminatingError(Invoke-WebRequest): "The operation has timed out."
PS>TerminatingError(Invoke-WebRequest): "The operation has timed out."
PS>TerminatingError(Invoke-WebRequest): "The operation has timed out."
PS>TerminatingError(Invoke-WebRequest): "The operation has timed out."
PS>TerminatingError(Invoke-WebRequest): "The operation has timed out."
PS>TerminatingError(Invoke-WebRequest): "The operation has timed out."
PS>TerminatingError(Invoke-WebRequest): "The operation has timed out."
PS>TerminatingError(Invoke-WebRequest): "The operation has timed out."
PS>TerminatingError(Invoke-WebRequest): "The operation has timed out."
PS>TerminatingError(Invoke-WebRequest): "The operation has timed out."
PS>TerminatingError(Invoke-WebRequest): "The operation has timed out."
PS>TerminatingError(Invoke-WebRequest): "The operation has timed out."
PS>TerminatingError(Invoke-WebRequest): "The operation has timed out."
PS>TerminatingError(Invoke-WebRequest): "The operation has timed out."
PS>TerminatingError(Invoke-WebRequest): "The operation has timed out."
PS>TerminatingError(Invoke-WebRequest): "The operation has timed out."
PS>TerminatingError(Invoke-WebRequest): "The operation has timed out."
PS>TerminatingError(Invoke-WebRequest): "The operation has timed out."
PS>TerminatingError(Invoke-WebRequest): "The operation has timed out."
PS>TerminatingError(Invoke-WebRequest): "The operation has timed out."
PS>TerminatingError(Invoke-WebRequest): "The operation has timed out."
PS>TerminatingError(Invoke-WebRequest): "The operation has timed out."
PS>TerminatingError(Invoke-WebRequest): "The operation has timed out."
PS>TerminatingError(Invoke-WebRequest): "The operation has timed out."
PS>TerminatingError(Invoke-WebRequest): "The operation has timed out."
PS>TerminatingError(Invoke-WebRequest): "The operation has timed out."
PS>TerminatingError(Invoke-WebRequest): "The operation has timed out."
PS>TerminatingError(Invoke-WebRequest): "The operation has timed out."
PS>TerminatingError(Invoke-WebRequest): "The operation has timed out."
PS>TerminatingError(Invoke-WebRequest): "The operation has timed out."
[FAIL] node ไม่ตอบ 200 ที่ :59001 ภายใน 40 วิ — หยุดบูต (ดู nvnode.log / NvNode\Logs)
**********************
Windows PowerShell transcript end
End time: 20261003034927
**********************
