#0(I)[2026-10-02 20:38:42,021]{00003EBC}<NvContainer>      Container main v1.40
#1(I)[2026-10-02 20:38:42,021]{00003EBC}<NvContainer>      Telemetry API initialized
#2(I)[2026-10-02 20:38:42,022]{00003EBC}<NvcHost>          Base host initialized successfully
#3(I)[2026-10-02 20:38:42,031]{00003EBC}<NvcHostWin32>     Dynamic loading of plugins is enabled
#4(I)[2026-10-02 20:38:42,031]{00003EBC}<NvcHostWin32>     Dynamic unloading of plugins is enabled
#5(I)[2026-10-02 20:38:42,039]{00003EBC}<NvcHostWin32>     Open parent process 000000000000025C for PID 26176
#6(I)[2026-10-02 20:38:42,039]{00003EBC}<NvcHostWin32>     Win32 host initialized successfully
#7(I)[2026-10-02 20:38:42,040]{00003EBC}<NvcHostWin32>     Use external event 'Global\NvContainer26176-session1-c:_my project_nvidia-shadowplay_build_nvidia shadowplay_nvcontainer_genuine_plugins_user' for quitting
#8(I)[2026-10-02 20:38:42,040]{00003EBC}<NvcHost>          Load plugins from C:\My Project\NVIDIA-Shadowplay\build\NVIDIA ShadowPlay\NvContainer\genuine\plugins\User
#9(I)[2026-10-02 20:38:42,040]{0000683C}<NvcHostWin32>     Parent process tracking thread started with timeout: 4294967295
#0(I)[2026-10-02 20:38:42,040]{00003EBC}<NvcPluginManager> Loading C:\My Project\NVIDIA-Shadowplay\build\NVIDIA ShadowPlay\NvContainer\genuine\plugins\User/NvBackend/NvBackend64.dll
#1(I)[2026-10-02 20:38:42,040]{00003EBC}<NvcRegistryStora> Creating RegistryStorage
#2(I)[2026-10-02 20:38:42,040]{00003EBC}<NvcRegistryStora> Successfully initialized RegistryStorage
#3(I)[2026-10-02 20:38:42,104]{00003EBC}<NvcPluginLoadHel> Secure loading C:\My Project\NVIDIA-Shadowplay\build\NVIDIA ShadowPlay\NvContainer\genuine\plugins\User/NvBackend/NvBackend64.dll - 39.5.0.0 at 00007FFC6AAD0000 took 62600 microseconds
#4(I)[2026-10-02 20:38:42,104]{00003EBC}<NvcPluginManager> Loaded C:\My Project\NVIDIA-Shadowplay\build\NVIDIA ShadowPlay\NvContainer\genuine\plugins\User/NvBackend/NvBackend64.dll
#5(I)[2026-10-02 20:38:42,104]{00003EBC}<NvcPluginManager> Loaded mandatory plugin NvBackendPlugin, version 1
#6(I)[2026-10-02 20:38:42,105]{00003EBC}<NvcHost>          Creating directory listener to represent current folder state
#7(I)[2026-10-02 20:38:42,105]{00003EBC}<DirectoryListene> Adding directory C:\My Project\NVIDIA-Shadowplay\build\NVIDIA ShadowPlay\NvContainer\genuine\plugins\User.
#8(I)[2026-10-02 20:38:42,106]{00003EBC}<NvcHost>          Successfully updated directory change listener
#9(I)[2026-10-02 20:38:42,106]{00003EBC}<NvcHost>          Container is initializing
#0(I)[2026-10-02 20:38:42,106]{00003EBC}<NvcPluginManager> Initiate transition to Initializing state for NvBackendPlugin
#1(I)[2026-10-02 20:38:42,106]{00003EBC}<NvcPluginManager> Transition to Initializing state for NvBackendPlugin is in progress
#2(I)[2026-10-02 20:38:42,108]{00005D94}<NvcPluginManager> Notification 2 / 0000000000000000 from NvBackendPlugin
#3(E)[2026-10-02 20:38:42,108]{00005D94}<NvcPluginManager> Notification: mandatory plugin NvBackendPlugin has failed while in Initializing state
#4(E)[2026-10-02 20:38:42,108]{00005D94}<NvcPluginManager> Transition to Initializing state for mandatory plugin NvBackendPlugin failed
#5(I)[2026-10-02 20:38:42,108]{00005D94}<NvcPluginManager> Async state transition failure is detected for NvBackendPlugin plugin. Curresponding cleanup routines will be called before container tries to unload the same.
#6(I)[2026-10-02 20:38:42,108]{00003EBC}<NvcHost>          Mandatory plugin NvBackendPlugin is in state Initialized. Unload it
#7(I)[2026-10-02 20:38:42,108]{00003EBC}<NvcHost>          Container is going to unload plugin NvBackendPlugin. State: normal
#8(I)[2026-10-02 20:38:42,108]{00003EBC}<NvcPluginManager> Initiate transition to Uninitializing state for NvBackendPlugin
#9(E)[2026-10-02 20:38:42,108]{00003EBC}<NvcPluginManager> Plugin NvBackendPlugin failed to uninitialize. Ignore and continue
#0(I)[2026-10-02 20:38:42,108]{00003EBC}<NvcPluginManager> Transition to Uninitialized state for NvBackendPlugin completed
#1(I)[2026-10-02 20:38:42,108]{00003EBC}<NvcHost>          Container has uninitialized plugin NvBackendPlugin. State: normal
#2(I)[2026-10-02 20:38:42,108]{00003EBC}<NvcPluginManager> Unload plugin 'NvBackendPlugin' - C:\My Project\NVIDIA-Shadowplay\build\NVIDIA ShadowPlay\NvContainer\genuine\plugins\User/NvBackend/NvBackend64.dll
#3(I)[2026-10-02 20:38:42,109]{00003EBC}<NvcPluginManager> NvcPluginUnloadStats for 'NvBackendPlugin' => StopProcTime = 0 us, StopTimeTotal = 0 us, UninitializeProcTime = 0 us, UninitializeTimeTotal = 0 us, LibraryUnloadTime = 1001 us, MaxSystemMessageProcessingTime = 0 us.
#4(I)[2026-10-02 20:38:42,109]{00003EBC}<NvcTelemetryHelp> NvcPluginUnloadStats for NvBackendPlugin returned 1
#5(I)[2026-10-02 20:38:42,109]{00003EBC}<NvcPluginManager> Unloaded plugin 'NvBackendPlugin'
#6(E)[2026-10-02 20:38:42,109]{00003EBC}<NvcHost>          Failed to complete transition to Initialized
#7(I)[2026-10-02 20:38:42,109]{00003EBC}<NvcHost>          Container is initialized with 0. State: normal
#8(I)[2026-10-02 20:38:42,109]{00003EBC}<NvcHost>          Uninitializing plugins with status 'Any'
#9(I)[2026-10-02 20:38:42,109]{00003EBC}<NvcHost>          No plugins in state transition
#0(I)[2026-10-02 20:38:42,109]{00003EBC}<NvcHost>          Plugins are uninitialized. State: normal
#1(I)[2026-10-02 20:38:42,109]{00003EBC}<NvcHostWin32>     Base host main completed, setting quit event
#2(I)[2026-10-02 20:38:42,109]{000065C4}<DirectoryListene> Quit event signaled. Ending thread function.
#3(I)[2026-10-02 20:38:42,109]{0000683C}<NvcHostWin32>     Quit event is sent, post quit message
#3(I)[2026-10-02 20:38:42,109]{00003EBC}<NvcHostWin32>     Waiting for the parent process tracking thread to finish...
#5(I)[2026-10-02 20:38:42,109]{0000683C}<NvcHostWin32>     Terminating parent process tracking thread function.
#6(I)[2026-10-02 20:38:42,109]{00003EBC}<NvcHostWin32>     Parent process tracking thread finished...
#7(I)[2026-10-02 20:38:42,109]{00003EBC}<NvcUserAppHost>   Received WM_DESTROY message. Quit is not legit. Ignored
#8(I)[2026-10-02 20:38:42,110]{00003EBC}<DirectoryListene> Waiting for the listener thread to finish...
#9(I)[2026-10-02 20:38:42,110]{00003EBC}<DirectoryListene> Listener thread finished...
#0(I)[2026-10-02 20:38:42,110]{00003EBC}<NvContainer>      Container main exited with error
