2026-10-03T15:19:39.728[I]: Starting NvContainer Local System container...
2026-10-03T15:19:39.745[I]: Loading fast-boot dependency...
2026-10-03T15:19:39.751[I]: fast-boot ready
2026-10-03T15:19:39.751[I]: Loading ExpressJS dependency...
2026-10-03T15:19:39.844[I]: ExpressJS ready
2026-10-03T15:19:39.845[I]: Loading HTTP dependency...
2026-10-03T15:19:39.845[I]: Creating HTTP server...
2026-10-03T15:19:39.845[I]: HTTP ready
2026-10-03T15:19:39.845[I]: Loading Socket.IO dependency...
2026-10-03T15:19:39.935[I]: Socket.IO ready
2026-10-03T15:19:39.936[I]: Loading "on-finished" dependency...
2026-10-03T15:19:39.940[I]: Loading NvPiplConfig module...
2026-10-03T15:19:39.942[I]: NvPiplConfig module loaded
2026-10-03T15:19:39.943[I]: Loading NvBackendAPI module...
2026-10-03T15:19:39.950[D]: NvBackendAPI.js: native dependency loaded
2026-10-03T15:19:39.951[I]: NvBackendAPI module loaded
2026-10-03T15:19:39.951[I]: Loading AccountAPI module...
2026-10-03T15:19:39.955[I]: Restarted user consent refresh timer of 1440 minutes.
2026-10-03T15:19:39.955[I]: AccountAPI module loaded
2026-10-03T15:19:39.955[I]: Loading DriverInstallAPI module...
2026-10-03T15:19:39.958[I]: Initializing DriverInstall.node
2026-10-03T15:19:39.958[D]: Driver Install node initialization successful
2026-10-03T15:19:39.959[I]: DriverInstallAPI module loaded
2026-10-03T15:19:39.961[I]: Loading downloaderAPI module...
2026-10-03T15:19:39.966[I]: downloaderAPI module loaded
2026-10-03T15:19:39.966[I]: Waiting for NvContainer Local System container to start...
2026-10-03T15:19:39.966[I]: NvContainer Local System container started
2026-10-03T15:19:39.972[D]: Loading NvBackendAPI DLL...
2026-10-03T15:19:39.979[D]: Calling EnsureThatBackendIsRunning...
2026-10-03T15:19:39.979[D]: EnsureThatBackendIsRunning succeded.
2026-10-03T15:19:39.981[I]: NvBackendAPI module initialized
2026-10-03T15:19:39.982[I]: NvPiplConfig initialized
2026-10-03T15:19:40.028[I]: NvAbHubAPI: Loading module...
2026-10-03T15:19:40.032[D]: Initializing NvAccountApi
2026-10-03T15:19:40.032[I]: Loading NvGameStreamAPI module...
2026-10-03T15:19:40.032[D]: NvAccountApi: Initializing NvTelemetry...
2026-10-03T15:19:40.033[D]: fts.json doesn't exist!
2026-10-03T15:19:40.033[I]: g_diffDownloadToggleMask: 0
2026-10-03T15:19:40.033[D]: Initializing downloader addon.
2026-10-03T15:19:40.038[I]: NvGameStreamAPI module loaded
2026-10-03T15:19:40.039[D]: Initializing GameStreamAPI
2026-10-03T15:19:40.039[I]: Loading GalleryAPI module...
2026-10-03T15:19:40.039[D]: Trying to insert into DLL search path the following NvContainer folder:
2026-10-03T15:19:40.039[D]: C:\Program Files (x86)\NVIDIA Corporation\NvContainer
2026-10-03T15:19:40.039[D]: Will now try to load GameStream bridge DLL from:
2026-10-03T15:19:40.039[D]: C:\Program Files (x86)\NVIDIA Corporation\NvStreamSrv\NvGfeServiceBridge.dll
2026-10-03T15:19:40.040[E]: GameStreamNode:: Dll does not exist
2026-10-03T15:19:40.040[D]: Logging dependency files and their versions
2026-10-03T15:19:40.044[D]: FileName: C:\WINDOWS\SysWOW64\msvcp120.dll, FileVersion: 12.0.40664.0
2026-10-03T15:19:40.044[I]: GalleryAPI module loaded
2026-10-03T15:19:40.045[D]: Initializing NvGalleryAPI
2026-10-03T15:19:40.045[I]: Loading NvCameraAPI module...
2026-10-03T15:19:40.046[I]: NvGalleryAPI initialized.
2026-10-03T15:19:40.046[D]: FileName: C:\WINDOWS\SysWOW64\msvcr120.dll, FileVersion: 12.0.40664.0
2026-10-03T15:19:40.053[I]: NvCameraAPI module loaded
2026-10-03T15:19:40.057[D]: Initializing NvCameraAPI
2026-10-03T15:19:40.057[D]: NvCameraAPI: calling getSharedMessageBusInterfaceSecure
2026-10-03T15:19:40.060[I]: NvGalleryAPI module initialized
2026-10-03T15:19:40.061[E]: Optional module load error!
2026-10-03T15:19:40.066[E]: { ErrorMessage:
   "Couldn't Load NvGfeServiceBridge.dll. nvLoadLibraryFromTrustedLocation failed with 126",
  NodeError: 18 }
2026-10-03T15:19:40.068[I]: Successfully sent automatic feedback about NodeJS exception
2026-10-03T15:19:40.192[D]: NvAccountApi: NvTelemetry initialization SUCCESS!
2026-10-03T15:19:40.192[I]: NvAccountApi initialized.
2026-10-03T15:19:40.192[I]: Running consent check...
2026-10-03T15:19:40.192[I]: NvAbHubAPI: Module initialized
2026-10-03T15:19:40.193[I]: Downloader addon initialized.
2026-10-03T15:19:40.194[D]: NvCameraAPI: call to getSharedMessageBusInterfaceSecure done
2026-10-03T15:19:40.194[D]: NvCameraAPI: calling addObserver
2026-10-03T15:19:40.194[D]: NvCameraAPI: call to addObserver done, loading DINPUT8.dll
2026-10-03T15:19:40.194[I]: Loading NvCommonTasks...
2026-10-03T15:19:40.195[I]: NvCommonTasks loaded
2026-10-03T15:19:40.195[I]: Loading NvAutoDriverDownload module...
2026-10-03T15:19:40.196[I]: GetNvCameraDLL PATH is specified in registry 
2026-10-03T15:19:40.198[I]: auto driver download check begins
2026-10-03T15:19:40.200[I]: NvAutoDriverDownload module loaded
2026-10-03T15:19:40.200[I]: Loading NvAutoDownload module...
2026-10-03T15:19:40.223[I]: NvAutoDownload module loaded
2026-10-03T15:19:40.225[I]: promise chain check for updates
2026-10-03T15:19:40.225[I]: Read GFExperience version from registry: 3.28.0.412
2026-10-03T15:19:40.225[I]: Read GFExperience architecture value from registry: x64
2026-10-03T15:19:40.227[E]: Cannot read GFE 3 BETA flag from registryError: RegQueryValueExW failed with 2
2026-10-03T15:19:40.231[E]: Cannot read GFE 2 BETA flag from registryError: RegOpenKeyEx failed with 2
2026-10-03T15:19:40.231[E]: Cannot delete GFE 2 BETA flag from registryError: RegOpenKeyEx failed with 2
2026-10-03T15:19:40.231[I]: inside promise chain check for updates
2026-10-03T15:19:40.231[I]: GpuArch:  
2026-10-03T15:19:40.232[D]: Peers on the bus as of join: NvCameraControl
2026-10-03T15:19:40.235[I]: Payload is [ { componentName: 'nvapp',
    registry: { nvappOTAChannel: 'Official' } } ]
2026-10-03T15:19:40.237[E]: failed to get build preference with error:  [Error: Code:2147942402::Text:Unknown error::Message:Failed to get User Info]
2026-10-03T15:19:40.238[I]: data received from audriver download enabled api: false
2026-10-03T15:19:40.239[E]: Error: Cannot get functional consent state: -1609957376
2026-10-03T15:19:40.311[I]: GetNvCameraDLL PATH is specified in registry 
2026-10-03T15:19:40.381[I]: Reshade Supported
2026-10-03T15:19:40.381[I]: NvCameraAPI initialized.
2026-10-03T15:19:40.710[I]: Successfully sent automatic feedback about NodeJS exception
2026-10-03T15:19:40.711[I]: Shutting down.
2026-10-03T15:19:40.711[D]: LEAVE message_bus_broadcast_system:message_bus_broadcast_module
2026-10-03T15:19:40.724[I]: GetNvCameraDLL PATH is specified in registry 
2026-10-03T15:19:40.793[I]: Cleaning up PiplConfig
2026-10-03T15:19:40.794[I]: Stopping logging.
