2026-10-03T21:34:18.103[I]: Starting NvContainer Local System container...
2026-10-03T21:34:18.117[I]: Loading fast-boot dependency...
2026-10-03T21:34:18.162[I]: fast-boot ready
2026-10-03T21:34:18.162[I]: Loading ExpressJS dependency...
2026-10-03T21:34:19.333[I]: ExpressJS ready
2026-10-03T21:34:19.334[I]: Loading HTTP dependency...
2026-10-03T21:34:19.334[I]: Creating HTTP server...
2026-10-03T21:34:19.334[I]: HTTP ready
2026-10-03T21:34:19.334[I]: Loading Socket.IO dependency...
2026-10-03T21:34:20.813[I]: Socket.IO ready
2026-10-03T21:34:20.813[I]: Loading "on-finished" dependency...
2026-10-03T21:34:20.817[I]: Loading NvPiplConfig module...
2026-10-03T21:34:20.845[I]: NvPiplConfig module loaded
2026-10-03T21:34:20.845[I]: Loading NvBackendAPI module...
2026-10-03T21:34:20.878[D]: NvBackendAPI.js: native dependency loaded
2026-10-03T21:34:20.879[I]: NvBackendAPI module loaded
2026-10-03T21:34:20.879[I]: Loading AccountAPI module...
2026-10-03T21:34:20.909[I]: Restarted user consent refresh timer of 1440 minutes.
2026-10-03T21:34:20.909[I]: AccountAPI module loaded
2026-10-03T21:34:20.909[I]: Loading DriverInstallAPI module...
2026-10-03T21:34:20.935[I]: Initializing DriverInstall.node
2026-10-03T21:34:20.935[D]: Driver Install node initialization successful
2026-10-03T21:34:20.936[I]: DriverInstallAPI module loaded
2026-10-03T21:34:20.936[I]: Loading downloaderAPI module...
2026-10-03T21:34:20.980[I]: downloaderAPI module loaded
2026-10-03T21:34:20.980[I]: Waiting for NvContainer Local System container to start...
2026-10-03T21:34:20.980[I]: NvContainer Local System container started
2026-10-03T21:34:20.984[D]: Loading NvBackendAPI DLL...
2026-10-03T21:34:20.993[D]: Calling EnsureThatBackendIsRunning...
2026-10-03T21:34:20.993[D]: EnsureThatBackendIsRunning succeded.
2026-10-03T21:34:20.997[I]: NvBackendAPI module initialized
2026-10-03T21:34:20.998[I]: NvPiplConfig initialized
2026-10-03T21:34:21.008[I]: NvAbHubAPI: Loading module...
2026-10-03T21:34:21.036[I]: Loading NvGameStreamAPI module...
2026-10-03T21:34:21.036[D]: Initializing NvAccountApi
2026-10-03T21:34:21.036[D]: NvAccountApi: Initializing NvTelemetry...
2026-10-03T21:34:21.037[D]: fts.json doesn't exist!
2026-10-03T21:34:21.037[I]: g_diffDownloadToggleMask: 0
2026-10-03T21:34:21.037[D]: Initializing downloader addon.
2026-10-03T21:34:21.064[I]: NvGameStreamAPI module loaded
2026-10-03T21:34:21.065[I]: Loading GalleryAPI module...
2026-10-03T21:34:21.065[D]: Initializing GameStreamAPI
2026-10-03T21:34:21.065[D]: Trying to insert into DLL search path the following NvContainer folder:
2026-10-03T21:34:21.065[D]: C:\Program Files (x86)\NVIDIA Corporation\NvContainer
2026-10-03T21:34:21.065[D]: Will now try to load GameStream bridge DLL from:
2026-10-03T21:34:21.065[D]: C:\Program Files (x86)\NVIDIA Corporation\NvStreamSrv\NvGfeServiceBridge.dll
2026-10-03T21:34:21.098[D]: GameStreamNode::Dll load successfull
2026-10-03T21:34:21.105[I]: GalleryAPI module loaded
2026-10-03T21:34:21.105[D]: Initializing NvGalleryAPI
2026-10-03T21:34:21.105[I]: Loading NvCameraAPI module...
2026-10-03T21:34:21.106[I]: NvGalleryAPI initialized.
2026-10-03T21:34:21.121[I]: GameStreamAPI initialized.
2026-10-03T21:34:21.142[D]: NvAccountApi: NvTelemetry initialization SUCCESS!
2026-10-03T21:34:21.142[I]: NvAccountApi initialized.
2026-10-03T21:34:21.142[I]: Running consent check...
2026-10-03T21:34:21.143[I]: NvCameraAPI module loaded
2026-10-03T21:34:21.143[D]: Initializing NvCameraAPI
2026-10-03T21:34:21.143[D]: NvCameraAPI: calling getSharedMessageBusInterfaceSecure
2026-10-03T21:34:21.143[I]: Updated PiplConfig in NvAccount
2026-10-03T21:34:21.143[D]: Updated PiplConfig in NvBackend
2026-10-03T21:34:21.144[D]: Updated PiplConfig propogated successfully
2026-10-03T21:34:21.145[I]: NvGalleryAPI module initialized
2026-10-03T21:34:21.145[I]: NvGameStreamAPI module initialized
2026-10-03T21:34:21.146[I]: NvAbHubAPI: Module initialized
2026-10-03T21:34:21.169[D]: GFE has functional consent: 0
2026-10-03T21:34:21.169[I]: Consent check finished
2026-10-03T21:34:21.177[D]: Loading NvBackendAPI DLL to send feedback
2026-10-03T21:34:21.196[D]: NvCameraAPI: call to getSharedMessageBusInterfaceSecure done
2026-10-03T21:34:21.196[D]: NvCameraAPI: calling addObserver
2026-10-03T21:34:21.196[D]: NvCameraAPI: call to addObserver done, loading DINPUT8.dll
2026-10-03T21:34:21.198[I]: GetNvCameraDLL PATH is specified in registry 
2026-10-03T21:34:21.232[D]: Peers on the bus as of join: NvCameraControl, GfeMessageBusPlugin, IdentityPlugin, MdnsPlugin, NvStreamControl, ServicePlugin, ShadowplayServer
2026-10-03T21:34:21.293[I]: GetNvCameraDLL PATH is specified in registry 
2026-10-03T21:34:21.307[I]: Downloader addon initialized.
2026-10-03T21:34:21.307[I]: Loading NvCommonTasks...
2026-10-03T21:34:21.325[I]: NvCommonTasks loaded
2026-10-03T21:34:21.325[I]: Loading NvAutoDriverDownload module...
2026-10-03T21:34:21.344[I]: auto driver download check begins
2026-10-03T21:34:21.344[I]: NvAutoDriverDownload module loaded
2026-10-03T21:34:21.344[I]: Loading NvAutoDownload module...
2026-10-03T21:34:21.353[I]: Reshade Supported
2026-10-03T21:34:21.353[I]: NvCameraAPI initialized.
2026-10-03T21:34:21.561[I]: NvAutoDownload module loaded
2026-10-03T21:34:21.562[I]: promise chain check for updates
2026-10-03T21:34:21.562[I]: Read GFExperience version from registry: 3.28.0.412
2026-10-03T21:34:21.562[I]: Read GFExperience architecture value from registry: x64
2026-10-03T21:34:21.562[E]: Cannot read GFE 3 BETA flag from registryError: RegQueryValueExW failed with 2
2026-10-03T21:34:21.563[E]: Cannot read GFE 2 BETA flag from registryError: RegQueryValueExW failed with 2
2026-10-03T21:34:21.563[E]: Cannot delete GFE 2 BETA flag from registryError: RegDeleteValueW failed with 2
2026-10-03T21:34:21.563[I]: inside promise chain check for updates
2026-10-03T21:34:21.563[I]: GpuArch:  
2026-10-03T21:34:21.577[I]: Payload is [ { componentName: 'nvapp',
    registry: { nvappOTAChannel: 'Official' } } ]
2026-10-03T21:34:21.578[E]: failed to get build preference with error:  [Error: Code:2147942402::Text:Unknown error::Message:Failed to get User Info]
2026-10-03T21:34:21.578[I]: data received from audriver download enabled api: false
2026-10-03T21:34:21.579[I]: NvCameraAPI module initialized
2026-10-03T21:34:21.580[I]: Loading ShadowPlayAPI module...
2026-10-03T21:34:21.623[I]: ShadowPlayAPI initalizing...
2026-10-03T21:34:21.623[D]: Initializing NvShadowPlayAPI
2026-10-03T21:34:21.728[D]: Registering callback type: 2
2026-10-03T21:34:21.728[D]: Registering complete
2026-10-03T21:34:21.762[D]: JOIN 
2026-10-03T21:34:21.764[D]: ShadowPlay enabled on init
2026-10-03T21:34:21.765[E]: ShadowPlay is running but idle (possible crash)
2026-10-03T21:34:21.765[E]: ShadowPlay not running
2026-10-03T21:34:21.765[I]: Enabling ShadowPlay
2026-10-03T21:34:22.010[I]: GpuArch { MoboType: 'Desktop',
  BIOSVersion: 'ALASKA - 1072009::IH51VA04::American Megatrends - 50013',
  PhysicalMemoryCapacity: '17179869184',
  JarvisDeviceId: 'MDBlMDIyNDAwZTM4YTA2NTM0OTY1NmU2OTZjNjU3NDZl',
  TelemetryDeviceId:
   '77ad843b6946405c18e40e3d61e4358948814a3267b6d4574e65e72e2d9ace01',
  UserDefaultUILanguage: '1033',
  ProcessorArchitecture: 'AMD64',
  OSVersion: '10.0',
  OSBuildNumber: '26340',
  TotalPhysicalMemory: '17006096384',
  CurrentResolution: '1680x1050@60',
  PCName: 'DESKTOP-DULUKA',
  CPUName: 'Intel(R) Core(TM) i5-10400F CPU @ 2.90GHz',
  DriverVersion: '582.66',
  IsDCHDriverInstalled: '1',
  DriverType: '0',
  SLISupported: '0',
  HasActiveSLITopology: '0',
  ActiveTopologyGPUCount: '0',
  IsOptimus: '1',
  GPU:
   [ { LongGPUName: 'NVIDIA GeForce GTX 1080 Ti',
       ActualVRAMSize: '11264',
       GPURAMType: 'GDDR5X',
       VBIOSVersion: '86.02.39.00.54',
       IsQuadro: '0',
       DeviceId: '1b06',
       VendorId: '10de',
       SubSystemId: '85f1',
       SubVendorId: '1043',
       SystemType: 'DESKTOP',
       BrandType: '1',
       PhysicalGPUHandle: '0000000000000100',
       GPUArchitecture: '304',
       GPUArchRevision: '161',
       GPUArchVersion: '65552',
       GPUArchImplementation: '2',
       IsPrimary: '1' } ] }
2026-10-03T21:34:23.617[I]: Notification Message Id: 2323, wParam: 0, lParam: 0
2026-10-03T21:34:23.617[E]: Ignoring notification as API not ready
2026-10-03T21:34:23.649[D]: JOIN 
2026-10-03T21:34:23.788[D]: JOIN 
2026-10-03T21:34:26.667[D]: LEAVE Shadowplay:ShadowplayApi9168
2026-10-03T21:34:26.682[D]: LEAVE Hotkey:HotkeyPlugin
2026-10-03T21:34:26.699[E]: SP Server run failure: -2147467259. Start failure count: 1
2026-10-03T21:34:26.701[I]: ShadowPlayAPI module initialized
2026-10-03T21:34:26.703[I]: checking for GFE Update... https://ota.nvidia.com/GFE/v1.0/self-update/?%7B%22version%22%3A%223.28.0.412%22%2C%22channel%22%3A%22Official%22%2C%22osVersion%22%3A%2210.0%22%2C%22is64bit%22%3Atrue%2C%22isOs64bit%22%3Atrue%2C%22userBuildPreference%22%3Anull%2C%22gpuArch%22%3A%22304%22%7D
2026-10-03T21:34:26.737[I]: Loading NvSDKAPI...
2026-10-03T21:34:26.772[I]: NvSDKAPI initalizing...
2026-10-03T21:34:26.772[D]: Initializing NvSDKAPI
2026-10-03T21:34:26.773[E]: File doesn't exist for reading
2026-10-03T21:34:26.773[E]: ParseTracker: Couldn't open existing tracker file, no highlights yet
2026-10-03T21:34:26.773[D]: NvSDKAPI: Initializing telemetry...
2026-10-03T21:34:26.798[D]: NvSDKAPI: telemetry initialized
2026-10-03T21:34:26.833[I]: Start IPC thread initialization
2026-10-03T21:34:26.833[E]: Error loading MMF library
2026-10-03T21:34:26.833[D]: : Peers on the bus as of join: NvNode:SDKAPI, NvCameraControl, GfeMessageBusPlugin, SDKAPI, IdentityPlugin, MdnsPlugin, NvStreamControl, ServicePlugin, ShadowplayApi3528, ShadowplayServer
2026-10-03T21:34:26.833[D]: JOIN 
2026-10-03T21:34:26.838[I]: SDK module initialized
2026-10-03T21:34:26.838[I]: Starting HTTP server...
2026-10-03T21:34:26.838[I]: Overriding port number with 59001
2026-10-03T21:34:26.839[I]: Trying to listen http://127.0.0.1:59001
2026-10-03T21:34:26.842[I]: Server is listening at http://127.0.0.1:59001
2026-10-03T21:34:26.842[I]: Initialization complete.
2026-10-03T21:34:26.842[D]: Registering shutdown callbacks...
2026-10-03T21:34:26.927[I]: Fetching the cloudVariable...
2026-10-03T21:34:26.929[I]:  OTA response statusCode: 200
2026-10-03T21:34:26.929[I]:  OTA response headers: {"x-content-type-options":"nosniff","x-xss-protection":"1; mode=block","x-application-context":"release-service:swagger,prod,hqnv,external,hqnv-security:8686","content-type":"application/json;charset=UTF-8","expires":"Sat, 03 Oct 2026 14:34:26 GMT","cache-control":"max-age=0, no-cache, no-store","pragma":"no-cache","date":"Sat, 03 Oct 2026 14:34:26 GMT","content-length":"133","connection":"close","x-cdn-ip":"IPv4","x-cache-status":"Miss from child, Hit from parent","x-cdn-version":"v29","x-cdn":"akam","x-vdms-version":"1"}
2026-10-03T21:34:27.945[D]: Incoming request  #1: GET /ShadowPlay/v.1.0/Hotkey/openshare
2026-10-03T21:34:27.954[I]: Hotkey openshare has data {"keys":[18,88]}
2026-10-03T21:34:28.005[D]: Response finished #1: GET /ShadowPlay/v.1.0/Hotkey/openshare with status 200
2026-10-03T21:34:28.143[D]: Config data received: {"debugInfo":"General-debug-info","cloudVariables":[{"activity":{"type":"FR","id":"16b124db-4399-49f6-9a6d-524f63a69ef9","activationType":"USER_ID","name":"Force Self Update"},"result":{"type":"DEFAULT","name":"ENABLE"},"name":"IsMandatoryUpdate","metadata":{"debugInfo":"featureRollout-debug-info","disableContext":false},"value":{"IsMandatoryUpdate":true}}]}
2026-10-03T21:34:28.144[D]: Config data received: {"debugInfo":"General-debug-info","cloudVariables":[{"activity":{"type":"FR","id":"16b124db-4399-49f6-9a6d-524f63a69ef9","activationType":"USER_ID","name":"Force Self Update"},"result":{"type":"DEFAULT","name":"ENABLE"},"name":"IsMandatoryUpdate","metadata":{"debugInfo":"featureRollout-debug-info","disableContext":false},"value":{"IsMandatoryUpdate":true}}]}
2026-10-03T21:34:28.144[D]: Config CV data: true
2026-10-03T21:34:28.145[D]: Updating the status file...
2026-10-03T21:34:31.006[D]: Incoming request  #2: POST /ShadowPlay/v.1.0/Launch
2026-10-03T21:34:31.010[I]: Post Data: {"launch":true}
2026-10-03T21:34:31.011[I]: Setting ShadowPlay Enable: {"launch":true}
2026-10-03T21:34:31.011[D]: ShadowPlay already running
2026-10-03T21:34:31.011[D]: Registering callback type: 1
2026-10-03T21:34:31.054[D]: JOIN 
2026-10-03T21:34:31.164[D]: Registering complete
2026-10-03T21:34:31.164[D]: Registering callback type: 3
2026-10-03T21:34:31.164[D]: Registering complete
2026-10-03T21:34:31.164[E]: GetCaptureSessionParam: session:4294967295, cmd:12
2026-10-03T21:34:31.165[E]: Failed to get capture state:-2147024809
2026-10-03T21:34:32.001[D]: Response finished #2: POST /ShadowPlay/v.1.0/Launch with status 200
2026-10-03T21:35:01.864[D]: Incoming request  #3: GET /ShadowPlay/v.1.0/Capture/State
2026-10-03T21:35:01.866[I]: { type: 'Error',
  code: -2147024809,
  codeText: 'Unknown/Internal error',
  message: undefined }
2026-10-03T21:35:01.866[E]: {"type":"Error","code":-2147024809,"codeText":"Unknown/Internal error"}
2026-10-03T21:35:01.897[D]: Response finished #3: GET /ShadowPlay/v.1.0/Capture/State with status 500
2026-10-03T21:35:02.396[D]: JOIN 
2026-10-03T21:35:08.759[D]: Incoming request  #4: GET /ShadowPlay/v.1.0/Hotkey/Monitor
2026-10-03T21:35:08.761[I]: { type: 'Error',
  code: -2147024809,
  codeText: 'Unknown/Internal error',
  message: undefined }
2026-10-03T21:35:08.761[E]: {"type":"Error","code":-2147024809,"codeText":"Unknown/Internal error"}
2026-10-03T21:35:08.800[D]: Incoming request  #5: POST /ShadowPlay/v.1.0/Hotkey/Monitor
2026-10-03T21:35:08.800[D]: Response finished #4: GET /ShadowPlay/v.1.0/Hotkey/Monitor with status 500
2026-10-03T21:35:08.805[I]: Post Data: {"enable":true}
2026-10-03T21:35:08.805[I]: Setting hotkey monitoring with data {"enable":true}
2026-10-03T21:35:08.806[I]: { type: 'Error',
  code: -2147024809,
  codeText: 'Unknown/Internal error',
  message: undefined }
2026-10-03T21:35:08.806[E]: {"type":"Error","code":-2147024809,"codeText":"Unknown/Internal error"}
2026-10-03T21:35:08.815[D]: Incoming request  #6: POST /ShadowPlay/v.1.0/Hotkey/overlaytoggle
2026-10-03T21:35:08.816[D]: Response finished #5: POST /ShadowPlay/v.1.0/Hotkey/Monitor with status 500
2026-10-03T21:35:08.816[I]: Post Data: {"keys":[18,90]}
2026-10-03T21:35:08.816[I]: Setting hotkey overlaytoggle with data {"keys":[18,90]}
2026-10-03T21:35:08.830[I]: { type: 'Error',
  code: -2147024809,
  codeText: 'Unknown/Internal error',
  message: undefined }
2026-10-03T21:35:08.830[E]: {"type":"Error","code":-2147024809,"codeText":"Unknown/Internal error"}
2026-10-03T21:35:08.832[D]: Incoming request  #7: GET /ShadowPlay/v.1.0/Hotkey/overlaytoggle
2026-10-03T21:35:08.833[D]: Response finished #6: POST /ShadowPlay/v.1.0/Hotkey/overlaytoggle with status 500
2026-10-03T21:35:08.833[I]: Hotkey overlaytoggle has data {"keys":[]}
2026-10-03T21:35:08.853[D]: Incoming request  #8: GET /ShadowPlay/v.1.0/Hotkey/Monitor
2026-10-03T21:35:08.853[D]: Response finished #7: GET /ShadowPlay/v.1.0/Hotkey/overlaytoggle with status 200
2026-10-03T21:35:08.854[I]: { type: 'Error',
  code: -2147024809,
  codeText: 'Unknown/Internal error',
  message: undefined }
2026-10-03T21:35:08.854[E]: {"type":"Error","code":-2147024809,"codeText":"Unknown/Internal error"}
2026-10-03T21:35:08.907[D]: Response finished #8: GET /ShadowPlay/v.1.0/Hotkey/Monitor with status 500
2026-10-03T21:35:35.961[D]: JOIN 
2026-10-03T21:35:37.307[D]: Incoming request  #9: GET /PiplConfig/v.1.0/data
2026-10-03T21:35:37.308[I]: Get PiplConfig
2026-10-03T21:35:37.309[D]: Response finished #9: GET /PiplConfig/v.1.0/data with status 200
2026-10-03T21:35:37.312[D]: Incoming request  #10: GET /HardwareInformation/v.0.1
2026-10-03T21:35:37.655[D]: Request GET /HardwareInformation/v.0.1 succeeded and driver version is 582.66
2026-10-03T21:35:37.658[D]: Incoming request  #11: GET /Account/v.1.0/UserToken
2026-10-03T21:35:37.659[D]: Response finished #10: GET /HardwareInformation/v.0.1 with status 200
2026-10-03T21:35:37.659[I]: { type: 'Error',
  code: 2147942402,
  codeText: 'Unknown error',
  message: 'Failed to get User Info' }
2026-10-03T21:35:37.659[E]: {"type":"Error","code":2147942402,"codeText":"Unknown error","message":"Failed to get User Info"}
2026-10-03T21:35:37.671[D]: Response finished #11: GET /Account/v.1.0/UserToken with status 500
2026-10-03T21:35:37.672[I]: Socket XA27uQE04tV--rARAAAA connected
2026-10-03T21:35:37.675[D]: Incoming request  #12: GET /Account/v.1.0/UserToken
2026-10-03T21:35:37.676[I]: { type: 'Error',
  code: 2147942402,
  codeText: 'Unknown error',
  message: 'Failed to get User Info' }
2026-10-03T21:35:37.676[E]: {"type":"Error","code":2147942402,"codeText":"Unknown error","message":"Failed to get User Info"}
2026-10-03T21:35:37.699[D]: Response finished #12: GET /Account/v.1.0/UserToken with status 500
2026-10-03T21:35:37.752[D]: Incoming request  #13: GET /Account/v.1.0/PrivacySettings?clientId=undefined
2026-10-03T21:35:37.752[D]: Incoming request  #14: POST /ShadowPlay/v.1.0/Hotkey/DynamicToggle
2026-10-03T21:35:37.753[I]: Post Data: {"enable":true,"hotkeyNames":["broadcasttoggle","broadcastpausetoggle"]}
2026-10-03T21:35:37.754[I]: HotkeyDynamicToggle with data {"enable":true,"hotkeyNames":["broadcasttoggle","broadcastpausetoggle"]}
2026-10-03T21:35:37.754[E]: SetCaptureSessionParam: session:4294967295, cmd:13
2026-10-03T21:35:37.755[I]: { type: 'Error',
  code: -2147024809,
  codeText: 'Unknown/Internal error',
  message: undefined }
2026-10-03T21:35:37.755[E]: {"type":"Error","code":-2147024809,"codeText":"Unknown/Internal error"}
2026-10-03T21:35:37.756[D]: Response finished #13: GET /Account/v.1.0/PrivacySettings?clientId=undefined with status 200
2026-10-03T21:35:37.757[D]: Response finished #14: POST /ShadowPlay/v.1.0/Hotkey/DynamicToggle with status 500
2026-10-03T21:35:37.761[D]: Incoming request  #15: GET /ShadowPlay/v.1.0/Launch
2026-10-03T21:35:37.764[I]: ShadowPlay Launch state: {"launch":true}
2026-10-03T21:35:37.765[D]: Incoming request  #16: GET /HardwareInformation/v.0.1
2026-10-03T21:35:37.766[D]: Response finished #15: GET /ShadowPlay/v.1.0/Launch with status 200
2026-10-03T21:35:38.041[D]: Request GET /HardwareInformation/v.0.1 succeeded and driver version is 582.66
2026-10-03T21:35:38.043[D]: Incoming request  #17: GET /Settings/v.1.0/Language
2026-10-03T21:35:38.043[I]: Language:undefined
2026-10-03T21:35:38.043[D]: Response finished #16: GET /HardwareInformation/v.0.1 with status 200
2026-10-03T21:35:38.044[D]: Response finished #17: GET /Settings/v.1.0/Language with status 200
2026-10-03T21:35:38.044[D]: Incoming request  #18: GET /ShadowPlay/v.1.0/Capture/State
2026-10-03T21:35:38.045[I]: { type: 'Error',
  code: -2147024809,
  codeText: 'Unknown/Internal error',
  message: undefined }
2026-10-03T21:35:38.045[E]: {"type":"Error","code":-2147024809,"codeText":"Unknown/Internal error"}
2026-10-03T21:35:38.047[D]: Incoming request  #19: GET /gfeupdate/autoGFEDownload/autoGFEbeta
2026-10-03T21:35:38.048[D]: Response finished #18: GET /ShadowPlay/v.1.0/Capture/State with status 500
2026-10-03T21:35:38.048[D]: Response finished #19: GET /gfeupdate/autoGFEDownload/autoGFEbeta with status 200
2026-10-03T21:35:38.050[D]: Incoming request  #20: GET /beta
2026-10-03T21:35:38.050[D]: Response finished #20: GET /beta with status 200
2026-10-03T21:36:49.763[D]: Incoming request  #21: POST /ShadowPlay/v.1.0/Launch
2026-10-03T21:36:49.767[I]: Post Data: {"launch":true}
2026-10-03T21:36:49.767[I]: Setting ShadowPlay Enable: {"launch":true}
2026-10-03T21:36:49.768[D]: ShadowPlay already running
2026-10-03T21:36:49.768[E]: GetCaptureSessionParam: session:4294967295, cmd:12
2026-10-03T21:36:49.769[E]: Failed to get capture state:-2147024809
2026-10-03T21:36:49.848[D]: Response finished #21: POST /ShadowPlay/v.1.0/Launch with status 200
2026-10-03T21:36:56.306[D]: Incoming request  #22: GET /ShadowPlay/v.1.0/Capture/State
2026-10-03T21:36:56.307[I]: { type: 'Error',
  code: -2147024809,
  codeText: 'Unknown/Internal error',
  message: undefined }
2026-10-03T21:36:56.307[E]: {"type":"Error","code":-2147024809,"codeText":"Unknown/Internal error"}
2026-10-03T21:36:56.335[D]: Response finished #22: GET /ShadowPlay/v.1.0/Capture/State with status 500
2026-10-03T21:36:56.700[D]: Incoming request  #23: GET /ShadowPlay/v.1.0/Hotkey/Monitor
2026-10-03T21:36:56.701[I]: { type: 'Error',
  code: -2147024809,
  codeText: 'Unknown/Internal error',
  message: undefined }
2026-10-03T21:36:56.701[E]: {"type":"Error","code":-2147024809,"codeText":"Unknown/Internal error"}
2026-10-03T21:36:56.729[D]: Response finished #23: GET /ShadowPlay/v.1.0/Hotkey/Monitor with status 500
2026-10-03T21:39:18.714[D]: Incoming request  #24: POST /ShadowPlay/v.1.0/Launch
2026-10-03T21:39:18.719[I]: Post Data: {"launch":true}
2026-10-03T21:39:18.720[I]: Setting ShadowPlay Enable: {"launch":true}
2026-10-03T21:39:18.721[D]: ShadowPlay already running
2026-10-03T21:39:18.721[E]: GetCaptureSessionParam: session:4294967295, cmd:12
2026-10-03T21:39:18.722[E]: Failed to get capture state:-2147024809
2026-10-03T21:39:19.006[D]: Response finished #24: POST /ShadowPlay/v.1.0/Launch with status 200
2026-10-03T21:41:06.393[D]: Incoming request  #25: GET /ShadowPlay/v.1.0/Capture/State
2026-10-03T21:41:06.395[I]: { type: 'Error',
  code: -2147024809,
  codeText: 'Unknown/Internal error',
  message: undefined }
2026-10-03T21:41:06.395[E]: {"type":"Error","code":-2147024809,"codeText":"Unknown/Internal error"}
2026-10-03T21:41:06.425[D]: Response finished #25: GET /ShadowPlay/v.1.0/Capture/State with status 500
