2026-10-03T15:48:05.006[I]: Starting NvContainer Local System container...
2026-10-03T15:48:05.015[I]: Loading fast-boot dependency...
2026-10-03T15:48:05.024[I]: fast-boot ready
2026-10-03T15:48:05.024[I]: Loading ExpressJS dependency...
2026-10-03T15:48:05.109[I]: ExpressJS ready
2026-10-03T15:48:05.111[I]: Loading HTTP dependency...
2026-10-03T15:48:05.112[I]: Creating HTTP server...
2026-10-03T15:48:05.113[I]: HTTP ready
2026-10-03T15:48:05.113[I]: Loading Socket.IO dependency...
2026-10-03T15:48:05.209[I]: Socket.IO ready
2026-10-03T15:48:05.210[I]: Loading "on-finished" dependency...
2026-10-03T15:48:05.214[I]: Loading NvPiplConfig module...
2026-10-03T15:48:05.219[I]: NvPiplConfig module loaded
2026-10-03T15:48:05.220[I]: Loading NvBackendAPI module...
2026-10-03T15:48:05.225[D]: NvBackendAPI.js: native dependency loaded
2026-10-03T15:48:05.225[I]: NvBackendAPI module loaded
2026-10-03T15:48:05.225[I]: Loading AccountAPI module...
2026-10-03T15:48:05.231[I]: Restarted user consent refresh timer of 1440 minutes.
2026-10-03T15:48:05.232[I]: AccountAPI module loaded
2026-10-03T15:48:05.234[I]: Loading DriverInstallAPI module...
2026-10-03T15:48:05.236[I]: Initializing DriverInstall.node
2026-10-03T15:48:05.236[D]: Driver Install node initialization successful
2026-10-03T15:48:05.237[I]: DriverInstallAPI module loaded
2026-10-03T15:48:05.237[I]: Loading downloaderAPI module...
2026-10-03T15:48:05.242[I]: downloaderAPI module loaded
2026-10-03T15:48:05.242[I]: Waiting for NvContainer Local System container to start...
2026-10-03T15:48:05.243[I]: NvContainer Local System container started
2026-10-03T15:48:05.248[D]: Loading NvBackendAPI DLL...
2026-10-03T15:48:05.253[D]: Calling EnsureThatBackendIsRunning...
2026-10-03T15:48:05.253[D]: EnsureThatBackendIsRunning succeded.
2026-10-03T15:48:05.256[I]: NvBackendAPI module initialized
2026-10-03T15:48:05.258[I]: NvPiplConfig initialized
2026-10-03T15:48:05.291[I]: NvAbHubAPI: Loading module...
2026-10-03T15:48:05.293[D]: Initializing NvAccountApi
2026-10-03T15:48:05.293[I]: Loading NvGameStreamAPI module...
2026-10-03T15:48:05.293[D]: NvAccountApi: Initializing NvTelemetry...
2026-10-03T15:48:05.293[D]: fts.json doesn't exist!
2026-10-03T15:48:05.293[I]: g_diffDownloadToggleMask: 0
2026-10-03T15:48:05.293[D]: Initializing downloader addon.
2026-10-03T15:48:05.297[I]: NvGameStreamAPI module loaded
2026-10-03T15:48:05.298[D]: Initializing GameStreamAPI
2026-10-03T15:48:05.298[I]: Loading GalleryAPI module...
2026-10-03T15:48:05.298[D]: Trying to insert into DLL search path the following NvContainer folder:
2026-10-03T15:48:05.298[D]: C:\Program Files (x86)\NVIDIA Corporation\NvContainer
2026-10-03T15:48:05.298[D]: Will now try to load GameStream bridge DLL from:
2026-10-03T15:48:05.298[D]: C:\Program Files (x86)\NVIDIA Corporation\NvStreamSrv\NvGfeServiceBridge.dll
2026-10-03T15:48:05.305[D]: GameStreamNode::Dll load successfull
2026-10-03T15:48:05.306[I]: GalleryAPI module loaded
2026-10-03T15:48:05.306[D]: Initializing NvGalleryAPI
2026-10-03T15:48:05.306[I]: Loading NvCameraAPI module...
2026-10-03T15:48:05.307[I]: NvGalleryAPI initialized.
2026-10-03T15:48:05.314[I]: NvCameraAPI module loaded
2026-10-03T15:48:05.315[I]: GameStreamAPI initialized.
2026-10-03T15:48:05.315[D]: Initializing NvCameraAPI
2026-10-03T15:48:05.315[D]: NvCameraAPI: calling getSharedMessageBusInterfaceSecure
2026-10-03T15:48:05.320[I]: NvGalleryAPI module initialized
2026-10-03T15:48:05.320[I]: NvGameStreamAPI module initialized
2026-10-03T15:48:05.393[D]: NvCameraAPI: call to getSharedMessageBusInterfaceSecure done
2026-10-03T15:48:05.393[D]: NvCameraAPI: calling addObserver
2026-10-03T15:48:05.393[D]: NvCameraAPI: call to addObserver done, loading DINPUT8.dll
2026-10-03T15:48:05.395[D]: NvAccountApi: NvTelemetry initialization SUCCESS!
2026-10-03T15:48:05.395[I]: NvAccountApi initialized.
2026-10-03T15:48:05.395[I]: Running consent check...
2026-10-03T15:48:05.396[I]: NvAbHubAPI: Module initialized
2026-10-03T15:48:05.396[I]: GetNvCameraDLL PATH is specified in registry 
2026-10-03T15:48:05.423[E]: Error: Cannot get functional consent state: -1609957376
2026-10-03T15:48:05.423[I]: Downloader addon initialized.
2026-10-03T15:48:05.423[D]: Peers on the bus as of join: NvCameraControl, GfeMessageBusPlugin
2026-10-03T15:48:05.425[I]: Successfully sent automatic feedback about NodeJS exception
2026-10-03T15:48:05.426[I]: Shutting down.
2026-10-03T15:48:05.426[D]: LEAVE message_bus_broadcast_system:message_bus_broadcast_module
2026-10-03T15:48:05.427[I]: GetNvCameraDLL PATH is specified in registry 
2026-10-03T15:48:05.470[I]: GetNvCameraDLL PATH is specified in registry 
2026-10-03T15:48:05.505[I]: Cleaning up PiplConfig
2026-10-03T15:48:05.506[I]: Stopping logging.
