2026-10-03T04:13:58.278[I]: Starting NvContainer Local System container...
2026-10-03T04:13:58.297[I]: Loading fast-boot dependency...
2026-10-03T04:13:58.303[I]: fast-boot ready
2026-10-03T04:13:58.303[I]: Loading ExpressJS dependency...
2026-10-03T04:13:58.379[I]: ExpressJS ready
2026-10-03T04:13:58.380[I]: Loading HTTP dependency...
2026-10-03T04:13:58.380[I]: Creating HTTP server...
2026-10-03T04:13:58.380[I]: HTTP ready
2026-10-03T04:13:58.380[I]: Loading Socket.IO dependency...
2026-10-03T04:13:58.470[I]: Socket.IO ready
2026-10-03T04:13:58.471[I]: Loading "on-finished" dependency...
2026-10-03T04:13:58.476[I]: Loading NvPiplConfig module...
2026-10-03T04:13:58.482[I]: NvPiplConfig module loaded
2026-10-03T04:13:58.482[I]: Loading NvBackendAPI module...
2026-10-03T04:13:58.488[D]: NvBackendAPI.js: native dependency loaded
2026-10-03T04:13:58.488[I]: NvBackendAPI module loaded
2026-10-03T04:13:58.488[I]: Loading AccountAPI module...
2026-10-03T04:13:58.494[I]: Restarted user consent refresh timer of 1440 minutes.
2026-10-03T04:13:58.495[I]: AccountAPI module loaded
2026-10-03T04:13:58.495[I]: Loading DriverInstallAPI module...
2026-10-03T04:13:58.498[I]: Initializing DriverInstall.node
2026-10-03T04:13:58.498[D]: Driver Install node initialization successful
2026-10-03T04:13:58.498[I]: DriverInstallAPI module loaded
2026-10-03T04:13:58.498[I]: Loading downloaderAPI module...
2026-10-03T04:13:58.510[I]: downloaderAPI module loaded
2026-10-03T04:13:58.510[I]: Waiting for NvContainer Local System container to start...
2026-10-03T04:13:58.510[I]: NvContainer Local System container started
2026-10-03T04:13:58.514[D]: Loading NvBackendAPI DLL...
2026-10-03T04:13:58.525[D]: Calling EnsureThatBackendIsRunning...
2026-10-03T04:14:17.247[E]: EnsureThatBackendIsRunning failed with 0x800705b4
2026-10-03T04:14:17.247[D]: Starting NvBackendAPI cleanup
2026-10-03T04:14:17.247[D]: NvBackendAPI cleanup finished.
2026-10-03T04:14:17.247[D]: Starting NvBackendAPI cleanup
2026-10-03T04:14:17.247[D]: NvBackendAPI cleanup finished.
2026-10-03T04:14:17.250[E]: Error: EnsureThatBackendIsRunning failed with 0x800705b4
2026-10-03T04:14:17.250[E]: Failed to send automatic feedback about NodeJS exception, NvBackend plugin is not loaded or does not have AddFeedback functionality.
2026-10-03T04:14:17.250[I]: Shutting down.
2026-10-03T04:14:17.250[I]: Cleaning up PiplConfig
2026-10-03T04:14:17.250[I]: Stopping logging.
