2026-10-03T18:11:16.775[I]: Starting NvContainer Local System container...
2026-10-03T18:11:16.794[I]: Loading fast-boot dependency...
2026-10-03T18:11:16.801[I]: fast-boot ready
2026-10-03T18:11:16.801[I]: Loading ExpressJS dependency...
2026-10-03T18:11:16.915[I]: ExpressJS ready
2026-10-03T18:11:16.916[I]: Loading HTTP dependency...
2026-10-03T18:11:16.916[I]: Creating HTTP server...
2026-10-03T18:11:16.917[I]: HTTP ready
2026-10-03T18:11:16.917[I]: Loading Socket.IO dependency...
2026-10-03T18:11:17.025[I]: Socket.IO ready
2026-10-03T18:11:17.026[I]: Loading "on-finished" dependency...
2026-10-03T18:11:17.034[I]: Loading NvPiplConfig module...
2026-10-03T18:11:17.036[I]: NvPiplConfig module loaded
2026-10-03T18:11:17.037[I]: Loading NvBackendAPI module...
2026-10-03T18:11:17.045[D]: NvBackendAPI.js: native dependency loaded
2026-10-03T18:11:17.045[I]: NvBackendAPI module loaded
2026-10-03T18:11:17.046[I]: Loading AccountAPI module...
2026-10-03T18:11:17.049[I]: Restarted user consent refresh timer of 1440 minutes.
2026-10-03T18:11:17.049[I]: AccountAPI module loaded
2026-10-03T18:11:17.049[I]: Loading DriverInstallAPI module...
2026-10-03T18:11:17.052[I]: Initializing DriverInstall.node
2026-10-03T18:11:17.052[D]: Driver Install node initialization successful
2026-10-03T18:11:17.053[I]: DriverInstallAPI module loaded
2026-10-03T18:11:17.053[I]: Loading downloaderAPI module...
2026-10-03T18:11:17.063[I]: downloaderAPI module loaded
2026-10-03T18:11:17.063[I]: Waiting for NvContainer Local System container to start...
2026-10-03T18:11:17.063[I]: NvContainer Local System container started
2026-10-03T18:11:17.068[D]: Loading NvBackendAPI DLL...
2026-10-03T18:11:17.075[D]: Calling EnsureThatBackendIsRunning...
2026-10-03T18:11:17.075[D]: EnsureThatBackendIsRunning succeded.
2026-10-03T18:11:17.079[I]: NvBackendAPI module initialized
2026-10-03T18:11:17.080[I]: NvPiplConfig initialized
2026-10-03T18:11:17.082[I]: NvAbHubAPI: Loading module...
2026-10-03T18:11:17.084[I]: Loading NvGameStreamAPI module...
2026-10-03T18:11:17.084[D]: Initializing NvAccountApi
2026-10-03T18:11:17.084[D]: NvAccountApi: Initializing NvTelemetry...
2026-10-03T18:11:17.084[D]: fts.json doesn't exist!
2026-10-03T18:11:17.084[I]: g_diffDownloadToggleMask: 0
2026-10-03T18:11:17.084[D]: Initializing downloader addon.
2026-10-03T18:11:17.087[I]: NvGameStreamAPI module loaded
2026-10-03T18:11:17.088[I]: Loading GalleryAPI module...
2026-10-03T18:11:17.088[D]: Initializing GameStreamAPI
2026-10-03T18:11:17.088[D]: Trying to insert into DLL search path the following NvContainer folder:
2026-10-03T18:11:17.088[D]: C:\Program Files (x86)\NVIDIA Corporation\NvContainer
2026-10-03T18:11:17.088[D]: Will now try to load GameStream bridge DLL from:
2026-10-03T18:11:17.088[D]: C:\Program Files (x86)\NVIDIA Corporation\NvStreamSrv\NvGfeServiceBridge.dll
2026-10-03T18:11:17.096[D]: GameStreamNode::Dll load successfull
2026-10-03T18:11:17.098[I]: GalleryAPI module loaded
2026-10-03T18:11:17.099[D]: Initializing NvGalleryAPI
2026-10-03T18:11:17.099[I]: Loading NvCameraAPI module...
2026-10-03T18:11:17.100[I]: NvGalleryAPI initialized.
2026-10-03T18:11:17.104[I]: NvCameraAPI module loaded
2026-10-03T18:11:17.104[I]: GameStreamAPI initialized.
2026-10-03T18:11:17.104[D]: Initializing NvCameraAPI
2026-10-03T18:11:17.105[D]: NvCameraAPI: calling getSharedMessageBusInterfaceSecure
2026-10-03T18:11:17.105[I]: Updated PiplConfig in NvAccount
2026-10-03T18:11:17.106[D]: Updated PiplConfig in NvBackend
2026-10-03T18:11:17.107[D]: Updated PiplConfig propogated successfully
2026-10-03T18:11:17.112[E]: SetLocalizedEndpoints internal error: [Error: failed to set localized endpoints]
2026-10-03T18:11:17.113[I]: NvGalleryAPI module initialized
2026-10-03T18:11:17.113[I]: NvGameStreamAPI module initialized
2026-10-03T18:11:17.169[D]: NvAccountApi: NvTelemetry initialization SUCCESS!
2026-10-03T18:11:17.169[I]: NvAccountApi initialized.
2026-10-03T18:11:17.169[I]: Running consent check...
2026-10-03T18:11:17.169[I]: NvAbHubAPI: Module initialized
2026-10-03T18:11:17.172[D]: NvCameraAPI: call to getSharedMessageBusInterfaceSecure done
2026-10-03T18:11:17.172[D]: NvCameraAPI: calling addObserver
2026-10-03T18:11:17.172[D]: NvCameraAPI: call to addObserver done, loading DINPUT8.dll
2026-10-03T18:11:17.173[I]: GetNvCameraDLL PATH is specified in registry 
2026-10-03T18:11:17.203[D]: GFE has functional consent: 0
2026-10-03T18:11:17.203[I]: Consent check finished
2026-10-03T18:11:17.204[D]: Loading NvBackendAPI DLL to send feedback
2026-10-03T18:11:17.216[D]: Peers on the bus as of join: NvCameraControl, GfeMessageBusPlugin, IdentityPlugin, MdnsPlugin, NvStreamControl, ServicePlugin, ShadowplayApi29432, ShadowplayServer
2026-10-03T18:11:17.264[I]: GetNvCameraDLL PATH is specified in registry 
2026-10-03T18:11:17.333[I]: Downloader addon initialized.
2026-10-03T18:11:17.334[I]: Loading NvCommonTasks...
2026-10-03T18:11:17.336[I]: NvCommonTasks loaded
2026-10-03T18:11:17.337[I]: Loading NvAutoDriverDownload module...
2026-10-03T18:11:17.339[I]: auto driver download check begins
2026-10-03T18:11:17.341[I]: NvAutoDriverDownload module loaded
2026-10-03T18:11:17.342[I]: Loading NvAutoDownload module...
2026-10-03T18:11:17.344[I]: Reshade Supported
2026-10-03T18:11:17.344[I]: NvCameraAPI initialized.
2026-10-03T18:11:17.365[I]: NvAutoDownload module loaded
2026-10-03T18:11:17.366[I]: promise chain check for updates
2026-10-03T18:11:17.366[I]: Read GFExperience version from registry: 3.28.0.412
2026-10-03T18:11:17.366[I]: Read GFExperience architecture value from registry: x64
2026-10-03T18:11:17.367[E]: Cannot read GFE 3 BETA flag from registryError: RegQueryValueExW failed with 2
2026-10-03T18:11:17.367[E]: Cannot read GFE 2 BETA flag from registryError: RegOpenKeyEx failed with 2
2026-10-03T18:11:17.367[E]: Cannot delete GFE 2 BETA flag from registryError: RegOpenKeyEx failed with 2
2026-10-03T18:11:17.367[I]: inside promise chain check for updates
2026-10-03T18:11:17.367[I]: GpuArch:  
2026-10-03T18:11:17.375[I]: Payload is [ { componentName: 'nvapp',
    registry: { nvappOTAChannel: 'Official' } } ]
2026-10-03T18:11:17.379[E]: failed to get build preference with error:  [Error: Code:2147942402::Text:Unknown error::Message:Failed to get User Info]
2026-10-03T18:11:17.379[I]: data received from audriver download enabled api: false
2026-10-03T18:11:17.380[I]: NvCameraAPI module initialized
2026-10-03T18:11:17.380[I]: Loading ShadowPlayAPI module...
2026-10-03T18:11:17.391[I]: ShadowPlayAPI initalizing...
2026-10-03T18:11:17.392[D]: Initializing NvShadowPlayAPI
2026-10-03T18:11:17.546[D]: Registering callback type: 2
2026-10-03T18:11:17.547[D]: Registering complete
2026-10-03T18:11:17.579[D]: JOIN 
2026-10-03T18:11:17.580[D]: ShadowPlay enabled on init
2026-10-03T18:11:17.582[E]: ShadowPlay is running but idle (possible crash)
2026-10-03T18:11:17.582[E]: ShadowPlay not running
2026-10-03T18:11:17.582[I]: Enabling ShadowPlay
2026-10-03T18:11:17.995[I]: GpuArch { MoboType: 'Desktop',
  BIOSVersion: 'ALASKA - 1072009::IH51VA04::American Megatrends - 50013',
  PhysicalMemoryCapacity: '17179869184',
  JarvisDeviceId: 'MDBlMDIyNDAwZTM4YTA2NTM0OTY1NmU2OTZjNjU3NDZl',
  TelemetryDeviceId:
   '77ad843b6946405c18e40e3d61e4358948814a3267b6d4574e65e72e2d9ace01',
  UserDefaultUILanguage: '1033',
  ProcessorArchitecture: 'AMD64',
  OSVersion: '10.0',
  OSBuildNumber: '26340',
  TotalPhysicalMemory: '17006096384',
  CurrentResolution: '1680x1050@75',
  PCName: 'DESKTOP-DULUKA',
  CPUName: 'Intel(R) Core(TM) i5-10400F CPU @ 2.90GHz',
  DriverVersion: '582.66',
  IsDCHDriverInstalled: '1',
  DriverType: '0',
  SLISupported: '0',
  HasActiveSLITopology: '0',
  ActiveTopologyGPUCount: '0',
  IsOptimus: '1',
  GPU:
   [ { LongGPUName: 'NVIDIA GeForce GTX 1080 Ti',
       ActualVRAMSize: '11264',
       GPURAMType: 'GDDR5X',
       VBIOSVersion: '86.02.39.00.54',
       IsQuadro: '0',
       DeviceId: '1b06',
       VendorId: '10de',
       SubSystemId: '85f1',
       SubVendorId: '1043',
       SystemType: 'DESKTOP',
       BrandType: '1',
       PhysicalGPUHandle: '0000000000000100',
       GPUArchitecture: '304',
       GPUArchRevision: '161',
       GPUArchVersion: '65552',
       GPUArchImplementation: '2',
       IsPrimary: '1' } ] }
2026-10-03T18:11:20.432[E]: SP Server run failure: -2147220941. Start failure count: 1
2026-10-03T18:11:20.433[I]: ShadowPlayAPI module initialized
2026-10-03T18:11:20.435[I]: checking for GFE Update... https://ota.nvidia.com/GFE/v1.0/self-update/?%7B%22version%22%3A%223.28.0.412%22%2C%22channel%22%3A%22Official%22%2C%22osVersion%22%3A%2210.0%22%2C%22is64bit%22%3Atrue%2C%22isOs64bit%22%3Atrue%2C%22userBuildPreference%22%3Anull%2C%22gpuArch%22%3A%22304%22%7D
2026-10-03T18:11:20.494[I]: Loading NvSDKAPI...
2026-10-03T18:11:20.505[I]: NvSDKAPI initalizing...
2026-10-03T18:11:20.507[D]: Initializing NvSDKAPI
2026-10-03T18:11:20.508[E]: File doesn't exist for reading
2026-10-03T18:11:20.509[E]: ParseTracker: Couldn't open existing tracker file, no highlights yet
2026-10-03T18:11:20.509[D]: NvSDKAPI: Initializing telemetry...
2026-10-03T18:11:20.557[D]: NvSDKAPI: telemetry initialized
2026-10-03T18:11:20.577[D]: LEAVE Shadowplay:ShadowplayApi29432
2026-10-03T18:11:20.628[I]: Start IPC thread initialization
2026-10-03T18:11:20.628[E]: Error loading MMF library
2026-10-03T18:11:20.630[D]: : Peers on the bus as of join: NvNode:SDKAPI, NvCameraControl, GfeMessageBusPlugin, SDKAPI, IdentityPlugin, MdnsPlugin, NvStreamControl, ServicePlugin, ShadowplayApi24788, ShadowplayServer
2026-10-03T18:11:20.630[D]: JOIN 
2026-10-03T18:11:20.633[I]: SDK module initialized
2026-10-03T18:11:20.633[I]: Starting HTTP server...
2026-10-03T18:11:20.634[I]: Overriding port number with 59001
2026-10-03T18:11:20.634[I]: Trying to listen http://127.0.0.1:59001
2026-10-03T18:11:20.644[I]: Server is listening at http://127.0.0.1:59001
2026-10-03T18:11:20.645[I]: Initialization complete.
2026-10-03T18:11:20.646[D]: Registering shutdown callbacks...
2026-10-03T18:11:20.765[I]: Fetching the cloudVariable...
2026-10-03T18:11:20.766[I]:  OTA response statusCode: 200
2026-10-03T18:11:20.766[I]:  OTA response headers: {"x-content-type-options":"nosniff","x-xss-protection":"1; mode=block","x-application-context":"release-service:swagger,prod,hqnv,external,hqnv-security:8686","content-type":"application/json;charset=UTF-8","expires":"Sat, 03 Oct 2026 11:11:21 GMT","cache-control":"max-age=0, no-cache, no-store","pragma":"no-cache","date":"Sat, 03 Oct 2026 11:11:21 GMT","content-length":"133","connection":"close","x-cdn-ip":"IPv4","x-cache-status":"Miss from child, Miss from parent","x-cdn-version":"v29","x-cdn":"akam","x-vdms-version":"1"}
2026-10-03T18:11:21.034[D]: Incoming request  #1: GET /Duluka/v.1.0/State
2026-10-03T18:11:21.047[D]: Response finished #1: GET /Duluka/v.1.0/State with status 404
2026-10-03T18:11:21.143[D]: Incoming request  #2: GET /ShadowPlay/v.1.0/Hotkey/openshare
2026-10-03T18:11:21.145[I]: Hotkey openshare has data {"keys":[18,88]}
2026-10-03T18:11:21.305[D]: Response finished #2: GET /ShadowPlay/v.1.0/Hotkey/openshare with status 200
2026-10-03T18:11:21.537[D]: Incoming request  #3: GET /Duluka/v.1.0/State
2026-10-03T18:11:21.539[D]: Response finished #3: GET /Duluka/v.1.0/State with status 404
2026-10-03T18:11:21.778[D]: Config data received: {"debugInfo":"General-debug-info","cloudVariables":[{"activity":{"type":"FR","id":"16b124db-4399-49f6-9a6d-524f63a69ef9","activationType":"USER_ID","name":"Force Self Update"},"result":{"type":"DEFAULT","name":"ENABLE"},"name":"IsMandatoryUpdate","metadata":{"debugInfo":"featureRollout-debug-info","disableContext":false},"value":{"IsMandatoryUpdate":true}}]}
2026-10-03T18:11:21.779[D]: Config data received: {"debugInfo":"General-debug-info","cloudVariables":[{"activity":{"type":"FR","id":"16b124db-4399-49f6-9a6d-524f63a69ef9","activationType":"USER_ID","name":"Force Self Update"},"result":{"type":"DEFAULT","name":"ENABLE"},"name":"IsMandatoryUpdate","metadata":{"debugInfo":"featureRollout-debug-info","disableContext":false},"value":{"IsMandatoryUpdate":true}}]}
2026-10-03T18:11:21.780[D]: Config CV data: true
2026-10-03T18:11:21.781[D]: Updating the status file...
2026-10-03T18:11:22.033[D]: Incoming request  #4: GET /Duluka/v.1.0/State
2026-10-03T18:11:22.035[D]: Response finished #4: GET /Duluka/v.1.0/State with status 404
2026-10-03T18:11:22.540[D]: Incoming request  #5: GET /Duluka/v.1.0/State
2026-10-03T18:11:22.541[D]: Response finished #5: GET /Duluka/v.1.0/State with status 404
2026-10-03T18:11:23.039[D]: Incoming request  #6: GET /Duluka/v.1.0/State
2026-10-03T18:11:23.041[D]: Response finished #6: GET /Duluka/v.1.0/State with status 404
2026-10-03T18:11:23.537[D]: Incoming request  #7: GET /Duluka/v.1.0/State
2026-10-03T18:11:23.538[D]: Response finished #7: GET /Duluka/v.1.0/State with status 404
2026-10-03T18:11:24.040[D]: Incoming request  #8: GET /Duluka/v.1.0/State
2026-10-03T18:11:24.042[D]: Response finished #8: GET /Duluka/v.1.0/State with status 404
2026-10-03T18:11:24.235[D]: Incoming request  #9: POST /ShadowPlay/v.1.0/Launch
2026-10-03T18:11:24.242[I]: Post Data: {"launch":true}
2026-10-03T18:11:24.243[I]: Setting ShadowPlay Enable: {"launch":true}
2026-10-03T18:11:24.244[E]: ShadowPlay is running but idle (possible crash)
2026-10-03T18:11:24.245[E]: ShadowPlay not running
2026-10-03T18:11:24.245[I]: Enabling ShadowPlay
2026-10-03T18:11:24.527[D]: Incoming request  #10: GET /Duluka/v.1.0/State
2026-10-03T18:11:24.529[D]: Response finished #10: GET /Duluka/v.1.0/State with status 404
2026-10-03T18:11:25.032[D]: Incoming request  #11: GET /Duluka/v.1.0/State
2026-10-03T18:11:25.033[D]: Response finished #11: GET /Duluka/v.1.0/State with status 404
2026-10-03T18:11:25.536[D]: Incoming request  #12: GET /Duluka/v.1.0/State
2026-10-03T18:11:25.539[D]: Response finished #12: GET /Duluka/v.1.0/State with status 404
2026-10-03T18:11:26.038[D]: Incoming request  #13: GET /Duluka/v.1.0/State
2026-10-03T18:11:26.041[D]: Response finished #13: GET /Duluka/v.1.0/State with status 404
2026-10-03T18:11:26.541[D]: Incoming request  #14: GET /Duluka/v.1.0/State
2026-10-03T18:11:26.542[D]: Response finished #14: GET /Duluka/v.1.0/State with status 404
2026-10-03T18:11:26.697[I]: Notification Message Id: 2323, wParam: 0, lParam: 0
2026-10-03T18:11:26.697[I]: Received ShadowPlay server started notification
2026-10-03T18:11:26.807[D]: JOIN 
2026-10-03T18:11:26.945[D]: JOIN 
2026-10-03T18:11:27.044[D]: Incoming request  #15: GET /Duluka/v.1.0/State
2026-10-03T18:11:27.045[D]: Response finished #15: GET /Duluka/v.1.0/State with status 404
2026-10-03T18:11:27.542[D]: Incoming request  #16: GET /Duluka/v.1.0/State
2026-10-03T18:11:27.547[D]: Response finished #16: GET /Duluka/v.1.0/State with status 404
2026-10-03T18:11:28.032[D]: Incoming request  #17: GET /Duluka/v.1.0/State
2026-10-03T18:11:28.034[D]: Response finished #17: GET /Duluka/v.1.0/State with status 404
2026-10-03T18:11:28.534[D]: Incoming request  #18: GET /Duluka/v.1.0/State
2026-10-03T18:11:28.537[D]: Response finished #18: GET /Duluka/v.1.0/State with status 404
2026-10-03T18:11:29.033[D]: Incoming request  #19: GET /Duluka/v.1.0/State
2026-10-03T18:11:29.033[D]: Response finished #19: GET /Duluka/v.1.0/State with status 404
2026-10-03T18:11:29.539[D]: Incoming request  #20: GET /Duluka/v.1.0/State
2026-10-03T18:11:29.540[D]: Response finished #20: GET /Duluka/v.1.0/State with status 404
2026-10-03T18:11:29.737[D]: LEAVE Shadowplay:ShadowplayApi3404
2026-10-03T18:11:29.793[E]: SP Server run failure: -2147467259. Start failure count: 2
2026-10-03T18:11:29.795[I]: { type: 'Error',
  code: -2147467259,
  codeText: 'Unknown/Internal error',
  message: undefined }
2026-10-03T18:11:29.797[E]: {"type":"Error","code":-2147467259,"codeText":"Unknown/Internal error"}
2026-10-03T18:11:29.800[D]: LEAVE Hotkey:HotkeyPlugin
2026-10-03T18:11:30.004[D]: Response finished #9: POST /ShadowPlay/v.1.0/Launch with status 500
2026-10-03T18:11:30.040[D]: Incoming request  #21: GET /Duluka/v.1.0/State
2026-10-03T18:11:30.042[D]: Response finished #21: GET /Duluka/v.1.0/State with status 404
2026-10-03T18:11:30.535[D]: Incoming request  #22: GET /Duluka/v.1.0/State
2026-10-03T18:11:30.535[D]: Response finished #22: GET /Duluka/v.1.0/State with status 404
2026-10-03T18:11:31.036[D]: Incoming request  #23: GET /Duluka/v.1.0/State
2026-10-03T18:11:31.038[D]: Response finished #23: GET /Duluka/v.1.0/State with status 404
2026-10-03T18:11:31.537[D]: Incoming request  #24: GET /Duluka/v.1.0/State
2026-10-03T18:11:31.538[D]: Response finished #24: GET /Duluka/v.1.0/State with status 404
2026-10-03T18:11:32.040[D]: Incoming request  #25: GET /Duluka/v.1.0/State
2026-10-03T18:11:32.042[D]: Response finished #25: GET /Duluka/v.1.0/State with status 404
2026-10-03T18:11:32.531[D]: Incoming request  #26: GET /Duluka/v.1.0/State
2026-10-03T18:11:32.532[D]: Response finished #26: GET /Duluka/v.1.0/State with status 404
2026-10-03T18:11:33.029[D]: Incoming request  #27: GET /Duluka/v.1.0/State
2026-10-03T18:11:33.030[D]: Response finished #27: GET /Duluka/v.1.0/State with status 404
2026-10-03T18:11:33.530[D]: Incoming request  #28: GET /Duluka/v.1.0/State
2026-10-03T18:11:33.532[D]: Response finished #28: GET /Duluka/v.1.0/State with status 404
2026-10-03T18:11:34.027[D]: Incoming request  #29: GET /Duluka/v.1.0/State
2026-10-03T18:11:34.028[D]: Response finished #29: GET /Duluka/v.1.0/State with status 404
2026-10-03T18:11:34.526[D]: Incoming request  #30: GET /Duluka/v.1.0/State
2026-10-03T18:11:34.527[D]: Response finished #30: GET /Duluka/v.1.0/State with status 404
2026-10-03T18:11:35.042[D]: Incoming request  #31: GET /Duluka/v.1.0/State
2026-10-03T18:11:35.044[D]: Response finished #31: GET /Duluka/v.1.0/State with status 404
2026-10-03T18:11:35.529[D]: Incoming request  #32: GET /Duluka/v.1.0/State
2026-10-03T18:11:35.530[D]: Response finished #32: GET /Duluka/v.1.0/State with status 404
2026-10-03T18:11:36.042[D]: Incoming request  #33: GET /Duluka/v.1.0/State
2026-10-03T18:11:36.043[D]: Response finished #33: GET /Duluka/v.1.0/State with status 404
2026-10-03T18:11:36.544[D]: Incoming request  #34: GET /Duluka/v.1.0/State
2026-10-03T18:11:36.546[D]: Response finished #34: GET /Duluka/v.1.0/State with status 404
2026-10-03T18:11:37.032[D]: Incoming request  #35: GET /Duluka/v.1.0/State
2026-10-03T18:11:37.033[D]: Response finished #35: GET /Duluka/v.1.0/State with status 404
2026-10-03T18:11:37.531[D]: Incoming request  #36: GET /Duluka/v.1.0/State
2026-10-03T18:11:37.532[D]: Response finished #36: GET /Duluka/v.1.0/State with status 404
2026-10-03T18:11:38.036[D]: Incoming request  #37: GET /Duluka/v.1.0/State
2026-10-03T18:11:38.038[D]: Response finished #37: GET /Duluka/v.1.0/State with status 404
2026-10-03T18:11:38.543[D]: Incoming request  #38: GET /Duluka/v.1.0/State
2026-10-03T18:11:38.545[D]: Response finished #38: GET /Duluka/v.1.0/State with status 404
2026-10-03T18:11:39.039[D]: Incoming request  #39: GET /Duluka/v.1.0/State
2026-10-03T18:11:39.042[D]: Response finished #39: GET /Duluka/v.1.0/State with status 404
2026-10-03T18:11:39.539[D]: Incoming request  #40: GET /Duluka/v.1.0/State
2026-10-03T18:11:39.540[D]: Response finished #40: GET /Duluka/v.1.0/State with status 404
2026-10-03T18:11:39.841[D]: Incoming request  #41: GET /ShadowPlay/v.1.0/Hotkey/monitor
2026-10-03T18:11:39.843[I]: { type: 'Error',
  code: -2147024809,
  codeText: 'Unknown/Internal error',
  message: undefined }
2026-10-03T18:11:39.844[E]: {"type":"Error","code":-2147024809,"codeText":"Unknown/Internal error"}
2026-10-03T18:11:39.888[D]: Response finished #41: GET /ShadowPlay/v.1.0/Hotkey/monitor with status 500
2026-10-03T18:11:40.029[D]: Incoming request  #42: GET /Duluka/v.1.0/State
2026-10-03T18:11:40.030[D]: Response finished #42: GET /Duluka/v.1.0/State with status 404
2026-10-03T18:11:40.531[D]: Incoming request  #43: GET /Duluka/v.1.0/State
2026-10-03T18:11:40.531[D]: Response finished #43: GET /Duluka/v.1.0/State with status 404
2026-10-03T18:11:41.037[D]: Incoming request  #44: GET /Duluka/v.1.0/State
2026-10-03T18:11:41.038[D]: Response finished #44: GET /Duluka/v.1.0/State with status 404
2026-10-03T18:11:41.536[D]: Incoming request  #45: GET /Duluka/v.1.0/State
2026-10-03T18:11:41.537[D]: Response finished #45: GET /Duluka/v.1.0/State with status 404
2026-10-03T18:11:42.027[D]: Incoming request  #46: GET /Duluka/v.1.0/State
2026-10-03T18:11:42.028[D]: Response finished #46: GET /Duluka/v.1.0/State with status 404
2026-10-03T18:11:42.542[D]: Incoming request  #47: GET /Duluka/v.1.0/State
2026-10-03T18:11:42.543[D]: Response finished #47: GET /Duluka/v.1.0/State with status 404
2026-10-03T18:11:43.031[D]: Incoming request  #48: GET /Duluka/v.1.0/State
2026-10-03T18:11:43.031[D]: Response finished #48: GET /Duluka/v.1.0/State with status 404
2026-10-03T18:11:43.533[D]: Incoming request  #49: GET /Duluka/v.1.0/State
2026-10-03T18:11:43.534[D]: Response finished #49: GET /Duluka/v.1.0/State with status 404
2026-10-03T18:11:44.035[D]: Incoming request  #50: GET /Duluka/v.1.0/State
2026-10-03T18:11:44.036[D]: Response finished #50: GET /Duluka/v.1.0/State with status 404
2026-10-03T18:11:44.542[D]: Incoming request  #51: GET /Duluka/v.1.0/State
2026-10-03T18:11:44.543[D]: Response finished #51: GET /Duluka/v.1.0/State with status 404
2026-10-03T18:11:45.029[D]: Incoming request  #52: GET /Duluka/v.1.0/State
2026-10-03T18:11:45.029[D]: Response finished #52: GET /Duluka/v.1.0/State with status 404
2026-10-03T18:11:45.534[D]: Incoming request  #53: GET /Duluka/v.1.0/State
2026-10-03T18:11:45.535[D]: Response finished #53: GET /Duluka/v.1.0/State with status 404
2026-10-03T18:11:46.039[D]: Incoming request  #54: GET /Duluka/v.1.0/State
2026-10-03T18:11:46.040[D]: Response finished #54: GET /Duluka/v.1.0/State with status 404
2026-10-03T18:11:46.530[D]: Incoming request  #55: GET /Duluka/v.1.0/State
2026-10-03T18:11:46.530[D]: Response finished #55: GET /Duluka/v.1.0/State with status 404
2026-10-03T18:11:47.032[D]: Incoming request  #56: GET /Duluka/v.1.0/State
2026-10-03T18:11:47.033[D]: Response finished #56: GET /Duluka/v.1.0/State with status 404
2026-10-03T18:11:47.532[D]: Incoming request  #57: GET /Duluka/v.1.0/State
2026-10-03T18:11:47.533[D]: Response finished #57: GET /Duluka/v.1.0/State with status 404
2026-10-03T18:11:48.039[D]: Incoming request  #58: GET /Duluka/v.1.0/State
2026-10-03T18:11:48.040[D]: Response finished #58: GET /Duluka/v.1.0/State with status 404
2026-10-03T18:11:48.540[D]: Incoming request  #59: GET /Duluka/v.1.0/State
2026-10-03T18:11:48.542[D]: Response finished #59: GET /Duluka/v.1.0/State with status 404
2026-10-03T18:11:49.028[D]: Incoming request  #60: GET /Duluka/v.1.0/State
2026-10-03T18:11:49.029[D]: Response finished #60: GET /Duluka/v.1.0/State with status 404
2026-10-03T18:11:49.533[D]: Incoming request  #61: GET /Duluka/v.1.0/State
2026-10-03T18:11:49.534[D]: Response finished #61: GET /Duluka/v.1.0/State with status 404
2026-10-03T18:11:50.036[D]: Incoming request  #62: GET /Duluka/v.1.0/State
2026-10-03T18:11:50.037[D]: Response finished #62: GET /Duluka/v.1.0/State with status 404
2026-10-03T18:11:50.539[D]: Incoming request  #63: GET /Duluka/v.1.0/State
2026-10-03T18:11:50.541[D]: Response finished #63: GET /Duluka/v.1.0/State with status 404
2026-10-03T18:11:51.039[D]: Incoming request  #64: GET /Duluka/v.1.0/State
2026-10-03T18:11:51.040[D]: Response finished #64: GET /Duluka/v.1.0/State with status 404
2026-10-03T18:11:51.541[D]: Incoming request  #65: GET /Duluka/v.1.0/State
2026-10-03T18:11:51.543[D]: Response finished #65: GET /Duluka/v.1.0/State with status 404
2026-10-03T18:11:52.050[D]: Incoming request  #66: GET /Duluka/v.1.0/State
2026-10-03T18:11:52.053[D]: Response finished #66: GET /Duluka/v.1.0/State with status 404
2026-10-03T18:11:52.542[D]: Incoming request  #67: GET /Duluka/v.1.0/State
2026-10-03T18:11:52.543[D]: Response finished #67: GET /Duluka/v.1.0/State with status 404
2026-10-03T18:11:53.040[D]: Incoming request  #68: GET /Duluka/v.1.0/State
2026-10-03T18:11:53.041[D]: Response finished #68: GET /Duluka/v.1.0/State with status 404
2026-10-03T18:11:53.540[D]: Incoming request  #69: GET /Duluka/v.1.0/State
2026-10-03T18:11:53.541[D]: Response finished #69: GET /Duluka/v.1.0/State with status 404
2026-10-03T18:11:54.039[D]: Incoming request  #70: GET /Duluka/v.1.0/State
2026-10-03T18:11:54.041[D]: Response finished #70: GET /Duluka/v.1.0/State with status 404
2026-10-03T18:11:54.540[D]: Incoming request  #71: GET /Duluka/v.1.0/State
2026-10-03T18:11:54.541[D]: Response finished #71: GET /Duluka/v.1.0/State with status 404
2026-10-03T18:11:55.037[D]: Incoming request  #72: GET /Duluka/v.1.0/State
2026-10-03T18:11:55.039[D]: Response finished #72: GET /Duluka/v.1.0/State with status 404
2026-10-03T18:11:55.538[D]: Incoming request  #73: GET /Duluka/v.1.0/State
2026-10-03T18:11:55.540[D]: Response finished #73: GET /Duluka/v.1.0/State with status 404
2026-10-03T18:11:56.037[D]: Incoming request  #74: GET /Duluka/v.1.0/State
2026-10-03T18:11:56.038[D]: Response finished #74: GET /Duluka/v.1.0/State with status 404
2026-10-03T18:11:56.543[D]: Incoming request  #75: GET /Duluka/v.1.0/State
2026-10-03T18:11:56.544[D]: Response finished #75: GET /Duluka/v.1.0/State with status 404
2026-10-03T18:11:57.039[D]: Incoming request  #76: GET /Duluka/v.1.0/State
2026-10-03T18:11:57.042[D]: Response finished #76: GET /Duluka/v.1.0/State with status 404
2026-10-03T18:11:57.528[D]: Incoming request  #77: GET /Duluka/v.1.0/State
2026-10-03T18:11:57.530[D]: Response finished #77: GET /Duluka/v.1.0/State with status 404
2026-10-03T18:11:58.034[D]: Incoming request  #78: GET /Duluka/v.1.0/State
2026-10-03T18:11:58.036[D]: Response finished #78: GET /Duluka/v.1.0/State with status 404
2026-10-03T18:11:58.541[D]: Incoming request  #79: GET /Duluka/v.1.0/State
2026-10-03T18:11:58.542[D]: Response finished #79: GET /Duluka/v.1.0/State with status 404
2026-10-03T18:11:59.038[D]: Incoming request  #80: GET /Duluka/v.1.0/State
2026-10-03T18:11:59.039[D]: Response finished #80: GET /Duluka/v.1.0/State with status 404
2026-10-03T18:11:59.541[D]: Incoming request  #81: GET /Duluka/v.1.0/State
2026-10-03T18:11:59.543[D]: Response finished #81: GET /Duluka/v.1.0/State with status 404
2026-10-03T18:12:00.027[D]: Incoming request  #82: GET /Duluka/v.1.0/State
2026-10-03T18:12:00.030[D]: Response finished #82: GET /Duluka/v.1.0/State with status 404
2026-10-03T18:12:00.535[D]: Incoming request  #83: GET /Duluka/v.1.0/State
2026-10-03T18:12:00.538[D]: Response finished #83: GET /Duluka/v.1.0/State with status 404
2026-10-03T18:12:01.033[D]: Incoming request  #84: GET /Duluka/v.1.0/State
2026-10-03T18:12:01.035[D]: Response finished #84: GET /Duluka/v.1.0/State with status 404
2026-10-03T18:12:01.535[D]: Incoming request  #85: GET /Duluka/v.1.0/State
2026-10-03T18:12:01.536[D]: Response finished #85: GET /Duluka/v.1.0/State with status 404
2026-10-03T18:12:02.034[D]: Incoming request  #86: GET /Duluka/v.1.0/State
2026-10-03T18:12:02.035[D]: Response finished #86: GET /Duluka/v.1.0/State with status 404
2026-10-03T18:12:02.534[D]: Incoming request  #87: GET /Duluka/v.1.0/State
2026-10-03T18:12:02.540[D]: Response finished #87: GET /Duluka/v.1.0/State with status 404
2026-10-03T18:12:03.032[D]: Incoming request  #88: GET /Duluka/v.1.0/State
2026-10-03T18:12:03.033[D]: Response finished #88: GET /Duluka/v.1.0/State with status 404
2026-10-03T18:12:03.529[D]: Incoming request  #89: GET /Duluka/v.1.0/State
2026-10-03T18:12:03.530[D]: Response finished #89: GET /Duluka/v.1.0/State with status 404
2026-10-03T18:12:04.031[D]: Incoming request  #90: GET /Duluka/v.1.0/State
2026-10-03T18:12:04.032[D]: Response finished #90: GET /Duluka/v.1.0/State with status 404
2026-10-03T18:12:04.530[D]: Incoming request  #91: GET /Duluka/v.1.0/State
2026-10-03T18:12:04.531[D]: Response finished #91: GET /Duluka/v.1.0/State with status 404
2026-10-03T18:12:05.033[D]: Incoming request  #92: GET /Duluka/v.1.0/State
2026-10-03T18:12:05.034[D]: Response finished #92: GET /Duluka/v.1.0/State with status 404
2026-10-03T18:12:05.534[D]: Incoming request  #93: GET /Duluka/v.1.0/State
2026-10-03T18:12:05.536[D]: Response finished #93: GET /Duluka/v.1.0/State with status 404
2026-10-03T18:12:06.036[D]: Incoming request  #94: GET /Duluka/v.1.0/State
2026-10-03T18:12:06.036[D]: Response finished #94: GET /Duluka/v.1.0/State with status 404
2026-10-03T18:12:06.536[D]: Incoming request  #95: GET /Duluka/v.1.0/State
2026-10-03T18:12:06.537[D]: Response finished #95: GET /Duluka/v.1.0/State with status 404
2026-10-03T18:12:07.042[D]: Incoming request  #96: GET /Duluka/v.1.0/State
2026-10-03T18:12:07.043[D]: Response finished #96: GET /Duluka/v.1.0/State with status 404
2026-10-03T18:12:07.539[D]: Incoming request  #97: GET /Duluka/v.1.0/State
2026-10-03T18:12:07.540[D]: Response finished #97: GET /Duluka/v.1.0/State with status 404
2026-10-03T18:12:08.029[D]: Incoming request  #98: GET /Duluka/v.1.0/State
2026-10-03T18:12:08.030[D]: Response finished #98: GET /Duluka/v.1.0/State with status 404
2026-10-03T18:12:08.539[D]: Incoming request  #99: GET /Duluka/v.1.0/State
2026-10-03T18:12:08.540[D]: Response finished #99: GET /Duluka/v.1.0/State with status 404
2026-10-03T18:12:09.029[D]: Incoming request  #100: GET /Duluka/v.1.0/State
2026-10-03T18:12:09.030[D]: Response finished #100: GET /Duluka/v.1.0/State with status 404
2026-10-03T18:12:09.532[D]: Incoming request  #101: GET /Duluka/v.1.0/State
2026-10-03T18:12:09.534[D]: Response finished #101: GET /Duluka/v.1.0/State with status 404
2026-10-03T18:12:10.036[D]: Incoming request  #102: GET /Duluka/v.1.0/State
2026-10-03T18:12:10.037[D]: Response finished #102: GET /Duluka/v.1.0/State with status 404
2026-10-03T18:12:10.539[D]: Incoming request  #103: GET /Duluka/v.1.0/State
2026-10-03T18:12:10.539[D]: Response finished #103: GET /Duluka/v.1.0/State with status 404
2026-10-03T18:12:11.039[D]: Incoming request  #104: GET /Duluka/v.1.0/State
2026-10-03T18:12:11.040[D]: Response finished #104: GET /Duluka/v.1.0/State with status 404
2026-10-03T18:12:11.537[D]: Incoming request  #105: GET /Duluka/v.1.0/State
2026-10-03T18:12:11.537[D]: Response finished #105: GET /Duluka/v.1.0/State with status 404
2026-10-03T18:12:12.036[D]: Incoming request  #106: GET /Duluka/v.1.0/State
2026-10-03T18:12:12.037[D]: Response finished #106: GET /Duluka/v.1.0/State with status 404
2026-10-03T18:12:12.536[D]: Incoming request  #107: GET /Duluka/v.1.0/State
2026-10-03T18:12:12.538[D]: Response finished #107: GET /Duluka/v.1.0/State with status 404
2026-10-03T18:12:13.036[D]: Incoming request  #108: GET /Duluka/v.1.0/State
2026-10-03T18:12:13.038[D]: Response finished #108: GET /Duluka/v.1.0/State with status 404
2026-10-03T18:12:13.537[D]: Incoming request  #109: GET /Duluka/v.1.0/State
2026-10-03T18:12:13.538[D]: Response finished #109: GET /Duluka/v.1.0/State with status 404
2026-10-03T18:12:14.041[D]: Incoming request  #110: GET /Duluka/v.1.0/State
2026-10-03T18:12:14.043[D]: Response finished #110: GET /Duluka/v.1.0/State with status 404
2026-10-03T18:12:14.541[D]: Incoming request  #111: GET /Duluka/v.1.0/State
2026-10-03T18:12:14.541[D]: Response finished #111: GET /Duluka/v.1.0/State with status 404
2026-10-03T18:12:15.047[D]: Incoming request  #112: GET /Duluka/v.1.0/State
2026-10-03T18:12:15.057[D]: Response finished #112: GET /Duluka/v.1.0/State with status 404
2026-10-03T18:12:15.541[D]: Incoming request  #113: GET /Duluka/v.1.0/State
2026-10-03T18:12:15.541[D]: Response finished #113: GET /Duluka/v.1.0/State with status 404
2026-10-03T18:12:16.041[D]: Incoming request  #114: GET /Duluka/v.1.0/State
2026-10-03T18:12:16.042[D]: Response finished #114: GET /Duluka/v.1.0/State with status 404
2026-10-03T18:12:16.527[D]: Incoming request  #115: GET /Duluka/v.1.0/State
2026-10-03T18:12:16.531[D]: Response finished #115: GET /Duluka/v.1.0/State with status 404
2026-10-03T18:12:17.030[D]: Incoming request  #116: GET /Duluka/v.1.0/State
2026-10-03T18:12:17.033[D]: Response finished #116: GET /Duluka/v.1.0/State with status 404
2026-10-03T18:12:17.537[D]: Incoming request  #117: GET /Duluka/v.1.0/State
2026-10-03T18:12:17.538[D]: Response finished #117: GET /Duluka/v.1.0/State with status 404
2026-10-03T18:12:18.031[D]: Incoming request  #118: GET /Duluka/v.1.0/State
2026-10-03T18:12:18.032[D]: Response finished #118: GET /Duluka/v.1.0/State with status 404
2026-10-03T18:12:18.530[D]: Incoming request  #119: GET /Duluka/v.1.0/State
2026-10-03T18:12:18.532[D]: Response finished #119: GET /Duluka/v.1.0/State with status 404
2026-10-03T18:12:19.032[D]: Incoming request  #120: GET /Duluka/v.1.0/State
2026-10-03T18:12:19.032[D]: Response finished #120: GET /Duluka/v.1.0/State with status 404
2026-10-03T18:12:19.537[D]: Incoming request  #121: GET /Duluka/v.1.0/State
2026-10-03T18:12:19.537[D]: Response finished #121: GET /Duluka/v.1.0/State with status 404
2026-10-03T18:12:20.040[D]: Incoming request  #122: GET /Duluka/v.1.0/State
2026-10-03T18:12:20.041[D]: Response finished #122: GET /Duluka/v.1.0/State with status 404
2026-10-03T18:12:20.537[D]: Incoming request  #123: GET /Duluka/v.1.0/State
2026-10-03T18:12:20.538[D]: Response finished #123: GET /Duluka/v.1.0/State with status 404
2026-10-03T18:12:21.039[D]: Incoming request  #124: GET /Duluka/v.1.0/State
2026-10-03T18:12:21.041[D]: Response finished #124: GET /Duluka/v.1.0/State with status 404
2026-10-03T18:12:21.534[D]: Incoming request  #125: GET /Duluka/v.1.0/State
2026-10-03T18:12:21.535[D]: Response finished #125: GET /Duluka/v.1.0/State with status 404
2026-10-03T18:12:22.037[D]: Incoming request  #126: GET /Duluka/v.1.0/State
2026-10-03T18:12:22.038[D]: Response finished #126: GET /Duluka/v.1.0/State with status 404
2026-10-03T18:12:22.542[D]: Incoming request  #127: GET /Duluka/v.1.0/State
2026-10-03T18:12:22.542[D]: Response finished #127: GET /Duluka/v.1.0/State with status 404
2026-10-03T18:12:23.031[D]: Incoming request  #128: GET /Duluka/v.1.0/State
2026-10-03T18:12:23.032[D]: Response finished #128: GET /Duluka/v.1.0/State with status 404
2026-10-03T18:12:23.533[D]: Incoming request  #129: GET /Duluka/v.1.0/State
2026-10-03T18:12:23.535[D]: Response finished #129: GET /Duluka/v.1.0/State with status 404
2026-10-03T18:12:24.036[D]: Incoming request  #130: GET /Duluka/v.1.0/State
2026-10-03T18:12:24.039[D]: Response finished #130: GET /Duluka/v.1.0/State with status 404
2026-10-03T18:12:24.537[D]: Incoming request  #131: GET /Duluka/v.1.0/State
2026-10-03T18:12:24.538[D]: Response finished #131: GET /Duluka/v.1.0/State with status 404
2026-10-03T18:12:25.038[D]: Incoming request  #132: GET /Duluka/v.1.0/State
2026-10-03T18:12:25.040[D]: Response finished #132: GET /Duluka/v.1.0/State with status 404
2026-10-03T18:12:25.546[D]: Incoming request  #133: GET /Duluka/v.1.0/State
2026-10-03T18:12:25.547[D]: Response finished #133: GET /Duluka/v.1.0/State with status 404
2026-10-03T18:12:26.028[D]: Incoming request  #134: GET /Duluka/v.1.0/State
2026-10-03T18:12:26.029[D]: Response finished #134: GET /Duluka/v.1.0/State with status 404
2026-10-03T18:12:26.534[D]: Incoming request  #135: GET /Duluka/v.1.0/State
2026-10-03T18:12:26.535[D]: Response finished #135: GET /Duluka/v.1.0/State with status 404
2026-10-03T18:12:27.029[D]: Incoming request  #136: GET /Duluka/v.1.0/State
2026-10-03T18:12:27.030[D]: Response finished #136: GET /Duluka/v.1.0/State with status 404
2026-10-03T18:12:27.531[D]: Incoming request  #137: GET /Duluka/v.1.0/State
2026-10-03T18:12:27.532[D]: Response finished #137: GET /Duluka/v.1.0/State with status 404
2026-10-03T18:12:28.041[D]: Incoming request  #138: GET /Duluka/v.1.0/State
2026-10-03T18:12:28.042[D]: Response finished #138: GET /Duluka/v.1.0/State with status 404
2026-10-03T18:12:28.537[D]: Incoming request  #139: GET /Duluka/v.1.0/State
2026-10-03T18:12:28.538[D]: Response finished #139: GET /Duluka/v.1.0/State with status 404
2026-10-03T18:12:29.039[D]: Incoming request  #140: GET /Duluka/v.1.0/State
2026-10-03T18:12:29.042[D]: Response finished #140: GET /Duluka/v.1.0/State with status 404
2026-10-03T18:12:29.540[D]: Incoming request  #141: GET /Duluka/v.1.0/State
2026-10-03T18:12:29.541[D]: Response finished #141: GET /Duluka/v.1.0/State with status 404
2026-10-03T18:12:30.027[D]: Incoming request  #142: GET /Duluka/v.1.0/State
2026-10-03T18:12:30.028[D]: Response finished #142: GET /Duluka/v.1.0/State with status 404
2026-10-03T18:12:30.530[D]: Incoming request  #143: GET /Duluka/v.1.0/State
2026-10-03T18:12:30.531[D]: Response finished #143: GET /Duluka/v.1.0/State with status 404
2026-10-03T18:12:31.030[D]: Incoming request  #144: GET /Duluka/v.1.0/State
2026-10-03T18:12:31.030[D]: Response finished #144: GET /Duluka/v.1.0/State with status 404
2026-10-03T18:12:31.535[D]: Incoming request  #145: GET /Duluka/v.1.0/State
2026-10-03T18:12:31.535[D]: Response finished #145: GET /Duluka/v.1.0/State with status 404
2026-10-03T18:12:32.039[D]: Incoming request  #146: GET /Duluka/v.1.0/State
2026-10-03T18:12:32.039[D]: Response finished #146: GET /Duluka/v.1.0/State with status 404
2026-10-03T18:12:32.531[D]: Incoming request  #147: GET /Duluka/v.1.0/State
2026-10-03T18:12:32.532[D]: Response finished #147: GET /Duluka/v.1.0/State with status 404
2026-10-03T18:12:33.036[D]: Incoming request  #148: GET /Duluka/v.1.0/State
2026-10-03T18:12:33.037[D]: Response finished #148: GET /Duluka/v.1.0/State with status 404
2026-10-03T18:12:33.535[D]: Incoming request  #149: GET /Duluka/v.1.0/State
2026-10-03T18:12:33.535[D]: Response finished #149: GET /Duluka/v.1.0/State with status 404
2026-10-03T18:12:34.080[D]: Incoming request  #150: GET /Duluka/v.1.0/State
2026-10-03T18:12:34.081[D]: Response finished #150: GET /Duluka/v.1.0/State with status 404
2026-10-03T18:12:34.543[D]: Incoming request  #151: GET /Duluka/v.1.0/State
2026-10-03T18:12:34.544[D]: Response finished #151: GET /Duluka/v.1.0/State with status 404
2026-10-03T18:12:35.030[D]: Incoming request  #152: GET /Duluka/v.1.0/State
2026-10-03T18:12:35.031[D]: Response finished #152: GET /Duluka/v.1.0/State with status 404
2026-10-03T18:12:35.533[D]: Incoming request  #153: GET /Duluka/v.1.0/State
2026-10-03T18:12:35.534[D]: Response finished #153: GET /Duluka/v.1.0/State with status 404
2026-10-03T18:12:36.041[D]: Incoming request  #154: GET /Duluka/v.1.0/State
2026-10-03T18:12:36.042[D]: Response finished #154: GET /Duluka/v.1.0/State with status 404
2026-10-03T18:12:36.543[D]: Incoming request  #155: GET /Duluka/v.1.0/State
2026-10-03T18:12:36.543[D]: Response finished #155: GET /Duluka/v.1.0/State with status 404
2026-10-03T18:12:37.030[D]: Incoming request  #156: GET /Duluka/v.1.0/State
2026-10-03T18:12:37.031[D]: Response finished #156: GET /Duluka/v.1.0/State with status 404
2026-10-03T18:12:37.533[D]: Incoming request  #157: GET /Duluka/v.1.0/State
2026-10-03T18:12:37.534[D]: Response finished #157: GET /Duluka/v.1.0/State with status 404
2026-10-03T18:12:38.035[D]: Incoming request  #158: GET /Duluka/v.1.0/State
2026-10-03T18:12:38.036[D]: Response finished #158: GET /Duluka/v.1.0/State with status 404
2026-10-03T18:12:38.535[D]: Incoming request  #159: GET /Duluka/v.1.0/State
2026-10-03T18:12:38.536[D]: Response finished #159: GET /Duluka/v.1.0/State with status 404
2026-10-03T18:12:39.027[D]: Incoming request  #160: GET /Duluka/v.1.0/State
2026-10-03T18:12:39.027[D]: Response finished #160: GET /Duluka/v.1.0/State with status 404
2026-10-03T18:12:39.529[D]: Incoming request  #161: GET /Duluka/v.1.0/State
2026-10-03T18:12:39.529[D]: Response finished #161: GET /Duluka/v.1.0/State with status 404
2026-10-03T18:12:40.030[D]: Incoming request  #162: GET /Duluka/v.1.0/State
2026-10-03T18:12:40.033[D]: Response finished #162: GET /Duluka/v.1.0/State with status 404
2026-10-03T18:12:40.533[D]: Incoming request  #163: GET /Duluka/v.1.0/State
2026-10-03T18:12:40.535[D]: Response finished #163: GET /Duluka/v.1.0/State with status 404
2026-10-03T18:12:41.031[D]: Incoming request  #164: GET /Duluka/v.1.0/State
2026-10-03T18:12:41.033[D]: Response finished #164: GET /Duluka/v.1.0/State with status 404
2026-10-03T18:12:41.534[D]: Incoming request  #165: GET /Duluka/v.1.0/State
2026-10-03T18:12:41.535[D]: Response finished #165: GET /Duluka/v.1.0/State with status 404
2026-10-03T18:12:42.036[D]: Incoming request  #166: GET /Duluka/v.1.0/State
2026-10-03T18:12:42.037[D]: Response finished #166: GET /Duluka/v.1.0/State with status 404
2026-10-03T18:12:42.527[D]: Incoming request  #167: GET /Duluka/v.1.0/State
2026-10-03T18:12:42.528[D]: Response finished #167: GET /Duluka/v.1.0/State with status 404
2026-10-03T18:12:43.030[D]: Incoming request  #168: GET /Duluka/v.1.0/State
2026-10-03T18:12:43.033[D]: Response finished #168: GET /Duluka/v.1.0/State with status 404
2026-10-03T18:12:43.533[D]: Incoming request  #169: GET /Duluka/v.1.0/State
2026-10-03T18:12:43.534[D]: Response finished #169: GET /Duluka/v.1.0/State with status 404
2026-10-03T18:12:44.036[D]: Incoming request  #170: GET /Duluka/v.1.0/State
2026-10-03T18:12:44.036[D]: Response finished #170: GET /Duluka/v.1.0/State with status 404
2026-10-03T18:12:44.541[D]: Incoming request  #171: GET /Duluka/v.1.0/State
2026-10-03T18:12:44.542[D]: Response finished #171: GET /Duluka/v.1.0/State with status 404
2026-10-03T18:12:45.029[D]: Incoming request  #172: GET /Duluka/v.1.0/State
2026-10-03T18:12:45.031[D]: Response finished #172: GET /Duluka/v.1.0/State with status 404
2026-10-03T18:12:45.532[D]: Incoming request  #173: GET /Duluka/v.1.0/State
2026-10-03T18:12:45.532[D]: Response finished #173: GET /Duluka/v.1.0/State with status 404
2026-10-03T18:12:46.039[D]: Incoming request  #174: GET /Duluka/v.1.0/State
2026-10-03T18:12:46.040[D]: Response finished #174: GET /Duluka/v.1.0/State with status 404
2026-10-03T18:12:46.534[D]: Incoming request  #175: GET /Duluka/v.1.0/State
2026-10-03T18:12:46.534[D]: Response finished #175: GET /Duluka/v.1.0/State with status 404
2026-10-03T18:12:47.040[D]: Incoming request  #176: GET /Duluka/v.1.0/State
2026-10-03T18:12:47.041[D]: Response finished #176: GET /Duluka/v.1.0/State with status 404
2026-10-03T18:12:47.531[D]: Incoming request  #177: GET /Duluka/v.1.0/State
2026-10-03T18:12:47.531[D]: Response finished #177: GET /Duluka/v.1.0/State with status 404
2026-10-03T18:12:48.034[D]: Incoming request  #178: GET /Duluka/v.1.0/State
2026-10-03T18:12:48.035[D]: Response finished #178: GET /Duluka/v.1.0/State with status 404
2026-10-03T18:12:48.538[D]: Incoming request  #179: GET /Duluka/v.1.0/State
2026-10-03T18:12:48.539[D]: Response finished #179: GET /Duluka/v.1.0/State with status 404
2026-10-03T18:12:49.040[D]: Incoming request  #180: GET /Duluka/v.1.0/State
2026-10-03T18:12:49.042[D]: Response finished #180: GET /Duluka/v.1.0/State with status 404
2026-10-03T18:12:49.542[D]: Incoming request  #181: GET /Duluka/v.1.0/State
2026-10-03T18:12:49.543[D]: Response finished #181: GET /Duluka/v.1.0/State with status 404
2026-10-03T18:12:50.030[D]: Incoming request  #182: GET /Duluka/v.1.0/State
2026-10-03T18:12:50.033[D]: Response finished #182: GET /Duluka/v.1.0/State with status 404
2026-10-03T18:12:50.387[D]: Incoming request  #183: GET /ShadowPlay/v.1.0/Hotkey/openshare
2026-10-03T18:12:50.389[I]: Hotkey openshare has data {"keys":[18,88]}
2026-10-03T18:12:50.535[D]: Response finished #183: GET /ShadowPlay/v.1.0/Hotkey/openshare with status 200
2026-10-03T18:12:50.537[D]: Incoming request  #184: GET /Duluka/v.1.0/State
2026-10-03T18:12:50.539[D]: Response finished #184: GET /Duluka/v.1.0/State with status 404
2026-10-03T18:12:50.894[D]: JOIN 
2026-10-03T18:12:51.035[D]: Incoming request  #185: GET /Duluka/v.1.0/State
2026-10-03T18:12:51.037[D]: Response finished #185: GET /Duluka/v.1.0/State with status 404
2026-10-03T18:12:51.542[D]: Incoming request  #186: GET /Duluka/v.1.0/State
2026-10-03T18:12:51.544[D]: Response finished #186: GET /Duluka/v.1.0/State with status 404
2026-10-03T18:12:52.035[D]: Incoming request  #187: GET /Duluka/v.1.0/State
2026-10-03T18:12:52.036[D]: Response finished #187: GET /Duluka/v.1.0/State with status 404
2026-10-03T18:12:52.399[D]: Incoming request  #188: GET /PiplConfig/v.1.0/data
2026-10-03T18:12:52.400[I]: Get PiplConfig
2026-10-03T18:12:52.401[D]: Response finished #188: GET /PiplConfig/v.1.0/data with status 200
2026-10-03T18:12:52.407[D]: Incoming request  #189: GET /HardwareInformation/v.0.1
2026-10-03T18:12:52.540[D]: Incoming request  #190: GET /Duluka/v.1.0/State
2026-10-03T18:12:52.541[D]: Response finished #190: GET /Duluka/v.1.0/State with status 404
2026-10-03T18:12:52.928[D]: Request GET /HardwareInformation/v.0.1 succeeded and driver version is 582.66
2026-10-03T18:12:52.932[D]: Incoming request  #191: GET /Account/v.1.0/UserToken
2026-10-03T18:12:52.933[D]: Response finished #189: GET /HardwareInformation/v.0.1 with status 200
2026-10-03T18:12:52.934[I]: { type: 'Error',
  code: 2147942402,
  codeText: 'Unknown error',
  message: 'Failed to get User Info' }
2026-10-03T18:12:52.935[E]: {"type":"Error","code":2147942402,"codeText":"Unknown error","message":"Failed to get User Info"}
2026-10-03T18:12:52.952[D]: Response finished #191: GET /Account/v.1.0/UserToken with status 500
2026-10-03T18:12:52.954[I]: Socket HkrTA7DDASchWPH_AAAA connected
2026-10-03T18:12:52.956[D]: Incoming request  #192: GET /Account/v.1.0/UserToken
2026-10-03T18:12:52.957[I]: { type: 'Error',
  code: 2147942402,
  codeText: 'Unknown error',
  message: 'Failed to get User Info' }
2026-10-03T18:12:52.957[E]: {"type":"Error","code":2147942402,"codeText":"Unknown error","message":"Failed to get User Info"}
2026-10-03T18:12:52.958[D]: Response finished #192: GET /Account/v.1.0/UserToken with status 500
2026-10-03T18:12:52.999[D]: Incoming request  #193: GET /Account/v.1.0/PrivacySettings?clientId=undefined
2026-10-03T18:12:53.000[D]: Incoming request  #194: POST /ShadowPlay/v.1.0/Hotkey/DynamicToggle
2026-10-03T18:12:53.001[I]: Post Data: {"enable":true,"hotkeyNames":["broadcasttoggle","broadcastpausetoggle"]}
2026-10-03T18:12:53.003[I]: HotkeyDynamicToggle with data {"enable":true,"hotkeyNames":["broadcasttoggle","broadcastpausetoggle"]}
2026-10-03T18:12:53.006[E]: SetCaptureSessionParam: session:4294967295, cmd:13
2026-10-03T18:12:53.009[I]: { type: 'Error',
  code: -2147024809,
  codeText: 'Unknown/Internal error',
  message: undefined }
2026-10-03T18:12:53.010[E]: {"type":"Error","code":-2147024809,"codeText":"Unknown/Internal error"}
2026-10-03T18:12:53.012[D]: Response finished #193: GET /Account/v.1.0/PrivacySettings?clientId=undefined with status 200
2026-10-03T18:12:53.012[D]: Response finished #194: POST /ShadowPlay/v.1.0/Hotkey/DynamicToggle with status 500
2026-10-03T18:12:53.021[D]: Incoming request  #195: GET /ShadowPlay/v.1.0/Launch
2026-10-03T18:12:53.024[I]: ShadowPlay Launch state: {"launch":true}
2026-10-03T18:12:53.026[D]: Incoming request  #196: GET /HardwareInformation/v.0.1
2026-10-03T18:12:53.026[D]: Response finished #195: GET /ShadowPlay/v.1.0/Launch with status 200
2026-10-03T18:12:53.030[D]: Incoming request  #197: GET /Duluka/v.1.0/State
2026-10-03T18:12:53.032[D]: Response finished #197: GET /Duluka/v.1.0/State with status 404
2026-10-03T18:12:53.304[D]: Incoming request  #198: GET /Settings/v.1.0/Language
2026-10-03T18:12:53.305[I]: Language:undefined
2026-10-03T18:12:53.305[D]: Response finished #198: GET /Settings/v.1.0/Language with status 200
2026-10-03T18:12:53.309[D]: Incoming request  #199: GET /ShadowPlay/v.1.0/Capture/State
2026-10-03T18:12:53.314[I]: { type: 'Error',
  code: -2147024809,
  codeText: 'Unknown/Internal error',
  message: undefined }
2026-10-03T18:12:53.315[E]: {"type":"Error","code":-2147024809,"codeText":"Unknown/Internal error"}
2026-10-03T18:12:53.316[D]: Incoming request  #200: GET /gfeupdate/autoGFEDownload/autoGFEbeta
2026-10-03T18:12:53.317[D]: Response finished #199: GET /ShadowPlay/v.1.0/Capture/State with status 500
2026-10-03T18:12:53.317[D]: Response finished #200: GET /gfeupdate/autoGFEDownload/autoGFEbeta with status 200
2026-10-03T18:12:53.323[D]: Incoming request  #201: GET /beta
2026-10-03T18:12:53.325[D]: Response finished #201: GET /beta with status 200
2026-10-03T18:12:53.398[D]: Request GET /HardwareInformation/v.0.1 succeeded and driver version is 582.66
2026-10-03T18:12:53.419[D]: Response finished #196: GET /HardwareInformation/v.0.1 with status 200
2026-10-03T18:12:53.530[D]: Incoming request  #202: GET /Duluka/v.1.0/State
2026-10-03T18:12:53.532[D]: Response finished #202: GET /Duluka/v.1.0/State with status 404
2026-10-03T18:12:54.036[D]: Incoming request  #203: GET /Duluka/v.1.0/State
2026-10-03T18:12:54.037[D]: Response finished #203: GET /Duluka/v.1.0/State with status 404
2026-10-03T18:12:54.535[D]: Incoming request  #204: GET /Duluka/v.1.0/State
2026-10-03T18:12:54.537[D]: Response finished #204: GET /Duluka/v.1.0/State with status 404
2026-10-03T18:12:55.038[D]: Incoming request  #205: GET /Duluka/v.1.0/State
2026-10-03T18:12:55.039[D]: Response finished #205: GET /Duluka/v.1.0/State with status 404
2026-10-03T18:12:55.537[D]: Incoming request  #206: GET /Duluka/v.1.0/State
2026-10-03T18:12:55.537[D]: Response finished #206: GET /Duluka/v.1.0/State with status 404
2026-10-03T18:12:56.046[D]: Incoming request  #207: GET /Duluka/v.1.0/State
2026-10-03T18:12:56.047[D]: Response finished #207: GET /Duluka/v.1.0/State with status 404
2026-10-03T18:12:56.527[D]: Incoming request  #208: GET /Duluka/v.1.0/State
2026-10-03T18:12:56.527[D]: Response finished #208: GET /Duluka/v.1.0/State with status 404
2026-10-03T18:12:57.031[D]: Incoming request  #209: GET /Duluka/v.1.0/State
2026-10-03T18:12:57.032[D]: Response finished #209: GET /Duluka/v.1.0/State with status 404
2026-10-03T18:12:57.536[D]: Incoming request  #210: GET /Duluka/v.1.0/State
2026-10-03T18:12:57.537[D]: Response finished #210: GET /Duluka/v.1.0/State with status 404
2026-10-03T18:12:58.031[D]: Incoming request  #211: GET /Duluka/v.1.0/State
2026-10-03T18:12:58.032[D]: Response finished #211: GET /Duluka/v.1.0/State with status 404
2026-10-03T18:12:58.529[D]: Incoming request  #212: GET /Duluka/v.1.0/State
2026-10-03T18:12:58.530[D]: Response finished #212: GET /Duluka/v.1.0/State with status 404
2026-10-03T18:12:59.034[D]: Incoming request  #213: GET /Duluka/v.1.0/State
2026-10-03T18:12:59.034[D]: Response finished #213: GET /Duluka/v.1.0/State with status 404
2026-10-03T18:12:59.538[D]: Incoming request  #214: GET /Duluka/v.1.0/State
2026-10-03T18:12:59.539[D]: Response finished #214: GET /Duluka/v.1.0/State with status 404
2026-10-03T18:13:00.031[D]: Incoming request  #215: GET /Duluka/v.1.0/State
2026-10-03T18:13:00.032[D]: Response finished #215: GET /Duluka/v.1.0/State with status 404
2026-10-03T18:13:00.528[D]: Incoming request  #216: GET /Duluka/v.1.0/State
2026-10-03T18:13:00.529[D]: Response finished #216: GET /Duluka/v.1.0/State with status 404
2026-10-03T18:13:01.028[D]: Incoming request  #217: GET /Duluka/v.1.0/State
2026-10-03T18:13:01.029[D]: Response finished #217: GET /Duluka/v.1.0/State with status 404
2026-10-03T18:13:01.530[D]: Incoming request  #218: GET /Duluka/v.1.0/State
2026-10-03T18:13:01.531[D]: Response finished #218: GET /Duluka/v.1.0/State with status 404
2026-10-03T18:13:02.036[D]: Incoming request  #219: GET /Duluka/v.1.0/State
2026-10-03T18:13:02.037[D]: Response finished #219: GET /Duluka/v.1.0/State with status 404
2026-10-03T18:13:02.538[D]: Incoming request  #220: GET /Duluka/v.1.0/State
2026-10-03T18:13:02.539[D]: Response finished #220: GET /Duluka/v.1.0/State with status 404
2026-10-03T18:13:03.038[D]: Incoming request  #221: GET /Duluka/v.1.0/State
2026-10-03T18:13:03.040[D]: Response finished #221: GET /Duluka/v.1.0/State with status 404
2026-10-03T18:13:03.537[D]: Incoming request  #222: GET /Duluka/v.1.0/State
2026-10-03T18:13:03.538[D]: Response finished #222: GET /Duluka/v.1.0/State with status 404
2026-10-03T18:13:04.038[D]: Incoming request  #223: GET /Duluka/v.1.0/State
2026-10-03T18:13:04.042[D]: Response finished #223: GET /Duluka/v.1.0/State with status 404
2026-10-03T18:13:04.537[D]: Incoming request  #224: GET /Duluka/v.1.0/State
2026-10-03T18:13:04.538[D]: Response finished #224: GET /Duluka/v.1.0/State with status 404
2026-10-03T18:13:05.041[D]: Incoming request  #225: GET /Duluka/v.1.0/State
2026-10-03T18:13:05.042[D]: Response finished #225: GET /Duluka/v.1.0/State with status 404
2026-10-03T18:13:05.527[D]: Incoming request  #226: GET /Duluka/v.1.0/State
2026-10-03T18:13:05.527[D]: Response finished #226: GET /Duluka/v.1.0/State with status 404
2026-10-03T18:13:05.603[D]: Incoming request  #227: POST /ShadowPlay/v.1.0/Launch
2026-10-03T18:13:05.607[I]: Post Data: {"launch":true}
2026-10-03T18:13:05.608[I]: Setting ShadowPlay Enable: {"launch":true}
2026-10-03T18:13:05.609[D]: ShadowPlay already running
2026-10-03T18:13:05.609[D]: Registering callback type: 1
2026-10-03T18:13:05.653[D]: JOIN 
2026-10-03T18:13:05.763[D]: Registering complete
2026-10-03T18:13:05.763[D]: Registering callback type: 3
2026-10-03T18:13:05.763[D]: Registering complete
2026-10-03T18:13:05.763[E]: GetCaptureSessionParam: session:4294967295, cmd:12
2026-10-03T18:13:05.765[E]: Failed to get capture state:-2147024809
2026-10-03T18:13:06.000[D]: Response finished #227: POST /ShadowPlay/v.1.0/Launch with status 200
2026-10-03T18:13:06.033[D]: Incoming request  #228: GET /Duluka/v.1.0/State
2026-10-03T18:13:06.034[D]: Response finished #228: GET /Duluka/v.1.0/State with status 404
2026-10-03T18:13:06.534[D]: Incoming request  #229: GET /Duluka/v.1.0/State
2026-10-03T18:13:06.535[D]: Response finished #229: GET /Duluka/v.1.0/State with status 404
2026-10-03T18:13:07.043[D]: Incoming request  #230: GET /Duluka/v.1.0/State
2026-10-03T18:13:07.045[D]: Response finished #230: GET /Duluka/v.1.0/State with status 404
2026-10-03T18:13:07.536[D]: Incoming request  #231: GET /Duluka/v.1.0/State
2026-10-03T18:13:07.537[D]: Response finished #231: GET /Duluka/v.1.0/State with status 404
2026-10-03T18:13:08.029[D]: Incoming request  #232: GET /Duluka/v.1.0/State
2026-10-03T18:13:08.031[D]: Response finished #232: GET /Duluka/v.1.0/State with status 404
2026-10-03T18:13:08.533[D]: Incoming request  #233: GET /Duluka/v.1.0/State
2026-10-03T18:13:08.534[D]: Response finished #233: GET /Duluka/v.1.0/State with status 404
2026-10-03T18:13:09.034[D]: Incoming request  #234: GET /Duluka/v.1.0/State
2026-10-03T18:13:09.034[D]: Response finished #234: GET /Duluka/v.1.0/State with status 404
2026-10-03T18:13:09.536[D]: Incoming request  #235: GET /Duluka/v.1.0/State
2026-10-03T18:13:09.537[D]: Response finished #235: GET /Duluka/v.1.0/State with status 404
2026-10-03T18:13:10.040[D]: Incoming request  #236: GET /Duluka/v.1.0/State
2026-10-03T18:13:10.041[D]: Response finished #236: GET /Duluka/v.1.0/State with status 404
2026-10-03T18:13:10.526[D]: Incoming request  #237: GET /Duluka/v.1.0/State
2026-10-03T18:13:10.527[D]: Response finished #237: GET /Duluka/v.1.0/State with status 404
2026-10-03T18:13:11.030[D]: Incoming request  #238: GET /Duluka/v.1.0/State
2026-10-03T18:13:11.030[D]: Response finished #238: GET /Duluka/v.1.0/State with status 404
2026-10-03T18:13:11.530[D]: Incoming request  #239: GET /Duluka/v.1.0/State
2026-10-03T18:13:11.531[D]: Response finished #239: GET /Duluka/v.1.0/State with status 404
2026-10-03T18:13:12.035[D]: Incoming request  #240: GET /Duluka/v.1.0/State
2026-10-03T18:13:12.036[D]: Response finished #240: GET /Duluka/v.1.0/State with status 404
2026-10-03T18:13:12.534[D]: Incoming request  #241: GET /Duluka/v.1.0/State
2026-10-03T18:13:12.534[D]: Response finished #241: GET /Duluka/v.1.0/State with status 404
2026-10-03T18:13:13.041[D]: Incoming request  #242: GET /Duluka/v.1.0/State
2026-10-03T18:13:13.043[D]: Response finished #242: GET /Duluka/v.1.0/State with status 404
2026-10-03T18:13:13.539[D]: Incoming request  #243: GET /Duluka/v.1.0/State
2026-10-03T18:13:13.540[D]: Response finished #243: GET /Duluka/v.1.0/State with status 404
2026-10-03T18:13:14.029[D]: Incoming request  #244: GET /Duluka/v.1.0/State
2026-10-03T18:13:14.029[D]: Response finished #244: GET /Duluka/v.1.0/State with status 404
2026-10-03T18:13:14.529[D]: Incoming request  #245: GET /Duluka/v.1.0/State
2026-10-03T18:13:14.530[D]: Response finished #245: GET /Duluka/v.1.0/State with status 404
2026-10-03T18:13:15.029[D]: Incoming request  #246: GET /Duluka/v.1.0/State
2026-10-03T18:13:15.030[D]: Response finished #246: GET /Duluka/v.1.0/State with status 404
2026-10-03T18:13:15.535[D]: Incoming request  #247: GET /Duluka/v.1.0/State
2026-10-03T18:13:15.536[D]: Response finished #247: GET /Duluka/v.1.0/State with status 404
2026-10-03T18:13:16.036[D]: Incoming request  #248: GET /Duluka/v.1.0/State
2026-10-03T18:13:16.038[D]: Response finished #248: GET /Duluka/v.1.0/State with status 404
2026-10-03T18:13:16.543[D]: Incoming request  #249: GET /Duluka/v.1.0/State
2026-10-03T18:13:16.545[D]: Response finished #249: GET /Duluka/v.1.0/State with status 404
2026-10-03T18:13:17.030[D]: Incoming request  #250: GET /Duluka/v.1.0/State
2026-10-03T18:13:17.030[D]: Response finished #250: GET /Duluka/v.1.0/State with status 404
2026-10-03T18:13:17.533[D]: Incoming request  #251: GET /Duluka/v.1.0/State
2026-10-03T18:13:17.534[D]: Response finished #251: GET /Duluka/v.1.0/State with status 404
2026-10-03T18:13:18.034[D]: Incoming request  #252: GET /Duluka/v.1.0/State
2026-10-03T18:13:18.036[D]: Response finished #252: GET /Duluka/v.1.0/State with status 404
2026-10-03T18:13:18.537[D]: Incoming request  #253: GET /Duluka/v.1.0/State
2026-10-03T18:13:18.537[D]: Response finished #253: GET /Duluka/v.1.0/State with status 404
2026-10-03T18:13:19.054[D]: Incoming request  #254: GET /Duluka/v.1.0/State
2026-10-03T18:13:19.056[D]: Response finished #254: GET /Duluka/v.1.0/State with status 404
2026-10-03T18:13:19.531[D]: Incoming request  #255: GET /Duluka/v.1.0/State
2026-10-03T18:13:19.533[D]: Response finished #255: GET /Duluka/v.1.0/State with status 404
2026-10-03T18:13:20.036[D]: Incoming request  #256: GET /Duluka/v.1.0/State
2026-10-03T18:13:20.037[D]: Response finished #256: GET /Duluka/v.1.0/State with status 404
2026-10-03T18:13:20.537[D]: Incoming request  #257: GET /Duluka/v.1.0/State
2026-10-03T18:13:20.540[D]: Response finished #257: GET /Duluka/v.1.0/State with status 404
2026-10-03T18:13:21.039[D]: Incoming request  #258: GET /Duluka/v.1.0/State
2026-10-03T18:13:21.040[D]: Response finished #258: GET /Duluka/v.1.0/State with status 404
2026-10-03T18:13:21.536[D]: Incoming request  #259: GET /Duluka/v.1.0/State
2026-10-03T18:13:21.537[D]: Response finished #259: GET /Duluka/v.1.0/State with status 404
2026-10-03T18:13:22.039[D]: Incoming request  #260: GET /Duluka/v.1.0/State
2026-10-03T18:13:22.040[D]: Response finished #260: GET /Duluka/v.1.0/State with status 404
2026-10-03T18:13:22.550[D]: Incoming request  #261: GET /Duluka/v.1.0/State
2026-10-03T18:13:22.556[D]: Response finished #261: GET /Duluka/v.1.0/State with status 404
2026-10-03T18:13:23.036[D]: Incoming request  #262: GET /Duluka/v.1.0/State
2026-10-03T18:13:23.037[D]: Response finished #262: GET /Duluka/v.1.0/State with status 404
2026-10-03T18:13:23.536[D]: Incoming request  #263: GET /Duluka/v.1.0/State
2026-10-03T18:13:23.538[D]: Response finished #263: GET /Duluka/v.1.0/State with status 404
2026-10-03T18:13:24.038[D]: Incoming request  #264: GET /Duluka/v.1.0/State
2026-10-03T18:13:24.042[D]: Response finished #264: GET /Duluka/v.1.0/State with status 404
2026-10-03T18:13:24.604[D]: Incoming request  #265: GET /Duluka/v.1.0/State
2026-10-03T18:13:24.627[D]: Response finished #265: GET /Duluka/v.1.0/State with status 404
2026-10-03T18:13:25.030[D]: Incoming request  #266: GET /Duluka/v.1.0/State
2026-10-03T18:13:25.030[D]: Response finished #266: GET /Duluka/v.1.0/State with status 404
2026-10-03T18:13:25.533[D]: Incoming request  #267: GET /Duluka/v.1.0/State
2026-10-03T18:13:25.535[D]: Response finished #267: GET /Duluka/v.1.0/State with status 404
2026-10-03T18:13:26.030[D]: Incoming request  #268: GET /Duluka/v.1.0/State
2026-10-03T18:13:26.033[D]: Response finished #268: GET /Duluka/v.1.0/State with status 404
2026-10-03T18:13:26.531[D]: Incoming request  #269: GET /Duluka/v.1.0/State
2026-10-03T18:13:26.533[D]: Response finished #269: GET /Duluka/v.1.0/State with status 404
2026-10-03T18:13:27.038[D]: Incoming request  #270: GET /Duluka/v.1.0/State
2026-10-03T18:13:27.040[D]: Response finished #270: GET /Duluka/v.1.0/State with status 404
2026-10-03T18:13:27.530[D]: Incoming request  #271: GET /Duluka/v.1.0/State
2026-10-03T18:13:27.532[D]: Response finished #271: GET /Duluka/v.1.0/State with status 404
2026-10-03T18:13:28.035[D]: Incoming request  #272: GET /Duluka/v.1.0/State
2026-10-03T18:13:28.037[D]: Response finished #272: GET /Duluka/v.1.0/State with status 404
2026-10-03T18:13:28.536[D]: Incoming request  #273: GET /Duluka/v.1.0/State
2026-10-03T18:13:28.538[D]: Response finished #273: GET /Duluka/v.1.0/State with status 404
2026-10-03T18:13:29.035[D]: Incoming request  #274: GET /Duluka/v.1.0/State
2026-10-03T18:13:29.036[D]: Response finished #274: GET /Duluka/v.1.0/State with status 404
2026-10-03T18:13:29.534[D]: Incoming request  #275: GET /Duluka/v.1.0/State
2026-10-03T18:13:29.537[D]: Response finished #275: GET /Duluka/v.1.0/State with status 404
2026-10-03T18:13:30.040[D]: Incoming request  #276: GET /Duluka/v.1.0/State
2026-10-03T18:13:30.040[D]: Response finished #276: GET /Duluka/v.1.0/State with status 404
2026-10-03T18:13:30.534[D]: Incoming request  #277: GET /Duluka/v.1.0/State
2026-10-03T18:13:30.535[D]: Response finished #277: GET /Duluka/v.1.0/State with status 404
2026-10-03T18:13:31.038[D]: Incoming request  #278: GET /Duluka/v.1.0/State
2026-10-03T18:13:31.040[D]: Response finished #278: GET /Duluka/v.1.0/State with status 404
2026-10-03T18:13:31.536[D]: Incoming request  #279: GET /Duluka/v.1.0/State
2026-10-03T18:13:31.540[D]: Response finished #279: GET /Duluka/v.1.0/State with status 404
2026-10-03T18:13:31.709[D]: JOIN 
2026-10-03T18:13:32.036[D]: Incoming request  #280: GET /Duluka/v.1.0/State
2026-10-03T18:13:32.037[D]: Response finished #280: GET /Duluka/v.1.0/State with status 404
2026-10-03T18:13:32.648[D]: Incoming request  #281: GET /Duluka/v.1.0/State
2026-10-03T18:13:32.651[D]: Response finished #281: GET /Duluka/v.1.0/State with status 404
2026-10-03T18:13:33.035[D]: Incoming request  #282: GET /Duluka/v.1.0/State
2026-10-03T18:13:33.036[D]: Response finished #282: GET /Duluka/v.1.0/State with status 404
2026-10-03T18:13:33.533[D]: Incoming request  #283: GET /Duluka/v.1.0/State
2026-10-03T18:13:33.535[D]: Response finished #283: GET /Duluka/v.1.0/State with status 404
2026-10-03T18:13:34.033[D]: Incoming request  #284: GET /Duluka/v.1.0/State
2026-10-03T18:13:34.035[D]: Response finished #284: GET /Duluka/v.1.0/State with status 404
2026-10-03T18:13:34.533[D]: Incoming request  #285: GET /Duluka/v.1.0/State
2026-10-03T18:13:34.536[D]: Response finished #285: GET /Duluka/v.1.0/State with status 404
2026-10-03T18:13:35.036[D]: Incoming request  #286: GET /Duluka/v.1.0/State
2026-10-03T18:13:35.037[D]: Response finished #286: GET /Duluka/v.1.0/State with status 404
2026-10-03T18:13:35.535[D]: Incoming request  #287: GET /Duluka/v.1.0/State
2026-10-03T18:13:35.537[D]: Response finished #287: GET /Duluka/v.1.0/State with status 404
2026-10-03T18:13:36.035[D]: Incoming request  #288: GET /Duluka/v.1.0/State
2026-10-03T18:13:36.037[D]: Response finished #288: GET /Duluka/v.1.0/State with status 404
2026-10-03T18:13:36.534[D]: Incoming request  #289: GET /Duluka/v.1.0/State
2026-10-03T18:13:36.536[D]: Response finished #289: GET /Duluka/v.1.0/State with status 404
2026-10-03T18:13:37.035[D]: Incoming request  #290: GET /Duluka/v.1.0/State
2026-10-03T18:13:37.037[D]: Response finished #290: GET /Duluka/v.1.0/State with status 404
2026-10-03T18:13:37.533[D]: Incoming request  #291: GET /Duluka/v.1.0/State
2026-10-03T18:13:37.533[D]: Response finished #291: GET /Duluka/v.1.0/State with status 404
2026-10-03T18:13:38.032[D]: Incoming request  #292: GET /Duluka/v.1.0/State
2026-10-03T18:13:38.033[D]: Response finished #292: GET /Duluka/v.1.0/State with status 404
2026-10-03T18:13:38.532[D]: Incoming request  #293: GET /Duluka/v.1.0/State
2026-10-03T18:13:38.533[D]: Response finished #293: GET /Duluka/v.1.0/State with status 404
2026-10-03T18:13:39.039[D]: Incoming request  #294: GET /Duluka/v.1.0/State
2026-10-03T18:13:39.039[D]: Response finished #294: GET /Duluka/v.1.0/State with status 404
2026-10-03T18:13:39.545[D]: Incoming request  #295: GET /Duluka/v.1.0/State
2026-10-03T18:13:39.546[D]: Response finished #295: GET /Duluka/v.1.0/State with status 404
2026-10-03T18:13:40.042[D]: Incoming request  #296: GET /Duluka/v.1.0/State
2026-10-03T18:13:40.044[D]: Response finished #296: GET /Duluka/v.1.0/State with status 404
2026-10-03T18:13:40.530[D]: Incoming request  #297: GET /Duluka/v.1.0/State
2026-10-03T18:13:40.531[D]: Response finished #297: GET /Duluka/v.1.0/State with status 404
2026-10-03T18:13:41.040[D]: Incoming request  #298: GET /Duluka/v.1.0/State
2026-10-03T18:13:41.040[D]: Response finished #298: GET /Duluka/v.1.0/State with status 404
2026-10-03T18:13:41.543[D]: Incoming request  #299: GET /Duluka/v.1.0/State
2026-10-03T18:13:41.544[D]: Response finished #299: GET /Duluka/v.1.0/State with status 404
2026-10-03T18:13:42.045[D]: Incoming request  #300: GET /Duluka/v.1.0/State
2026-10-03T18:13:42.050[D]: Response finished #300: GET /Duluka/v.1.0/State with status 404
2026-10-03T18:13:42.543[D]: Incoming request  #301: GET /Duluka/v.1.0/State
2026-10-03T18:13:42.543[D]: Response finished #301: GET /Duluka/v.1.0/State with status 404
2026-10-03T18:13:43.040[D]: Incoming request  #302: GET /Duluka/v.1.0/State
2026-10-03T18:13:43.043[D]: Response finished #302: GET /Duluka/v.1.0/State with status 404
2026-10-03T18:13:43.542[D]: Incoming request  #303: GET /Duluka/v.1.0/State
2026-10-03T18:13:43.543[D]: Response finished #303: GET /Duluka/v.1.0/State with status 404
2026-10-03T18:13:44.037[D]: Incoming request  #304: GET /Duluka/v.1.0/State
2026-10-03T18:13:44.037[D]: Response finished #304: GET /Duluka/v.1.0/State with status 404
2026-10-03T18:13:44.538[D]: Incoming request  #305: GET /Duluka/v.1.0/State
2026-10-03T18:13:44.539[D]: Response finished #305: GET /Duluka/v.1.0/State with status 404
2026-10-03T18:13:45.039[D]: Incoming request  #306: GET /Duluka/v.1.0/State
2026-10-03T18:13:45.042[D]: Response finished #306: GET /Duluka/v.1.0/State with status 404
2026-10-03T18:13:45.544[D]: Incoming request  #307: GET /Duluka/v.1.0/State
2026-10-03T18:13:45.546[D]: Response finished #307: GET /Duluka/v.1.0/State with status 404
2026-10-03T18:13:46.036[D]: Incoming request  #308: GET /Duluka/v.1.0/State
2026-10-03T18:13:46.037[D]: Response finished #308: GET /Duluka/v.1.0/State with status 404
2026-10-03T18:13:46.609[D]: Incoming request  #309: GET /Duluka/v.1.0/State
2026-10-03T18:13:46.611[D]: Response finished #309: GET /Duluka/v.1.0/State with status 404
2026-10-03T18:13:47.045[D]: Incoming request  #310: GET /Duluka/v.1.0/State
2026-10-03T18:13:47.046[D]: Response finished #310: GET /Duluka/v.1.0/State with status 404
2026-10-03T18:13:47.536[D]: Incoming request  #311: GET /Duluka/v.1.0/State
2026-10-03T18:13:47.538[D]: Response finished #311: GET /Duluka/v.1.0/State with status 404
2026-10-03T18:13:48.033[D]: Incoming request  #312: GET /Duluka/v.1.0/State
2026-10-03T18:13:48.034[D]: Response finished #312: GET /Duluka/v.1.0/State with status 404
2026-10-03T18:13:48.537[D]: Incoming request  #313: GET /Duluka/v.1.0/State
2026-10-03T18:13:48.537[D]: Response finished #313: GET /Duluka/v.1.0/State with status 404
2026-10-03T18:13:49.037[D]: Incoming request  #314: GET /Duluka/v.1.0/State
2026-10-03T18:13:49.037[D]: Response finished #314: GET /Duluka/v.1.0/State with status 404
2026-10-03T18:13:49.538[D]: Incoming request  #315: GET /Duluka/v.1.0/State
2026-10-03T18:13:49.540[D]: Response finished #315: GET /Duluka/v.1.0/State with status 404
2026-10-03T18:13:50.035[D]: Incoming request  #316: GET /Duluka/v.1.0/State
2026-10-03T18:13:50.035[D]: Response finished #316: GET /Duluka/v.1.0/State with status 404
2026-10-03T18:13:50.539[D]: Incoming request  #317: GET /Duluka/v.1.0/State
2026-10-03T18:13:50.540[D]: Response finished #317: GET /Duluka/v.1.0/State with status 404
2026-10-03T18:13:51.035[D]: Incoming request  #318: GET /Duluka/v.1.0/State
2026-10-03T18:13:51.035[D]: Response finished #318: GET /Duluka/v.1.0/State with status 404
2026-10-03T18:13:51.543[D]: Incoming request  #319: GET /Duluka/v.1.0/State
2026-10-03T18:13:51.545[D]: Response finished #319: GET /Duluka/v.1.0/State with status 404
2026-10-03T18:13:52.045[D]: Incoming request  #320: GET /Duluka/v.1.0/State
2026-10-03T18:13:52.049[D]: Response finished #320: GET /Duluka/v.1.0/State with status 404
2026-10-03T18:13:52.543[D]: Incoming request  #321: GET /Duluka/v.1.0/State
2026-10-03T18:13:52.545[D]: Response finished #321: GET /Duluka/v.1.0/State with status 404
2026-10-03T18:13:53.041[D]: Incoming request  #322: GET /Duluka/v.1.0/State
2026-10-03T18:13:53.043[D]: Response finished #322: GET /Duluka/v.1.0/State with status 404
2026-10-03T18:13:53.536[D]: Incoming request  #323: GET /Duluka/v.1.0/State
2026-10-03T18:13:53.537[D]: Response finished #323: GET /Duluka/v.1.0/State with status 404
2026-10-03T18:13:54.031[D]: Incoming request  #324: GET /Duluka/v.1.0/State
2026-10-03T18:13:54.033[D]: Response finished #324: GET /Duluka/v.1.0/State with status 404
2026-10-03T18:13:54.539[D]: Incoming request  #325: GET /Duluka/v.1.0/State
2026-10-03T18:13:54.540[D]: Response finished #325: GET /Duluka/v.1.0/State with status 404
2026-10-03T18:13:55.072[D]: Incoming request  #326: GET /Duluka/v.1.0/State
2026-10-03T18:13:55.080[D]: Response finished #326: GET /Duluka/v.1.0/State with status 404
2026-10-03T18:13:55.533[D]: Incoming request  #327: GET /Duluka/v.1.0/State
2026-10-03T18:13:55.534[D]: Response finished #327: GET /Duluka/v.1.0/State with status 404
2026-10-03T18:13:56.030[D]: Incoming request  #328: GET /Duluka/v.1.0/State
2026-10-03T18:13:56.030[D]: Response finished #328: GET /Duluka/v.1.0/State with status 404
2026-10-03T18:13:56.527[D]: Incoming request  #329: GET /Duluka/v.1.0/State
2026-10-03T18:13:56.527[D]: Response finished #329: GET /Duluka/v.1.0/State with status 404
2026-10-03T18:13:57.043[D]: Incoming request  #330: GET /Duluka/v.1.0/State
2026-10-03T18:13:57.044[D]: Response finished #330: GET /Duluka/v.1.0/State with status 404
2026-10-03T18:13:57.541[D]: Incoming request  #331: GET /Duluka/v.1.0/State
2026-10-03T18:13:57.545[D]: Response finished #331: GET /Duluka/v.1.0/State with status 404
2026-10-03T18:13:58.030[D]: Incoming request  #332: GET /Duluka/v.1.0/State
2026-10-03T18:13:58.032[D]: Response finished #332: GET /Duluka/v.1.0/State with status 404
2026-10-03T18:13:58.535[D]: Incoming request  #333: GET /Duluka/v.1.0/State
2026-10-03T18:13:58.536[D]: Response finished #333: GET /Duluka/v.1.0/State with status 404
2026-10-03T18:13:59.033[D]: Incoming request  #334: GET /Duluka/v.1.0/State
2026-10-03T18:13:59.034[D]: Response finished #334: GET /Duluka/v.1.0/State with status 404
2026-10-03T18:13:59.540[D]: Incoming request  #335: GET /Duluka/v.1.0/State
2026-10-03T18:13:59.541[D]: Response finished #335: GET /Duluka/v.1.0/State with status 404
2026-10-03T18:14:00.046[D]: Incoming request  #336: GET /Duluka/v.1.0/State
2026-10-03T18:14:00.056[D]: Response finished #336: GET /Duluka/v.1.0/State with status 404
2026-10-03T18:14:00.539[D]: Incoming request  #337: GET /Duluka/v.1.0/State
2026-10-03T18:14:00.539[D]: Response finished #337: GET /Duluka/v.1.0/State with status 404
2026-10-03T18:14:01.033[D]: Incoming request  #338: GET /Duluka/v.1.0/State
2026-10-03T18:14:01.033[D]: Response finished #338: GET /Duluka/v.1.0/State with status 404
2026-10-03T18:14:01.537[D]: Incoming request  #339: GET /Duluka/v.1.0/State
2026-10-03T18:14:01.537[D]: Response finished #339: GET /Duluka/v.1.0/State with status 404
2026-10-03T18:14:02.030[D]: Incoming request  #340: GET /Duluka/v.1.0/State
2026-10-03T18:14:02.032[D]: Response finished #340: GET /Duluka/v.1.0/State with status 404
2026-10-03T18:14:02.529[D]: Incoming request  #341: GET /Duluka/v.1.0/State
2026-10-03T18:14:02.533[D]: Response finished #341: GET /Duluka/v.1.0/State with status 404
2026-10-03T18:14:03.029[D]: Incoming request  #342: GET /Duluka/v.1.0/State
2026-10-03T18:14:03.030[D]: Response finished #342: GET /Duluka/v.1.0/State with status 404
2026-10-03T18:14:03.527[D]: Incoming request  #343: GET /Duluka/v.1.0/State
2026-10-03T18:14:03.532[D]: Response finished #343: GET /Duluka/v.1.0/State with status 404
2026-10-03T18:14:04.034[D]: Incoming request  #344: GET /Duluka/v.1.0/State
2026-10-03T18:14:04.044[D]: Response finished #344: GET /Duluka/v.1.0/State with status 404
2026-10-03T18:14:04.591[D]: Incoming request  #345: GET /Duluka/v.1.0/State
2026-10-03T18:14:04.592[D]: Response finished #345: GET /Duluka/v.1.0/State with status 404
2026-10-03T18:14:05.030[D]: Incoming request  #346: GET /Duluka/v.1.0/State
2026-10-03T18:14:05.031[D]: Response finished #346: GET /Duluka/v.1.0/State with status 404
2026-10-03T18:14:05.540[D]: Incoming request  #347: GET /Duluka/v.1.0/State
2026-10-03T18:14:05.540[D]: Response finished #347: GET /Duluka/v.1.0/State with status 404
2026-10-03T18:14:06.027[D]: Incoming request  #348: GET /Duluka/v.1.0/State
2026-10-03T18:14:06.028[D]: Response finished #348: GET /Duluka/v.1.0/State with status 404
2026-10-03T18:14:06.535[D]: Incoming request  #349: GET /Duluka/v.1.0/State
2026-10-03T18:14:06.536[D]: Response finished #349: GET /Duluka/v.1.0/State with status 404
2026-10-03T18:14:07.031[D]: Incoming request  #350: GET /Duluka/v.1.0/State
2026-10-03T18:14:07.032[D]: Response finished #350: GET /Duluka/v.1.0/State with status 404
2026-10-03T18:14:07.538[D]: Incoming request  #351: GET /Duluka/v.1.0/State
2026-10-03T18:14:07.541[D]: Response finished #351: GET /Duluka/v.1.0/State with status 404
2026-10-03T18:14:08.029[D]: Incoming request  #352: GET /Duluka/v.1.0/State
2026-10-03T18:14:08.030[D]: Response finished #352: GET /Duluka/v.1.0/State with status 404
2026-10-03T18:14:08.532[D]: Incoming request  #353: GET /Duluka/v.1.0/State
2026-10-03T18:14:08.533[D]: Response finished #353: GET /Duluka/v.1.0/State with status 404
2026-10-03T18:14:09.032[D]: Incoming request  #354: GET /Duluka/v.1.0/State
2026-10-03T18:14:09.034[D]: Response finished #354: GET /Duluka/v.1.0/State with status 404
2026-10-03T18:14:09.535[D]: Incoming request  #355: GET /Duluka/v.1.0/State
2026-10-03T18:14:09.536[D]: Response finished #355: GET /Duluka/v.1.0/State with status 404
2026-10-03T18:14:10.032[D]: Incoming request  #356: GET /Duluka/v.1.0/State
2026-10-03T18:14:10.036[D]: Response finished #356: GET /Duluka/v.1.0/State with status 404
2026-10-03T18:14:10.531[D]: Incoming request  #357: GET /Duluka/v.1.0/State
2026-10-03T18:14:10.533[D]: Response finished #357: GET /Duluka/v.1.0/State with status 404
2026-10-03T18:14:11.029[D]: Incoming request  #358: GET /Duluka/v.1.0/State
2026-10-03T18:14:11.030[D]: Response finished #358: GET /Duluka/v.1.0/State with status 404
2026-10-03T18:14:11.529[D]: Incoming request  #359: GET /Duluka/v.1.0/State
2026-10-03T18:14:11.532[D]: Response finished #359: GET /Duluka/v.1.0/State with status 404
2026-10-03T18:14:12.030[D]: Incoming request  #360: GET /Duluka/v.1.0/State
2026-10-03T18:14:12.031[D]: Response finished #360: GET /Duluka/v.1.0/State with status 404
2026-10-03T18:14:12.532[D]: Incoming request  #361: GET /Duluka/v.1.0/State
2026-10-03T18:14:12.532[D]: Response finished #361: GET /Duluka/v.1.0/State with status 404
2026-10-03T18:14:13.031[D]: Incoming request  #362: GET /Duluka/v.1.0/State
2026-10-03T18:14:13.032[D]: Response finished #362: GET /Duluka/v.1.0/State with status 404
2026-10-03T18:14:13.532[D]: Incoming request  #363: GET /Duluka/v.1.0/State
2026-10-03T18:14:13.533[D]: Response finished #363: GET /Duluka/v.1.0/State with status 404
2026-10-03T18:14:14.035[D]: Incoming request  #364: GET /Duluka/v.1.0/State
2026-10-03T18:14:14.037[D]: Response finished #364: GET /Duluka/v.1.0/State with status 404
2026-10-03T18:14:14.550[D]: Incoming request  #365: GET /Duluka/v.1.0/State
2026-10-03T18:14:14.560[D]: Response finished #365: GET /Duluka/v.1.0/State with status 404
2026-10-03T18:14:15.030[D]: Incoming request  #366: GET /Duluka/v.1.0/State
2026-10-03T18:14:15.030[D]: Response finished #366: GET /Duluka/v.1.0/State with status 404
2026-10-03T18:14:15.534[D]: Incoming request  #367: GET /Duluka/v.1.0/State
2026-10-03T18:14:15.535[D]: Response finished #367: GET /Duluka/v.1.0/State with status 404
2026-10-03T18:14:16.036[D]: Incoming request  #368: GET /Duluka/v.1.0/State
2026-10-03T18:14:16.038[D]: Response finished #368: GET /Duluka/v.1.0/State with status 404
2026-10-03T18:14:16.535[D]: Incoming request  #369: GET /Duluka/v.1.0/State
2026-10-03T18:14:16.536[D]: Response finished #369: GET /Duluka/v.1.0/State with status 404
2026-10-03T18:14:17.035[D]: Incoming request  #370: GET /Duluka/v.1.0/State
2026-10-03T18:14:17.037[D]: Response finished #370: GET /Duluka/v.1.0/State with status 404
2026-10-03T18:14:17.535[D]: Incoming request  #371: GET /Duluka/v.1.0/State
2026-10-03T18:14:17.538[D]: Response finished #371: GET /Duluka/v.1.0/State with status 404
2026-10-03T18:14:18.035[D]: Incoming request  #372: GET /Duluka/v.1.0/State
2026-10-03T18:14:18.038[D]: Response finished #372: GET /Duluka/v.1.0/State with status 404
2026-10-03T18:14:18.537[D]: Incoming request  #373: GET /Duluka/v.1.0/State
2026-10-03T18:14:18.541[D]: Response finished #373: GET /Duluka/v.1.0/State with status 404
2026-10-03T18:14:19.037[D]: Incoming request  #374: GET /Duluka/v.1.0/State
2026-10-03T18:14:19.037[D]: Response finished #374: GET /Duluka/v.1.0/State with status 404
2026-10-03T18:14:19.543[D]: Incoming request  #375: GET /Duluka/v.1.0/State
2026-10-03T18:14:19.545[D]: Response finished #375: GET /Duluka/v.1.0/State with status 404
2026-10-03T18:14:20.038[D]: Incoming request  #376: GET /Duluka/v.1.0/State
2026-10-03T18:14:20.039[D]: Response finished #376: GET /Duluka/v.1.0/State with status 404
2026-10-03T18:14:20.542[D]: Incoming request  #377: GET /Duluka/v.1.0/State
2026-10-03T18:14:20.543[D]: Response finished #377: GET /Duluka/v.1.0/State with status 404
2026-10-03T18:14:21.042[D]: Incoming request  #378: GET /Duluka/v.1.0/State
2026-10-03T18:14:21.045[D]: Response finished #378: GET /Duluka/v.1.0/State with status 404
