2026-10-03T15:39:50.137[I]: Starting NvContainer Local System container...
2026-10-03T15:39:50.145[I]: Loading fast-boot dependency...
2026-10-03T15:39:50.153[I]: fast-boot ready
2026-10-03T15:39:50.154[I]: Loading ExpressJS dependency...
2026-10-03T15:39:50.247[I]: ExpressJS ready
2026-10-03T15:39:50.248[I]: Loading HTTP dependency...
2026-10-03T15:39:50.248[I]: Creating HTTP server...
2026-10-03T15:39:50.249[I]: HTTP ready
2026-10-03T15:39:50.249[I]: Loading Socket.IO dependency...
2026-10-03T15:39:50.334[I]: Socket.IO ready
2026-10-03T15:39:50.335[I]: Loading "on-finished" dependency...
2026-10-03T15:39:50.340[I]: Loading NvPiplConfig module...
2026-10-03T15:39:50.344[I]: NvPiplConfig module loaded
2026-10-03T15:39:50.344[I]: Loading NvBackendAPI module...
2026-10-03T15:39:50.351[D]: NvBackendAPI.js: native dependency loaded
2026-10-03T15:39:50.352[I]: NvBackendAPI module loaded
2026-10-03T15:39:50.352[I]: Loading AccountAPI module...
2026-10-03T15:39:50.356[I]: Restarted user consent refresh timer of 1440 minutes.
2026-10-03T15:39:50.357[I]: AccountAPI module loaded
2026-10-03T15:39:50.357[I]: Loading DriverInstallAPI module...
2026-10-03T15:39:50.360[I]: Initializing DriverInstall.node
2026-10-03T15:39:50.360[D]: Driver Install node initialization successful
2026-10-03T15:39:50.360[I]: DriverInstallAPI module loaded
2026-10-03T15:39:50.361[I]: Loading downloaderAPI module...
2026-10-03T15:39:50.366[I]: downloaderAPI module loaded
2026-10-03T15:39:50.367[I]: Waiting for NvContainer Local System container to start...
2026-10-03T15:39:50.367[I]: NvContainer Local System container started
2026-10-03T15:39:50.372[D]: Loading NvBackendAPI DLL...
2026-10-03T15:39:50.377[D]: Calling EnsureThatBackendIsRunning...
2026-10-03T15:39:50.377[D]: EnsureThatBackendIsRunning succeded.
2026-10-03T15:39:50.380[I]: NvBackendAPI module initialized
2026-10-03T15:39:50.381[I]: NvPiplConfig initialized
2026-10-03T15:39:50.412[I]: NvAbHubAPI: Loading module...
2026-10-03T15:39:50.417[I]: Loading NvGameStreamAPI module...
2026-10-03T15:39:50.417[D]: Initializing NvAccountApi
2026-10-03T15:39:50.417[D]: NvAccountApi: Initializing NvTelemetry...
2026-10-03T15:39:50.417[D]: fts.json doesn't exist!
2026-10-03T15:39:50.417[I]: g_diffDownloadToggleMask: 0
2026-10-03T15:39:50.417[D]: Initializing downloader addon.
2026-10-03T15:39:50.421[I]: NvGameStreamAPI module loaded
2026-10-03T15:39:50.421[I]: Loading GalleryAPI module...
2026-10-03T15:39:50.421[D]: Initializing GameStreamAPI
2026-10-03T15:39:50.421[D]: Trying to insert into DLL search path the following NvContainer folder:
2026-10-03T15:39:50.421[D]: C:\Program Files (x86)\NVIDIA Corporation\NvContainer
2026-10-03T15:39:50.421[D]: Will now try to load GameStream bridge DLL from:
2026-10-03T15:39:50.421[D]: C:\Program Files (x86)\NVIDIA Corporation\NvStreamSrv\NvGfeServiceBridge.dll
2026-10-03T15:39:50.428[D]: GameStreamNode::Dll load successfull
2026-10-03T15:39:50.430[I]: GalleryAPI module loaded
2026-10-03T15:39:50.431[D]: Initializing NvGalleryAPI
2026-10-03T15:39:50.431[I]: Loading NvCameraAPI module...
2026-10-03T15:39:50.432[I]: NvGalleryAPI initialized.
2026-10-03T15:39:50.434[I]: GameStreamAPI initialized.
2026-10-03T15:39:50.436[I]: NvCameraAPI module loaded
2026-10-03T15:39:50.436[D]: Initializing NvCameraAPI
2026-10-03T15:39:50.436[D]: NvCameraAPI: calling getSharedMessageBusInterfaceSecure
2026-10-03T15:39:50.439[I]: NvGalleryAPI module initialized
2026-10-03T15:39:50.441[I]: NvGameStreamAPI module initialized
2026-10-03T15:39:50.511[D]: NvAccountApi: NvTelemetry initialization SUCCESS!
2026-10-03T15:39:50.511[I]: NvAccountApi initialized.
2026-10-03T15:39:50.511[I]: Running consent check...
2026-10-03T15:39:50.511[D]: NvCameraAPI: call to getSharedMessageBusInterfaceSecure done
2026-10-03T15:39:50.511[D]: NvCameraAPI: calling addObserver
2026-10-03T15:39:50.511[D]: NvCameraAPI: call to addObserver done, loading DINPUT8.dll
2026-10-03T15:39:50.512[I]: GetNvCameraDLL PATH is specified in registry 
2026-10-03T15:39:50.537[I]: NvAbHubAPI: Module initialized
2026-10-03T15:39:50.538[I]: Downloader addon initialized.
2026-10-03T15:39:50.538[E]: Error: Cannot get functional consent state: -1609957376
2026-10-03T15:39:50.539[I]: Successfully sent automatic feedback about NodeJS exception
2026-10-03T15:39:50.540[I]: Shutting down.
2026-10-03T15:39:50.617[I]: GetNvCameraDLL PATH is specified in registry 
2026-10-03T15:39:50.689[I]: Reshade Supported
2026-10-03T15:39:50.689[I]: NvCameraAPI initialized.
2026-10-03T15:39:51.048[I]: GetNvCameraDLL PATH is specified in registry 
2026-10-03T15:39:51.119[I]: Cleaning up PiplConfig
2026-10-03T15:39:51.121[I]: Stopping logging.
