**********************
Windows PowerShell transcript start
Start time: 20261003033832
Username: DESKTOP-DULUKA\ScotcsDuluka
RunAs User: DESKTOP-DULUKA\ScotcsDuluka
Configuration Name: 
Machine: DESKTOP-DULUKA (Microsoft Windows NT 10.0.26340.0)
Host Application: C:\WINDOWS\System32\WindowsPowerShell\v1.0\powershell.exe -ExecutionPolicy Bypass -File C:\My Project\NVIDIA-Shadowplay\Project\Overlay OSC\Docs ShadowPlay - Real\OscProvision\phase1-clean-flip.ps1
Process ID: 23928
PSVersion: 5.1.26100.9502
PSEdition: Desktop
PSCompatibleVersions: 1.0, 2.0, 3.0, 4.0, 5.0, 5.1.26100.9502
BuildVersion: 10.0.26100.9502
CLRVersion: 4.0.30319.42000
WSManStackVersion: 3.0
PSRemotingProtocolVersion: 2.3
SerializationVersion: 1.1.0.1
**********************
=== [2] stage container แท้ (Payload + AIUser จาก PF เฉพาะที่ Payload ไม่มี) ===
  staged plugins\AIUser จาก PF (Payload ไม่มี — NVIDIA App era)
[2] staged nvcontainer.exe 1248KB ที่ C:\My Project\NVIDIA-Shadowplay\build\NVIDIA ShadowPlay\NvContainer\genuine
=== [3] backup registry ก่อน flip ===
[3] backup → C:\My Project\NVIDIA-Shadowplay\Project\Overlay OSC\Docs ShadowPlay - Real\OscProvision\Logs\phase1-before
=== [4] ล้าง FailureActions ===
=== [5] flip ImagePath → build (genuine) ===
[5] เดิม: "C:\Program Files\NVIDIA Corporation\NvContainer\nvcontainer.exe" -s NvContainerLocalSystem -a -f "C:\ProgramData\NVIDIA Corporation\NVIDIA App\NvContainer\NvContainerLocalSystem.log" -l 3 -d "C:\Program Files\NVIDIA Corporation\NvContainer\plugins\LocalSystem" -r -p 30000  -ert
[5] ใหม่: "C:\My Project\NVIDIA-Shadowplay\build\NVIDIA ShadowPlay\NvContainer\genuine\nvcontainer.exe" -s NvContainerLocalSystem -a -f "C:\ProgramData\NVIDIA Corporation\NVIDIA App\NvContainer\NvContainerLocalSystem.log" -l 3 -d "C:\My Project\NVIDIA-Shadowplay\build\NVIDIA ShadowPlay\NvContainer\genuine\plugins\LocalSystem" -r -p 30000  -ert
=== [6] flip Watchdog profiles → build (genuine) ===
[6] AIUserX64 → Container=C:\My Project\NVIDIA-Shadowplay\build\NVIDIA ShadowPlay\NvContainer\genuine\nvcontainer.exe
[6] SessionX64 → Container=C:\My Project\NVIDIA-Shadowplay\build\NVIDIA ShadowPlay\NvContainer\genuine\nvcontainer.exe
[6] SPUserX64 → Container=C:\My Project\NVIDIA-Shadowplay\build\NVIDIA ShadowPlay\NvContainer\genuine\nvcontainer.exe
[6] UserX64 → Container=C:\My Project\NVIDIA-Shadowplay\build\NVIDIA ShadowPlay\NvContainer\genuine\nvcontainer.exe
=== [7] stop service + kill containers ===
[KILL] nvcontainer PID 8116 (จาก C:\My Project\NVIDIA-Shadowplay\build\NVIDIA ShadowPlay\NvContainer\NvContainer.exe)
=== [8] start service จาก build ===
[8] service: Running
=== containers ที่เพิ่งบูต (ต้องมาจาก build ทั้งหมด) ===
[8] container PID 26176 จาก C:\My Project\NVIDIA-Shadowplay\build\NVIDIA ShadowPlay\NvContainer\genuine\nvcontainer.exe | "C:\My Project\NVIDIA-Shadowplay\build\NVIDIA ShadowPlay\NvContainer\genuine\nvcontainer.exe" -s NvContainerLocalSystem
=== [9] เรียก start-osc.ps1 -Mode genuine ===

=== [10] เก็บหลักฐาน (grep Unknown executable path + copy logs) ===
PS>TerminatingError(Invoke-WebRequest): "The operation has timed out."
เวลา: 10/03/2026 03:42:38
ImagePath: "C:\My Project\NVIDIA-Shadowplay\build\NVIDIA ShadowPlay\NvContainer\genuine\nvcontainer.exe" -s NvContainerLocalSystem -a -f "C:\ProgramData\NVIDIA Corporation\NVIDIA App\NvContainer\NvContainerLocalSystem.log" -l 3 -d "C:\My Project\NVIDIA-Shadowplay\build\NVIDIA ShadowPlay\NvContainer\genuine\plugins\LocalSystem" -r -p 30000  -ert
service: Running
node :59001 200: False
Share ตัว: 0 · helper ตัว: 0
container ตัว: 1
--- containers จาก path ใด ---
  PID 26176 → C:\My Project\NVIDIA-Shadowplay\build\NVIDIA ShadowPlay\NvContainer\genuine\nvcontainer.exe
--- บรรทัด "Unknown executable path": 0 บรรทัด ---
[10] evidence → C:\My Project\NVIDIA-Shadowplay\Project\Overlay OSC\Docs ShadowPlay - Real\OscProvision\Logs\phase1-evidence
**********************
Windows PowerShell transcript end
End time: 20261003034240
**********************
