=== [0] stage binary แท้จาก OscProvision\Payload → build ===
  ข้าม (เนื้อไฟล์ตรง): nvcontainer.exe
  ข้าม (เนื้อไฟล์ตรง): NvContainerTelemetryApi.dll
  ข้าม (เนื้อไฟล์ตรง): _NvMdnsPlugin.dll
  ข้าม (เนื้อไฟล์ตรง): _NvStreamControl.dll
  ข้าม (เนื้อไฟล์ตรง): _IdentityPlugin.dll
  ข้าม (เนื้อไฟล์ตรง): NvTelemetry64.dll
  ข้าม (เนื้อไฟล์ตรง): _nvspserviceplugin64.dll
  ข้าม (เนื้อไฟล์ตรง): NvPluginWatchdog.dll
  ข้าม (เนื้อไฟล์ตรง): _NvMessageBusBroadcast.dll
  ข้าม (เนื้อไฟล์ตรง): _NvPluginNvapiMonitor.dll
  ข้าม (เนื้อไฟล์ตรง): _nvspcaps64.dll
  ข้าม (เนื้อไฟล์ตรง): NvBackend64.dll
  ข้าม (เนื้อไฟล์ตรง): MessageBus.dll
=== [0e] PF anchor restore (node tree + §7.1 mandatory) ===
  restore tree → C:\Program Files\NVIDIA Corporation\NvBackend
  ข้าม (เนื้อไฟล์ตรง): NvBackend64.dll
  ข้าม (เนื้อไฟล์ตรง): ApplicationOntology.7z
  ข้าม (เนื้อไฟล์ตรง): FeatureWhitelist.json
  ข้าม (เนื้อไฟล์ตรง): NvSHIM.exe
  ข้าม (เนื้อไฟล์ตรง): NvTmRep.exe
  restore tree → C:\Program Files (x86)\NVIDIA Corporation\NvStreamSrv
  ข้าม (เนื้อไฟล์ตรง): detoured.dll
  ข้าม (เนื้อไฟล์ตรง): NvGfeServiceBridge.dll
  ข้าม (เนื้อไฟล์ตรง): nvinject.dll
  ข้าม (เนื้อไฟล์ตรง): rxaudio.dll
  ข้าม (เนื้อไฟล์ตรง): rxcore.dll
  ข้าม (เนื้อไฟล์ตรง): rxdiag.dll
  ข้าม (เนื้อไฟล์ตรง): rxgamepadinput.dll
  ข้าม (เนื้อไฟล์ตรง): rxgamepadremapping.dll
  ข้าม (เนื้อไฟล์ตรง): rxnvgamepad.dll
  restore tree → C:\Program Files\NVIDIA Corporation\NvStreamSrv
  ข้าม (เนื้อไฟล์ตรง): AccountPairPlugin.dll
  ข้าม (เนื้อไฟล์ตรง): AccountsHandlerPlugin.dll
  ข้าม (เนื้อไฟล์ตรง): AppControlAggregator.dll
  ข้าม (เนื้อไฟล์ตรง): AppController.dll
  ข้าม (เนื้อไฟล์ตรง): AppListAggregator.dll
  ข้าม (เนื้อไฟล์ตรง): ConnectionTester.dll
  ข้าม (เนื้อไฟล์ตรง): cudart64_101.dll
  ข้าม (เนื้อไฟล์ตรง): detoured.dll
  ข้าม (เนื้อไฟล์ตรง): GfeSessionControl.dll
  ข้าม (เนื้อไฟล์ตรง): GfnProductPlugin.dll
  ข้าม (เนื้อไฟล์ตรง): GsNvBackend.dll
  ข้าม (เนื้อไฟล์ตรง): GsProxyPlugin.dll
  ข้าม (เนื้อไฟล์ตรง): GsTelemetry.dll
  ข้าม (เนื้อไฟล์ตรง): IdentityPlugin.dll
  ข้าม (เนื้อไฟล์ตรง): libcrypto-1_1.dll
  ข้าม (เนื้อไฟล์ตรง): libssl-1_1.dll
  ข้าม (เนื้อไฟล์ตรง): MonitorTelemetry.dll
  ข้าม (เนื้อไฟล์ตรง): NetworkCaptureControl.dll
  ข้าม (เนื้อไฟล์ตรง): NetworkTester.dll
  ข้าม (เนื้อไฟล์ตรง): NvDisplayControl.dll
  ข้าม (เนื้อไฟล์ตรง): NvGfeServiceBridge.dll
  ข้าม (เนื้อไฟล์ตรง): nvinject.dll
  ข้าม (เนื้อไฟล์ตรง): NvMdnsPlugin.dll
  ข้าม (เนื้อไฟล์ตรง): NvPinPairUi.dll
  ข้าม (เนื้อไฟล์ตรง): NvPortForwardPlugin.dll
  ข้าม (เนื้อไฟล์ตรง): nvsteamsupport.dll
  ข้าม (เนื้อไฟล์ตรง): NvStreamBase.dll
  ข้าม (เนื้อไฟล์ตรง): NvStreamControl.dll
  ข้าม (เนื้อไฟล์ตรง): nvstreamer.exe
  ข้าม (เนื้อไฟล์ตรง): NvStreamServer.dll
  ข้าม (เนื้อไฟล์ตรง): NvStreamUserAgentPlugin.dll
  ข้าม (เนื้อไฟล์ตรง): PairAggregatorPlugin.dll
  ข้าม (เนื้อไฟล์ตรง): PassThruPairPlugin.dll
  ข้าม (เนื้อไฟล์ตรง): PerfStatisticsLogger.dll
  ข้าม (เนื้อไฟล์ตรง): PinPairPlugin.dll
  ข้าม (เนื้อไฟล์ตรง): ProcessGroupMonitorPlugin.dll
  ข้าม (เนื้อไฟล์ตรง): RtspPlugin.dll
  ข้าม (เนื้อไฟล์ตรง): RtspServer.dll
  ข้าม (เนื้อไฟล์ตรง): RtspServerMb.dll
  ข้าม (เนื้อไฟล์ตรง): rxaudio.dll
  ข้าม (เนื้อไฟล์ตรง): rxcore.dll
  ข้าม (เนื้อไฟล์ตรง): rxdiag.dll
  ข้าม (เนื้อไฟล์ตรง): rxgamepadinput.dll
  ข้าม (เนื้อไฟล์ตรง): rxgamepadremapping.dll
  ข้าม (เนื้อไฟล์ตรง): rxnvgamepad.dll
  ข้าม (เนื้อไฟล์ตรง): SCI.dll
  ข้าม (เนื้อไฟล์ตรง): ServerInfoProcessor.dll
  ข้าม (เนื้อไฟล์ตรง): ShieldWirelessControllerPlugin.dll
  ข้าม (เนื้อไฟล์ตรง): SsauWatchdogPlugin.dll
  ข้าม (เนื้อไฟล์ตรง): SteamBpController.dll
  ข้าม (เนื้อไฟล์ตรง): SteamManager.dll
  ข้าม (เนื้อไฟล์ตรง): steam_api64.dll
  ข้าม (เนื้อไฟล์ตรง): steam_appid.txt
  ข้าม (เนื้อไฟล์ตรง): StoreCleanupPlugin.dll
  ข้าม (เนื้อไฟล์ตรง): StreamerController.dll
  ข้าม (เนื้อไฟล์ตรง): StreamServerShared.dll
  ข้าม (เนื้อไฟล์ตรง): UnifiedProtocol.dll
  ข้าม (เนื้อไฟล์ตรง): WgcWrapper.dll
  restore tree → C:\Program Files (x86)\NVIDIA Corporation\NvContainer
  ข้าม (เนื้อไฟล์ตรง): libcrypto-1_1.dll
  ข้าม (เนื้อไฟล์ตรง): libprotobuf.dll
  ข้าม (เนื้อไฟล์ตรง): libssl-1_1.dll
  ข้าม (เนื้อไฟล์ตรง): MessageBus.dll
  ข้าม (เนื้อไฟล์ตรง): Poco.dll
  ข้าม (เนื้อไฟล์ตรง): PocoInitializer.dll
  restore tree → C:\Program Files (x86)\NVIDIA Corporation\NvTelemetry
  ข้าม (เนื้อไฟล์ตรง): NvTelemetry.nvi
  ข้าม (เนื้อไฟล์ตรง): NvTelemetry64.dll
  ข้าม (เนื้อไฟล์ตรง): NvTelemetryAPI32.dll
  ข้าม (เนื้อไฟล์ตรง): NvTelemetryAPI64.dll
  ข้าม (เนื้อไฟล์ตรง): NvTelemetryBridge32.dll
  ข้าม (เนื้อไฟล์ตรง): NvTelemetryBridge64.dll
  ข้าม (เนื้อไฟล์ตรง): NvTelemetryExt.dll
  restore tree → C:\Program Files\NVIDIA Corporation\NvTelemetry
  ข้าม (เนื้อไฟล์ตรง): NvTelemetry.nvi
  ข้าม (เนื้อไฟล์ตรง): NvTelemetry64.dll
  ข้าม (เนื้อไฟล์ตรง): NvTelemetryAPI32.dll
  ⚠ ล็อกโดย process ที่รันอยู่ — ข้าม (ใช้ของที่มีอยู่): NvTelemetryAPI64.dll — The process cannot access the file 'C:\Program Files\NVIDIA Corporation\NvTelemetry\NvTelemetryAPI64.dll' because it is being used by another process.
  ข้าม (เนื้อไฟล์ตรง): NvTelemetryBridge32.dll
  ข้าม (เนื้อไฟล์ตรง): NvTelemetryBridge64.dll
  ข้าม (เนื้อไฟล์ตรง): NvTelemetryExt.dll
  restore tree → C:\Program Files\NVIDIA Corporation\ShadowPlay
  ข้าม (เนื้อไฟล์ตรง): ipccommon64.dll
  ข้าม (เนื้อไฟล์ตรง): nvspapi64.dll
  ข้าม (เนื้อไฟล์ตรง): MessageBus.dll
  ⚠ จำนวนไฟล์ anchor เปลี่ยน: 512 → 526
[0e] PF anchor: 526 ไฟล์ (restore 7 · มีอยู่แล้ว 20) · manifest → C:\My Project\NVIDIA-Shadowplay\build\NVIDIA ShadowPlay\Logs\pf-anchor-manifest.txt
[0] stage OK · container=C:\My Project\NVIDIA-Shadowplay\build\NVIDIA ShadowPlay\NvContainer\genuine
[0]          · node=C:\My Project\NVIDIA-Shadowplay\build\NVIDIA ShadowPlay\NvNode
[0]          · helper=C:\My Project\NVIDIA-Shadowplay\build\NVIDIA ShadowPlay\ShadowPlay
=== [1] service NvContainerLocalSystem (RUNNING = ไม่แตะ) ===
[1] service: Running
[1] ImagePath: "C:\My Project\NVIDIA-Shadowplay\build\NVIDIA ShadowPlay\NvContainer\genuine\nvcontainer.exe" -s NvContainerLocalSystem -a -f "C:\ProgramData\NVIDIA Corporation\NVIDIA App\NvContainer\NvContainerLocalSystem.log" -l 3 -d "C:\My Project\NVIDIA-Shadowplay\build\NVIDIA ShadowPlay\NvContainer\genuine\plugins\LocalSystem" -r -p 30000  -ert
=== [1b] registry: Global\NvNode + GFExperience\FullPath (idempotent) ===
[1b] registry ok
=== [2] containers + agent (เช็ค CommandLine: SPUser / plugins\User) ===
[2] container PID 11752 จาก C:\My Project\NVIDIA-Shadowplay\build\NVIDIA ShadowPlay\NvContainer\genuine\nvcontainer.exe
[2] container PID 3320 จาก C:\My Project\NVIDIA-Shadowplay\build\NVIDIA ShadowPlay\NvContainer\genuine\nvcontainer.exe
=== [3] node :59001 → 200 (path ต้องเป็นตัวของโหมดนี้เท่านั้น) ===
[3] node อยู่แล้ว (PID 8476 — path ตรง)
=== [4] helper (หลัง node 200 เท่านั้น) ===
[4] helper: 1 ตัว (C:\My Project\NVIDIA-Shadowplay\build\NVIDIA ShadowPlay\ShadowPlay\nvsphelper64.exe)
=== [5] Share (attach mode) ===
[5] Share: 2 ตัว (attach mode ×2 = ปกติ — spawn mode จะ crash 0xc0000005)
=== [6] re-arm POST /Launch (ทุกรอบหลัง container cycle) ===
[6] Launch → The remote server returned an error: (500) Internal Server Error.
=== รายงานสรุป ===
service: Running · containers: 2 · node 200: True · Share: 2 · helper: 1
  container PID 11752 จาก C:\My Project\NVIDIA-Shadowplay\build\NVIDIA ShadowPlay\NvContainer\genuine\nvcontainer.exe
  container PID 3320 จาก C:\My Project\NVIDIA-Shadowplay\build\NVIDIA ShadowPlay\NvContainer\genuine\nvcontainer.exe
=== จบบูต — กด Alt+Z เพื่อเปิด Overlay ===
