**********************
Windows PowerShell transcript start
Start time: 20261003184933
Username: DESKTOP-DULUKA\ScotcsDuluka
RunAs User: DESKTOP-DULUKA\ScotcsDuluka
Configuration Name: 
Machine: DESKTOP-DULUKA (Microsoft Windows NT 10.0.26340.0)
Host Application: C:\WINDOWS\System32\WindowsPowerShell\v1.0\powershell.exe -NoProfile -ExecutionPolicy Bypass -File C:\My Project\NVIDIA-Shadowplay\Build\NVIDIA ShadowPlay\start-osc.ps1 -Mode genuine
Process ID: 4400
PSVersion: 5.1.26100.9502
PSEdition: Desktop
PSCompatibleVersions: 1.0, 2.0, 3.0, 4.0, 5.0, 5.1.26100.9502
BuildVersion: 10.0.26100.9502
CLRVersion: 4.0.30319.42000
WSManStackVersion: 3.0
PSRemotingProtocolVersion: 2.3
SerializationVersion: 1.1.0.1
**********************
=== [0] stage binary แท้จาก OscProvision\Payload → build ===
  ข้าม (เนื้อไฟล์ตรง): nvcontainer.exe
  ข้าม (เนื้อไฟล์ตรง): NvContainerTelemetryApi.dll
  ข้าม (เนื้อไฟล์ตรง): _NvMdnsPlugin.dll
  ข้าม (เนื้อไฟล์ตรง): _NvStreamControl.dll
  ข้าม (เนื้อไฟล์ตรง): _IdentityPlugin.dll
  ข้าม (เนื้อไฟล์ตรง): NvTelemetry64.dll
  ข้าม (เนื้อไฟล์ตรง): _nvspserviceplugin64.dll
  ข้าม (เนื้อไฟล์ตรง): NvPluginWatchdog.dll
  ข้าม (เนื้อไฟล์ตรง): _NvMessageBusBroadcast.dll
  ข้าม (เนื้อไฟล์ตรง): _NvPluginNvapiMonitor.dll
  ข้าม (เนื้อไฟล์ตรง): _nvspcaps64.dll
  ข้าม (เนื้อไฟล์ตรง): NvBackend64.dll
  ข้าม (เนื้อไฟล์ตรง): MessageBus.dll
=== [0e] PF anchor restore (node tree + §7.1 mandatory) ===
  restore tree → C:\Program Files\NVIDIA Corporation\NvBackend
  ข้าม (เนื้อไฟล์ตรง): NvBackend64.dll
  ข้าม (เนื้อไฟล์ตรง): ApplicationOntology.7z
  ข้าม (เนื้อไฟล์ตรง): FeatureWhitelist.json
  ข้าม (เนื้อไฟล์ตรง): NvSHIM.exe
  ข้าม (เนื้อไฟล์ตรง): NvTmRep.exe
  restore tree → C:\Program Files (x86)\NVIDIA Corporation\NvStreamSrv
  ข้าม (เนื้อไฟล์ตรง): detoured.dll
  ข้าม (เนื้อไฟล์ตรง): NvGfeServiceBridge.dll
  ข้าม (เนื้อไฟล์ตรง): nvinject.dll
  ข้าม (เนื้อไฟล์ตรง): rxaudio.dll
  ข้าม (เนื้อไฟล์ตรง): rxcore.dll
  ข้าม (เนื้อไฟล์ตรง): rxdiag.dll
  ข้าม (เนื้อไฟล์ตรง): rxgamepadinput.dll
  ข้าม (เนื้อไฟล์ตรง): rxgamepadremapping.dll
  ข้าม (เนื้อไฟล์ตรง): rxnvgamepad.dll
  restore tree → C:\Program Files\NVIDIA Corporation\NvStreamSrv
  ข้าม (เนื้อไฟล์ตรง): AccountPairPlugin.dll
  ข้าม (เนื้อไฟล์ตรง): AccountsHandlerPlugin.dll
  ข้าม (เนื้อไฟล์ตรง): AppControlAggregator.dll
  ข้าม (เนื้อไฟล์ตรง): AppController.dll
  ข้าม (เนื้อไฟล์ตรง): AppListAggregator.dll
  ข้าม (เนื้อไฟล์ตรง): ConnectionTester.dll
  ข้าม (เนื้อไฟล์ตรง): cudart64_101.dll
  ข้าม (เนื้อไฟล์ตรง): detoured.dll
  ข้าม (เนื้อไฟล์ตรง): GfeSessionControl.dll
  ข้าม (เนื้อไฟล์ตรง): GfnProductPlugin.dll
  ข้าม (เนื้อไฟล์ตรง): GsNvBackend.dll
  ข้าม (เนื้อไฟล์ตรง): GsProxyPlugin.dll
  ข้าม (เนื้อไฟล์ตรง): GsTelemetry.dll
  ข้าม (เนื้อไฟล์ตรง): IdentityPlugin.dll
  ข้าม (เนื้อไฟล์ตรง): libcrypto-1_1.dll
  ข้าม (เนื้อไฟล์ตรง): libssl-1_1.dll
  ข้าม (เนื้อไฟล์ตรง): MonitorTelemetry.dll
  ข้าม (เนื้อไฟล์ตรง): NetworkCaptureControl.dll
  ข้าม (เนื้อไฟล์ตรง): NetworkTester.dll
  ข้าม (เนื้อไฟล์ตรง): NvDisplayControl.dll
  ข้าม (เนื้อไฟล์ตรง): NvGfeServiceBridge.dll
  ข้าม (เนื้อไฟล์ตรง): nvinject.dll
  ข้าม (เนื้อไฟล์ตรง): NvMdnsPlugin.dll
  ข้าม (เนื้อไฟล์ตรง): NvPinPairUi.dll
  ข้าม (เนื้อไฟล์ตรง): NvPortForwardPlugin.dll
  ข้าม (เนื้อไฟล์ตรง): nvsteamsupport.dll
  ข้าม (เนื้อไฟล์ตรง): NvStreamBase.dll
  ข้าม (เนื้อไฟล์ตรง): NvStreamControl.dll
  ข้าม (เนื้อไฟล์ตรง): nvstreamer.exe
  ข้าม (เนื้อไฟล์ตรง): NvStreamServer.dll
  ข้าม (เนื้อไฟล์ตรง): NvStreamUserAgentPlugin.dll
  ข้าม (เนื้อไฟล์ตรง): PairAggregatorPlugin.dll
  ข้าม (เนื้อไฟล์ตรง): PassThruPairPlugin.dll
  ข้าม (เนื้อไฟล์ตรง): PerfStatisticsLogger.dll
  ข้าม (เนื้อไฟล์ตรง): PinPairPlugin.dll
  ข้าม (เนื้อไฟล์ตรง): ProcessGroupMonitorPlugin.dll
  ข้าม (เนื้อไฟล์ตรง): RtspPlugin.dll
  ข้าม (เนื้อไฟล์ตรง): RtspServer.dll
  ข้าม (เนื้อไฟล์ตรง): RtspServerMb.dll
  ข้าม (เนื้อไฟล์ตรง): rxaudio.dll
  ข้าม (เนื้อไฟล์ตรง): rxcore.dll
  ข้าม (เนื้อไฟล์ตรง): rxdiag.dll
  ข้าม (เนื้อไฟล์ตรง): rxgamepadinput.dll
  ข้าม (เนื้อไฟล์ตรง): rxgamepadremapping.dll
  ข้าม (เนื้อไฟล์ตรง): rxnvgamepad.dll
  ข้าม (เนื้อไฟล์ตรง): SCI.dll
  ข้าม (เนื้อไฟล์ตรง): ServerInfoProcessor.dll
  ข้าม (เนื้อไฟล์ตรง): ShieldWirelessControllerPlugin.dll
  ข้าม (เนื้อไฟล์ตรง): SsauWatchdogPlugin.dll
  ข้าม (เนื้อไฟล์ตรง): SteamBpController.dll
  ข้าม (เนื้อไฟล์ตรง): SteamManager.dll
  ข้าม (เนื้อไฟล์ตรง): steam_api64.dll
  ข้าม (เนื้อไฟล์ตรง): steam_appid.txt
  ข้าม (เนื้อไฟล์ตรง): StoreCleanupPlugin.dll
  ข้าม (เนื้อไฟล์ตรง): StreamerController.dll
  ข้าม (เนื้อไฟล์ตรง): StreamServerShared.dll
  ข้าม (เนื้อไฟล์ตรง): UnifiedProtocol.dll
  ข้าม (เนื้อไฟล์ตรง): WgcWrapper.dll
  restore tree → C:\Program Files (x86)\NVIDIA Corporation\NvContainer
  ข้าม (เนื้อไฟล์ตรง): libcrypto-1_1.dll
  ข้าม (เนื้อไฟล์ตรง): libprotobuf.dll
  ข้าม (เนื้อไฟล์ตรง): libssl-1_1.dll
  ข้าม (เนื้อไฟล์ตรง): MessageBus.dll
  ข้าม (เนื้อไฟล์ตรง): Poco.dll
  ข้าม (เนื้อไฟล์ตรง): PocoInitializer.dll
  restore tree → C:\Program Files (x86)\NVIDIA Corporation\NvTelemetry
  ข้าม (เนื้อไฟล์ตรง): NvTelemetry.nvi
  ข้าม (เนื้อไฟล์ตรง): NvTelemetry64.dll
  ข้าม (เนื้อไฟล์ตรง): NvTelemetryAPI32.dll
  ข้าม (เนื้อไฟล์ตรง): NvTelemetryAPI64.dll
  ข้าม (เนื้อไฟล์ตรง): NvTelemetryBridge32.dll
  ข้าม (เนื้อไฟล์ตรง): NvTelemetryBridge64.dll
  ข้าม (เนื้อไฟล์ตรง): NvTelemetryExt.dll
  restore tree → C:\Program Files\NVIDIA Corporation\NvTelemetry
  ข้าม (เนื้อไฟล์ตรง): NvTelemetry.nvi
  ข้าม (เนื้อไฟล์ตรง): NvTelemetry64.dll
  ข้าม (เนื้อไฟล์ตรง): NvTelemetryAPI32.dll
PS>TerminatingError(Copy-Item): "The process cannot access the file 'C:\Program Files\NVIDIA Corporation\NvTelemetry\NvTelemetryAPI64.dll' because it is being used by another process."
  ⚠ ล็อกโดย process ที่รันอยู่ — ข้าม (ใช้ของที่มีอยู่): NvTelemetryAPI64.dll — The process cannot access the file 'C:\Program Files\NVIDIA Corporation\NvTelemetry\NvTelemetryAPI64.dll' because it is being used by another process.
  ข้าม (เนื้อไฟล์ตรง): NvTelemetryBridge32.dll
  ข้าม (เนื้อไฟล์ตรง): NvTelemetryBridge64.dll
  ข้าม (เนื้อไฟล์ตรง): NvTelemetryExt.dll
  restore tree → C:\Program Files\NVIDIA Corporation\ShadowPlay
  ข้าม (เนื้อไฟล์ตรง): _nvspcaps64.dll
  ข้าม (เนื้อไฟล์ตรง): _nvspserviceplugin64.dll
  ข้าม (เนื้อไฟล์ตรง): capcore64.dll
  ข้าม (เนื้อไฟล์ตรง): ipccommon64.dll
  ข้าม (เนื้อไฟล์ตรง): nvfp64.dll
  ข้าม (เนื้อไฟล์ตรง): nvmf64.dll
  ข้าม (เนื้อไฟล์ตรง): NvRemux.dll
  ข้าม (เนื้อไฟล์ตรง): NvRemux64.dll
  ข้าม (เนื้อไฟล์ตรง): NvRtmpStreamer64.dll
  ข้าม (เนื้อไฟล์ตรง): nvspapi64.dll
  ข้าม (เนื้อไฟล์ตรง): nvspapix64.dll
  ข้าม (เนื้อไฟล์ตรง): nvsphelper64.exe
  ข้าม (เนื้อไฟล์ตรง): nvsphelperplugin64.dll
  ข้าม (เนื้อไฟล์ตรง): nvspscreenshot64.dll
  ข้าม (เนื้อไฟล์ตรง): MessageBus.dll
[0e] PF anchor: 526 ไฟล์ (restore 7 · มีอยู่แล้ว 20) · manifest → C:\My Project\NVIDIA-Shadowplay\build\NVIDIA ShadowPlay\Logs\pf-anchor-manifest.txt
=== [0f] hardlink build Share tree → PF GFE dir ===
[0f] GFE hardlink: linked=0 skipped=620 failed=0
[0] stage OK · container=C:\My Project\NVIDIA-Shadowplay\build\NVIDIA ShadowPlay\NvContainer\genuine
[0]          · node=C:\My Project\NVIDIA-Shadowplay\build\NVIDIA ShadowPlay\NvNode
[0]          · helper=C:\My Project\NVIDIA-Shadowplay\build\NVIDIA ShadowPlay\ShadowPlay
=== [1] หยุด service (A1: Share ต้องมาก่อน container init) ===
[1] service หยุดแล้ว (จะสตาร์ตหลัง Share ยืนรอ — ขั้น [2])
[1] ImagePath: "C:\My Project\NVIDIA-Shadowplay\build\NVIDIA ShadowPlay\NvContainer\genuine\nvcontainer.exe" -s NvContainerLocalSystem -a -f "C:\ProgramData\NVIDIA Corporation\NVIDIA App\NvContainer\NvContainerLocalSystem.log" -l 3 -d "C:\My Project\NVIDIA-Shadowplay\build\NVIDIA ShadowPlay\NvContainer\genuine\plugins\LocalSystem" -r -p 30000  -ert
=== [1b] registry: Global\NvNode + GFExperience\FullPath (idempotent) ===
[1b] registry ok
=== [1c] Share attach mode (ยืนรอก่อน service) ===
[1c] Share: 2 ตัว (ยืนรอ container init — Light era)
=== [2] start service + รอ SPUser container ===
[2] service: Running
[2] container PID 28476 จาก C:\My Project\NVIDIA-Shadowplay\build\NVIDIA ShadowPlay\NvContainer\genuine\nvcontainer.exe
[2] container PID 26964 จาก C:\My Project\NVIDIA-Shadowplay\build\NVIDIA ShadowPlay\NvContainer\genuine\nvcontainer.exe
[2] container PID 27680 จาก C:\My Project\NVIDIA-Shadowplay\build\NVIDIA ShadowPlay\NvContainer\genuine\nvcontainer.exe
=== [3] node :59001 → 200 (path ต้องเป็นตัวของโหมดนี้เท่านั้น) ===
[3] node อยู่แล้ว (PID 24788 — path ตรง)
=== [4] helper (หลัง node 200 เท่านั้น) ===
  helper ตัวเกิน path อื่นรันอยู่ — kill แล้วเริ่มตัวที่ถูกต้อง
[4] helper: 1 ตัว (C:\My Project\NVIDIA-Shadowplay\build\NVIDIA ShadowPlay\ShadowPlay\nvsphelper64.exe)
=== [5] Share สถานะ (attach mode) ===
[5] Share: 0 ตัว (attach mode ×2 = ปกติ — spawn mode จะ crash 0xc0000005)
=== [6] re-arm POST /Launch (guard: fail 2 ครั้ง = หยุด) ===
PS>TerminatingError(Invoke-WebRequest): "The remote server returned an error: (500) Internal Server Error."
[6] Launch → FAIL (500)
[6] GUARD: fail count = 1
=== รายงานสรุป ===
service: Running · containers: 3 · node 200: True · Share: 0 · helper: 1
  container PID 28476 จาก C:\My Project\NVIDIA-Shadowplay\build\NVIDIA ShadowPlay\NvContainer\genuine\nvcontainer.exe
  container PID 26964 จาก C:\My Project\NVIDIA-Shadowplay\build\NVIDIA ShadowPlay\NvContainer\genuine\nvcontainer.exe
  container PID 27680 จาก C:\My Project\NVIDIA-Shadowplay\build\NVIDIA ShadowPlay\NvContainer\genuine\nvcontainer.exe
--- CaptureCore.log (tail gate) ---
[03:18:50:15:142][R][HELPR:12332:27064] CSPRedirectionHelperUWP::CSPRedirectionHelperUWP: OUT
[03:18:50:15:142][R][HELPR:12332:27064] CShadowPlayHelper::UWPSetOSCDismissHotKeys: [2] eSPHKID_OSC Hotkeys set for UWP
[03:18:50:15:171][R][HELPR:12332: 3932] IpcCommonInterface::HandleJoinMessage: MessageBus joined - System: Hotkey, Module: HotkeyPlugin
[03:18:50:28:207][R][NODJS:24788:17328] CShadowPlayApi::GetHotkeyProperty: reg read failed, falling back to default value
[03:18:50:28:207][R][NODJS:24788:17328] CShadowPlayApi::GetHotkeyProperty: invalid key index[2]
=== จบบูต — กด Alt+Z เพื่อเปิด Overlay ===
**********************
Windows PowerShell transcript end
End time: 20261003185028
**********************
